
****************************************
Report : qor
Design : mc_top_Q_DEPTH16_SCHED_POLICY1_AGING_ENABLE1
Version: R-2020.09-SP4
Date   : Wed Sep 30 20:03:36 2026
****************************************


  Timing Path Group 'core_clk'
  -----------------------------------
  Levels of Logic:              80.00
  Critical Path Length:          2.90
  Critical Path Slack:           0.00
  Critical Path Clk Period:      4.00
  Total Negative Slack:          0.00
  No. of Violating Paths:        0.00
  Worst Hold Violation:         -0.00
  Total Hold Violation:         -0.00
  No. of Hold Violations:        2.00
  -----------------------------------


  Cell Count
  -----------------------------------
  Hierarchical Cell Count:         21
  Hierarchical Port Count:       5301
  Leaf Cell Count:              21608
  Buf/Inv Cell Count:            5008
  Buf Cell Count:                 858
  Inv Cell Count:                4150
  CT Buf/Inv Cell Count:            0
  Combinational Cell Count:     19634
  Sequential Cell Count:         1974
  Macro Count:                      0
  -----------------------------------


  Area
  -----------------------------------
  Combinational Area:    50247.949862
  Noncombinational Area: 15748.769051
  Buf/Inv Area:           8030.661433
  Total Buffer Area:          2015.17
  Total Inverter Area:        6015.49
  Macro/Black Box Area:      0.000000
  Net Area:                  0.000000
  -----------------------------------
  Cell Area:             65996.718912
  Design Area:           65996.718912


  Design Rules
  -----------------------------------
  Total Number of Nets:         21799
  Nets With Violations:          5168
  Max Trans Violations:             0
  Max Cap Violations:            5168
  -----------------------------------


  Hostname: ecellvm-07.engr.ucsb.edu

  Compile CPU Statistics
  -----------------------------------------
  Resource Sharing:                   27.30
  Logic Optimization:                  6.59
  Mapping Optimization:               44.57
  -----------------------------------------
  Overall Compile Time:               81.67
  Overall Compile Wall Clock Time:    82.10

  --------------------------------------------------------------------

  Design  WNS: 0.00  TNS: 0.00  Number of Violating Paths: 0


  Design (Hold)  WNS: 0.00  TNS: 0.00  Number of Violating Paths: 2

  --------------------------------------------------------------------


1
