
****************************************
Report : qor
Design : mc_top_Q_DEPTH16_SCHED_POLICY1_AGING_ENABLE1
Version: R-2020.09-SP4
Date   : Wed Sep 30 19:40:14 2026
****************************************


  Timing Path Group 'core_clk'
  -----------------------------------
  Levels of Logic:              84.00
  Critical Path Length:          2.90
  Critical Path Slack:           0.00
  Critical Path Clk Period:      4.00
  Total Negative Slack:          0.00
  No. of Violating Paths:        0.00
  Worst Hold Violation:         -0.05
  Total Hold Violation:         -0.60
  No. of Hold Violations:       29.00
  -----------------------------------


  Cell Count
  -----------------------------------
  Hierarchical Cell Count:         21
  Hierarchical Port Count:       5285
  Leaf Cell Count:              22341
  Buf/Inv Cell Count:            5349
  Buf Cell Count:                 879
  Inv Cell Count:                4470
  CT Buf/Inv Cell Count:            0
  Combinational Cell Count:     20367
  Sequential Cell Count:         1974
  Macro Count:                      0
  -----------------------------------


  Area
  -----------------------------------
  Combinational Area:    51745.486124
  Noncombinational Area: 15748.769051
  Buf/Inv Area:           8627.141727
  Total Buffer Area:          2068.67
  Total Inverter Area:        6558.47
  Macro/Black Box Area:      0.000000
  Net Area:                  0.000000
  -----------------------------------
  Cell Area:             67494.255175
  Design Area:           67494.255175


  Design Rules
  -----------------------------------
  Total Number of Nets:         22532
  Nets With Violations:          4686
  Max Trans Violations:             0
  Max Cap Violations:            4686
  -----------------------------------


  Hostname: ecellvm-07.engr.ucsb.edu

  Compile CPU Statistics
  -----------------------------------------
  Resource Sharing:                   29.09
  Logic Optimization:                  8.11
  Mapping Optimization:               56.10
  -----------------------------------------
  Overall Compile Time:               96.52
  Overall Compile Wall Clock Time:    97.00

  --------------------------------------------------------------------

  Design  WNS: 0.00  TNS: 0.00  Number of Violating Paths: 0


  Design (Hold)  WNS: 0.05  TNS: 0.60  Number of Violating Paths: 29

  --------------------------------------------------------------------


1
