
****************************************
Report : timing
        -path full
        -delay max
        -input_pins
        -nets
        -max_paths 5
        -transition_time
        -capacitance
Design : mc_top_Q_DEPTH16_SCHED_POLICY1_AGING_ENABLE1
Version: R-2020.09-SP4
Date   : Wed Sep 30 20:55:14 2026
****************************************

 # A fanout number of 1000 was used for high fanout net computations.

Operating Conditions: typical   Library: gscl45nm
Wire Load Model Mode: top

  Startpoint: table_i/occupied_reg_0_
              (rising edge-triggered flip-flop clocked by core_clk)
  Endpoint: table_i/write_data_reg_254_
            (rising edge-triggered flip-flop clocked by core_clk)
  Path Group: core_clk
  Path Type: max

  Point                                       Fanout       Cap     Trans      Incr       Path
  ----------------------------------------------------------------------------------------------
  clock core_clk (rise edge)                                              0.000000   0.000000
  clock network delay (ideal)                                             0.000000   0.000000
  table_i/occupied_reg_0_/CLK (DFFPOSX1)                        0.000000  0.000000 # 0.000000 r
  table_i/occupied_reg_0_/Q (DFFPOSX1) <-                       0.076301  0.145385   0.145385 f
  table_i/occupied[0] (net)                    18     0.044865            0.000000   0.145385 f
  table_i/U5177/A (INVX1)                                       0.076301  0.000000   0.145385 f
  table_i/U5177/Y (INVX1)                                       0.001408  0.033918   0.179304 r
  table_i/n6562 (net)                           2     0.005166            0.000000   0.179304 r
  table_i/U4669/B (OR2X1)                                       0.001408  0.000000   0.179304 r
  table_i/U4669/Y (OR2X1)                                       0.018783  0.046779   0.226083 r
  table_i/n2831 (net)                           1     0.001551            0.000000   0.226083 r
  table_i/U4670/A (INVX1)                                       0.018783  0.000000   0.226083 r
  table_i/U4670/Y (INVX1)                                       0.039568  0.037635   0.263718 f
  table_i/n5011 (net)                           5     0.011720            0.000000   0.263718 f
  table_i/U4321/A (AND2X1)                                      0.039568  0.000000   0.263718 f
  table_i/U4321/Y (AND2X1)                                      0.015151  0.035072   0.298790 f
  table_i/n2836 (net)                           1     0.001476            0.000000   0.298790 f
  table_i/U4322/A (INVX1)                                       0.015151  0.000000   0.298790 f
  table_i/U4322/Y (INVX1)                                       0.000000  0.011204   0.309994 r
  table_i/n4875 (net)                           2     0.004839            0.000000   0.309994 r
  table_i/U4591/A (NAND3X1)                                     0.000000  0.000000   0.309994 r
  table_i/U4591/Y (NAND3X1)                                     0.015678  0.015351   0.325344 f
  table_i/n2820 (net)                           1     0.001504            0.000000   0.325344 f
  table_i/U3483/A (BUFX2)                                       0.015678  0.000000   0.325344 f
  table_i/U3483/Y (BUFX2)                                       0.004887  0.035469   0.360813 f
  table_i/n2643 (net)                           2     0.003653            0.000000   0.360813 f
  table_i/U2637/B (AND2X1)                                      0.004887  0.000000   0.360813 f
  table_i/U2637/Y (AND2X1)                                      0.040568  0.059743   0.420556 f
  table_i/n2805 (net)                           4     0.010472            0.000000   0.420556 f
  table_i/U4590/C (NAND3X1)                                     0.040568  0.000000   0.420556 f
  table_i/U4590/Y (NAND3X1)                                     0.033834  0.035561   0.456117 r
  table_i/n2833 (net)                           1     0.001539            0.000000   0.456117 r
  table_i/U2635/A (BUFX2)                                       0.033834  0.000000   0.456117 r
  table_i/U2635/Y (BUFX2)                                       0.015926  0.039236   0.495353 r
  table_i/n1663 (net)                           2     0.005124            0.000000   0.495353 r
  table_i/U4589/B (NAND3X1)                                     0.015926  0.000000   0.495353 r
  table_i/U4589/Y (NAND3X1)                                     0.015178  0.013641   0.508994 f
  table_i/n2835 (net)                           1     0.001476            0.000000   0.508994 f
  table_i/U4870/A (INVX1)                                       0.015178  0.000000   0.508994 f
  table_i/U4870/Y (INVX1)                                       0.004292  0.020148   0.529143 r
  table_i/n6561 (net)                           3     0.007595            0.000000   0.529143 r
  table_i/U4341/A (AND2X1)                                      0.004292  0.000000   0.529143 r
  table_i/U4341/Y (AND2X1)                                      0.030895  0.028467   0.557610 r
  table_i/n2819 (net)                           1     0.001551            0.000000   0.557610 r
  table_i/U4342/A (INVX1)                                       0.030895  0.000000   0.557610 r
  table_i/U4342/Y (INVX1)                                       0.027956  0.033512   0.591121 f
  table_i/n4885 (net)                           4     0.008115            0.000000   0.591121 f
  table_i/U4587/A (NAND3X1)                                     0.027956  0.000000   0.591121 f
  table_i/U4587/Y (NAND3X1)                                     0.033834  0.039700   0.630821 r
  table_i/n2810 (net)                           1     0.001539            0.000000   0.630821 r
  table_i/U3497/A (BUFX2)                                       0.033834  0.000000   0.630821 r
  table_i/U3497/Y (BUFX2)                                       0.021395  0.042852   0.673673 r
  table_i/n2649 (net)                           3     0.007467            0.000000   0.673673 r
  table_i/U2006/A (AND2X1)                                      0.021395  0.000000   0.673673 r
  table_i/U2006/Y (AND2X1)                                      0.037301  0.032706   0.706378 r
  table_i/n2834 (net)                           1     0.002961            0.000000   0.706378 r
  table_i/U4586/C (NAND3X1)                                     0.037301  0.000000   0.706378 r
  table_i/U4586/Y (NAND3X1)                                     0.015678  0.015314   0.721692 f
  table_i/n2809 (net)                           1     0.001504            0.000000   0.721692 f
  table_i/U4110/A (BUFX2)                                       0.015678  0.000000   0.721692 f
  table_i/U4110/Y (BUFX2)                                       0.009083  0.038625   0.760317 f
  table_i/n4757 (net)                           3     0.006680            0.000000   0.760317 f
  table_i/U4585/A (NAND3X1)                                     0.009083  0.000000   0.760317 f
  table_i/U4585/Y (NAND3X1)                                     0.033980  0.033799   0.794117 r
  table_i/n2812 (net)                           1     0.001539            0.000000   0.794117 r
  table_i/U2356/A (BUFX2)                                       0.033980  0.000000   0.794117 r
  table_i/U2356/Y (BUFX2)                                       0.014658  0.038397   0.832514 r
  table_i/n1471 (net)                           2     0.004572            0.000000   0.832514 r
  table_i/U4869/A (INVX1)                                       0.014658  0.000000   0.832514 r
  table_i/U4869/Y (INVX1)                                       0.013275  0.018291   0.850805 f
  table_i/n6560 (net)                           1     0.002832            0.000000   0.850805 f
  table_i/U4584/C (NAND3X1)                                     0.013275  0.000000   0.850805 f
  table_i/U4584/Y (NAND3X1)                                     0.032996  0.028606   0.879411 r
  table_i/n2829 (net)                           1     0.001539            0.000000   0.879411 r
  table_i/U3871/A (BUFX2)                                       0.032996  0.000000   0.879411 r
  table_i/U3871/Y (BUFX2)                                       0.021587  0.042979   0.922390 r
  table_i/n4612 (net)                           3     0.007593            0.000000   0.922390 r
  table_i/U4786/A (INVX1)                                       0.021587  0.000000   0.922390 r
  table_i/U4786/Y (INVX1)                                       0.023891  0.027775   0.950164 f
  table_i/n6559 (net)                           3     0.006543            0.000000   0.950164 f
  table_i/U4583/A (NAND2X1)                                     0.023891  0.000000   0.950164 f
  table_i/U4583/Y (NAND2X1)                                     0.045310  0.037379   0.987544 r
  table_i/n2830 (net)                           2     0.004417            0.000000   0.987544 r
  table_i/U4582/A (NAND3X1)                                     0.045310  0.000000   0.987544 r
  table_i/U4582/Y (NAND3X1)                                     0.022781  0.026427   1.013970 f
  table_i/n2818 (net)                           2     0.004594            0.000000   1.013970 f
  table_i/U4337/A (AND2X2)                                      0.022781  0.000000   1.013970 f
  table_i/U4337/Y (AND2X2)                                      0.000854  0.035413   1.049384 f
  table_i/n2825 (net)                           1     0.001476            0.000000   1.049384 f
  table_i/U4338/A (INVX1)                                       0.000854  0.000000   1.049384 f
  table_i/U4338/Y (INVX1)                                       0.008648  0.019216   1.068600 r
  table_i/n4883 (net)                           3     0.008868            0.000000   1.068600 r
  table_i/U4580/C (NOR3X1)                                      0.008648  0.000000   1.068600 r
  table_i/U4580/Y (NOR3X1)                                      0.046086  0.033406   1.102006 f
  table_i/n2808 (net)                           3     0.009201            0.000000   1.102006 f
  table_i/U4579/B (NOR3X1)                                      0.046086  0.000000   1.102006 f
  table_i/U4579/Y (NOR3X1)                                      0.080078  0.066831   1.168837 r
  table_i/n2828 (net)                           3     0.008214            0.000000   1.168837 r
  table_i/U4659/A (AND2X1)                                      0.080078  0.000000   1.168837 r
  table_i/U4659/Y (AND2X1)                                      0.061057  0.047437   1.216274 r
  table_i/n2822 (net)                           3     0.007860            0.000000   1.216274 r
  table_i/U4660/A (INVX1)                                       0.061057  0.000000   1.216274 r
  table_i/U4660/Y (INVX1)                                       0.021442  0.038625   1.254898 f
  table_i/n5006 (net)                           3     0.006635            0.000000   1.254898 f
  table_i/U4577/A (NAND3X1)                                     0.021442  0.000000   1.254898 f
  table_i/U4577/Y (NAND3X1)                                     0.051844  0.049533   1.304431 r
  table_i/n2826 (net)                           2     0.005380            0.000000   1.304431 r
  table_i/U4576/A (NAND3X1)                                     0.051844  0.000000   1.304431 r
  table_i/U4576/Y (NAND3X1)                                     0.015477  0.022093   1.326524 f
  table_i/n2827 (net)                           1     0.001476            0.000000   1.326524 f
  table_i/U4872/A (INVX1)                                       0.015477  0.000000   1.326524 f
  table_i/U4872/Y (INVX1)                                       0.000000  0.012660   1.339184 r
  table_i/n6557 (net)                           2     0.005253            0.000000   1.339184 r
  table_i/U4333/A (AND2X1)                                      0.000000  0.000000   1.339184 r
  table_i/U4333/Y (AND2X1)                                      0.030945  0.028508   1.367692 r
  table_i/n2821 (net)                           1     0.001551            0.000000   1.367692 r
  table_i/U4334/A (INVX1)                                       0.030945  0.000000   1.367692 r
  table_i/U4334/Y (INVX1)                                       0.022484  0.029781   1.397474 f
  table_i/n4881 (net)                           3     0.006288            0.000000   1.397474 f
  table_i/U4573/A (NAND3X1)                                     0.022484  0.000000   1.397474 f
  table_i/U4573/Y (NAND3X1)                                     0.052421  0.050449   1.447923 r
  table_i/n2813 (net)                           2     0.005571            0.000000   1.447923 r
  table_i/U281/B (OR2X2)                                        0.052421  0.000000   1.447923 r
  table_i/U281/Y (OR2X2)                                        0.013380  0.050178   1.498101 r
  table_i/n2824 (net)                           1     0.003288            0.000000   1.498101 r
  table_i/U4572/C (NOR3X1)                                      0.013380  0.000000   1.498101 r
  table_i/U4572/Y (NOR3X1)                                      0.032190  0.023471   1.521572 f
  table_i/n2823 (net)                           2     0.003743            0.000000   1.521572 f
  table_i/U4871/A (AND2X1)                                      0.032190  0.000000   1.521572 f
  table_i/U4871/Y (AND2X1)                                      0.022968  0.040315   1.561886 f
  table_i/n2803 (net)                           2     0.004550            0.000000   1.561886 f
  table_i/U4655/A (AND2X1)                                      0.022968  0.000000   1.561886 f
  table_i/U4655/Y (AND2X1)                                      0.030156  0.043675   1.605562 f
  table_i/n2802 (net)                           3     0.006855            0.000000   1.605562 f
  table_i/U4656/A (INVX1)                                       0.030156  0.000000   1.605562 f
  table_i/U4656/Y (INVX1)                                       0.002941  0.023133   1.628694 r
  table_i/n5005 (net)                           3     0.006882            0.000000   1.628694 r
  table_i/U277/A (AND2X2)                                       0.002941  0.000000   1.628694 r
  table_i/U277/Y (AND2X2)                                       0.011371  0.032901   1.661595 r
  table_i/n2804 (net)                           1     0.002548            0.000000   1.661595 r
  table_i/U4562/A (NAND3X1)                                     0.011371  0.000000   1.661595 r
  table_i/U4562/Y (NAND3X1)                                     0.013087  0.016840   1.678435 f
  table_i/n1380 (net)                           1     0.001504            0.000000   1.678435 f
  table_i/U3065/A (BUFX2)                                       0.013087  0.000000   1.678435 f
  table_i/U3065/Y (BUFX2)                                       0.022628  0.048583   1.727018 f
  table_i/n2520 (net)                           7     0.016752            0.000000   1.727018 f
  table_i/U4875/A (INVX1)                                       0.022628  0.000000   1.727018 f
  table_i/U4875/Y (INVX1)                                       0.047553  0.049508   1.776526 r
  table_i/n6556 (net)                           6     0.015846            0.000000   1.776526 r
  table_i/U3517/A (OR2X1)                                       0.047553  0.000000   1.776526 r
  table_i/U3517/Y (OR2X1)                                       0.016439  0.036931   1.813457 r
  table_i/n1419 (net)                           1     0.001551            0.000000   1.813457 r
  table_i/U3519/A (INVX1)                                       0.016439  0.000000   1.813457 r
  table_i/U3519/Y (INVX1)                                       0.058703  0.050021   1.863478 f
  table_i/n2656 (net)                           8     0.018066            0.000000   1.863478 f
  table_i/U559/A (AND2X1)                                       0.058703  0.000000   1.863478 f
  table_i/U559/Y (AND2X1)                                       0.026797  0.047465   1.910943 f
  table_i/n5926 (net)                           3     0.005980            0.000000   1.910943 f
  table_i/U3875/A (AND2X1)                                      0.026797  0.000000   1.910943 f
  table_i/U3875/Y (AND2X1)                                      0.165048  0.146402   2.057345 f
  table_i/n1404 (net)                          20     0.055783            0.000000   2.057345 f
  table_i/U3876/A (INVX1)                                       0.165048  0.000000   2.057345 f
  table_i/U3876/Y (INVX1)                                       0.035350  0.078493   2.135838 r
  table_i/n4615 (net)                           4     0.009274            0.000000   2.135838 r
  table_i/U4675/A (AND2X2)                                      0.035350  0.000000   2.135838 r
  table_i/U4675/Y (AND2X2)                                      0.074735  0.076375   2.212214 r
  table_i/n5923 (net)                          12     0.029898            0.000000   2.212214 r
  table_i/U4676/A (INVX1)                                       0.074735  0.000000   2.212214 r
  table_i/U4676/Y (INVX1)                                       0.056710  0.066946   2.279159 f
  table_i/n5014 (net)                           9     0.018683            0.000000   2.279159 f
  table_i/U4723/A (INVX1)                                       0.056710  0.000000   2.279159 f
  table_i/U4723/Y (INVX1)                                       0.591981  0.406417   2.685576 r
  table_i/n5312 (net)                          39     0.122635            0.000000   2.685576 r
  table_i/U3290/A (OAI21X1)                                     0.591981  0.000000   2.685576 r
  table_i/U3290/Y (OAI21X1)                                     0.115508  0.135486   2.821062 f
  table_i/n4019 (net)                           1     0.001290            0.000000   2.821062 f
  table_i/write_data_reg_254_/D (DFFPOSX1)                      0.115508  0.000000   2.821062 f
  data arrival time                                                                  2.821062

  clock core_clk (rise edge)                                              3.000000   3.000000
  clock network delay (ideal)                                             0.000000   3.000000
  clock uncertainty                                                       -0.100000  2.900000
  table_i/write_data_reg_254_/CLK (DFFPOSX1)                              0.000000   2.900000 r
  library setup time                                                      -0.078752  2.821248
  data required time                                                                 2.821248
  ----------------------------------------------------------------------------------------------
  data required time                                                                 2.821248
  data arrival time                                                                  -2.821062
  ----------------------------------------------------------------------------------------------
  slack (MET)                                                                        0.000186


  Startpoint: table_i/occupied_reg_0_
              (rising edge-triggered flip-flop clocked by core_clk)
  Endpoint: table_i/write_data_reg_253_
            (rising edge-triggered flip-flop clocked by core_clk)
  Path Group: core_clk
  Path Type: max

  Point                                       Fanout       Cap     Trans      Incr       Path
  ----------------------------------------------------------------------------------------------
  clock core_clk (rise edge)                                              0.000000   0.000000
  clock network delay (ideal)                                             0.000000   0.000000
  table_i/occupied_reg_0_/CLK (DFFPOSX1)                        0.000000  0.000000 # 0.000000 r
  table_i/occupied_reg_0_/Q (DFFPOSX1) <-                       0.076301  0.145385   0.145385 f
  table_i/occupied[0] (net)                    18     0.044865            0.000000   0.145385 f
  table_i/U5177/A (INVX1)                                       0.076301  0.000000   0.145385 f
  table_i/U5177/Y (INVX1)                                       0.001408  0.033918   0.179304 r
  table_i/n6562 (net)                           2     0.005166            0.000000   0.179304 r
  table_i/U4669/B (OR2X1)                                       0.001408  0.000000   0.179304 r
  table_i/U4669/Y (OR2X1)                                       0.018783  0.046779   0.226083 r
  table_i/n2831 (net)                           1     0.001551            0.000000   0.226083 r
  table_i/U4670/A (INVX1)                                       0.018783  0.000000   0.226083 r
  table_i/U4670/Y (INVX1)                                       0.039568  0.037635   0.263718 f
  table_i/n5011 (net)                           5     0.011720            0.000000   0.263718 f
  table_i/U4321/A (AND2X1)                                      0.039568  0.000000   0.263718 f
  table_i/U4321/Y (AND2X1)                                      0.015151  0.035072   0.298790 f
  table_i/n2836 (net)                           1     0.001476            0.000000   0.298790 f
  table_i/U4322/A (INVX1)                                       0.015151  0.000000   0.298790 f
  table_i/U4322/Y (INVX1)                                       0.000000  0.011204   0.309994 r
  table_i/n4875 (net)                           2     0.004839            0.000000   0.309994 r
  table_i/U4591/A (NAND3X1)                                     0.000000  0.000000   0.309994 r
  table_i/U4591/Y (NAND3X1)                                     0.015678  0.015351   0.325344 f
  table_i/n2820 (net)                           1     0.001504            0.000000   0.325344 f
  table_i/U3483/A (BUFX2)                                       0.015678  0.000000   0.325344 f
  table_i/U3483/Y (BUFX2)                                       0.004887  0.035469   0.360813 f
  table_i/n2643 (net)                           2     0.003653            0.000000   0.360813 f
  table_i/U2637/B (AND2X1)                                      0.004887  0.000000   0.360813 f
  table_i/U2637/Y (AND2X1)                                      0.040568  0.059743   0.420556 f
  table_i/n2805 (net)                           4     0.010472            0.000000   0.420556 f
  table_i/U4590/C (NAND3X1)                                     0.040568  0.000000   0.420556 f
  table_i/U4590/Y (NAND3X1)                                     0.033834  0.035561   0.456117 r
  table_i/n2833 (net)                           1     0.001539            0.000000   0.456117 r
  table_i/U2635/A (BUFX2)                                       0.033834  0.000000   0.456117 r
  table_i/U2635/Y (BUFX2)                                       0.015926  0.039236   0.495353 r
  table_i/n1663 (net)                           2     0.005124            0.000000   0.495353 r
  table_i/U4589/B (NAND3X1)                                     0.015926  0.000000   0.495353 r
  table_i/U4589/Y (NAND3X1)                                     0.015178  0.013641   0.508994 f
  table_i/n2835 (net)                           1     0.001476            0.000000   0.508994 f
  table_i/U4870/A (INVX1)                                       0.015178  0.000000   0.508994 f
  table_i/U4870/Y (INVX1)                                       0.004292  0.020148   0.529143 r
  table_i/n6561 (net)                           3     0.007595            0.000000   0.529143 r
  table_i/U4341/A (AND2X1)                                      0.004292  0.000000   0.529143 r
  table_i/U4341/Y (AND2X1)                                      0.030895  0.028467   0.557610 r
  table_i/n2819 (net)                           1     0.001551            0.000000   0.557610 r
  table_i/U4342/A (INVX1)                                       0.030895  0.000000   0.557610 r
  table_i/U4342/Y (INVX1)                                       0.027956  0.033512   0.591121 f
  table_i/n4885 (net)                           4     0.008115            0.000000   0.591121 f
  table_i/U4587/A (NAND3X1)                                     0.027956  0.000000   0.591121 f
  table_i/U4587/Y (NAND3X1)                                     0.033834  0.039700   0.630821 r
  table_i/n2810 (net)                           1     0.001539            0.000000   0.630821 r
  table_i/U3497/A (BUFX2)                                       0.033834  0.000000   0.630821 r
  table_i/U3497/Y (BUFX2)                                       0.021395  0.042852   0.673673 r
  table_i/n2649 (net)                           3     0.007467            0.000000   0.673673 r
  table_i/U2006/A (AND2X1)                                      0.021395  0.000000   0.673673 r
  table_i/U2006/Y (AND2X1)                                      0.037301  0.032706   0.706378 r
  table_i/n2834 (net)                           1     0.002961            0.000000   0.706378 r
  table_i/U4586/C (NAND3X1)                                     0.037301  0.000000   0.706378 r
  table_i/U4586/Y (NAND3X1)                                     0.015678  0.015314   0.721692 f
  table_i/n2809 (net)                           1     0.001504            0.000000   0.721692 f
  table_i/U4110/A (BUFX2)                                       0.015678  0.000000   0.721692 f
  table_i/U4110/Y (BUFX2)                                       0.009083  0.038625   0.760317 f
  table_i/n4757 (net)                           3     0.006680            0.000000   0.760317 f
  table_i/U4585/A (NAND3X1)                                     0.009083  0.000000   0.760317 f
  table_i/U4585/Y (NAND3X1)                                     0.033980  0.033799   0.794117 r
  table_i/n2812 (net)                           1     0.001539            0.000000   0.794117 r
  table_i/U2356/A (BUFX2)                                       0.033980  0.000000   0.794117 r
  table_i/U2356/Y (BUFX2)                                       0.014658  0.038397   0.832514 r
  table_i/n1471 (net)                           2     0.004572            0.000000   0.832514 r
  table_i/U4869/A (INVX1)                                       0.014658  0.000000   0.832514 r
  table_i/U4869/Y (INVX1)                                       0.013275  0.018291   0.850805 f
  table_i/n6560 (net)                           1     0.002832            0.000000   0.850805 f
  table_i/U4584/C (NAND3X1)                                     0.013275  0.000000   0.850805 f
  table_i/U4584/Y (NAND3X1)                                     0.032996  0.028606   0.879411 r
  table_i/n2829 (net)                           1     0.001539            0.000000   0.879411 r
  table_i/U3871/A (BUFX2)                                       0.032996  0.000000   0.879411 r
  table_i/U3871/Y (BUFX2)                                       0.021587  0.042979   0.922390 r
  table_i/n4612 (net)                           3     0.007593            0.000000   0.922390 r
  table_i/U4786/A (INVX1)                                       0.021587  0.000000   0.922390 r
  table_i/U4786/Y (INVX1)                                       0.023891  0.027775   0.950164 f
  table_i/n6559 (net)                           3     0.006543            0.000000   0.950164 f
  table_i/U4583/A (NAND2X1)                                     0.023891  0.000000   0.950164 f
  table_i/U4583/Y (NAND2X1)                                     0.045310  0.037379   0.987544 r
  table_i/n2830 (net)                           2     0.004417            0.000000   0.987544 r
  table_i/U4582/A (NAND3X1)                                     0.045310  0.000000   0.987544 r
  table_i/U4582/Y (NAND3X1)                                     0.022781  0.026427   1.013970 f
  table_i/n2818 (net)                           2     0.004594            0.000000   1.013970 f
  table_i/U4337/A (AND2X2)                                      0.022781  0.000000   1.013970 f
  table_i/U4337/Y (AND2X2)                                      0.000854  0.035413   1.049384 f
  table_i/n2825 (net)                           1     0.001476            0.000000   1.049384 f
  table_i/U4338/A (INVX1)                                       0.000854  0.000000   1.049384 f
  table_i/U4338/Y (INVX1)                                       0.008648  0.019216   1.068600 r
  table_i/n4883 (net)                           3     0.008868            0.000000   1.068600 r
  table_i/U4580/C (NOR3X1)                                      0.008648  0.000000   1.068600 r
  table_i/U4580/Y (NOR3X1)                                      0.046086  0.033406   1.102006 f
  table_i/n2808 (net)                           3     0.009201            0.000000   1.102006 f
  table_i/U4579/B (NOR3X1)                                      0.046086  0.000000   1.102006 f
  table_i/U4579/Y (NOR3X1)                                      0.080078  0.066831   1.168837 r
  table_i/n2828 (net)                           3     0.008214            0.000000   1.168837 r
  table_i/U4659/A (AND2X1)                                      0.080078  0.000000   1.168837 r
  table_i/U4659/Y (AND2X1)                                      0.061057  0.047437   1.216274 r
  table_i/n2822 (net)                           3     0.007860            0.000000   1.216274 r
  table_i/U4660/A (INVX1)                                       0.061057  0.000000   1.216274 r
  table_i/U4660/Y (INVX1)                                       0.021442  0.038625   1.254898 f
  table_i/n5006 (net)                           3     0.006635            0.000000   1.254898 f
  table_i/U4577/A (NAND3X1)                                     0.021442  0.000000   1.254898 f
  table_i/U4577/Y (NAND3X1)                                     0.051844  0.049533   1.304431 r
  table_i/n2826 (net)                           2     0.005380            0.000000   1.304431 r
  table_i/U4576/A (NAND3X1)                                     0.051844  0.000000   1.304431 r
  table_i/U4576/Y (NAND3X1)                                     0.015477  0.022093   1.326524 f
  table_i/n2827 (net)                           1     0.001476            0.000000   1.326524 f
  table_i/U4872/A (INVX1)                                       0.015477  0.000000   1.326524 f
  table_i/U4872/Y (INVX1)                                       0.000000  0.012660   1.339184 r
  table_i/n6557 (net)                           2     0.005253            0.000000   1.339184 r
  table_i/U4333/A (AND2X1)                                      0.000000  0.000000   1.339184 r
  table_i/U4333/Y (AND2X1)                                      0.030945  0.028508   1.367692 r
  table_i/n2821 (net)                           1     0.001551            0.000000   1.367692 r
  table_i/U4334/A (INVX1)                                       0.030945  0.000000   1.367692 r
  table_i/U4334/Y (INVX1)                                       0.022484  0.029781   1.397474 f
  table_i/n4881 (net)                           3     0.006288            0.000000   1.397474 f
  table_i/U4573/A (NAND3X1)                                     0.022484  0.000000   1.397474 f
  table_i/U4573/Y (NAND3X1)                                     0.052421  0.050449   1.447923 r
  table_i/n2813 (net)                           2     0.005571            0.000000   1.447923 r
  table_i/U281/B (OR2X2)                                        0.052421  0.000000   1.447923 r
  table_i/U281/Y (OR2X2)                                        0.013380  0.050178   1.498101 r
  table_i/n2824 (net)                           1     0.003288            0.000000   1.498101 r
  table_i/U4572/C (NOR3X1)                                      0.013380  0.000000   1.498101 r
  table_i/U4572/Y (NOR3X1)                                      0.032190  0.023471   1.521572 f
  table_i/n2823 (net)                           2     0.003743            0.000000   1.521572 f
  table_i/U4871/A (AND2X1)                                      0.032190  0.000000   1.521572 f
  table_i/U4871/Y (AND2X1)                                      0.022968  0.040315   1.561886 f
  table_i/n2803 (net)                           2     0.004550            0.000000   1.561886 f
  table_i/U4655/A (AND2X1)                                      0.022968  0.000000   1.561886 f
  table_i/U4655/Y (AND2X1)                                      0.030156  0.043675   1.605562 f
  table_i/n2802 (net)                           3     0.006855            0.000000   1.605562 f
  table_i/U4656/A (INVX1)                                       0.030156  0.000000   1.605562 f
  table_i/U4656/Y (INVX1)                                       0.002941  0.023133   1.628694 r
  table_i/n5005 (net)                           3     0.006882            0.000000   1.628694 r
  table_i/U277/A (AND2X2)                                       0.002941  0.000000   1.628694 r
  table_i/U277/Y (AND2X2)                                       0.011371  0.032901   1.661595 r
  table_i/n2804 (net)                           1     0.002548            0.000000   1.661595 r
  table_i/U4562/A (NAND3X1)                                     0.011371  0.000000   1.661595 r
  table_i/U4562/Y (NAND3X1)                                     0.013087  0.016840   1.678435 f
  table_i/n1380 (net)                           1     0.001504            0.000000   1.678435 f
  table_i/U3065/A (BUFX2)                                       0.013087  0.000000   1.678435 f
  table_i/U3065/Y (BUFX2)                                       0.022628  0.048583   1.727018 f
  table_i/n2520 (net)                           7     0.016752            0.000000   1.727018 f
  table_i/U4875/A (INVX1)                                       0.022628  0.000000   1.727018 f
  table_i/U4875/Y (INVX1)                                       0.047553  0.049508   1.776526 r
  table_i/n6556 (net)                           6     0.015846            0.000000   1.776526 r
  table_i/U3517/A (OR2X1)                                       0.047553  0.000000   1.776526 r
  table_i/U3517/Y (OR2X1)                                       0.016439  0.036931   1.813457 r
  table_i/n1419 (net)                           1     0.001551            0.000000   1.813457 r
  table_i/U3519/A (INVX1)                                       0.016439  0.000000   1.813457 r
  table_i/U3519/Y (INVX1)                                       0.058703  0.050021   1.863478 f
  table_i/n2656 (net)                           8     0.018066            0.000000   1.863478 f
  table_i/U559/A (AND2X1)                                       0.058703  0.000000   1.863478 f
  table_i/U559/Y (AND2X1)                                       0.026797  0.047465   1.910943 f
  table_i/n5926 (net)                           3     0.005980            0.000000   1.910943 f
  table_i/U3875/A (AND2X1)                                      0.026797  0.000000   1.910943 f
  table_i/U3875/Y (AND2X1)                                      0.165048  0.146402   2.057345 f
  table_i/n1404 (net)                          20     0.055783            0.000000   2.057345 f
  table_i/U3876/A (INVX1)                                       0.165048  0.000000   2.057345 f
  table_i/U3876/Y (INVX1)                                       0.035350  0.078493   2.135838 r
  table_i/n4615 (net)                           4     0.009274            0.000000   2.135838 r
  table_i/U4675/A (AND2X2)                                      0.035350  0.000000   2.135838 r
  table_i/U4675/Y (AND2X2)                                      0.074735  0.076375   2.212214 r
  table_i/n5923 (net)                          12     0.029898            0.000000   2.212214 r
  table_i/U4676/A (INVX1)                                       0.074735  0.000000   2.212214 r
  table_i/U4676/Y (INVX1)                                       0.056710  0.066946   2.279159 f
  table_i/n5014 (net)                           9     0.018683            0.000000   2.279159 f
  table_i/U4723/A (INVX1)                                       0.056710  0.000000   2.279159 f
  table_i/U4723/Y (INVX1)                                       0.591981  0.406417   2.685576 r
  table_i/n5312 (net)                          39     0.122635            0.000000   2.685576 r
  table_i/U3288/A (OAI21X1)                                     0.591981  0.000000   2.685576 r
  table_i/U3288/Y (OAI21X1)                                     0.115508  0.135486   2.821062 f
  table_i/n4018 (net)                           1     0.001290            0.000000   2.821062 f
  table_i/write_data_reg_253_/D (DFFPOSX1)                      0.115508  0.000000   2.821062 f
  data arrival time                                                                  2.821062

  clock core_clk (rise edge)                                              3.000000   3.000000
  clock network delay (ideal)                                             0.000000   3.000000
  clock uncertainty                                                       -0.100000  2.900000
  table_i/write_data_reg_253_/CLK (DFFPOSX1)                              0.000000   2.900000 r
  library setup time                                                      -0.078752  2.821248
  data required time                                                                 2.821248
  ----------------------------------------------------------------------------------------------
  data required time                                                                 2.821248
  data arrival time                                                                  -2.821062
  ----------------------------------------------------------------------------------------------
  slack (MET)                                                                        0.000186


  Startpoint: table_i/occupied_reg_0_
              (rising edge-triggered flip-flop clocked by core_clk)
  Endpoint: table_i/write_data_reg_252_
            (rising edge-triggered flip-flop clocked by core_clk)
  Path Group: core_clk
  Path Type: max

  Point                                       Fanout       Cap     Trans      Incr       Path
  ----------------------------------------------------------------------------------------------
  clock core_clk (rise edge)                                              0.000000   0.000000
  clock network delay (ideal)                                             0.000000   0.000000
  table_i/occupied_reg_0_/CLK (DFFPOSX1)                        0.000000  0.000000 # 0.000000 r
  table_i/occupied_reg_0_/Q (DFFPOSX1) <-                       0.076301  0.145385   0.145385 f
  table_i/occupied[0] (net)                    18     0.044865            0.000000   0.145385 f
  table_i/U5177/A (INVX1)                                       0.076301  0.000000   0.145385 f
  table_i/U5177/Y (INVX1)                                       0.001408  0.033918   0.179304 r
  table_i/n6562 (net)                           2     0.005166            0.000000   0.179304 r
  table_i/U4669/B (OR2X1)                                       0.001408  0.000000   0.179304 r
  table_i/U4669/Y (OR2X1)                                       0.018783  0.046779   0.226083 r
  table_i/n2831 (net)                           1     0.001551            0.000000   0.226083 r
  table_i/U4670/A (INVX1)                                       0.018783  0.000000   0.226083 r
  table_i/U4670/Y (INVX1)                                       0.039568  0.037635   0.263718 f
  table_i/n5011 (net)                           5     0.011720            0.000000   0.263718 f
  table_i/U4321/A (AND2X1)                                      0.039568  0.000000   0.263718 f
  table_i/U4321/Y (AND2X1)                                      0.015151  0.035072   0.298790 f
  table_i/n2836 (net)                           1     0.001476            0.000000   0.298790 f
  table_i/U4322/A (INVX1)                                       0.015151  0.000000   0.298790 f
  table_i/U4322/Y (INVX1)                                       0.000000  0.011204   0.309994 r
  table_i/n4875 (net)                           2     0.004839            0.000000   0.309994 r
  table_i/U4591/A (NAND3X1)                                     0.000000  0.000000   0.309994 r
  table_i/U4591/Y (NAND3X1)                                     0.015678  0.015351   0.325344 f
  table_i/n2820 (net)                           1     0.001504            0.000000   0.325344 f
  table_i/U3483/A (BUFX2)                                       0.015678  0.000000   0.325344 f
  table_i/U3483/Y (BUFX2)                                       0.004887  0.035469   0.360813 f
  table_i/n2643 (net)                           2     0.003653            0.000000   0.360813 f
  table_i/U2637/B (AND2X1)                                      0.004887  0.000000   0.360813 f
  table_i/U2637/Y (AND2X1)                                      0.040568  0.059743   0.420556 f
  table_i/n2805 (net)                           4     0.010472            0.000000   0.420556 f
  table_i/U4590/C (NAND3X1)                                     0.040568  0.000000   0.420556 f
  table_i/U4590/Y (NAND3X1)                                     0.033834  0.035561   0.456117 r
  table_i/n2833 (net)                           1     0.001539            0.000000   0.456117 r
  table_i/U2635/A (BUFX2)                                       0.033834  0.000000   0.456117 r
  table_i/U2635/Y (BUFX2)                                       0.015926  0.039236   0.495353 r
  table_i/n1663 (net)                           2     0.005124            0.000000   0.495353 r
  table_i/U4589/B (NAND3X1)                                     0.015926  0.000000   0.495353 r
  table_i/U4589/Y (NAND3X1)                                     0.015178  0.013641   0.508994 f
  table_i/n2835 (net)                           1     0.001476            0.000000   0.508994 f
  table_i/U4870/A (INVX1)                                       0.015178  0.000000   0.508994 f
  table_i/U4870/Y (INVX1)                                       0.004292  0.020148   0.529143 r
  table_i/n6561 (net)                           3     0.007595            0.000000   0.529143 r
  table_i/U4341/A (AND2X1)                                      0.004292  0.000000   0.529143 r
  table_i/U4341/Y (AND2X1)                                      0.030895  0.028467   0.557610 r
  table_i/n2819 (net)                           1     0.001551            0.000000   0.557610 r
  table_i/U4342/A (INVX1)                                       0.030895  0.000000   0.557610 r
  table_i/U4342/Y (INVX1)                                       0.027956  0.033512   0.591121 f
  table_i/n4885 (net)                           4     0.008115            0.000000   0.591121 f
  table_i/U4587/A (NAND3X1)                                     0.027956  0.000000   0.591121 f
  table_i/U4587/Y (NAND3X1)                                     0.033834  0.039700   0.630821 r
  table_i/n2810 (net)                           1     0.001539            0.000000   0.630821 r
  table_i/U3497/A (BUFX2)                                       0.033834  0.000000   0.630821 r
  table_i/U3497/Y (BUFX2)                                       0.021395  0.042852   0.673673 r
  table_i/n2649 (net)                           3     0.007467            0.000000   0.673673 r
  table_i/U2006/A (AND2X1)                                      0.021395  0.000000   0.673673 r
  table_i/U2006/Y (AND2X1)                                      0.037301  0.032706   0.706378 r
  table_i/n2834 (net)                           1     0.002961            0.000000   0.706378 r
  table_i/U4586/C (NAND3X1)                                     0.037301  0.000000   0.706378 r
  table_i/U4586/Y (NAND3X1)                                     0.015678  0.015314   0.721692 f
  table_i/n2809 (net)                           1     0.001504            0.000000   0.721692 f
  table_i/U4110/A (BUFX2)                                       0.015678  0.000000   0.721692 f
  table_i/U4110/Y (BUFX2)                                       0.009083  0.038625   0.760317 f
  table_i/n4757 (net)                           3     0.006680            0.000000   0.760317 f
  table_i/U4585/A (NAND3X1)                                     0.009083  0.000000   0.760317 f
  table_i/U4585/Y (NAND3X1)                                     0.033980  0.033799   0.794117 r
  table_i/n2812 (net)                           1     0.001539            0.000000   0.794117 r
  table_i/U2356/A (BUFX2)                                       0.033980  0.000000   0.794117 r
  table_i/U2356/Y (BUFX2)                                       0.014658  0.038397   0.832514 r
  table_i/n1471 (net)                           2     0.004572            0.000000   0.832514 r
  table_i/U4869/A (INVX1)                                       0.014658  0.000000   0.832514 r
  table_i/U4869/Y (INVX1)                                       0.013275  0.018291   0.850805 f
  table_i/n6560 (net)                           1     0.002832            0.000000   0.850805 f
  table_i/U4584/C (NAND3X1)                                     0.013275  0.000000   0.850805 f
  table_i/U4584/Y (NAND3X1)                                     0.032996  0.028606   0.879411 r
  table_i/n2829 (net)                           1     0.001539            0.000000   0.879411 r
  table_i/U3871/A (BUFX2)                                       0.032996  0.000000   0.879411 r
  table_i/U3871/Y (BUFX2)                                       0.021587  0.042979   0.922390 r
  table_i/n4612 (net)                           3     0.007593            0.000000   0.922390 r
  table_i/U4786/A (INVX1)                                       0.021587  0.000000   0.922390 r
  table_i/U4786/Y (INVX1)                                       0.023891  0.027775   0.950164 f
  table_i/n6559 (net)                           3     0.006543            0.000000   0.950164 f
  table_i/U4583/A (NAND2X1)                                     0.023891  0.000000   0.950164 f
  table_i/U4583/Y (NAND2X1)                                     0.045310  0.037379   0.987544 r
  table_i/n2830 (net)                           2     0.004417            0.000000   0.987544 r
  table_i/U4582/A (NAND3X1)                                     0.045310  0.000000   0.987544 r
  table_i/U4582/Y (NAND3X1)                                     0.022781  0.026427   1.013970 f
  table_i/n2818 (net)                           2     0.004594            0.000000   1.013970 f
  table_i/U4337/A (AND2X2)                                      0.022781  0.000000   1.013970 f
  table_i/U4337/Y (AND2X2)                                      0.000854  0.035413   1.049384 f
  table_i/n2825 (net)                           1     0.001476            0.000000   1.049384 f
  table_i/U4338/A (INVX1)                                       0.000854  0.000000   1.049384 f
  table_i/U4338/Y (INVX1)                                       0.008648  0.019216   1.068600 r
  table_i/n4883 (net)                           3     0.008868            0.000000   1.068600 r
  table_i/U4580/C (NOR3X1)                                      0.008648  0.000000   1.068600 r
  table_i/U4580/Y (NOR3X1)                                      0.046086  0.033406   1.102006 f
  table_i/n2808 (net)                           3     0.009201            0.000000   1.102006 f
  table_i/U4579/B (NOR3X1)                                      0.046086  0.000000   1.102006 f
  table_i/U4579/Y (NOR3X1)                                      0.080078  0.066831   1.168837 r
  table_i/n2828 (net)                           3     0.008214            0.000000   1.168837 r
  table_i/U4659/A (AND2X1)                                      0.080078  0.000000   1.168837 r
  table_i/U4659/Y (AND2X1)                                      0.061057  0.047437   1.216274 r
  table_i/n2822 (net)                           3     0.007860            0.000000   1.216274 r
  table_i/U4660/A (INVX1)                                       0.061057  0.000000   1.216274 r
  table_i/U4660/Y (INVX1)                                       0.021442  0.038625   1.254898 f
  table_i/n5006 (net)                           3     0.006635            0.000000   1.254898 f
  table_i/U4577/A (NAND3X1)                                     0.021442  0.000000   1.254898 f
  table_i/U4577/Y (NAND3X1)                                     0.051844  0.049533   1.304431 r
  table_i/n2826 (net)                           2     0.005380            0.000000   1.304431 r
  table_i/U4576/A (NAND3X1)                                     0.051844  0.000000   1.304431 r
  table_i/U4576/Y (NAND3X1)                                     0.015477  0.022093   1.326524 f
  table_i/n2827 (net)                           1     0.001476            0.000000   1.326524 f
  table_i/U4872/A (INVX1)                                       0.015477  0.000000   1.326524 f
  table_i/U4872/Y (INVX1)                                       0.000000  0.012660   1.339184 r
  table_i/n6557 (net)                           2     0.005253            0.000000   1.339184 r
  table_i/U4333/A (AND2X1)                                      0.000000  0.000000   1.339184 r
  table_i/U4333/Y (AND2X1)                                      0.030945  0.028508   1.367692 r
  table_i/n2821 (net)                           1     0.001551            0.000000   1.367692 r
  table_i/U4334/A (INVX1)                                       0.030945  0.000000   1.367692 r
  table_i/U4334/Y (INVX1)                                       0.022484  0.029781   1.397474 f
  table_i/n4881 (net)                           3     0.006288            0.000000   1.397474 f
  table_i/U4573/A (NAND3X1)                                     0.022484  0.000000   1.397474 f
  table_i/U4573/Y (NAND3X1)                                     0.052421  0.050449   1.447923 r
  table_i/n2813 (net)                           2     0.005571            0.000000   1.447923 r
  table_i/U281/B (OR2X2)                                        0.052421  0.000000   1.447923 r
  table_i/U281/Y (OR2X2)                                        0.013380  0.050178   1.498101 r
  table_i/n2824 (net)                           1     0.003288            0.000000   1.498101 r
  table_i/U4572/C (NOR3X1)                                      0.013380  0.000000   1.498101 r
  table_i/U4572/Y (NOR3X1)                                      0.032190  0.023471   1.521572 f
  table_i/n2823 (net)                           2     0.003743            0.000000   1.521572 f
  table_i/U4871/A (AND2X1)                                      0.032190  0.000000   1.521572 f
  table_i/U4871/Y (AND2X1)                                      0.022968  0.040315   1.561886 f
  table_i/n2803 (net)                           2     0.004550            0.000000   1.561886 f
  table_i/U4655/A (AND2X1)                                      0.022968  0.000000   1.561886 f
  table_i/U4655/Y (AND2X1)                                      0.030156  0.043675   1.605562 f
  table_i/n2802 (net)                           3     0.006855            0.000000   1.605562 f
  table_i/U4656/A (INVX1)                                       0.030156  0.000000   1.605562 f
  table_i/U4656/Y (INVX1)                                       0.002941  0.023133   1.628694 r
  table_i/n5005 (net)                           3     0.006882            0.000000   1.628694 r
  table_i/U277/A (AND2X2)                                       0.002941  0.000000   1.628694 r
  table_i/U277/Y (AND2X2)                                       0.011371  0.032901   1.661595 r
  table_i/n2804 (net)                           1     0.002548            0.000000   1.661595 r
  table_i/U4562/A (NAND3X1)                                     0.011371  0.000000   1.661595 r
  table_i/U4562/Y (NAND3X1)                                     0.013087  0.016840   1.678435 f
  table_i/n1380 (net)                           1     0.001504            0.000000   1.678435 f
  table_i/U3065/A (BUFX2)                                       0.013087  0.000000   1.678435 f
  table_i/U3065/Y (BUFX2)                                       0.022628  0.048583   1.727018 f
  table_i/n2520 (net)                           7     0.016752            0.000000   1.727018 f
  table_i/U4875/A (INVX1)                                       0.022628  0.000000   1.727018 f
  table_i/U4875/Y (INVX1)                                       0.047553  0.049508   1.776526 r
  table_i/n6556 (net)                           6     0.015846            0.000000   1.776526 r
  table_i/U3517/A (OR2X1)                                       0.047553  0.000000   1.776526 r
  table_i/U3517/Y (OR2X1)                                       0.016439  0.036931   1.813457 r
  table_i/n1419 (net)                           1     0.001551            0.000000   1.813457 r
  table_i/U3519/A (INVX1)                                       0.016439  0.000000   1.813457 r
  table_i/U3519/Y (INVX1)                                       0.058703  0.050021   1.863478 f
  table_i/n2656 (net)                           8     0.018066            0.000000   1.863478 f
  table_i/U559/A (AND2X1)                                       0.058703  0.000000   1.863478 f
  table_i/U559/Y (AND2X1)                                       0.026797  0.047465   1.910943 f
  table_i/n5926 (net)                           3     0.005980            0.000000   1.910943 f
  table_i/U3875/A (AND2X1)                                      0.026797  0.000000   1.910943 f
  table_i/U3875/Y (AND2X1)                                      0.165048  0.146402   2.057345 f
  table_i/n1404 (net)                          20     0.055783            0.000000   2.057345 f
  table_i/U3876/A (INVX1)                                       0.165048  0.000000   2.057345 f
  table_i/U3876/Y (INVX1)                                       0.035350  0.078493   2.135838 r
  table_i/n4615 (net)                           4     0.009274            0.000000   2.135838 r
  table_i/U4675/A (AND2X2)                                      0.035350  0.000000   2.135838 r
  table_i/U4675/Y (AND2X2)                                      0.074735  0.076375   2.212214 r
  table_i/n5923 (net)                          12     0.029898            0.000000   2.212214 r
  table_i/U4676/A (INVX1)                                       0.074735  0.000000   2.212214 r
  table_i/U4676/Y (INVX1)                                       0.056710  0.066946   2.279159 f
  table_i/n5014 (net)                           9     0.018683            0.000000   2.279159 f
  table_i/U4723/A (INVX1)                                       0.056710  0.000000   2.279159 f
  table_i/U4723/Y (INVX1)                                       0.591981  0.406417   2.685576 r
  table_i/n5312 (net)                          39     0.122635            0.000000   2.685576 r
  table_i/U3286/A (OAI21X1)                                     0.591981  0.000000   2.685576 r
  table_i/U3286/Y (OAI21X1)                                     0.115508  0.135486   2.821062 f
  table_i/n4017 (net)                           1     0.001290            0.000000   2.821062 f
  table_i/write_data_reg_252_/D (DFFPOSX1)                      0.115508  0.000000   2.821062 f
  data arrival time                                                                  2.821062

  clock core_clk (rise edge)                                              3.000000   3.000000
  clock network delay (ideal)                                             0.000000   3.000000
  clock uncertainty                                                       -0.100000  2.900000
  table_i/write_data_reg_252_/CLK (DFFPOSX1)                              0.000000   2.900000 r
  library setup time                                                      -0.078752  2.821248
  data required time                                                                 2.821248
  ----------------------------------------------------------------------------------------------
  data required time                                                                 2.821248
  data arrival time                                                                  -2.821062
  ----------------------------------------------------------------------------------------------
  slack (MET)                                                                        0.000186


  Startpoint: table_i/occupied_reg_0_
              (rising edge-triggered flip-flop clocked by core_clk)
  Endpoint: table_i/write_data_reg_250_
            (rising edge-triggered flip-flop clocked by core_clk)
  Path Group: core_clk
  Path Type: max

  Point                                       Fanout       Cap     Trans      Incr       Path
  ----------------------------------------------------------------------------------------------
  clock core_clk (rise edge)                                              0.000000   0.000000
  clock network delay (ideal)                                             0.000000   0.000000
  table_i/occupied_reg_0_/CLK (DFFPOSX1)                        0.000000  0.000000 # 0.000000 r
  table_i/occupied_reg_0_/Q (DFFPOSX1) <-                       0.076301  0.145385   0.145385 f
  table_i/occupied[0] (net)                    18     0.044865            0.000000   0.145385 f
  table_i/U5177/A (INVX1)                                       0.076301  0.000000   0.145385 f
  table_i/U5177/Y (INVX1)                                       0.001408  0.033918   0.179304 r
  table_i/n6562 (net)                           2     0.005166            0.000000   0.179304 r
  table_i/U4669/B (OR2X1)                                       0.001408  0.000000   0.179304 r
  table_i/U4669/Y (OR2X1)                                       0.018783  0.046779   0.226083 r
  table_i/n2831 (net)                           1     0.001551            0.000000   0.226083 r
  table_i/U4670/A (INVX1)                                       0.018783  0.000000   0.226083 r
  table_i/U4670/Y (INVX1)                                       0.039568  0.037635   0.263718 f
  table_i/n5011 (net)                           5     0.011720            0.000000   0.263718 f
  table_i/U4321/A (AND2X1)                                      0.039568  0.000000   0.263718 f
  table_i/U4321/Y (AND2X1)                                      0.015151  0.035072   0.298790 f
  table_i/n2836 (net)                           1     0.001476            0.000000   0.298790 f
  table_i/U4322/A (INVX1)                                       0.015151  0.000000   0.298790 f
  table_i/U4322/Y (INVX1)                                       0.000000  0.011204   0.309994 r
  table_i/n4875 (net)                           2     0.004839            0.000000   0.309994 r
  table_i/U4591/A (NAND3X1)                                     0.000000  0.000000   0.309994 r
  table_i/U4591/Y (NAND3X1)                                     0.015678  0.015351   0.325344 f
  table_i/n2820 (net)                           1     0.001504            0.000000   0.325344 f
  table_i/U3483/A (BUFX2)                                       0.015678  0.000000   0.325344 f
  table_i/U3483/Y (BUFX2)                                       0.004887  0.035469   0.360813 f
  table_i/n2643 (net)                           2     0.003653            0.000000   0.360813 f
  table_i/U2637/B (AND2X1)                                      0.004887  0.000000   0.360813 f
  table_i/U2637/Y (AND2X1)                                      0.040568  0.059743   0.420556 f
  table_i/n2805 (net)                           4     0.010472            0.000000   0.420556 f
  table_i/U4590/C (NAND3X1)                                     0.040568  0.000000   0.420556 f
  table_i/U4590/Y (NAND3X1)                                     0.033834  0.035561   0.456117 r
  table_i/n2833 (net)                           1     0.001539            0.000000   0.456117 r
  table_i/U2635/A (BUFX2)                                       0.033834  0.000000   0.456117 r
  table_i/U2635/Y (BUFX2)                                       0.015926  0.039236   0.495353 r
  table_i/n1663 (net)                           2     0.005124            0.000000   0.495353 r
  table_i/U4589/B (NAND3X1)                                     0.015926  0.000000   0.495353 r
  table_i/U4589/Y (NAND3X1)                                     0.015178  0.013641   0.508994 f
  table_i/n2835 (net)                           1     0.001476            0.000000   0.508994 f
  table_i/U4870/A (INVX1)                                       0.015178  0.000000   0.508994 f
  table_i/U4870/Y (INVX1)                                       0.004292  0.020148   0.529143 r
  table_i/n6561 (net)                           3     0.007595            0.000000   0.529143 r
  table_i/U4341/A (AND2X1)                                      0.004292  0.000000   0.529143 r
  table_i/U4341/Y (AND2X1)                                      0.030895  0.028467   0.557610 r
  table_i/n2819 (net)                           1     0.001551            0.000000   0.557610 r
  table_i/U4342/A (INVX1)                                       0.030895  0.000000   0.557610 r
  table_i/U4342/Y (INVX1)                                       0.027956  0.033512   0.591121 f
  table_i/n4885 (net)                           4     0.008115            0.000000   0.591121 f
  table_i/U4587/A (NAND3X1)                                     0.027956  0.000000   0.591121 f
  table_i/U4587/Y (NAND3X1)                                     0.033834  0.039700   0.630821 r
  table_i/n2810 (net)                           1     0.001539            0.000000   0.630821 r
  table_i/U3497/A (BUFX2)                                       0.033834  0.000000   0.630821 r
  table_i/U3497/Y (BUFX2)                                       0.021395  0.042852   0.673673 r
  table_i/n2649 (net)                           3     0.007467            0.000000   0.673673 r
  table_i/U2006/A (AND2X1)                                      0.021395  0.000000   0.673673 r
  table_i/U2006/Y (AND2X1)                                      0.037301  0.032706   0.706378 r
  table_i/n2834 (net)                           1     0.002961            0.000000   0.706378 r
  table_i/U4586/C (NAND3X1)                                     0.037301  0.000000   0.706378 r
  table_i/U4586/Y (NAND3X1)                                     0.015678  0.015314   0.721692 f
  table_i/n2809 (net)                           1     0.001504            0.000000   0.721692 f
  table_i/U4110/A (BUFX2)                                       0.015678  0.000000   0.721692 f
  table_i/U4110/Y (BUFX2)                                       0.009083  0.038625   0.760317 f
  table_i/n4757 (net)                           3     0.006680            0.000000   0.760317 f
  table_i/U4585/A (NAND3X1)                                     0.009083  0.000000   0.760317 f
  table_i/U4585/Y (NAND3X1)                                     0.033980  0.033799   0.794117 r
  table_i/n2812 (net)                           1     0.001539            0.000000   0.794117 r
  table_i/U2356/A (BUFX2)                                       0.033980  0.000000   0.794117 r
  table_i/U2356/Y (BUFX2)                                       0.014658  0.038397   0.832514 r
  table_i/n1471 (net)                           2     0.004572            0.000000   0.832514 r
  table_i/U4869/A (INVX1)                                       0.014658  0.000000   0.832514 r
  table_i/U4869/Y (INVX1)                                       0.013275  0.018291   0.850805 f
  table_i/n6560 (net)                           1     0.002832            0.000000   0.850805 f
  table_i/U4584/C (NAND3X1)                                     0.013275  0.000000   0.850805 f
  table_i/U4584/Y (NAND3X1)                                     0.032996  0.028606   0.879411 r
  table_i/n2829 (net)                           1     0.001539            0.000000   0.879411 r
  table_i/U3871/A (BUFX2)                                       0.032996  0.000000   0.879411 r
  table_i/U3871/Y (BUFX2)                                       0.021587  0.042979   0.922390 r
  table_i/n4612 (net)                           3     0.007593            0.000000   0.922390 r
  table_i/U4786/A (INVX1)                                       0.021587  0.000000   0.922390 r
  table_i/U4786/Y (INVX1)                                       0.023891  0.027775   0.950164 f
  table_i/n6559 (net)                           3     0.006543            0.000000   0.950164 f
  table_i/U4583/A (NAND2X1)                                     0.023891  0.000000   0.950164 f
  table_i/U4583/Y (NAND2X1)                                     0.045310  0.037379   0.987544 r
  table_i/n2830 (net)                           2     0.004417            0.000000   0.987544 r
  table_i/U4582/A (NAND3X1)                                     0.045310  0.000000   0.987544 r
  table_i/U4582/Y (NAND3X1)                                     0.022781  0.026427   1.013970 f
  table_i/n2818 (net)                           2     0.004594            0.000000   1.013970 f
  table_i/U4337/A (AND2X2)                                      0.022781  0.000000   1.013970 f
  table_i/U4337/Y (AND2X2)                                      0.000854  0.035413   1.049384 f
  table_i/n2825 (net)                           1     0.001476            0.000000   1.049384 f
  table_i/U4338/A (INVX1)                                       0.000854  0.000000   1.049384 f
  table_i/U4338/Y (INVX1)                                       0.008648  0.019216   1.068600 r
  table_i/n4883 (net)                           3     0.008868            0.000000   1.068600 r
  table_i/U4580/C (NOR3X1)                                      0.008648  0.000000   1.068600 r
  table_i/U4580/Y (NOR3X1)                                      0.046086  0.033406   1.102006 f
  table_i/n2808 (net)                           3     0.009201            0.000000   1.102006 f
  table_i/U4579/B (NOR3X1)                                      0.046086  0.000000   1.102006 f
  table_i/U4579/Y (NOR3X1)                                      0.080078  0.066831   1.168837 r
  table_i/n2828 (net)                           3     0.008214            0.000000   1.168837 r
  table_i/U4659/A (AND2X1)                                      0.080078  0.000000   1.168837 r
  table_i/U4659/Y (AND2X1)                                      0.061057  0.047437   1.216274 r
  table_i/n2822 (net)                           3     0.007860            0.000000   1.216274 r
  table_i/U4660/A (INVX1)                                       0.061057  0.000000   1.216274 r
  table_i/U4660/Y (INVX1)                                       0.021442  0.038625   1.254898 f
  table_i/n5006 (net)                           3     0.006635            0.000000   1.254898 f
  table_i/U4577/A (NAND3X1)                                     0.021442  0.000000   1.254898 f
  table_i/U4577/Y (NAND3X1)                                     0.051844  0.049533   1.304431 r
  table_i/n2826 (net)                           2     0.005380            0.000000   1.304431 r
  table_i/U4576/A (NAND3X1)                                     0.051844  0.000000   1.304431 r
  table_i/U4576/Y (NAND3X1)                                     0.015477  0.022093   1.326524 f
  table_i/n2827 (net)                           1     0.001476            0.000000   1.326524 f
  table_i/U4872/A (INVX1)                                       0.015477  0.000000   1.326524 f
  table_i/U4872/Y (INVX1)                                       0.000000  0.012660   1.339184 r
  table_i/n6557 (net)                           2     0.005253            0.000000   1.339184 r
  table_i/U4333/A (AND2X1)                                      0.000000  0.000000   1.339184 r
  table_i/U4333/Y (AND2X1)                                      0.030945  0.028508   1.367692 r
  table_i/n2821 (net)                           1     0.001551            0.000000   1.367692 r
  table_i/U4334/A (INVX1)                                       0.030945  0.000000   1.367692 r
  table_i/U4334/Y (INVX1)                                       0.022484  0.029781   1.397474 f
  table_i/n4881 (net)                           3     0.006288            0.000000   1.397474 f
  table_i/U4573/A (NAND3X1)                                     0.022484  0.000000   1.397474 f
  table_i/U4573/Y (NAND3X1)                                     0.052421  0.050449   1.447923 r
  table_i/n2813 (net)                           2     0.005571            0.000000   1.447923 r
  table_i/U281/B (OR2X2)                                        0.052421  0.000000   1.447923 r
  table_i/U281/Y (OR2X2)                                        0.013380  0.050178   1.498101 r
  table_i/n2824 (net)                           1     0.003288            0.000000   1.498101 r
  table_i/U4572/C (NOR3X1)                                      0.013380  0.000000   1.498101 r
  table_i/U4572/Y (NOR3X1)                                      0.032190  0.023471   1.521572 f
  table_i/n2823 (net)                           2     0.003743            0.000000   1.521572 f
  table_i/U4871/A (AND2X1)                                      0.032190  0.000000   1.521572 f
  table_i/U4871/Y (AND2X1)                                      0.022968  0.040315   1.561886 f
  table_i/n2803 (net)                           2     0.004550            0.000000   1.561886 f
  table_i/U4655/A (AND2X1)                                      0.022968  0.000000   1.561886 f
  table_i/U4655/Y (AND2X1)                                      0.030156  0.043675   1.605562 f
  table_i/n2802 (net)                           3     0.006855            0.000000   1.605562 f
  table_i/U4656/A (INVX1)                                       0.030156  0.000000   1.605562 f
  table_i/U4656/Y (INVX1)                                       0.002941  0.023133   1.628694 r
  table_i/n5005 (net)                           3     0.006882            0.000000   1.628694 r
  table_i/U277/A (AND2X2)                                       0.002941  0.000000   1.628694 r
  table_i/U277/Y (AND2X2)                                       0.011371  0.032901   1.661595 r
  table_i/n2804 (net)                           1     0.002548            0.000000   1.661595 r
  table_i/U4562/A (NAND3X1)                                     0.011371  0.000000   1.661595 r
  table_i/U4562/Y (NAND3X1)                                     0.013087  0.016840   1.678435 f
  table_i/n1380 (net)                           1     0.001504            0.000000   1.678435 f
  table_i/U3065/A (BUFX2)                                       0.013087  0.000000   1.678435 f
  table_i/U3065/Y (BUFX2)                                       0.022628  0.048583   1.727018 f
  table_i/n2520 (net)                           7     0.016752            0.000000   1.727018 f
  table_i/U4875/A (INVX1)                                       0.022628  0.000000   1.727018 f
  table_i/U4875/Y (INVX1)                                       0.047553  0.049508   1.776526 r
  table_i/n6556 (net)                           6     0.015846            0.000000   1.776526 r
  table_i/U3517/A (OR2X1)                                       0.047553  0.000000   1.776526 r
  table_i/U3517/Y (OR2X1)                                       0.016439  0.036931   1.813457 r
  table_i/n1419 (net)                           1     0.001551            0.000000   1.813457 r
  table_i/U3519/A (INVX1)                                       0.016439  0.000000   1.813457 r
  table_i/U3519/Y (INVX1)                                       0.058703  0.050021   1.863478 f
  table_i/n2656 (net)                           8     0.018066            0.000000   1.863478 f
  table_i/U559/A (AND2X1)                                       0.058703  0.000000   1.863478 f
  table_i/U559/Y (AND2X1)                                       0.026797  0.047465   1.910943 f
  table_i/n5926 (net)                           3     0.005980            0.000000   1.910943 f
  table_i/U3875/A (AND2X1)                                      0.026797  0.000000   1.910943 f
  table_i/U3875/Y (AND2X1)                                      0.165048  0.146402   2.057345 f
  table_i/n1404 (net)                          20     0.055783            0.000000   2.057345 f
  table_i/U3876/A (INVX1)                                       0.165048  0.000000   2.057345 f
  table_i/U3876/Y (INVX1)                                       0.035350  0.078493   2.135838 r
  table_i/n4615 (net)                           4     0.009274            0.000000   2.135838 r
  table_i/U4675/A (AND2X2)                                      0.035350  0.000000   2.135838 r
  table_i/U4675/Y (AND2X2)                                      0.074735  0.076375   2.212214 r
  table_i/n5923 (net)                          12     0.029898            0.000000   2.212214 r
  table_i/U4676/A (INVX1)                                       0.074735  0.000000   2.212214 r
  table_i/U4676/Y (INVX1)                                       0.056710  0.066946   2.279159 f
  table_i/n5014 (net)                           9     0.018683            0.000000   2.279159 f
  table_i/U4723/A (INVX1)                                       0.056710  0.000000   2.279159 f
  table_i/U4723/Y (INVX1)                                       0.591981  0.406417   2.685576 r
  table_i/n5312 (net)                          39     0.122635            0.000000   2.685576 r
  table_i/U3282/A (OAI21X1)                                     0.591981  0.000000   2.685576 r
  table_i/U3282/Y (OAI21X1)                                     0.115508  0.135486   2.821062 f
  table_i/n4015 (net)                           1     0.001290            0.000000   2.821062 f
  table_i/write_data_reg_250_/D (DFFPOSX1)                      0.115508  0.000000   2.821062 f
  data arrival time                                                                  2.821062

  clock core_clk (rise edge)                                              3.000000   3.000000
  clock network delay (ideal)                                             0.000000   3.000000
  clock uncertainty                                                       -0.100000  2.900000
  table_i/write_data_reg_250_/CLK (DFFPOSX1)                              0.000000   2.900000 r
  library setup time                                                      -0.078752  2.821248
  data required time                                                                 2.821248
  ----------------------------------------------------------------------------------------------
  data required time                                                                 2.821248
  data arrival time                                                                  -2.821062
  ----------------------------------------------------------------------------------------------
  slack (MET)                                                                        0.000186


  Startpoint: table_i/occupied_reg_0_
              (rising edge-triggered flip-flop clocked by core_clk)
  Endpoint: table_i/write_data_reg_249_
            (rising edge-triggered flip-flop clocked by core_clk)
  Path Group: core_clk
  Path Type: max

  Point                                       Fanout       Cap     Trans      Incr       Path
  ----------------------------------------------------------------------------------------------
  clock core_clk (rise edge)                                              0.000000   0.000000
  clock network delay (ideal)                                             0.000000   0.000000
  table_i/occupied_reg_0_/CLK (DFFPOSX1)                        0.000000  0.000000 # 0.000000 r
  table_i/occupied_reg_0_/Q (DFFPOSX1) <-                       0.076301  0.145385   0.145385 f
  table_i/occupied[0] (net)                    18     0.044865            0.000000   0.145385 f
  table_i/U5177/A (INVX1)                                       0.076301  0.000000   0.145385 f
  table_i/U5177/Y (INVX1)                                       0.001408  0.033918   0.179304 r
  table_i/n6562 (net)                           2     0.005166            0.000000   0.179304 r
  table_i/U4669/B (OR2X1)                                       0.001408  0.000000   0.179304 r
  table_i/U4669/Y (OR2X1)                                       0.018783  0.046779   0.226083 r
  table_i/n2831 (net)                           1     0.001551            0.000000   0.226083 r
  table_i/U4670/A (INVX1)                                       0.018783  0.000000   0.226083 r
  table_i/U4670/Y (INVX1)                                       0.039568  0.037635   0.263718 f
  table_i/n5011 (net)                           5     0.011720            0.000000   0.263718 f
  table_i/U4321/A (AND2X1)                                      0.039568  0.000000   0.263718 f
  table_i/U4321/Y (AND2X1)                                      0.015151  0.035072   0.298790 f
  table_i/n2836 (net)                           1     0.001476            0.000000   0.298790 f
  table_i/U4322/A (INVX1)                                       0.015151  0.000000   0.298790 f
  table_i/U4322/Y (INVX1)                                       0.000000  0.011204   0.309994 r
  table_i/n4875 (net)                           2     0.004839            0.000000   0.309994 r
  table_i/U4591/A (NAND3X1)                                     0.000000  0.000000   0.309994 r
  table_i/U4591/Y (NAND3X1)                                     0.015678  0.015351   0.325344 f
  table_i/n2820 (net)                           1     0.001504            0.000000   0.325344 f
  table_i/U3483/A (BUFX2)                                       0.015678  0.000000   0.325344 f
  table_i/U3483/Y (BUFX2)                                       0.004887  0.035469   0.360813 f
  table_i/n2643 (net)                           2     0.003653            0.000000   0.360813 f
  table_i/U2637/B (AND2X1)                                      0.004887  0.000000   0.360813 f
  table_i/U2637/Y (AND2X1)                                      0.040568  0.059743   0.420556 f
  table_i/n2805 (net)                           4     0.010472            0.000000   0.420556 f
  table_i/U4590/C (NAND3X1)                                     0.040568  0.000000   0.420556 f
  table_i/U4590/Y (NAND3X1)                                     0.033834  0.035561   0.456117 r
  table_i/n2833 (net)                           1     0.001539            0.000000   0.456117 r
  table_i/U2635/A (BUFX2)                                       0.033834  0.000000   0.456117 r
  table_i/U2635/Y (BUFX2)                                       0.015926  0.039236   0.495353 r
  table_i/n1663 (net)                           2     0.005124            0.000000   0.495353 r
  table_i/U4589/B (NAND3X1)                                     0.015926  0.000000   0.495353 r
  table_i/U4589/Y (NAND3X1)                                     0.015178  0.013641   0.508994 f
  table_i/n2835 (net)                           1     0.001476            0.000000   0.508994 f
  table_i/U4870/A (INVX1)                                       0.015178  0.000000   0.508994 f
  table_i/U4870/Y (INVX1)                                       0.004292  0.020148   0.529143 r
  table_i/n6561 (net)                           3     0.007595            0.000000   0.529143 r
  table_i/U4341/A (AND2X1)                                      0.004292  0.000000   0.529143 r
  table_i/U4341/Y (AND2X1)                                      0.030895  0.028467   0.557610 r
  table_i/n2819 (net)                           1     0.001551            0.000000   0.557610 r
  table_i/U4342/A (INVX1)                                       0.030895  0.000000   0.557610 r
  table_i/U4342/Y (INVX1)                                       0.027956  0.033512   0.591121 f
  table_i/n4885 (net)                           4     0.008115            0.000000   0.591121 f
  table_i/U4587/A (NAND3X1)                                     0.027956  0.000000   0.591121 f
  table_i/U4587/Y (NAND3X1)                                     0.033834  0.039700   0.630821 r
  table_i/n2810 (net)                           1     0.001539            0.000000   0.630821 r
  table_i/U3497/A (BUFX2)                                       0.033834  0.000000   0.630821 r
  table_i/U3497/Y (BUFX2)                                       0.021395  0.042852   0.673673 r
  table_i/n2649 (net)                           3     0.007467            0.000000   0.673673 r
  table_i/U2006/A (AND2X1)                                      0.021395  0.000000   0.673673 r
  table_i/U2006/Y (AND2X1)                                      0.037301  0.032706   0.706378 r
  table_i/n2834 (net)                           1     0.002961            0.000000   0.706378 r
  table_i/U4586/C (NAND3X1)                                     0.037301  0.000000   0.706378 r
  table_i/U4586/Y (NAND3X1)                                     0.015678  0.015314   0.721692 f
  table_i/n2809 (net)                           1     0.001504            0.000000   0.721692 f
  table_i/U4110/A (BUFX2)                                       0.015678  0.000000   0.721692 f
  table_i/U4110/Y (BUFX2)                                       0.009083  0.038625   0.760317 f
  table_i/n4757 (net)                           3     0.006680            0.000000   0.760317 f
  table_i/U4585/A (NAND3X1)                                     0.009083  0.000000   0.760317 f
  table_i/U4585/Y (NAND3X1)                                     0.033980  0.033799   0.794117 r
  table_i/n2812 (net)                           1     0.001539            0.000000   0.794117 r
  table_i/U2356/A (BUFX2)                                       0.033980  0.000000   0.794117 r
  table_i/U2356/Y (BUFX2)                                       0.014658  0.038397   0.832514 r
  table_i/n1471 (net)                           2     0.004572            0.000000   0.832514 r
  table_i/U4869/A (INVX1)                                       0.014658  0.000000   0.832514 r
  table_i/U4869/Y (INVX1)                                       0.013275  0.018291   0.850805 f
  table_i/n6560 (net)                           1     0.002832            0.000000   0.850805 f
  table_i/U4584/C (NAND3X1)                                     0.013275  0.000000   0.850805 f
  table_i/U4584/Y (NAND3X1)                                     0.032996  0.028606   0.879411 r
  table_i/n2829 (net)                           1     0.001539            0.000000   0.879411 r
  table_i/U3871/A (BUFX2)                                       0.032996  0.000000   0.879411 r
  table_i/U3871/Y (BUFX2)                                       0.021587  0.042979   0.922390 r
  table_i/n4612 (net)                           3     0.007593            0.000000   0.922390 r
  table_i/U4786/A (INVX1)                                       0.021587  0.000000   0.922390 r
  table_i/U4786/Y (INVX1)                                       0.023891  0.027775   0.950164 f
  table_i/n6559 (net)                           3     0.006543            0.000000   0.950164 f
  table_i/U4583/A (NAND2X1)                                     0.023891  0.000000   0.950164 f
  table_i/U4583/Y (NAND2X1)                                     0.045310  0.037379   0.987544 r
  table_i/n2830 (net)                           2     0.004417            0.000000   0.987544 r
  table_i/U4582/A (NAND3X1)                                     0.045310  0.000000   0.987544 r
  table_i/U4582/Y (NAND3X1)                                     0.022781  0.026427   1.013970 f
  table_i/n2818 (net)                           2     0.004594            0.000000   1.013970 f
  table_i/U4337/A (AND2X2)                                      0.022781  0.000000   1.013970 f
  table_i/U4337/Y (AND2X2)                                      0.000854  0.035413   1.049384 f
  table_i/n2825 (net)                           1     0.001476            0.000000   1.049384 f
  table_i/U4338/A (INVX1)                                       0.000854  0.000000   1.049384 f
  table_i/U4338/Y (INVX1)                                       0.008648  0.019216   1.068600 r
  table_i/n4883 (net)                           3     0.008868            0.000000   1.068600 r
  table_i/U4580/C (NOR3X1)                                      0.008648  0.000000   1.068600 r
  table_i/U4580/Y (NOR3X1)                                      0.046086  0.033406   1.102006 f
  table_i/n2808 (net)                           3     0.009201            0.000000   1.102006 f
  table_i/U4579/B (NOR3X1)                                      0.046086  0.000000   1.102006 f
  table_i/U4579/Y (NOR3X1)                                      0.080078  0.066831   1.168837 r
  table_i/n2828 (net)                           3     0.008214            0.000000   1.168837 r
  table_i/U4659/A (AND2X1)                                      0.080078  0.000000   1.168837 r
  table_i/U4659/Y (AND2X1)                                      0.061057  0.047437   1.216274 r
  table_i/n2822 (net)                           3     0.007860            0.000000   1.216274 r
  table_i/U4660/A (INVX1)                                       0.061057  0.000000   1.216274 r
  table_i/U4660/Y (INVX1)                                       0.021442  0.038625   1.254898 f
  table_i/n5006 (net)                           3     0.006635            0.000000   1.254898 f
  table_i/U4577/A (NAND3X1)                                     0.021442  0.000000   1.254898 f
  table_i/U4577/Y (NAND3X1)                                     0.051844  0.049533   1.304431 r
  table_i/n2826 (net)                           2     0.005380            0.000000   1.304431 r
  table_i/U4576/A (NAND3X1)                                     0.051844  0.000000   1.304431 r
  table_i/U4576/Y (NAND3X1)                                     0.015477  0.022093   1.326524 f
  table_i/n2827 (net)                           1     0.001476            0.000000   1.326524 f
  table_i/U4872/A (INVX1)                                       0.015477  0.000000   1.326524 f
  table_i/U4872/Y (INVX1)                                       0.000000  0.012660   1.339184 r
  table_i/n6557 (net)                           2     0.005253            0.000000   1.339184 r
  table_i/U4333/A (AND2X1)                                      0.000000  0.000000   1.339184 r
  table_i/U4333/Y (AND2X1)                                      0.030945  0.028508   1.367692 r
  table_i/n2821 (net)                           1     0.001551            0.000000   1.367692 r
  table_i/U4334/A (INVX1)                                       0.030945  0.000000   1.367692 r
  table_i/U4334/Y (INVX1)                                       0.022484  0.029781   1.397474 f
  table_i/n4881 (net)                           3     0.006288            0.000000   1.397474 f
  table_i/U4573/A (NAND3X1)                                     0.022484  0.000000   1.397474 f
  table_i/U4573/Y (NAND3X1)                                     0.052421  0.050449   1.447923 r
  table_i/n2813 (net)                           2     0.005571            0.000000   1.447923 r
  table_i/U281/B (OR2X2)                                        0.052421  0.000000   1.447923 r
  table_i/U281/Y (OR2X2)                                        0.013380  0.050178   1.498101 r
  table_i/n2824 (net)                           1     0.003288            0.000000   1.498101 r
  table_i/U4572/C (NOR3X1)                                      0.013380  0.000000   1.498101 r
  table_i/U4572/Y (NOR3X1)                                      0.032190  0.023471   1.521572 f
  table_i/n2823 (net)                           2     0.003743            0.000000   1.521572 f
  table_i/U4871/A (AND2X1)                                      0.032190  0.000000   1.521572 f
  table_i/U4871/Y (AND2X1)                                      0.022968  0.040315   1.561886 f
  table_i/n2803 (net)                           2     0.004550            0.000000   1.561886 f
  table_i/U4655/A (AND2X1)                                      0.022968  0.000000   1.561886 f
  table_i/U4655/Y (AND2X1)                                      0.030156  0.043675   1.605562 f
  table_i/n2802 (net)                           3     0.006855            0.000000   1.605562 f
  table_i/U4656/A (INVX1)                                       0.030156  0.000000   1.605562 f
  table_i/U4656/Y (INVX1)                                       0.002941  0.023133   1.628694 r
  table_i/n5005 (net)                           3     0.006882            0.000000   1.628694 r
  table_i/U277/A (AND2X2)                                       0.002941  0.000000   1.628694 r
  table_i/U277/Y (AND2X2)                                       0.011371  0.032901   1.661595 r
  table_i/n2804 (net)                           1     0.002548            0.000000   1.661595 r
  table_i/U4562/A (NAND3X1)                                     0.011371  0.000000   1.661595 r
  table_i/U4562/Y (NAND3X1)                                     0.013087  0.016840   1.678435 f
  table_i/n1380 (net)                           1     0.001504            0.000000   1.678435 f
  table_i/U3065/A (BUFX2)                                       0.013087  0.000000   1.678435 f
  table_i/U3065/Y (BUFX2)                                       0.022628  0.048583   1.727018 f
  table_i/n2520 (net)                           7     0.016752            0.000000   1.727018 f
  table_i/U4875/A (INVX1)                                       0.022628  0.000000   1.727018 f
  table_i/U4875/Y (INVX1)                                       0.047553  0.049508   1.776526 r
  table_i/n6556 (net)                           6     0.015846            0.000000   1.776526 r
  table_i/U3517/A (OR2X1)                                       0.047553  0.000000   1.776526 r
  table_i/U3517/Y (OR2X1)                                       0.016439  0.036931   1.813457 r
  table_i/n1419 (net)                           1     0.001551            0.000000   1.813457 r
  table_i/U3519/A (INVX1)                                       0.016439  0.000000   1.813457 r
  table_i/U3519/Y (INVX1)                                       0.058703  0.050021   1.863478 f
  table_i/n2656 (net)                           8     0.018066            0.000000   1.863478 f
  table_i/U559/A (AND2X1)                                       0.058703  0.000000   1.863478 f
  table_i/U559/Y (AND2X1)                                       0.026797  0.047465   1.910943 f
  table_i/n5926 (net)                           3     0.005980            0.000000   1.910943 f
  table_i/U3875/A (AND2X1)                                      0.026797  0.000000   1.910943 f
  table_i/U3875/Y (AND2X1)                                      0.165048  0.146402   2.057345 f
  table_i/n1404 (net)                          20     0.055783            0.000000   2.057345 f
  table_i/U3876/A (INVX1)                                       0.165048  0.000000   2.057345 f
  table_i/U3876/Y (INVX1)                                       0.035350  0.078493   2.135838 r
  table_i/n4615 (net)                           4     0.009274            0.000000   2.135838 r
  table_i/U4675/A (AND2X2)                                      0.035350  0.000000   2.135838 r
  table_i/U4675/Y (AND2X2)                                      0.074735  0.076375   2.212214 r
  table_i/n5923 (net)                          12     0.029898            0.000000   2.212214 r
  table_i/U4676/A (INVX1)                                       0.074735  0.000000   2.212214 r
  table_i/U4676/Y (INVX1)                                       0.056710  0.066946   2.279159 f
  table_i/n5014 (net)                           9     0.018683            0.000000   2.279159 f
  table_i/U4723/A (INVX1)                                       0.056710  0.000000   2.279159 f
  table_i/U4723/Y (INVX1)                                       0.591981  0.406417   2.685576 r
  table_i/n5312 (net)                          39     0.122635            0.000000   2.685576 r
  table_i/U3280/A (OAI21X1)                                     0.591981  0.000000   2.685576 r
  table_i/U3280/Y (OAI21X1)                                     0.115508  0.135486   2.821062 f
  table_i/n4014 (net)                           1     0.001290            0.000000   2.821062 f
  table_i/write_data_reg_249_/D (DFFPOSX1)                      0.115508  0.000000   2.821062 f
  data arrival time                                                                  2.821062

  clock core_clk (rise edge)                                              3.000000   3.000000
  clock network delay (ideal)                                             0.000000   3.000000
  clock uncertainty                                                       -0.100000  2.900000
  table_i/write_data_reg_249_/CLK (DFFPOSX1)                              0.000000   2.900000 r
  library setup time                                                      -0.078752  2.821248
  data required time                                                                 2.821248
  ----------------------------------------------------------------------------------------------
  data required time                                                                 2.821248
  data arrival time                                                                  -2.821062
  ----------------------------------------------------------------------------------------------
  slack (MET)                                                                        0.000186


1
