
****************************************
Report : area
Design : mc_top_Q_DEPTH16_SCHED_POLICY1_AGING_ENABLE1
Version: R-2020.09-SP4
Date   : Wed Sep 30 20:57:20 2026
****************************************

Information: Updating design information... (UID-85)
Warning: Design 'mc_top_Q_DEPTH16_SCHED_POLICY1_AGING_ENABLE1' contains 1 high-fanout nets. A fanout number of 1000 will be used for delay calculations involving these nets. (TIM-134)
Library(s) Used:

    gscl45nm (File: ${TECH_LIBRARY_DIR}/gscl45nm.db)

Number of ports:                         5489
Number of nets:                         26438
Number of cells:                        21341
Number of combinational cells:          19345
Number of sequential cells:              1974
Number of macros/black boxes:               0
Number of buf/inv:                       4478
Number of references:                      21

Combinational area:              49960.738264
Buf/Inv area:                     7136.175646
Noncombinational area:           15748.769051
Macro/Black Box area:                0.000000
Net Interconnect area:      undefined  (No wire load specified)

Total cell area:                 65709.507315
Total area:                 undefined
1
