 
****************************************
Report : area
Design : mc_top_Q_DEPTH8_SCHED_POLICY0_AGING_ENABLE0
Version: R-2020.09-SP4
Date   : Tue Sep 22 18:16:03 2026
****************************************

Library(s) Used:

    gscl45nm (File: ${TECH_LIBRARY_DIR}/gscl45nm.db)

Number of ports:                         2369
Number of nets:                         11232
Number of cells:                         9026
Number of combinational cells:           8044
Number of sequential cells:               969
Number of macros/black boxes:               0
Number of buf/inv:                       2069
Number of references:                      14

Combinational area:              20609.778349
Buf/Inv area:                     3269.613029
Noncombinational area:            7730.778728
Macro/Black Box area:                0.000000
Net Interconnect area:      undefined  (No wire load specified)

Total cell area:                 28340.557077
Total area:                 undefined

Hierarchical area distribution
------------------------------

                                  Global cell area            Local cell area
                                  -------------------  ----------------------------- 
Hierarchical cell                 Absolute    Percent  Combi-      Noncombi-  Black-
                                  Total       Total    national    national   boxes   Design
--------------------------------  ----------  -------  ----------  ---------  ------  --------------------------------------------------------------------------------------------
mc_top_Q_DEPTH8_SCHED_POLICY0_AGING_ENABLE0
                                  28340.5571    100.0   1432.7729     0.0000  0.0000  mc_top_Q_DEPTH8_SCHED_POLICY0_AGING_ENABLE0
banks_i                            1557.6067      5.5    847.5558   710.0509  0.0000  mc_bank_tracker_ROW_W8_SLOT_W3_T_RCD3_T_RP3_T_RAS6_T_CCD2_T_WR3
candidates_i                       6966.2890     24.6   6966.2890     0.0000  0.0000  mc_candidates_Q_DEPTH8_ROW_W8_COL_W6
response_i                         4806.5705     17.0   4774.6581    31.9124  0.0000  mc_response_Q_DEPTH8_ADDR_W16_DATA_W32_TAG_W8
strict_fcfs.scheduler_i             274.0712      1.0    274.0712     0.0000  0.0000  mc_scheduler_strict_fcfs_Q_DEPTH8
table_i                           13303.2468     46.9   6040.3602  6988.8154  0.0000  mc_transaction_table_Q_DEPTH8_ADDR_W16_DATA_W32_TAG_W8_READ_LATENCY3_AGE_LIMIT128
table_i/add_68                       34.2589      0.1     34.2589     0.0000  0.0000  mc_transaction_table_Q_DEPTH8_ADDR_W16_DATA_W32_TAG_W8_READ_LATENCY3_AGE_LIMIT128_DW01_inc_7
table_i/add_68_I2                    34.2589      0.1     34.2589     0.0000  0.0000  mc_transaction_table_Q_DEPTH8_ADDR_W16_DATA_W32_TAG_W8_READ_LATENCY3_AGE_LIMIT128_DW01_inc_6
table_i/add_68_I3                    34.2589      0.1     34.2589     0.0000  0.0000  mc_transaction_table_Q_DEPTH8_ADDR_W16_DATA_W32_TAG_W8_READ_LATENCY3_AGE_LIMIT128_DW01_inc_5
table_i/add_68_I4                    34.2589      0.1     34.2589     0.0000  0.0000  mc_transaction_table_Q_DEPTH8_ADDR_W16_DATA_W32_TAG_W8_READ_LATENCY3_AGE_LIMIT128_DW01_inc_4
table_i/add_68_I5                    34.2589      0.1     34.2589     0.0000  0.0000  mc_transaction_table_Q_DEPTH8_ADDR_W16_DATA_W32_TAG_W8_READ_LATENCY3_AGE_LIMIT128_DW01_inc_3
table_i/add_68_I6                    34.2589      0.1     34.2589     0.0000  0.0000  mc_transaction_table_Q_DEPTH8_ADDR_W16_DATA_W32_TAG_W8_READ_LATENCY3_AGE_LIMIT128_DW01_inc_2
table_i/add_68_I7                    34.2589      0.1     34.2589     0.0000  0.0000  mc_transaction_table_Q_DEPTH8_ADDR_W16_DATA_W32_TAG_W8_READ_LATENCY3_AGE_LIMIT128_DW01_inc_1
table_i/add_68_I8                    34.2589      0.1     34.2589     0.0000  0.0000  mc_transaction_table_Q_DEPTH8_ADDR_W16_DATA_W32_TAG_W8_READ_LATENCY3_AGE_LIMIT128_DW01_inc_0
--------------------------------  ----------  -------  ----------  ---------  ------  --------------------------------------------------------------------------------------------
Total                                                  20609.7783  7730.7787  0.0000

1
