 
****************************************
Report : timing
        -path full
        -delay min
        -input_pins
        -nets
        -max_paths 20
        -transition_time
        -capacitance
Design : mc_top_Q_DEPTH8_SCHED_POLICY0_AGING_ENABLE0
Version: R-2020.09-SP4
Date   : Tue Sep 22 18:16:03 2026
****************************************

Operating Conditions: typical   Library: gscl45nm
Wire Load Model Mode: top

  Startpoint: table_i/done_reg[4]
              (rising edge-triggered flip-flop clocked by core_clk)
  Endpoint: table_i/done_reg[4]
            (rising edge-triggered flip-flop clocked by core_clk)
  Path Group: core_clk
  Path Type: min

  Point                        Fanout       Cap     Trans      Incr       Path
  -------------------------------------------------------------------------------
  clock core_clk (rise edge)                               0.000000   0.000000
  clock network delay (ideal)                              0.000000   0.000000
  table_i/done_reg[4]/CLK (DFFPOSX1)             0.000000  0.000000   0.000000 r
  table_i/done_reg[4]/Q (DFFPOSX1)               0.016251  0.065885   0.065885 r
  table_i/done[4] (net)          2     0.004221            0.000000   0.065885 r
  table_i/U817/A (NAND2X1)                       0.016251  0.000000   0.065885 r
  table_i/U817/Y (NAND2X1)                       0.000000  0.013194   0.079079 f
  table_i/n470 (net)             1     0.001944            0.000000   0.079079 f
  table_i/U816/B (NAND2X1)                       0.000000  0.000000   0.079079 f
  table_i/U816/Y (NAND2X1)                       0.030644  0.007953   0.087032 r
  table_i/n1567 (net)            1     0.001816            0.000000   0.087032 r
  table_i/done_reg[4]/D (DFFPOSX1)               0.030644  0.000000   0.087032 r
  data arrival time                                                   0.087032

  clock core_clk (rise edge)                               0.000000   0.000000
  clock network delay (ideal)                              0.000000   0.000000
  clock uncertainty                                        0.100000   0.100000
  table_i/done_reg[4]/CLK (DFFPOSX1)                       0.000000   0.100000 r
  library hold time                                        -0.009871  0.090129
  data required time                                                  0.090129
  -------------------------------------------------------------------------------
  data required time                                                  0.090129
  data arrival time                                                   -0.087032
  -------------------------------------------------------------------------------
  slack (VIOLATED)                                                    -0.003097


  Startpoint: table_i/done_reg[3]
              (rising edge-triggered flip-flop clocked by core_clk)
  Endpoint: table_i/done_reg[3]
            (rising edge-triggered flip-flop clocked by core_clk)
  Path Group: core_clk
  Path Type: min

  Point                        Fanout       Cap     Trans      Incr       Path
  -------------------------------------------------------------------------------
  clock core_clk (rise edge)                               0.000000   0.000000
  clock network delay (ideal)                              0.000000   0.000000
  table_i/done_reg[3]/CLK (DFFPOSX1)             0.000000  0.000000   0.000000 r
  table_i/done_reg[3]/Q (DFFPOSX1)               0.016251  0.065885   0.065885 r
  table_i/done[3] (net)          2     0.004221            0.000000   0.065885 r
  table_i/U821/A (NAND2X1)                       0.016251  0.000000   0.065885 r
  table_i/U821/Y (NAND2X1)                       0.000000  0.013194   0.079079 f
  table_i/n472 (net)             1     0.001944            0.000000   0.079079 f
  table_i/U820/B (NAND2X1)                       0.000000  0.000000   0.079079 f
  table_i/U820/Y (NAND2X1)                       0.030644  0.007953   0.087032 r
  table_i/n1568 (net)            1     0.001816            0.000000   0.087032 r
  table_i/done_reg[3]/D (DFFPOSX1)               0.030644  0.000000   0.087032 r
  data arrival time                                                   0.087032

  clock core_clk (rise edge)                               0.000000   0.000000
  clock network delay (ideal)                              0.000000   0.000000
  clock uncertainty                                        0.100000   0.100000
  table_i/done_reg[3]/CLK (DFFPOSX1)                       0.000000   0.100000 r
  library hold time                                        -0.009871  0.090129
  data required time                                                  0.090129
  -------------------------------------------------------------------------------
  data required time                                                  0.090129
  data arrival time                                                   -0.087032
  -------------------------------------------------------------------------------
  slack (VIOLATED)                                                    -0.003097


  Startpoint: table_i/done_reg[6]
              (rising edge-triggered flip-flop clocked by core_clk)
  Endpoint: table_i/done_reg[6]
            (rising edge-triggered flip-flop clocked by core_clk)
  Path Group: core_clk
  Path Type: min

  Point                        Fanout       Cap     Trans      Incr       Path
  -------------------------------------------------------------------------------
  clock core_clk (rise edge)                               0.000000   0.000000
  clock network delay (ideal)                              0.000000   0.000000
  table_i/done_reg[6]/CLK (DFFPOSX1)             0.000000  0.000000   0.000000 r
  table_i/done_reg[6]/Q (DFFPOSX1)               0.016672  0.066161   0.066161 r
  table_i/done[6] (net)          2     0.004402            0.000000   0.066161 r
  table_i/U809/A (NAND2X1)                       0.016672  0.000000   0.066161 r
  table_i/U809/Y (NAND2X1)                       0.000000  0.013285   0.079445 f
  table_i/n466 (net)             1     0.001944            0.000000   0.079445 f
  table_i/U808/B (NAND2X1)                       0.000000  0.000000   0.079445 f
  table_i/U808/Y (NAND2X1)                       0.030644  0.007953   0.087398 r
  table_i/n1565 (net)            1     0.001816            0.000000   0.087398 r
  table_i/done_reg[6]/D (DFFPOSX1)               0.030644  0.000000   0.087398 r
  data arrival time                                                   0.087398

  clock core_clk (rise edge)                               0.000000   0.000000
  clock network delay (ideal)                              0.000000   0.000000
  clock uncertainty                                        0.100000   0.100000
  table_i/done_reg[6]/CLK (DFFPOSX1)                       0.000000   0.100000 r
  library hold time                                        -0.009871  0.090129
  data required time                                                  0.090129
  -------------------------------------------------------------------------------
  data required time                                                  0.090129
  data arrival time                                                   -0.087398
  -------------------------------------------------------------------------------
  slack (VIOLATED)                                                    -0.002731


  Startpoint: table_i/done_reg[5]
              (rising edge-triggered flip-flop clocked by core_clk)
  Endpoint: table_i/done_reg[5]
            (rising edge-triggered flip-flop clocked by core_clk)
  Path Group: core_clk
  Path Type: min

  Point                        Fanout       Cap     Trans      Incr       Path
  -------------------------------------------------------------------------------
  clock core_clk (rise edge)                               0.000000   0.000000
  clock network delay (ideal)                              0.000000   0.000000
  table_i/done_reg[5]/CLK (DFFPOSX1)             0.000000  0.000000   0.000000 r
  table_i/done_reg[5]/Q (DFFPOSX1)               0.016672  0.066161   0.066161 r
  table_i/done[5] (net)          2     0.004402            0.000000   0.066161 r
  table_i/U813/A (NAND2X1)                       0.016672  0.000000   0.066161 r
  table_i/U813/Y (NAND2X1)                       0.000000  0.013285   0.079445 f
  table_i/n468 (net)             1     0.001944            0.000000   0.079445 f
  table_i/U812/B (NAND2X1)                       0.000000  0.000000   0.079445 f
  table_i/U812/Y (NAND2X1)                       0.030644  0.007953   0.087398 r
  table_i/n1566 (net)            1     0.001816            0.000000   0.087398 r
  table_i/done_reg[5]/D (DFFPOSX1)               0.030644  0.000000   0.087398 r
  data arrival time                                                   0.087398

  clock core_clk (rise edge)                               0.000000   0.000000
  clock network delay (ideal)                              0.000000   0.000000
  clock uncertainty                                        0.100000   0.100000
  table_i/done_reg[5]/CLK (DFFPOSX1)                       0.000000   0.100000 r
  library hold time                                        -0.009871  0.090129
  data required time                                                  0.090129
  -------------------------------------------------------------------------------
  data required time                                                  0.090129
  data arrival time                                                   -0.087398
  -------------------------------------------------------------------------------
  slack (VIOLATED)                                                    -0.002731


  Startpoint: table_i/done_reg[7]
              (rising edge-triggered flip-flop clocked by core_clk)
  Endpoint: table_i/done_reg[7]
            (rising edge-triggered flip-flop clocked by core_clk)
  Path Group: core_clk
  Path Type: min

  Point                        Fanout       Cap     Trans      Incr       Path
  -------------------------------------------------------------------------------
  clock core_clk (rise edge)                               0.000000   0.000000
  clock network delay (ideal)                              0.000000   0.000000
  table_i/done_reg[7]/CLK (DFFPOSX1)             0.000000  0.000000   0.000000 r
  table_i/done_reg[7]/Q (DFFPOSX1)               0.016791  0.066239   0.066239 r
  table_i/done[7] (net)          2     0.004453            0.000000   0.066239 r
  table_i/U805/A (NAND2X1)                       0.016791  0.000000   0.066239 r
  table_i/U805/Y (NAND2X1)                       0.000000  0.013310   0.079549 f
  table_i/n463 (net)             1     0.001944            0.000000   0.079549 f
  table_i/U804/B (NAND2X1)                       0.000000  0.000000   0.079549 f
  table_i/U804/Y (NAND2X1)                       0.030630  0.007953   0.087502 r
  table_i/n1564 (net)            1     0.001816            0.000000   0.087502 r
  table_i/done_reg[7]/D (DFFPOSX1)               0.030630  0.000000   0.087502 r
  data arrival time                                                   0.087502

  clock core_clk (rise edge)                               0.000000   0.000000
  clock network delay (ideal)                              0.000000   0.000000
  clock uncertainty                                        0.100000   0.100000
  table_i/done_reg[7]/CLK (DFFPOSX1)                       0.000000   0.100000 r
  library hold time                                        -0.009877  0.090123
  data required time                                                  0.090123
  -------------------------------------------------------------------------------
  data required time                                                  0.090123
  data arrival time                                                   -0.087502
  -------------------------------------------------------------------------------
  slack (VIOLATED)                                                    -0.002620


  Startpoint: banks_i/ras_reg[1][2]
              (rising edge-triggered flip-flop clocked by core_clk)
  Endpoint: banks_i/ras_reg[1][2]
            (rising edge-triggered flip-flop clocked by core_clk)
  Path Group: core_clk
  Path Type: min

  Point                                       Fanout       Cap     Trans      Incr       Path
  ----------------------------------------------------------------------------------------------
  clock core_clk (rise edge)                                              0.000000   0.000000
  clock network delay (ideal)                                             0.000000   0.000000
  banks_i/ras_reg[1][2]/CLK (DFFPOSX1)                          0.000000  0.000000   0.000000 r
  banks_i/ras_reg[1][2]/Q (DFFPOSX1)                            0.018956  0.067661   0.067661 r
  banks_i/ras[1][2] (net)                       2     0.005385            0.000000   0.067661 r
  banks_i/U78/C (NAND3X1)                                       0.018956  0.000000   0.067661 r
  banks_i/U78/Y (NAND3X1)                                       0.005089  0.011767   0.079428 f
  banks_i/n59 (net)                             1     0.001944            0.000000   0.079428 f
  banks_i/U77/B (NAND2X1)                                       0.005089  0.000000   0.079428 f
  banks_i/U77/Y (NAND2X1)                                       0.029657  0.009604   0.089033 r
  banks_i/n203 (net)                            1     0.001816            0.000000   0.089033 r
  banks_i/ras_reg[1][2]/D (DFFPOSX1)                            0.029657  0.000000   0.089033 r
  data arrival time                                                                  0.089033

  clock core_clk (rise edge)                                              0.000000   0.000000
  clock network delay (ideal)                                             0.000000   0.000000
  clock uncertainty                                                       0.100000   0.100000
  banks_i/ras_reg[1][2]/CLK (DFFPOSX1)                                    0.000000   0.100000 r
  library hold time                                                       -0.010308  0.089692
  data required time                                                                 0.089692
  ----------------------------------------------------------------------------------------------
  data required time                                                                 0.089692
  data arrival time                                                                  -0.089033
  ----------------------------------------------------------------------------------------------
  slack (VIOLATED)                                                                   -0.000660


  Startpoint: banks_i/rcd_reg[1][1]
              (rising edge-triggered flip-flop clocked by core_clk)
  Endpoint: banks_i/rcd_reg[1][1]
            (rising edge-triggered flip-flop clocked by core_clk)
  Path Group: core_clk
  Path Type: min

  Point                                       Fanout       Cap     Trans      Incr       Path
  ----------------------------------------------------------------------------------------------
  clock core_clk (rise edge)                                              0.000000   0.000000
  clock network delay (ideal)                                             0.000000   0.000000
  banks_i/rcd_reg[1][1]/CLK (DFFPOSX1)                          0.000000  0.000000   0.000000 r
  banks_i/rcd_reg[1][1]/Q (DFFPOSX1)                            0.019192  0.067816   0.067816 r
  banks_i/rcd[1][1] (net)                       2     0.005486            0.000000   0.067816 r
  banks_i/U118/C (NAND3X1)                                      0.019192  0.000000   0.067816 r
  banks_i/U118/Y (NAND3X1)                                      0.005033  0.011822   0.079638 f
  banks_i/n105 (net)                            1     0.001944            0.000000   0.079638 f
  banks_i/U117/B (NAND2X1)                                      0.005033  0.000000   0.079638 f
  banks_i/U117/Y (NAND2X1)                                      0.029657  0.009586   0.089224 r
  banks_i/n221 (net)                            1     0.001816            0.000000   0.089224 r
  banks_i/rcd_reg[1][1]/D (DFFPOSX1)                            0.029657  0.000000   0.089224 r
  data arrival time                                                                  0.089224

  clock core_clk (rise edge)                                              0.000000   0.000000
  clock network delay (ideal)                                             0.000000   0.000000
  clock uncertainty                                                       0.100000   0.100000
  banks_i/rcd_reg[1][1]/CLK (DFFPOSX1)                                    0.000000   0.100000 r
  library hold time                                                       -0.010308  0.089692
  data required time                                                                 0.089692
  ----------------------------------------------------------------------------------------------
  data required time                                                                 0.089692
  data arrival time                                                                  -0.089224
  ----------------------------------------------------------------------------------------------
  slack (VIOLATED)                                                                   -0.000468


  Startpoint: rsp_ready (input port clocked by core_clk)
  Endpoint: response_i/held_slot_reg[1]
            (rising edge-triggered flip-flop clocked by core_clk)
  Path Group: core_clk
  Path Type: min

  Point                                       Fanout       Cap     Trans      Incr       Path
  ----------------------------------------------------------------------------------------------
  clock core_clk (rise edge)                                              0.000000   0.000000
  clock network delay (ideal)                                             0.000000   0.000000
  input external delay                                                    0.000000   0.000000 r
  rsp_ready (in)                                                0.100000  0.000000   0.000000 r
  rsp_ready (net)                               2     0.005085            0.000000   0.000000 r
  response_i/rsp_ready (mc_response_Q_DEPTH8_ADDR_W16_DATA_W32_TAG_W8)    0.000000   0.000000 r
  response_i/rsp_ready (net)                          0.005085            0.000000   0.000000 r
  response_i/U116/A (OAI21X1)                                   0.100000  0.000000   0.000000 r
  response_i/U116/Y (OAI21X1)                                   0.018744  0.054094   0.054094 f
  response_i/n421 (net)                         5     0.011200            0.000000   0.054094 f
  response_i/U629/A (INVX1)                                     0.018744  0.000000   0.054094 f
  response_i/U629/Y (INVX1)                                     0.000000  0.003309   0.057403 r
  response_i/n1369 (net)                        1     0.002010            0.000000   0.057403 r
  response_i/U104/C (OAI21X1)                                   0.000000  0.000000   0.057403 r
  response_i/U104/Y (OAI21X1)                                   0.000000  0.010318   0.067721 f
  response_i/n425 (net)                         1     0.001924            0.000000   0.067721 f
  response_i/U103/C (OAI21X1)                                   0.000000  0.000000   0.067721 f
  response_i/U103/Y (OAI21X1)                                   0.006942  0.013809   0.081529 r
  response_i/n613 (net)                         1     0.001816            0.000000   0.081529 r
  response_i/held_slot_reg[1]/D (DFFPOSX1)                      0.006942  0.000000   0.081529 r
  data arrival time                                                                  0.081529

  clock core_clk (rise edge)                                              0.000000   0.000000
  clock network delay (ideal)                                             0.000000   0.000000
  clock uncertainty                                                       0.100000   0.100000
  response_i/held_slot_reg[1]/CLK (DFFPOSX1)                              0.000000   0.100000 r
  library hold time                                                       -0.020364  0.079636
  data required time                                                                 0.079636
  ----------------------------------------------------------------------------------------------
  data required time                                                                 0.079636
  data arrival time                                                                  -0.081529
  ----------------------------------------------------------------------------------------------
  slack (MET)                                                                        0.001893


  Startpoint: rst (input port clocked by core_clk)
  Endpoint: cmd_valid (output port clocked by core_clk)
  Path Group: core_clk
  Path Type: min

  Point                        Fanout       Cap     Trans      Incr       Path
  -------------------------------------------------------------------------------
  clock core_clk (rise edge)                               0.000000   0.000000
  clock network delay (ideal)                              0.000000   0.000000
  input external delay                                     0.000000   0.000000 r
  rst (in)                                       0.100000  0.000000   0.000000 r
  rst (net)                      1     0.001551            0.000000   0.000000 r
  U336/A (INVX1)                                 0.100000  0.000000   0.000000 r
  U336/Y (INVX1)                                 0.008696  0.042329   0.042329 f
  n305 (net)                     2     0.003296            0.000000   0.042329 f
  U102/B (AND2X2)                                0.008696  0.000000   0.042329 f
  U102/Y (AND2X2)                                0.027490  0.059681   0.102010 f
  cmd_valid (net)                9     0.024002            0.000000   0.102010 f
  cmd_valid (out)                                0.027490  0.000000   0.102010 f
  data arrival time                                                   0.102010

  clock core_clk (rise edge)                               0.000000   0.000000
  clock network delay (ideal)                              0.000000   0.000000
  clock uncertainty                                        0.100000   0.100000
  output external delay                                    0.000000   0.100000
  data required time                                                  0.100000
  -------------------------------------------------------------------------------
  data required time                                                  0.100000
  data arrival time                                                   -0.102010
  -------------------------------------------------------------------------------
  slack (MET)                                                         0.002010


  Startpoint: table_i/return_valid_reg[0]
              (rising edge-triggered flip-flop clocked by core_clk)
  Endpoint: table_i/return_valid_reg[1]
            (rising edge-triggered flip-flop clocked by core_clk)
  Path Group: core_clk
  Path Type: min

  Point                                       Fanout       Cap     Trans      Incr       Path
  ----------------------------------------------------------------------------------------------
  clock core_clk (rise edge)                                              0.000000   0.000000
  clock network delay (ideal)                                             0.000000   0.000000
  table_i/return_valid_reg[0]/CLK (DFFPOSX1)                    0.000000  0.000000   0.000000 r
  table_i/return_valid_reg[0]/Q (DFFPOSX1)                      0.011766  0.062939   0.062939 r
  table_i/return_valid[0] (net)                 1     0.002291            0.000000   0.062939 r
  table_i/U2685/A (AND2X1)                                      0.011766  0.000000   0.062939 r
  table_i/U2685/Y (AND2X1)                                      0.013773  0.029222   0.092161 r
  table_i/N3031 (net)                           1     0.001816            0.000000   0.092161 r
  table_i/return_valid_reg[1]/D (DFFPOSX1)                      0.013773  0.000000   0.092161 r
  data arrival time                                                                  0.092161

  clock core_clk (rise edge)                                              0.000000   0.000000
  clock network delay (ideal)                                             0.000000   0.000000
  clock uncertainty                                                       0.100000   0.100000
  table_i/return_valid_reg[1]/CLK (DFFPOSX1)                              0.000000   0.100000 r
  library hold time                                                       -0.017340  0.082660
  data required time                                                                 0.082660
  ----------------------------------------------------------------------------------------------
  data required time                                                                 0.082660
  data arrival time                                                                  -0.092161
  ----------------------------------------------------------------------------------------------
  slack (MET)                                                                        0.009501


  Startpoint: table_i/return_valid_reg[1]
              (rising edge-triggered flip-flop clocked by core_clk)
  Endpoint: table_i/return_valid_reg[2]
            (rising edge-triggered flip-flop clocked by core_clk)
  Path Group: core_clk
  Path Type: min

  Point                                       Fanout       Cap     Trans      Incr       Path
  ----------------------------------------------------------------------------------------------
  clock core_clk (rise edge)                                              0.000000   0.000000
  clock network delay (ideal)                                             0.000000   0.000000
  table_i/return_valid_reg[1]/CLK (DFFPOSX1)                    0.000000  0.000000   0.000000 r
  table_i/return_valid_reg[1]/Q (DFFPOSX1)                      0.011766  0.062939   0.062939 r
  table_i/return_valid[1] (net)                 1     0.002291            0.000000   0.062939 r
  table_i/U2684/A (AND2X1)                                      0.011766  0.000000   0.062939 r
  table_i/U2684/Y (AND2X1)                                      0.013773  0.029222   0.092161 r
  table_i/N3032 (net)                           1     0.001816            0.000000   0.092161 r
  table_i/return_valid_reg[2]/D (DFFPOSX1)                      0.013773  0.000000   0.092161 r
  data arrival time                                                                  0.092161

  clock core_clk (rise edge)                                              0.000000   0.000000
  clock network delay (ideal)                                             0.000000   0.000000
  clock uncertainty                                                       0.100000   0.100000
  table_i/return_valid_reg[2]/CLK (DFFPOSX1)                              0.000000   0.100000 r
  library hold time                                                       -0.017340  0.082660
  data required time                                                                 0.082660
  ----------------------------------------------------------------------------------------------
  data required time                                                                 0.082660
  data arrival time                                                                  -0.092161
  ----------------------------------------------------------------------------------------------
  slack (MET)                                                                        0.009501


  Startpoint: table_i/return_slot_reg[0][2]
              (rising edge-triggered flip-flop clocked by core_clk)
  Endpoint: table_i/return_slot_reg[1][2]
            (rising edge-triggered flip-flop clocked by core_clk)
  Path Group: core_clk
  Path Type: min

  Point                                       Fanout       Cap     Trans      Incr       Path
  ----------------------------------------------------------------------------------------------
  clock core_clk (rise edge)                                              0.000000   0.000000
  clock network delay (ideal)                                             0.000000   0.000000
  table_i/return_slot_reg[0][2]/CLK (DFFPOSX1)                  0.000000  0.000000   0.000000 r
  table_i/return_slot_reg[0][2]/Q (DFFPOSX1)                    0.011766  0.062939   0.062939 r
  table_i/return_slot[0][2] (net)               1     0.002291            0.000000   0.062939 r
  table_i/U2683/A (AND2X1)                                      0.011766  0.000000   0.062939 r
  table_i/U2683/Y (AND2X1)                                      0.013773  0.029222   0.092161 r
  table_i/N3038 (net)                           1     0.001816            0.000000   0.092161 r
  table_i/return_slot_reg[1][2]/D (DFFPOSX1)                    0.013773  0.000000   0.092161 r
  data arrival time                                                                  0.092161

  clock core_clk (rise edge)                                              0.000000   0.000000
  clock network delay (ideal)                                             0.000000   0.000000
  clock uncertainty                                                       0.100000   0.100000
  table_i/return_slot_reg[1][2]/CLK (DFFPOSX1)                            0.000000   0.100000 r
  library hold time                                                       -0.017340  0.082660
  data required time                                                                 0.082660
  ----------------------------------------------------------------------------------------------
  data required time                                                                 0.082660
  data arrival time                                                                  -0.092161
  ----------------------------------------------------------------------------------------------
  slack (MET)                                                                        0.009501


  Startpoint: table_i/return_slot_reg[0][1]
              (rising edge-triggered flip-flop clocked by core_clk)
  Endpoint: table_i/return_slot_reg[1][1]
            (rising edge-triggered flip-flop clocked by core_clk)
  Path Group: core_clk
  Path Type: min

  Point                                       Fanout       Cap     Trans      Incr       Path
  ----------------------------------------------------------------------------------------------
  clock core_clk (rise edge)                                              0.000000   0.000000
  clock network delay (ideal)                                             0.000000   0.000000
  table_i/return_slot_reg[0][1]/CLK (DFFPOSX1)                  0.000000  0.000000   0.000000 r
  table_i/return_slot_reg[0][1]/Q (DFFPOSX1)                    0.011766  0.062939   0.062939 r
  table_i/return_slot[0][1] (net)               1     0.002291            0.000000   0.062939 r
  table_i/U2682/A (AND2X1)                                      0.011766  0.000000   0.062939 r
  table_i/U2682/Y (AND2X1)                                      0.013773  0.029222   0.092161 r
  table_i/N3037 (net)                           1     0.001816            0.000000   0.092161 r
  table_i/return_slot_reg[1][1]/D (DFFPOSX1)                    0.013773  0.000000   0.092161 r
  data arrival time                                                                  0.092161

  clock core_clk (rise edge)                                              0.000000   0.000000
  clock network delay (ideal)                                             0.000000   0.000000
  clock uncertainty                                                       0.100000   0.100000
  table_i/return_slot_reg[1][1]/CLK (DFFPOSX1)                            0.000000   0.100000 r
  library hold time                                                       -0.017340  0.082660
  data required time                                                                 0.082660
  ----------------------------------------------------------------------------------------------
  data required time                                                                 0.082660
  data arrival time                                                                  -0.092161
  ----------------------------------------------------------------------------------------------
  slack (MET)                                                                        0.009501


  Startpoint: table_i/return_slot_reg[0][0]
              (rising edge-triggered flip-flop clocked by core_clk)
  Endpoint: table_i/return_slot_reg[1][0]
            (rising edge-triggered flip-flop clocked by core_clk)
  Path Group: core_clk
  Path Type: min

  Point                                       Fanout       Cap     Trans      Incr       Path
  ----------------------------------------------------------------------------------------------
  clock core_clk (rise edge)                                              0.000000   0.000000
  clock network delay (ideal)                                             0.000000   0.000000
  table_i/return_slot_reg[0][0]/CLK (DFFPOSX1)                  0.000000  0.000000   0.000000 r
  table_i/return_slot_reg[0][0]/Q (DFFPOSX1)                    0.011766  0.062939   0.062939 r
  table_i/return_slot[0][0] (net)               1     0.002291            0.000000   0.062939 r
  table_i/U2681/A (AND2X1)                                      0.011766  0.000000   0.062939 r
  table_i/U2681/Y (AND2X1)                                      0.013773  0.029222   0.092161 r
  table_i/N3036 (net)                           1     0.001816            0.000000   0.092161 r
  table_i/return_slot_reg[1][0]/D (DFFPOSX1)                    0.013773  0.000000   0.092161 r
  data arrival time                                                                  0.092161

  clock core_clk (rise edge)                                              0.000000   0.000000
  clock network delay (ideal)                                             0.000000   0.000000
  clock uncertainty                                                       0.100000   0.100000
  table_i/return_slot_reg[1][0]/CLK (DFFPOSX1)                            0.000000   0.100000 r
  library hold time                                                       -0.017340  0.082660
  data required time                                                                 0.082660
  ----------------------------------------------------------------------------------------------
  data required time                                                                 0.082660
  data arrival time                                                                  -0.092161
  ----------------------------------------------------------------------------------------------
  slack (MET)                                                                        0.009501


  Startpoint: table_i/return_slot_reg[1][2]
              (rising edge-triggered flip-flop clocked by core_clk)
  Endpoint: table_i/return_slot_reg[2][2]
            (rising edge-triggered flip-flop clocked by core_clk)
  Path Group: core_clk
  Path Type: min

  Point                                       Fanout       Cap     Trans      Incr       Path
  ----------------------------------------------------------------------------------------------
  clock core_clk (rise edge)                                              0.000000   0.000000
  clock network delay (ideal)                                             0.000000   0.000000
  table_i/return_slot_reg[1][2]/CLK (DFFPOSX1)                  0.000000  0.000000   0.000000 r
  table_i/return_slot_reg[1][2]/Q (DFFPOSX1)                    0.011766  0.062939   0.062939 r
  table_i/return_slot[1][2] (net)               1     0.002291            0.000000   0.062939 r
  table_i/U2680/A (AND2X1)                                      0.011766  0.000000   0.062939 r
  table_i/U2680/Y (AND2X1)                                      0.013773  0.029222   0.092161 r
  table_i/N3035 (net)                           1     0.001816            0.000000   0.092161 r
  table_i/return_slot_reg[2][2]/D (DFFPOSX1)                    0.013773  0.000000   0.092161 r
  data arrival time                                                                  0.092161

  clock core_clk (rise edge)                                              0.000000   0.000000
  clock network delay (ideal)                                             0.000000   0.000000
  clock uncertainty                                                       0.100000   0.100000
  table_i/return_slot_reg[2][2]/CLK (DFFPOSX1)                            0.000000   0.100000 r
  library hold time                                                       -0.017340  0.082660
  data required time                                                                 0.082660
  ----------------------------------------------------------------------------------------------
  data required time                                                                 0.082660
  data arrival time                                                                  -0.092161
  ----------------------------------------------------------------------------------------------
  slack (MET)                                                                        0.009501


  Startpoint: table_i/return_slot_reg[1][1]
              (rising edge-triggered flip-flop clocked by core_clk)
  Endpoint: table_i/return_slot_reg[2][1]
            (rising edge-triggered flip-flop clocked by core_clk)
  Path Group: core_clk
  Path Type: min

  Point                                       Fanout       Cap     Trans      Incr       Path
  ----------------------------------------------------------------------------------------------
  clock core_clk (rise edge)                                              0.000000   0.000000
  clock network delay (ideal)                                             0.000000   0.000000
  table_i/return_slot_reg[1][1]/CLK (DFFPOSX1)                  0.000000  0.000000   0.000000 r
  table_i/return_slot_reg[1][1]/Q (DFFPOSX1)                    0.011766  0.062939   0.062939 r
  table_i/return_slot[1][1] (net)               1     0.002291            0.000000   0.062939 r
  table_i/U2679/A (AND2X1)                                      0.011766  0.000000   0.062939 r
  table_i/U2679/Y (AND2X1)                                      0.013773  0.029222   0.092161 r
  table_i/N3034 (net)                           1     0.001816            0.000000   0.092161 r
  table_i/return_slot_reg[2][1]/D (DFFPOSX1)                    0.013773  0.000000   0.092161 r
  data arrival time                                                                  0.092161

  clock core_clk (rise edge)                                              0.000000   0.000000
  clock network delay (ideal)                                             0.000000   0.000000
  clock uncertainty                                                       0.100000   0.100000
  table_i/return_slot_reg[2][1]/CLK (DFFPOSX1)                            0.000000   0.100000 r
  library hold time                                                       -0.017340  0.082660
  data required time                                                                 0.082660
  ----------------------------------------------------------------------------------------------
  data required time                                                                 0.082660
  data arrival time                                                                  -0.092161
  ----------------------------------------------------------------------------------------------
  slack (MET)                                                                        0.009501


  Startpoint: table_i/return_slot_reg[1][0]
              (rising edge-triggered flip-flop clocked by core_clk)
  Endpoint: table_i/return_slot_reg[2][0]
            (rising edge-triggered flip-flop clocked by core_clk)
  Path Group: core_clk
  Path Type: min

  Point                                       Fanout       Cap     Trans      Incr       Path
  ----------------------------------------------------------------------------------------------
  clock core_clk (rise edge)                                              0.000000   0.000000
  clock network delay (ideal)                                             0.000000   0.000000
  table_i/return_slot_reg[1][0]/CLK (DFFPOSX1)                  0.000000  0.000000   0.000000 r
  table_i/return_slot_reg[1][0]/Q (DFFPOSX1)                    0.011766  0.062939   0.062939 r
  table_i/return_slot[1][0] (net)               1     0.002291            0.000000   0.062939 r
  table_i/U2678/A (AND2X1)                                      0.011766  0.000000   0.062939 r
  table_i/U2678/Y (AND2X1)                                      0.013773  0.029222   0.092161 r
  table_i/N3033 (net)                           1     0.001816            0.000000   0.092161 r
  table_i/return_slot_reg[2][0]/D (DFFPOSX1)                    0.013773  0.000000   0.092161 r
  data arrival time                                                                  0.092161

  clock core_clk (rise edge)                                              0.000000   0.000000
  clock network delay (ideal)                                             0.000000   0.000000
  clock uncertainty                                                       0.100000   0.100000
  table_i/return_slot_reg[2][0]/CLK (DFFPOSX1)                            0.000000   0.100000 r
  library hold time                                                       -0.017340  0.082660
  data required time                                                                 0.082660
  ----------------------------------------------------------------------------------------------
  data required time                                                                 0.082660
  data arrival time                                                                  -0.092161
  ----------------------------------------------------------------------------------------------
  slack (MET)                                                                        0.009501


  Startpoint: table_i/ages_reg[59]
              (rising edge-triggered flip-flop clocked by core_clk)
  Endpoint: table_i/ages_reg[59]
            (rising edge-triggered flip-flop clocked by core_clk)
  Path Group: core_clk
  Path Type: min

  Point                        Fanout       Cap     Trans      Incr       Path
  -------------------------------------------------------------------------------
  clock core_clk (rise edge)                               0.000000   0.000000
  clock network delay (ideal)                              0.000000   0.000000
  table_i/ages_reg[59]/CLK (DFFPOSX1)            0.000000  0.000000   0.000000 r
  table_i/ages_reg[59]/Q (DFFPOSX1)              0.023783  0.070831   0.070831 r
  table_i/ages[59] (net)         2     0.007461            0.000000   0.070831 r
  table_i/U840/C (AOI22X1)                       0.023783  0.000000   0.070831 r
  table_i/U840/Y (AOI22X1)                       0.004462  0.018928   0.089759 f
  table_i/n485 (net)             1     0.001476            0.000000   0.089759 f
  table_i/U2586/A (INVX1)                        0.004462  0.000000   0.089759 f
  table_i/U2586/Y (INVX1)                        0.000000  -0.002392  0.087367 r
  table_i/n2604 (net)            1     0.001816            0.000000   0.087367 r
  table_i/ages_reg[59]/D (DFFPOSX1)              0.000000  0.000000   0.087367 r
  data arrival time                                                   0.087367

  clock core_clk (rise edge)                               0.000000   0.000000
  clock network delay (ideal)                              0.000000   0.000000
  clock uncertainty                                        0.100000   0.100000
  table_i/ages_reg[59]/CLK (DFFPOSX1)                      0.000000   0.100000 r
  library hold time                                        -0.023438  0.076563
  data required time                                                  0.076563
  -------------------------------------------------------------------------------
  data required time                                                  0.076563
  data arrival time                                                   -0.087367
  -------------------------------------------------------------------------------
  slack (MET)                                                         0.010805


  Startpoint: table_i/ages_reg[58]
              (rising edge-triggered flip-flop clocked by core_clk)
  Endpoint: table_i/ages_reg[58]
            (rising edge-triggered flip-flop clocked by core_clk)
  Path Group: core_clk
  Path Type: min

  Point                        Fanout       Cap     Trans      Incr       Path
  -------------------------------------------------------------------------------
  clock core_clk (rise edge)                               0.000000   0.000000
  clock network delay (ideal)                              0.000000   0.000000
  table_i/ages_reg[58]/CLK (DFFPOSX1)            0.000000  0.000000   0.000000 r
  table_i/ages_reg[58]/Q (DFFPOSX1)              0.023783  0.070831   0.070831 r
  table_i/ages[58] (net)         2     0.007461            0.000000   0.070831 r
  table_i/U841/C (AOI22X1)                       0.023783  0.000000   0.070831 r
  table_i/U841/Y (AOI22X1)                       0.004462  0.018928   0.089759 f
  table_i/n486 (net)             1     0.001476            0.000000   0.089759 f
  table_i/U2585/A (INVX1)                        0.004462  0.000000   0.089759 f
  table_i/U2585/Y (INVX1)                        0.000000  -0.002392  0.087367 r
  table_i/n2603 (net)            1     0.001816            0.000000   0.087367 r
  table_i/ages_reg[58]/D (DFFPOSX1)              0.000000  0.000000   0.087367 r
  data arrival time                                                   0.087367

  clock core_clk (rise edge)                               0.000000   0.000000
  clock network delay (ideal)                              0.000000   0.000000
  clock uncertainty                                        0.100000   0.100000
  table_i/ages_reg[58]/CLK (DFFPOSX1)                      0.000000   0.100000 r
  library hold time                                        -0.023438  0.076563
  data required time                                                  0.076563
  -------------------------------------------------------------------------------
  data required time                                                  0.076563
  data arrival time                                                   -0.087367
  -------------------------------------------------------------------------------
  slack (MET)                                                         0.010805


  Startpoint: table_i/ages_reg[57]
              (rising edge-triggered flip-flop clocked by core_clk)
  Endpoint: table_i/ages_reg[57]
            (rising edge-triggered flip-flop clocked by core_clk)
  Path Group: core_clk
  Path Type: min

  Point                        Fanout       Cap     Trans      Incr       Path
  -------------------------------------------------------------------------------
  clock core_clk (rise edge)                               0.000000   0.000000
  clock network delay (ideal)                              0.000000   0.000000
  table_i/ages_reg[57]/CLK (DFFPOSX1)            0.000000  0.000000   0.000000 r
  table_i/ages_reg[57]/Q (DFFPOSX1)              0.023783  0.070831   0.070831 r
  table_i/ages[57] (net)         2     0.007461            0.000000   0.070831 r
  table_i/U842/C (AOI22X1)                       0.023783  0.000000   0.070831 r
  table_i/U842/Y (AOI22X1)                       0.004462  0.018928   0.089759 f
  table_i/n487 (net)             1     0.001476            0.000000   0.089759 f
  table_i/U2592/A (INVX1)                        0.004462  0.000000   0.089759 f
  table_i/U2592/Y (INVX1)                        0.000000  -0.002392  0.087367 r
  table_i/n2602 (net)            1     0.001816            0.000000   0.087367 r
  table_i/ages_reg[57]/D (DFFPOSX1)              0.000000  0.000000   0.087367 r
  data arrival time                                                   0.087367

  clock core_clk (rise edge)                               0.000000   0.000000
  clock network delay (ideal)                              0.000000   0.000000
  clock uncertainty                                        0.100000   0.100000
  table_i/ages_reg[57]/CLK (DFFPOSX1)                      0.000000   0.100000 r
  library hold time                                        -0.023438  0.076563
  data required time                                                  0.076563
  -------------------------------------------------------------------------------
  data required time                                                  0.076563
  data arrival time                                                   -0.087367
  -------------------------------------------------------------------------------
  slack (MET)                                                         0.010805


1
