 
****************************************
Report : timing
        -path full
        -delay max
        -input_pins
        -nets
        -max_paths 10
        -transition_time
        -capacitance
Design : mc_top_Q_DEPTH8_SCHED_POLICY0_AGING_ENABLE0
Version: R-2020.09-SP4
Date   : Tue Sep 22 18:16:03 2026
****************************************

Operating Conditions: typical   Library: gscl45nm
Wire Load Model Mode: top

  Startpoint: rst (input port clocked by core_clk)
  Endpoint: table_i/addresses_reg[78]
            (rising edge-triggered flip-flop clocked by core_clk)
  Path Group: core_clk
  Path Type: max

  Point                                       Fanout       Cap     Trans      Incr       Path
  ----------------------------------------------------------------------------------------------
  clock core_clk (rise edge)                                              0.000000   0.000000
  clock network delay (ideal)                                             0.000000   0.000000
  input external delay                                                    1.000000   1.000000 r
  rst (in)                                                      0.100000  0.000000   1.000000 r
  rst (net)                                     1     0.001551            0.000000   1.000000 r
  U336/A (INVX1)                                                0.100000  0.000000   1.000000 r
  U336/Y (INVX1)                                                0.008696  0.042328   1.042328 f
  n305 (net)                                    2     0.003296            0.000000   1.042328 f
  U334/A (INVX1)                                                0.008696  0.000000   1.042328 f
  U334/Y (INVX1)                                                0.120141  0.091763   1.134092 r
  n304 (net)                                   12     0.030383            0.000000   1.134092 r
  table_i/rst (mc_transaction_table_Q_DEPTH8_ADDR_W16_DATA_W32_TAG_W8_READ_LATENCY3_AGE_LIMIT128)
                                                                          0.000000   1.134092 r
  table_i/rst (net)                                   0.030383            0.000000   1.134092 r
  table_i/U2495/A (INVX1)                                       0.120141  0.000000   1.134092 r
  table_i/U2495/Y (INVX1)                                       0.001794  0.044066   1.178158 f
  table_i/n2572 (net)                           1     0.001476            0.000000   1.178158 f
  table_i/U2460/A (INVX1)                                       0.001794  0.000000   1.178158 f
  table_i/U2460/Y (INVX1)                                       0.000000  0.008579   1.186737 r
  table_i/n2571 (net)                           3     0.005488            0.000000   1.186737 r
  table_i/U2448/A (INVX1)                                       0.000000  0.000000   1.186737 r
  table_i/U2448/Y (INVX1)                                       0.065819  0.049751   1.236488 f
  table_i/n2577 (net)                          11     0.020087            0.000000   1.236488 f
  table_i/U101/B (AND2X2)                                       0.065819  0.000000   1.236488 f
  table_i/U101/Y (AND2X2)                                       0.025625  0.062785   1.299274 f
  table_i/req_ready (net)                       2     0.011827            0.000000   1.299274 f
  table_i/U2560/B (AND2X1)                                      0.025625  0.000000   1.299274 f
  table_i/U2560/Y (AND2X1)                                      0.112261  0.115513   1.414787 f
  table_i/n597 (net)                           18     0.036589            0.000000   1.414787 f
  table_i/U2349/B (AND2X1)                                      0.112261  0.000000   1.414787 f
  table_i/U2349/Y (AND2X1)                                      0.009224  0.054605   1.469392 f
  table_i/n678 (net)                            1     0.001476            0.000000   1.469392 f
  table_i/U2350/A (INVX1)                                       0.009224  0.000000   1.469392 f
  table_i/U2350/Y (INVX1)                                       0.115979  0.089274   1.558666 r
  table_i/n2439 (net)                          12     0.029559            0.000000   1.558666 r
  table_i/U699/B (AND2X1)                                       0.115979  0.000000   1.558666 r
  table_i/U699/Y (AND2X1)                                       0.657767  0.449164   2.007831 r
  table_i/n520 (net)                           56     0.135599            0.000000   2.007831 r
  table_i/U701/A (INVX1)                                        0.657767  0.000000   2.007831 r
  table_i/U701/Y (INVX1)                                        0.186569  0.178725   2.186555 f
  table_i/n2168 (net)                           3     0.006102            0.000000   2.186555 f
  table_i/U2473/A (INVX1)                                       0.186569  0.000000   2.186555 f
  table_i/U2473/Y (INVX1)                                       0.092327  0.121463   2.308018 r
  table_i/n2636 (net)                           8     0.020347            0.000000   2.308018 r
  table_i/U2472/A (INVX1)                                       0.092327  0.000000   2.308018 r
  table_i/U2472/Y (INVX1)                                       0.003753  0.036536   2.344555 f
  table_i/n2548 (net)                           1     0.001476            0.000000   2.344555 f
  table_i/U2471/A (INVX1)                                       0.003753  0.000000   2.344555 f
  table_i/U2471/Y (INVX1)                                       0.000000  0.007596   2.352151 r
  table_i/n2547 (net)                           3     0.004971            0.000000   2.352151 r
  table_i/U2454/A (INVX1)                                       0.000000  0.000000   2.352151 r
  table_i/U2454/Y (INVX1)                                       0.010256  0.011542   2.363693 f
  table_i/n2546 (net)                           1     0.001476            0.000000   2.363693 f
  table_i/U2433/A (INVX1)                                       0.010256  0.000000   2.363693 f
  table_i/U2433/Y (INVX1)                                       0.320431  0.218925   2.582619 r
  table_i/n2543 (net)                          27     0.069430            0.000000   2.582619 r
  table_i/U1895/A (OAI21X1)                                     0.320431  0.000000   2.582619 r
  table_i/U1895/Y (OAI21X1)                                     0.040467  0.090852   2.673470 f
  table_i/n2042 (net)                           1     0.001290            0.000000   2.673470 f
  table_i/addresses_reg[78]/D (DFFPOSX1)                        0.040467  0.000000   2.673470 f
  data arrival time                                                                  2.673470

  clock core_clk (rise edge)                                              5.000000   5.000000
  clock network delay (ideal)                                             0.000000   5.000000
  clock uncertainty                                                       -0.100000  4.900000
  table_i/addresses_reg[78]/CLK (DFFPOSX1)                                0.000000   4.900000 r
  library setup time                                                      -0.063118  4.836882
  data required time                                                                 4.836882
  ----------------------------------------------------------------------------------------------
  data required time                                                                 4.836882
  data arrival time                                                                  -2.673470
  ----------------------------------------------------------------------------------------------
  slack (MET)                                                                        2.163412


  Startpoint: rst (input port clocked by core_clk)
  Endpoint: table_i/addresses_reg[76]
            (rising edge-triggered flip-flop clocked by core_clk)
  Path Group: core_clk
  Path Type: max

  Point                                       Fanout       Cap     Trans      Incr       Path
  ----------------------------------------------------------------------------------------------
  clock core_clk (rise edge)                                              0.000000   0.000000
  clock network delay (ideal)                                             0.000000   0.000000
  input external delay                                                    1.000000   1.000000 r
  rst (in)                                                      0.100000  0.000000   1.000000 r
  rst (net)                                     1     0.001551            0.000000   1.000000 r
  U336/A (INVX1)                                                0.100000  0.000000   1.000000 r
  U336/Y (INVX1)                                                0.008696  0.042328   1.042328 f
  n305 (net)                                    2     0.003296            0.000000   1.042328 f
  U334/A (INVX1)                                                0.008696  0.000000   1.042328 f
  U334/Y (INVX1)                                                0.120141  0.091763   1.134092 r
  n304 (net)                                   12     0.030383            0.000000   1.134092 r
  table_i/rst (mc_transaction_table_Q_DEPTH8_ADDR_W16_DATA_W32_TAG_W8_READ_LATENCY3_AGE_LIMIT128)
                                                                          0.000000   1.134092 r
  table_i/rst (net)                                   0.030383            0.000000   1.134092 r
  table_i/U2495/A (INVX1)                                       0.120141  0.000000   1.134092 r
  table_i/U2495/Y (INVX1)                                       0.001794  0.044066   1.178158 f
  table_i/n2572 (net)                           1     0.001476            0.000000   1.178158 f
  table_i/U2460/A (INVX1)                                       0.001794  0.000000   1.178158 f
  table_i/U2460/Y (INVX1)                                       0.000000  0.008579   1.186737 r
  table_i/n2571 (net)                           3     0.005488            0.000000   1.186737 r
  table_i/U2448/A (INVX1)                                       0.000000  0.000000   1.186737 r
  table_i/U2448/Y (INVX1)                                       0.065819  0.049751   1.236488 f
  table_i/n2577 (net)                          11     0.020087            0.000000   1.236488 f
  table_i/U101/B (AND2X2)                                       0.065819  0.000000   1.236488 f
  table_i/U101/Y (AND2X2)                                       0.025625  0.062785   1.299274 f
  table_i/req_ready (net)                       2     0.011827            0.000000   1.299274 f
  table_i/U2560/B (AND2X1)                                      0.025625  0.000000   1.299274 f
  table_i/U2560/Y (AND2X1)                                      0.112261  0.115513   1.414787 f
  table_i/n597 (net)                           18     0.036589            0.000000   1.414787 f
  table_i/U2349/B (AND2X1)                                      0.112261  0.000000   1.414787 f
  table_i/U2349/Y (AND2X1)                                      0.009224  0.054605   1.469392 f
  table_i/n678 (net)                            1     0.001476            0.000000   1.469392 f
  table_i/U2350/A (INVX1)                                       0.009224  0.000000   1.469392 f
  table_i/U2350/Y (INVX1)                                       0.115979  0.089274   1.558666 r
  table_i/n2439 (net)                          12     0.029559            0.000000   1.558666 r
  table_i/U699/B (AND2X1)                                       0.115979  0.000000   1.558666 r
  table_i/U699/Y (AND2X1)                                       0.657767  0.449164   2.007831 r
  table_i/n520 (net)                           56     0.135599            0.000000   2.007831 r
  table_i/U701/A (INVX1)                                        0.657767  0.000000   2.007831 r
  table_i/U701/Y (INVX1)                                        0.186569  0.178725   2.186555 f
  table_i/n2168 (net)                           3     0.006102            0.000000   2.186555 f
  table_i/U2473/A (INVX1)                                       0.186569  0.000000   2.186555 f
  table_i/U2473/Y (INVX1)                                       0.092327  0.121463   2.308018 r
  table_i/n2636 (net)                           8     0.020347            0.000000   2.308018 r
  table_i/U2472/A (INVX1)                                       0.092327  0.000000   2.308018 r
  table_i/U2472/Y (INVX1)                                       0.003753  0.036536   2.344555 f
  table_i/n2548 (net)                           1     0.001476            0.000000   2.344555 f
  table_i/U2471/A (INVX1)                                       0.003753  0.000000   2.344555 f
  table_i/U2471/Y (INVX1)                                       0.000000  0.007596   2.352151 r
  table_i/n2547 (net)                           3     0.004971            0.000000   2.352151 r
  table_i/U2454/A (INVX1)                                       0.000000  0.000000   2.352151 r
  table_i/U2454/Y (INVX1)                                       0.010256  0.011542   2.363693 f
  table_i/n2546 (net)                           1     0.001476            0.000000   2.363693 f
  table_i/U2433/A (INVX1)                                       0.010256  0.000000   2.363693 f
  table_i/U2433/Y (INVX1)                                       0.320431  0.218925   2.582619 r
  table_i/n2543 (net)                          27     0.069430            0.000000   2.582619 r
  table_i/U1891/A (OAI21X1)                                     0.320431  0.000000   2.582619 r
  table_i/U1891/Y (OAI21X1)                                     0.040467  0.090852   2.673470 f
  table_i/n2040 (net)                           1     0.001290            0.000000   2.673470 f
  table_i/addresses_reg[76]/D (DFFPOSX1)                        0.040467  0.000000   2.673470 f
  data arrival time                                                                  2.673470

  clock core_clk (rise edge)                                              5.000000   5.000000
  clock network delay (ideal)                                             0.000000   5.000000
  clock uncertainty                                                       -0.100000  4.900000
  table_i/addresses_reg[76]/CLK (DFFPOSX1)                                0.000000   4.900000 r
  library setup time                                                      -0.063118  4.836882
  data required time                                                                 4.836882
  ----------------------------------------------------------------------------------------------
  data required time                                                                 4.836882
  data arrival time                                                                  -2.673470
  ----------------------------------------------------------------------------------------------
  slack (MET)                                                                        2.163412


  Startpoint: rst (input port clocked by core_clk)
  Endpoint: table_i/addresses_reg[75]
            (rising edge-triggered flip-flop clocked by core_clk)
  Path Group: core_clk
  Path Type: max

  Point                                       Fanout       Cap     Trans      Incr       Path
  ----------------------------------------------------------------------------------------------
  clock core_clk (rise edge)                                              0.000000   0.000000
  clock network delay (ideal)                                             0.000000   0.000000
  input external delay                                                    1.000000   1.000000 r
  rst (in)                                                      0.100000  0.000000   1.000000 r
  rst (net)                                     1     0.001551            0.000000   1.000000 r
  U336/A (INVX1)                                                0.100000  0.000000   1.000000 r
  U336/Y (INVX1)                                                0.008696  0.042328   1.042328 f
  n305 (net)                                    2     0.003296            0.000000   1.042328 f
  U334/A (INVX1)                                                0.008696  0.000000   1.042328 f
  U334/Y (INVX1)                                                0.120141  0.091763   1.134092 r
  n304 (net)                                   12     0.030383            0.000000   1.134092 r
  table_i/rst (mc_transaction_table_Q_DEPTH8_ADDR_W16_DATA_W32_TAG_W8_READ_LATENCY3_AGE_LIMIT128)
                                                                          0.000000   1.134092 r
  table_i/rst (net)                                   0.030383            0.000000   1.134092 r
  table_i/U2495/A (INVX1)                                       0.120141  0.000000   1.134092 r
  table_i/U2495/Y (INVX1)                                       0.001794  0.044066   1.178158 f
  table_i/n2572 (net)                           1     0.001476            0.000000   1.178158 f
  table_i/U2460/A (INVX1)                                       0.001794  0.000000   1.178158 f
  table_i/U2460/Y (INVX1)                                       0.000000  0.008579   1.186737 r
  table_i/n2571 (net)                           3     0.005488            0.000000   1.186737 r
  table_i/U2448/A (INVX1)                                       0.000000  0.000000   1.186737 r
  table_i/U2448/Y (INVX1)                                       0.065819  0.049751   1.236488 f
  table_i/n2577 (net)                          11     0.020087            0.000000   1.236488 f
  table_i/U101/B (AND2X2)                                       0.065819  0.000000   1.236488 f
  table_i/U101/Y (AND2X2)                                       0.025625  0.062785   1.299274 f
  table_i/req_ready (net)                       2     0.011827            0.000000   1.299274 f
  table_i/U2560/B (AND2X1)                                      0.025625  0.000000   1.299274 f
  table_i/U2560/Y (AND2X1)                                      0.112261  0.115513   1.414787 f
  table_i/n597 (net)                           18     0.036589            0.000000   1.414787 f
  table_i/U2349/B (AND2X1)                                      0.112261  0.000000   1.414787 f
  table_i/U2349/Y (AND2X1)                                      0.009224  0.054605   1.469392 f
  table_i/n678 (net)                            1     0.001476            0.000000   1.469392 f
  table_i/U2350/A (INVX1)                                       0.009224  0.000000   1.469392 f
  table_i/U2350/Y (INVX1)                                       0.115979  0.089274   1.558666 r
  table_i/n2439 (net)                          12     0.029559            0.000000   1.558666 r
  table_i/U699/B (AND2X1)                                       0.115979  0.000000   1.558666 r
  table_i/U699/Y (AND2X1)                                       0.657767  0.449164   2.007831 r
  table_i/n520 (net)                           56     0.135599            0.000000   2.007831 r
  table_i/U701/A (INVX1)                                        0.657767  0.000000   2.007831 r
  table_i/U701/Y (INVX1)                                        0.186569  0.178725   2.186555 f
  table_i/n2168 (net)                           3     0.006102            0.000000   2.186555 f
  table_i/U2473/A (INVX1)                                       0.186569  0.000000   2.186555 f
  table_i/U2473/Y (INVX1)                                       0.092327  0.121463   2.308018 r
  table_i/n2636 (net)                           8     0.020347            0.000000   2.308018 r
  table_i/U2472/A (INVX1)                                       0.092327  0.000000   2.308018 r
  table_i/U2472/Y (INVX1)                                       0.003753  0.036536   2.344555 f
  table_i/n2548 (net)                           1     0.001476            0.000000   2.344555 f
  table_i/U2471/A (INVX1)                                       0.003753  0.000000   2.344555 f
  table_i/U2471/Y (INVX1)                                       0.000000  0.007596   2.352151 r
  table_i/n2547 (net)                           3     0.004971            0.000000   2.352151 r
  table_i/U2454/A (INVX1)                                       0.000000  0.000000   2.352151 r
  table_i/U2454/Y (INVX1)                                       0.010256  0.011542   2.363693 f
  table_i/n2546 (net)                           1     0.001476            0.000000   2.363693 f
  table_i/U2433/A (INVX1)                                       0.010256  0.000000   2.363693 f
  table_i/U2433/Y (INVX1)                                       0.320431  0.218925   2.582619 r
  table_i/n2543 (net)                          27     0.069430            0.000000   2.582619 r
  table_i/U1889/A (OAI21X1)                                     0.320431  0.000000   2.582619 r
  table_i/U1889/Y (OAI21X1)                                     0.040467  0.090852   2.673470 f
  table_i/n2039 (net)                           1     0.001290            0.000000   2.673470 f
  table_i/addresses_reg[75]/D (DFFPOSX1)                        0.040467  0.000000   2.673470 f
  data arrival time                                                                  2.673470

  clock core_clk (rise edge)                                              5.000000   5.000000
  clock network delay (ideal)                                             0.000000   5.000000
  clock uncertainty                                                       -0.100000  4.900000
  table_i/addresses_reg[75]/CLK (DFFPOSX1)                                0.000000   4.900000 r
  library setup time                                                      -0.063118  4.836882
  data required time                                                                 4.836882
  ----------------------------------------------------------------------------------------------
  data required time                                                                 4.836882
  data arrival time                                                                  -2.673470
  ----------------------------------------------------------------------------------------------
  slack (MET)                                                                        2.163412


  Startpoint: rst (input port clocked by core_clk)
  Endpoint: table_i/addresses_reg[72]
            (rising edge-triggered flip-flop clocked by core_clk)
  Path Group: core_clk
  Path Type: max

  Point                                       Fanout       Cap     Trans      Incr       Path
  ----------------------------------------------------------------------------------------------
  clock core_clk (rise edge)                                              0.000000   0.000000
  clock network delay (ideal)                                             0.000000   0.000000
  input external delay                                                    1.000000   1.000000 r
  rst (in)                                                      0.100000  0.000000   1.000000 r
  rst (net)                                     1     0.001551            0.000000   1.000000 r
  U336/A (INVX1)                                                0.100000  0.000000   1.000000 r
  U336/Y (INVX1)                                                0.008696  0.042328   1.042328 f
  n305 (net)                                    2     0.003296            0.000000   1.042328 f
  U334/A (INVX1)                                                0.008696  0.000000   1.042328 f
  U334/Y (INVX1)                                                0.120141  0.091763   1.134092 r
  n304 (net)                                   12     0.030383            0.000000   1.134092 r
  table_i/rst (mc_transaction_table_Q_DEPTH8_ADDR_W16_DATA_W32_TAG_W8_READ_LATENCY3_AGE_LIMIT128)
                                                                          0.000000   1.134092 r
  table_i/rst (net)                                   0.030383            0.000000   1.134092 r
  table_i/U2495/A (INVX1)                                       0.120141  0.000000   1.134092 r
  table_i/U2495/Y (INVX1)                                       0.001794  0.044066   1.178158 f
  table_i/n2572 (net)                           1     0.001476            0.000000   1.178158 f
  table_i/U2460/A (INVX1)                                       0.001794  0.000000   1.178158 f
  table_i/U2460/Y (INVX1)                                       0.000000  0.008579   1.186737 r
  table_i/n2571 (net)                           3     0.005488            0.000000   1.186737 r
  table_i/U2448/A (INVX1)                                       0.000000  0.000000   1.186737 r
  table_i/U2448/Y (INVX1)                                       0.065819  0.049751   1.236488 f
  table_i/n2577 (net)                          11     0.020087            0.000000   1.236488 f
  table_i/U101/B (AND2X2)                                       0.065819  0.000000   1.236488 f
  table_i/U101/Y (AND2X2)                                       0.025625  0.062785   1.299274 f
  table_i/req_ready (net)                       2     0.011827            0.000000   1.299274 f
  table_i/U2560/B (AND2X1)                                      0.025625  0.000000   1.299274 f
  table_i/U2560/Y (AND2X1)                                      0.112261  0.115513   1.414787 f
  table_i/n597 (net)                           18     0.036589            0.000000   1.414787 f
  table_i/U2349/B (AND2X1)                                      0.112261  0.000000   1.414787 f
  table_i/U2349/Y (AND2X1)                                      0.009224  0.054605   1.469392 f
  table_i/n678 (net)                            1     0.001476            0.000000   1.469392 f
  table_i/U2350/A (INVX1)                                       0.009224  0.000000   1.469392 f
  table_i/U2350/Y (INVX1)                                       0.115979  0.089274   1.558666 r
  table_i/n2439 (net)                          12     0.029559            0.000000   1.558666 r
  table_i/U699/B (AND2X1)                                       0.115979  0.000000   1.558666 r
  table_i/U699/Y (AND2X1)                                       0.657767  0.449164   2.007831 r
  table_i/n520 (net)                           56     0.135599            0.000000   2.007831 r
  table_i/U701/A (INVX1)                                        0.657767  0.000000   2.007831 r
  table_i/U701/Y (INVX1)                                        0.186569  0.178725   2.186555 f
  table_i/n2168 (net)                           3     0.006102            0.000000   2.186555 f
  table_i/U2473/A (INVX1)                                       0.186569  0.000000   2.186555 f
  table_i/U2473/Y (INVX1)                                       0.092327  0.121463   2.308018 r
  table_i/n2636 (net)                           8     0.020347            0.000000   2.308018 r
  table_i/U2472/A (INVX1)                                       0.092327  0.000000   2.308018 r
  table_i/U2472/Y (INVX1)                                       0.003753  0.036536   2.344555 f
  table_i/n2548 (net)                           1     0.001476            0.000000   2.344555 f
  table_i/U2471/A (INVX1)                                       0.003753  0.000000   2.344555 f
  table_i/U2471/Y (INVX1)                                       0.000000  0.007596   2.352151 r
  table_i/n2547 (net)                           3     0.004971            0.000000   2.352151 r
  table_i/U2454/A (INVX1)                                       0.000000  0.000000   2.352151 r
  table_i/U2454/Y (INVX1)                                       0.010256  0.011542   2.363693 f
  table_i/n2546 (net)                           1     0.001476            0.000000   2.363693 f
  table_i/U2433/A (INVX1)                                       0.010256  0.000000   2.363693 f
  table_i/U2433/Y (INVX1)                                       0.320431  0.218925   2.582619 r
  table_i/n2543 (net)                          27     0.069430            0.000000   2.582619 r
  table_i/U1883/A (OAI21X1)                                     0.320431  0.000000   2.582619 r
  table_i/U1883/Y (OAI21X1)                                     0.040467  0.090852   2.673470 f
  table_i/n2036 (net)                           1     0.001290            0.000000   2.673470 f
  table_i/addresses_reg[72]/D (DFFPOSX1)                        0.040467  0.000000   2.673470 f
  data arrival time                                                                  2.673470

  clock core_clk (rise edge)                                              5.000000   5.000000
  clock network delay (ideal)                                             0.000000   5.000000
  clock uncertainty                                                       -0.100000  4.900000
  table_i/addresses_reg[72]/CLK (DFFPOSX1)                                0.000000   4.900000 r
  library setup time                                                      -0.063118  4.836882
  data required time                                                                 4.836882
  ----------------------------------------------------------------------------------------------
  data required time                                                                 4.836882
  data arrival time                                                                  -2.673470
  ----------------------------------------------------------------------------------------------
  slack (MET)                                                                        2.163412


  Startpoint: rst (input port clocked by core_clk)
  Endpoint: table_i/addresses_reg[69]
            (rising edge-triggered flip-flop clocked by core_clk)
  Path Group: core_clk
  Path Type: max

  Point                                       Fanout       Cap     Trans      Incr       Path
  ----------------------------------------------------------------------------------------------
  clock core_clk (rise edge)                                              0.000000   0.000000
  clock network delay (ideal)                                             0.000000   0.000000
  input external delay                                                    1.000000   1.000000 r
  rst (in)                                                      0.100000  0.000000   1.000000 r
  rst (net)                                     1     0.001551            0.000000   1.000000 r
  U336/A (INVX1)                                                0.100000  0.000000   1.000000 r
  U336/Y (INVX1)                                                0.008696  0.042328   1.042328 f
  n305 (net)                                    2     0.003296            0.000000   1.042328 f
  U334/A (INVX1)                                                0.008696  0.000000   1.042328 f
  U334/Y (INVX1)                                                0.120141  0.091763   1.134092 r
  n304 (net)                                   12     0.030383            0.000000   1.134092 r
  table_i/rst (mc_transaction_table_Q_DEPTH8_ADDR_W16_DATA_W32_TAG_W8_READ_LATENCY3_AGE_LIMIT128)
                                                                          0.000000   1.134092 r
  table_i/rst (net)                                   0.030383            0.000000   1.134092 r
  table_i/U2495/A (INVX1)                                       0.120141  0.000000   1.134092 r
  table_i/U2495/Y (INVX1)                                       0.001794  0.044066   1.178158 f
  table_i/n2572 (net)                           1     0.001476            0.000000   1.178158 f
  table_i/U2460/A (INVX1)                                       0.001794  0.000000   1.178158 f
  table_i/U2460/Y (INVX1)                                       0.000000  0.008579   1.186737 r
  table_i/n2571 (net)                           3     0.005488            0.000000   1.186737 r
  table_i/U2448/A (INVX1)                                       0.000000  0.000000   1.186737 r
  table_i/U2448/Y (INVX1)                                       0.065819  0.049751   1.236488 f
  table_i/n2577 (net)                          11     0.020087            0.000000   1.236488 f
  table_i/U101/B (AND2X2)                                       0.065819  0.000000   1.236488 f
  table_i/U101/Y (AND2X2)                                       0.025625  0.062785   1.299274 f
  table_i/req_ready (net)                       2     0.011827            0.000000   1.299274 f
  table_i/U2560/B (AND2X1)                                      0.025625  0.000000   1.299274 f
  table_i/U2560/Y (AND2X1)                                      0.112261  0.115513   1.414787 f
  table_i/n597 (net)                           18     0.036589            0.000000   1.414787 f
  table_i/U2349/B (AND2X1)                                      0.112261  0.000000   1.414787 f
  table_i/U2349/Y (AND2X1)                                      0.009224  0.054605   1.469392 f
  table_i/n678 (net)                            1     0.001476            0.000000   1.469392 f
  table_i/U2350/A (INVX1)                                       0.009224  0.000000   1.469392 f
  table_i/U2350/Y (INVX1)                                       0.115979  0.089274   1.558666 r
  table_i/n2439 (net)                          12     0.029559            0.000000   1.558666 r
  table_i/U699/B (AND2X1)                                       0.115979  0.000000   1.558666 r
  table_i/U699/Y (AND2X1)                                       0.657767  0.449164   2.007831 r
  table_i/n520 (net)                           56     0.135599            0.000000   2.007831 r
  table_i/U701/A (INVX1)                                        0.657767  0.000000   2.007831 r
  table_i/U701/Y (INVX1)                                        0.186569  0.178725   2.186555 f
  table_i/n2168 (net)                           3     0.006102            0.000000   2.186555 f
  table_i/U2473/A (INVX1)                                       0.186569  0.000000   2.186555 f
  table_i/U2473/Y (INVX1)                                       0.092327  0.121463   2.308018 r
  table_i/n2636 (net)                           8     0.020347            0.000000   2.308018 r
  table_i/U2472/A (INVX1)                                       0.092327  0.000000   2.308018 r
  table_i/U2472/Y (INVX1)                                       0.003753  0.036536   2.344555 f
  table_i/n2548 (net)                           1     0.001476            0.000000   2.344555 f
  table_i/U2471/A (INVX1)                                       0.003753  0.000000   2.344555 f
  table_i/U2471/Y (INVX1)                                       0.000000  0.007596   2.352151 r
  table_i/n2547 (net)                           3     0.004971            0.000000   2.352151 r
  table_i/U2454/A (INVX1)                                       0.000000  0.000000   2.352151 r
  table_i/U2454/Y (INVX1)                                       0.010256  0.011542   2.363693 f
  table_i/n2546 (net)                           1     0.001476            0.000000   2.363693 f
  table_i/U2433/A (INVX1)                                       0.010256  0.000000   2.363693 f
  table_i/U2433/Y (INVX1)                                       0.320431  0.218925   2.582619 r
  table_i/n2543 (net)                          27     0.069430            0.000000   2.582619 r
  table_i/U1877/A (OAI21X1)                                     0.320431  0.000000   2.582619 r
  table_i/U1877/Y (OAI21X1)                                     0.040467  0.090852   2.673470 f
  table_i/n2033 (net)                           1     0.001290            0.000000   2.673470 f
  table_i/addresses_reg[69]/D (DFFPOSX1)                        0.040467  0.000000   2.673470 f
  data arrival time                                                                  2.673470

  clock core_clk (rise edge)                                              5.000000   5.000000
  clock network delay (ideal)                                             0.000000   5.000000
  clock uncertainty                                                       -0.100000  4.900000
  table_i/addresses_reg[69]/CLK (DFFPOSX1)                                0.000000   4.900000 r
  library setup time                                                      -0.063118  4.836882
  data required time                                                                 4.836882
  ----------------------------------------------------------------------------------------------
  data required time                                                                 4.836882
  data arrival time                                                                  -2.673470
  ----------------------------------------------------------------------------------------------
  slack (MET)                                                                        2.163412


  Startpoint: rst (input port clocked by core_clk)
  Endpoint: table_i/addresses_reg[65]
            (rising edge-triggered flip-flop clocked by core_clk)
  Path Group: core_clk
  Path Type: max

  Point                                       Fanout       Cap     Trans      Incr       Path
  ----------------------------------------------------------------------------------------------
  clock core_clk (rise edge)                                              0.000000   0.000000
  clock network delay (ideal)                                             0.000000   0.000000
  input external delay                                                    1.000000   1.000000 r
  rst (in)                                                      0.100000  0.000000   1.000000 r
  rst (net)                                     1     0.001551            0.000000   1.000000 r
  U336/A (INVX1)                                                0.100000  0.000000   1.000000 r
  U336/Y (INVX1)                                                0.008696  0.042328   1.042328 f
  n305 (net)                                    2     0.003296            0.000000   1.042328 f
  U334/A (INVX1)                                                0.008696  0.000000   1.042328 f
  U334/Y (INVX1)                                                0.120141  0.091763   1.134092 r
  n304 (net)                                   12     0.030383            0.000000   1.134092 r
  table_i/rst (mc_transaction_table_Q_DEPTH8_ADDR_W16_DATA_W32_TAG_W8_READ_LATENCY3_AGE_LIMIT128)
                                                                          0.000000   1.134092 r
  table_i/rst (net)                                   0.030383            0.000000   1.134092 r
  table_i/U2495/A (INVX1)                                       0.120141  0.000000   1.134092 r
  table_i/U2495/Y (INVX1)                                       0.001794  0.044066   1.178158 f
  table_i/n2572 (net)                           1     0.001476            0.000000   1.178158 f
  table_i/U2460/A (INVX1)                                       0.001794  0.000000   1.178158 f
  table_i/U2460/Y (INVX1)                                       0.000000  0.008579   1.186737 r
  table_i/n2571 (net)                           3     0.005488            0.000000   1.186737 r
  table_i/U2448/A (INVX1)                                       0.000000  0.000000   1.186737 r
  table_i/U2448/Y (INVX1)                                       0.065819  0.049751   1.236488 f
  table_i/n2577 (net)                          11     0.020087            0.000000   1.236488 f
  table_i/U101/B (AND2X2)                                       0.065819  0.000000   1.236488 f
  table_i/U101/Y (AND2X2)                                       0.025625  0.062785   1.299274 f
  table_i/req_ready (net)                       2     0.011827            0.000000   1.299274 f
  table_i/U2560/B (AND2X1)                                      0.025625  0.000000   1.299274 f
  table_i/U2560/Y (AND2X1)                                      0.112261  0.115513   1.414787 f
  table_i/n597 (net)                           18     0.036589            0.000000   1.414787 f
  table_i/U2349/B (AND2X1)                                      0.112261  0.000000   1.414787 f
  table_i/U2349/Y (AND2X1)                                      0.009224  0.054605   1.469392 f
  table_i/n678 (net)                            1     0.001476            0.000000   1.469392 f
  table_i/U2350/A (INVX1)                                       0.009224  0.000000   1.469392 f
  table_i/U2350/Y (INVX1)                                       0.115979  0.089274   1.558666 r
  table_i/n2439 (net)                          12     0.029559            0.000000   1.558666 r
  table_i/U699/B (AND2X1)                                       0.115979  0.000000   1.558666 r
  table_i/U699/Y (AND2X1)                                       0.657767  0.449164   2.007831 r
  table_i/n520 (net)                           56     0.135599            0.000000   2.007831 r
  table_i/U701/A (INVX1)                                        0.657767  0.000000   2.007831 r
  table_i/U701/Y (INVX1)                                        0.186569  0.178725   2.186555 f
  table_i/n2168 (net)                           3     0.006102            0.000000   2.186555 f
  table_i/U2473/A (INVX1)                                       0.186569  0.000000   2.186555 f
  table_i/U2473/Y (INVX1)                                       0.092327  0.121463   2.308018 r
  table_i/n2636 (net)                           8     0.020347            0.000000   2.308018 r
  table_i/U2472/A (INVX1)                                       0.092327  0.000000   2.308018 r
  table_i/U2472/Y (INVX1)                                       0.003753  0.036536   2.344555 f
  table_i/n2548 (net)                           1     0.001476            0.000000   2.344555 f
  table_i/U2471/A (INVX1)                                       0.003753  0.000000   2.344555 f
  table_i/U2471/Y (INVX1)                                       0.000000  0.007596   2.352151 r
  table_i/n2547 (net)                           3     0.004971            0.000000   2.352151 r
  table_i/U2454/A (INVX1)                                       0.000000  0.000000   2.352151 r
  table_i/U2454/Y (INVX1)                                       0.010256  0.011542   2.363693 f
  table_i/n2546 (net)                           1     0.001476            0.000000   2.363693 f
  table_i/U2433/A (INVX1)                                       0.010256  0.000000   2.363693 f
  table_i/U2433/Y (INVX1)                                       0.320431  0.218925   2.582619 r
  table_i/n2543 (net)                          27     0.069430            0.000000   2.582619 r
  table_i/U1869/A (OAI21X1)                                     0.320431  0.000000   2.582619 r
  table_i/U1869/Y (OAI21X1)                                     0.040467  0.090852   2.673470 f
  table_i/n2029 (net)                           1     0.001290            0.000000   2.673470 f
  table_i/addresses_reg[65]/D (DFFPOSX1)                        0.040467  0.000000   2.673470 f
  data arrival time                                                                  2.673470

  clock core_clk (rise edge)                                              5.000000   5.000000
  clock network delay (ideal)                                             0.000000   5.000000
  clock uncertainty                                                       -0.100000  4.900000
  table_i/addresses_reg[65]/CLK (DFFPOSX1)                                0.000000   4.900000 r
  library setup time                                                      -0.063118  4.836882
  data required time                                                                 4.836882
  ----------------------------------------------------------------------------------------------
  data required time                                                                 4.836882
  data arrival time                                                                  -2.673470
  ----------------------------------------------------------------------------------------------
  slack (MET)                                                                        2.163412


  Startpoint: rst (input port clocked by core_clk)
  Endpoint: table_i/addresses_reg[64]
            (rising edge-triggered flip-flop clocked by core_clk)
  Path Group: core_clk
  Path Type: max

  Point                                       Fanout       Cap     Trans      Incr       Path
  ----------------------------------------------------------------------------------------------
  clock core_clk (rise edge)                                              0.000000   0.000000
  clock network delay (ideal)                                             0.000000   0.000000
  input external delay                                                    1.000000   1.000000 r
  rst (in)                                                      0.100000  0.000000   1.000000 r
  rst (net)                                     1     0.001551            0.000000   1.000000 r
  U336/A (INVX1)                                                0.100000  0.000000   1.000000 r
  U336/Y (INVX1)                                                0.008696  0.042328   1.042328 f
  n305 (net)                                    2     0.003296            0.000000   1.042328 f
  U334/A (INVX1)                                                0.008696  0.000000   1.042328 f
  U334/Y (INVX1)                                                0.120141  0.091763   1.134092 r
  n304 (net)                                   12     0.030383            0.000000   1.134092 r
  table_i/rst (mc_transaction_table_Q_DEPTH8_ADDR_W16_DATA_W32_TAG_W8_READ_LATENCY3_AGE_LIMIT128)
                                                                          0.000000   1.134092 r
  table_i/rst (net)                                   0.030383            0.000000   1.134092 r
  table_i/U2495/A (INVX1)                                       0.120141  0.000000   1.134092 r
  table_i/U2495/Y (INVX1)                                       0.001794  0.044066   1.178158 f
  table_i/n2572 (net)                           1     0.001476            0.000000   1.178158 f
  table_i/U2460/A (INVX1)                                       0.001794  0.000000   1.178158 f
  table_i/U2460/Y (INVX1)                                       0.000000  0.008579   1.186737 r
  table_i/n2571 (net)                           3     0.005488            0.000000   1.186737 r
  table_i/U2448/A (INVX1)                                       0.000000  0.000000   1.186737 r
  table_i/U2448/Y (INVX1)                                       0.065819  0.049751   1.236488 f
  table_i/n2577 (net)                          11     0.020087            0.000000   1.236488 f
  table_i/U101/B (AND2X2)                                       0.065819  0.000000   1.236488 f
  table_i/U101/Y (AND2X2)                                       0.025625  0.062785   1.299274 f
  table_i/req_ready (net)                       2     0.011827            0.000000   1.299274 f
  table_i/U2560/B (AND2X1)                                      0.025625  0.000000   1.299274 f
  table_i/U2560/Y (AND2X1)                                      0.112261  0.115513   1.414787 f
  table_i/n597 (net)                           18     0.036589            0.000000   1.414787 f
  table_i/U2349/B (AND2X1)                                      0.112261  0.000000   1.414787 f
  table_i/U2349/Y (AND2X1)                                      0.009224  0.054605   1.469392 f
  table_i/n678 (net)                            1     0.001476            0.000000   1.469392 f
  table_i/U2350/A (INVX1)                                       0.009224  0.000000   1.469392 f
  table_i/U2350/Y (INVX1)                                       0.115979  0.089274   1.558666 r
  table_i/n2439 (net)                          12     0.029559            0.000000   1.558666 r
  table_i/U699/B (AND2X1)                                       0.115979  0.000000   1.558666 r
  table_i/U699/Y (AND2X1)                                       0.657767  0.449164   2.007831 r
  table_i/n520 (net)                           56     0.135599            0.000000   2.007831 r
  table_i/U701/A (INVX1)                                        0.657767  0.000000   2.007831 r
  table_i/U701/Y (INVX1)                                        0.186569  0.178725   2.186555 f
  table_i/n2168 (net)                           3     0.006102            0.000000   2.186555 f
  table_i/U2473/A (INVX1)                                       0.186569  0.000000   2.186555 f
  table_i/U2473/Y (INVX1)                                       0.092327  0.121463   2.308018 r
  table_i/n2636 (net)                           8     0.020347            0.000000   2.308018 r
  table_i/U2472/A (INVX1)                                       0.092327  0.000000   2.308018 r
  table_i/U2472/Y (INVX1)                                       0.003753  0.036536   2.344555 f
  table_i/n2548 (net)                           1     0.001476            0.000000   2.344555 f
  table_i/U2471/A (INVX1)                                       0.003753  0.000000   2.344555 f
  table_i/U2471/Y (INVX1)                                       0.000000  0.007596   2.352151 r
  table_i/n2547 (net)                           3     0.004971            0.000000   2.352151 r
  table_i/U2454/A (INVX1)                                       0.000000  0.000000   2.352151 r
  table_i/U2454/Y (INVX1)                                       0.010256  0.011542   2.363693 f
  table_i/n2546 (net)                           1     0.001476            0.000000   2.363693 f
  table_i/U2433/A (INVX1)                                       0.010256  0.000000   2.363693 f
  table_i/U2433/Y (INVX1)                                       0.320431  0.218925   2.582619 r
  table_i/n2543 (net)                          27     0.069430            0.000000   2.582619 r
  table_i/U1867/A (OAI21X1)                                     0.320431  0.000000   2.582619 r
  table_i/U1867/Y (OAI21X1)                                     0.040467  0.090852   2.673470 f
  table_i/n2028 (net)                           1     0.001290            0.000000   2.673470 f
  table_i/addresses_reg[64]/D (DFFPOSX1)                        0.040467  0.000000   2.673470 f
  data arrival time                                                                  2.673470

  clock core_clk (rise edge)                                              5.000000   5.000000
  clock network delay (ideal)                                             0.000000   5.000000
  clock uncertainty                                                       -0.100000  4.900000
  table_i/addresses_reg[64]/CLK (DFFPOSX1)                                0.000000   4.900000 r
  library setup time                                                      -0.063118  4.836882
  data required time                                                                 4.836882
  ----------------------------------------------------------------------------------------------
  data required time                                                                 4.836882
  data arrival time                                                                  -2.673470
  ----------------------------------------------------------------------------------------------
  slack (MET)                                                                        2.163412


  Startpoint: rst (input port clocked by core_clk)
  Endpoint: table_i/write_data_reg[130]
            (rising edge-triggered flip-flop clocked by core_clk)
  Path Group: core_clk
  Path Type: max

  Point                                       Fanout       Cap     Trans      Incr       Path
  ----------------------------------------------------------------------------------------------
  clock core_clk (rise edge)                                              0.000000   0.000000
  clock network delay (ideal)                                             0.000000   0.000000
  input external delay                                                    1.000000   1.000000 r
  rst (in)                                                      0.100000  0.000000   1.000000 r
  rst (net)                                     1     0.001551            0.000000   1.000000 r
  U336/A (INVX1)                                                0.100000  0.000000   1.000000 r
  U336/Y (INVX1)                                                0.008696  0.042328   1.042328 f
  n305 (net)                                    2     0.003296            0.000000   1.042328 f
  U334/A (INVX1)                                                0.008696  0.000000   1.042328 f
  U334/Y (INVX1)                                                0.120141  0.091763   1.134092 r
  n304 (net)                                   12     0.030383            0.000000   1.134092 r
  table_i/rst (mc_transaction_table_Q_DEPTH8_ADDR_W16_DATA_W32_TAG_W8_READ_LATENCY3_AGE_LIMIT128)
                                                                          0.000000   1.134092 r
  table_i/rst (net)                                   0.030383            0.000000   1.134092 r
  table_i/U2495/A (INVX1)                                       0.120141  0.000000   1.134092 r
  table_i/U2495/Y (INVX1)                                       0.001794  0.044066   1.178158 f
  table_i/n2572 (net)                           1     0.001476            0.000000   1.178158 f
  table_i/U2460/A (INVX1)                                       0.001794  0.000000   1.178158 f
  table_i/U2460/Y (INVX1)                                       0.000000  0.008579   1.186737 r
  table_i/n2571 (net)                           3     0.005488            0.000000   1.186737 r
  table_i/U2448/A (INVX1)                                       0.000000  0.000000   1.186737 r
  table_i/U2448/Y (INVX1)                                       0.065819  0.049751   1.236488 f
  table_i/n2577 (net)                          11     0.020087            0.000000   1.236488 f
  table_i/U101/B (AND2X2)                                       0.065819  0.000000   1.236488 f
  table_i/U101/Y (AND2X2)                                       0.025625  0.062785   1.299274 f
  table_i/req_ready (net)                       2     0.011827            0.000000   1.299274 f
  table_i/U2560/B (AND2X1)                                      0.025625  0.000000   1.299274 f
  table_i/U2560/Y (AND2X1)                                      0.112261  0.115513   1.414787 f
  table_i/n597 (net)                           18     0.036589            0.000000   1.414787 f
  table_i/U2349/B (AND2X1)                                      0.112261  0.000000   1.414787 f
  table_i/U2349/Y (AND2X1)                                      0.009224  0.054605   1.469392 f
  table_i/n678 (net)                            1     0.001476            0.000000   1.469392 f
  table_i/U2350/A (INVX1)                                       0.009224  0.000000   1.469392 f
  table_i/U2350/Y (INVX1)                                       0.115979  0.089274   1.558666 r
  table_i/n2439 (net)                          12     0.029559            0.000000   1.558666 r
  table_i/U699/B (AND2X1)                                       0.115979  0.000000   1.558666 r
  table_i/U699/Y (AND2X1)                                       0.657767  0.449164   2.007831 r
  table_i/n520 (net)                           56     0.135599            0.000000   2.007831 r
  table_i/U701/A (INVX1)                                        0.657767  0.000000   2.007831 r
  table_i/U701/Y (INVX1)                                        0.186569  0.178725   2.186555 f
  table_i/n2168 (net)                           3     0.006102            0.000000   2.186555 f
  table_i/U2473/A (INVX1)                                       0.186569  0.000000   2.186555 f
  table_i/U2473/Y (INVX1)                                       0.092327  0.121463   2.308018 r
  table_i/n2636 (net)                           8     0.020347            0.000000   2.308018 r
  table_i/U2472/A (INVX1)                                       0.092327  0.000000   2.308018 r
  table_i/U2472/Y (INVX1)                                       0.003753  0.036536   2.344555 f
  table_i/n2548 (net)                           1     0.001476            0.000000   2.344555 f
  table_i/U2471/A (INVX1)                                       0.003753  0.000000   2.344555 f
  table_i/U2471/Y (INVX1)                                       0.000000  0.007596   2.352151 r
  table_i/n2547 (net)                           3     0.004971            0.000000   2.352151 r
  table_i/U2454/A (INVX1)                                       0.000000  0.000000   2.352151 r
  table_i/U2454/Y (INVX1)                                       0.010256  0.011542   2.363693 f
  table_i/n2546 (net)                           1     0.001476            0.000000   2.363693 f
  table_i/U2433/A (INVX1)                                       0.010256  0.000000   2.363693 f
  table_i/U2433/Y (INVX1)                                       0.320431  0.218925   2.582619 r
  table_i/n2543 (net)                          27     0.069430            0.000000   2.582619 r
  table_i/U1455/A (OAI21X1)                                     0.320431  0.000000   2.582619 r
  table_i/U1455/Y (OAI21X1)                                     0.040467  0.090852   2.673470 f
  table_i/n1838 (net)                           1     0.001290            0.000000   2.673470 f
  table_i/write_data_reg[130]/D (DFFPOSX1)                      0.040467  0.000000   2.673470 f
  data arrival time                                                                  2.673470

  clock core_clk (rise edge)                                              5.000000   5.000000
  clock network delay (ideal)                                             0.000000   5.000000
  clock uncertainty                                                       -0.100000  4.900000
  table_i/write_data_reg[130]/CLK (DFFPOSX1)                              0.000000   4.900000 r
  library setup time                                                      -0.063118  4.836882
  data required time                                                                 4.836882
  ----------------------------------------------------------------------------------------------
  data required time                                                                 4.836882
  data arrival time                                                                  -2.673470
  ----------------------------------------------------------------------------------------------
  slack (MET)                                                                        2.163412


  Startpoint: rst (input port clocked by core_clk)
  Endpoint: table_i/write_data_reg[129]
            (rising edge-triggered flip-flop clocked by core_clk)
  Path Group: core_clk
  Path Type: max

  Point                                       Fanout       Cap     Trans      Incr       Path
  ----------------------------------------------------------------------------------------------
  clock core_clk (rise edge)                                              0.000000   0.000000
  clock network delay (ideal)                                             0.000000   0.000000
  input external delay                                                    1.000000   1.000000 r
  rst (in)                                                      0.100000  0.000000   1.000000 r
  rst (net)                                     1     0.001551            0.000000   1.000000 r
  U336/A (INVX1)                                                0.100000  0.000000   1.000000 r
  U336/Y (INVX1)                                                0.008696  0.042328   1.042328 f
  n305 (net)                                    2     0.003296            0.000000   1.042328 f
  U334/A (INVX1)                                                0.008696  0.000000   1.042328 f
  U334/Y (INVX1)                                                0.120141  0.091763   1.134092 r
  n304 (net)                                   12     0.030383            0.000000   1.134092 r
  table_i/rst (mc_transaction_table_Q_DEPTH8_ADDR_W16_DATA_W32_TAG_W8_READ_LATENCY3_AGE_LIMIT128)
                                                                          0.000000   1.134092 r
  table_i/rst (net)                                   0.030383            0.000000   1.134092 r
  table_i/U2495/A (INVX1)                                       0.120141  0.000000   1.134092 r
  table_i/U2495/Y (INVX1)                                       0.001794  0.044066   1.178158 f
  table_i/n2572 (net)                           1     0.001476            0.000000   1.178158 f
  table_i/U2460/A (INVX1)                                       0.001794  0.000000   1.178158 f
  table_i/U2460/Y (INVX1)                                       0.000000  0.008579   1.186737 r
  table_i/n2571 (net)                           3     0.005488            0.000000   1.186737 r
  table_i/U2448/A (INVX1)                                       0.000000  0.000000   1.186737 r
  table_i/U2448/Y (INVX1)                                       0.065819  0.049751   1.236488 f
  table_i/n2577 (net)                          11     0.020087            0.000000   1.236488 f
  table_i/U101/B (AND2X2)                                       0.065819  0.000000   1.236488 f
  table_i/U101/Y (AND2X2)                                       0.025625  0.062785   1.299274 f
  table_i/req_ready (net)                       2     0.011827            0.000000   1.299274 f
  table_i/U2560/B (AND2X1)                                      0.025625  0.000000   1.299274 f
  table_i/U2560/Y (AND2X1)                                      0.112261  0.115513   1.414787 f
  table_i/n597 (net)                           18     0.036589            0.000000   1.414787 f
  table_i/U2349/B (AND2X1)                                      0.112261  0.000000   1.414787 f
  table_i/U2349/Y (AND2X1)                                      0.009224  0.054605   1.469392 f
  table_i/n678 (net)                            1     0.001476            0.000000   1.469392 f
  table_i/U2350/A (INVX1)                                       0.009224  0.000000   1.469392 f
  table_i/U2350/Y (INVX1)                                       0.115979  0.089274   1.558666 r
  table_i/n2439 (net)                          12     0.029559            0.000000   1.558666 r
  table_i/U699/B (AND2X1)                                       0.115979  0.000000   1.558666 r
  table_i/U699/Y (AND2X1)                                       0.657767  0.449164   2.007831 r
  table_i/n520 (net)                           56     0.135599            0.000000   2.007831 r
  table_i/U701/A (INVX1)                                        0.657767  0.000000   2.007831 r
  table_i/U701/Y (INVX1)                                        0.186569  0.178725   2.186555 f
  table_i/n2168 (net)                           3     0.006102            0.000000   2.186555 f
  table_i/U2473/A (INVX1)                                       0.186569  0.000000   2.186555 f
  table_i/U2473/Y (INVX1)                                       0.092327  0.121463   2.308018 r
  table_i/n2636 (net)                           8     0.020347            0.000000   2.308018 r
  table_i/U2472/A (INVX1)                                       0.092327  0.000000   2.308018 r
  table_i/U2472/Y (INVX1)                                       0.003753  0.036536   2.344555 f
  table_i/n2548 (net)                           1     0.001476            0.000000   2.344555 f
  table_i/U2471/A (INVX1)                                       0.003753  0.000000   2.344555 f
  table_i/U2471/Y (INVX1)                                       0.000000  0.007596   2.352151 r
  table_i/n2547 (net)                           3     0.004971            0.000000   2.352151 r
  table_i/U2454/A (INVX1)                                       0.000000  0.000000   2.352151 r
  table_i/U2454/Y (INVX1)                                       0.010256  0.011542   2.363693 f
  table_i/n2546 (net)                           1     0.001476            0.000000   2.363693 f
  table_i/U2433/A (INVX1)                                       0.010256  0.000000   2.363693 f
  table_i/U2433/Y (INVX1)                                       0.320431  0.218925   2.582619 r
  table_i/n2543 (net)                          27     0.069430            0.000000   2.582619 r
  table_i/U1453/A (OAI21X1)                                     0.320431  0.000000   2.582619 r
  table_i/U1453/Y (OAI21X1)                                     0.040467  0.090852   2.673470 f
  table_i/n1837 (net)                           1     0.001290            0.000000   2.673470 f
  table_i/write_data_reg[129]/D (DFFPOSX1)                      0.040467  0.000000   2.673470 f
  data arrival time                                                                  2.673470

  clock core_clk (rise edge)                                              5.000000   5.000000
  clock network delay (ideal)                                             0.000000   5.000000
  clock uncertainty                                                       -0.100000  4.900000
  table_i/write_data_reg[129]/CLK (DFFPOSX1)                              0.000000   4.900000 r
  library setup time                                                      -0.063118  4.836882
  data required time                                                                 4.836882
  ----------------------------------------------------------------------------------------------
  data required time                                                                 4.836882
  data arrival time                                                                  -2.673470
  ----------------------------------------------------------------------------------------------
  slack (MET)                                                                        2.163412


  Startpoint: rst (input port clocked by core_clk)
  Endpoint: table_i/write_data_reg[128]
            (rising edge-triggered flip-flop clocked by core_clk)
  Path Group: core_clk
  Path Type: max

  Point                                       Fanout       Cap     Trans      Incr       Path
  ----------------------------------------------------------------------------------------------
  clock core_clk (rise edge)                                              0.000000   0.000000
  clock network delay (ideal)                                             0.000000   0.000000
  input external delay                                                    1.000000   1.000000 r
  rst (in)                                                      0.100000  0.000000   1.000000 r
  rst (net)                                     1     0.001551            0.000000   1.000000 r
  U336/A (INVX1)                                                0.100000  0.000000   1.000000 r
  U336/Y (INVX1)                                                0.008696  0.042328   1.042328 f
  n305 (net)                                    2     0.003296            0.000000   1.042328 f
  U334/A (INVX1)                                                0.008696  0.000000   1.042328 f
  U334/Y (INVX1)                                                0.120141  0.091763   1.134092 r
  n304 (net)                                   12     0.030383            0.000000   1.134092 r
  table_i/rst (mc_transaction_table_Q_DEPTH8_ADDR_W16_DATA_W32_TAG_W8_READ_LATENCY3_AGE_LIMIT128)
                                                                          0.000000   1.134092 r
  table_i/rst (net)                                   0.030383            0.000000   1.134092 r
  table_i/U2495/A (INVX1)                                       0.120141  0.000000   1.134092 r
  table_i/U2495/Y (INVX1)                                       0.001794  0.044066   1.178158 f
  table_i/n2572 (net)                           1     0.001476            0.000000   1.178158 f
  table_i/U2460/A (INVX1)                                       0.001794  0.000000   1.178158 f
  table_i/U2460/Y (INVX1)                                       0.000000  0.008579   1.186737 r
  table_i/n2571 (net)                           3     0.005488            0.000000   1.186737 r
  table_i/U2448/A (INVX1)                                       0.000000  0.000000   1.186737 r
  table_i/U2448/Y (INVX1)                                       0.065819  0.049751   1.236488 f
  table_i/n2577 (net)                          11     0.020087            0.000000   1.236488 f
  table_i/U101/B (AND2X2)                                       0.065819  0.000000   1.236488 f
  table_i/U101/Y (AND2X2)                                       0.025625  0.062785   1.299274 f
  table_i/req_ready (net)                       2     0.011827            0.000000   1.299274 f
  table_i/U2560/B (AND2X1)                                      0.025625  0.000000   1.299274 f
  table_i/U2560/Y (AND2X1)                                      0.112261  0.115513   1.414787 f
  table_i/n597 (net)                           18     0.036589            0.000000   1.414787 f
  table_i/U2349/B (AND2X1)                                      0.112261  0.000000   1.414787 f
  table_i/U2349/Y (AND2X1)                                      0.009224  0.054605   1.469392 f
  table_i/n678 (net)                            1     0.001476            0.000000   1.469392 f
  table_i/U2350/A (INVX1)                                       0.009224  0.000000   1.469392 f
  table_i/U2350/Y (INVX1)                                       0.115979  0.089274   1.558666 r
  table_i/n2439 (net)                          12     0.029559            0.000000   1.558666 r
  table_i/U699/B (AND2X1)                                       0.115979  0.000000   1.558666 r
  table_i/U699/Y (AND2X1)                                       0.657767  0.449164   2.007831 r
  table_i/n520 (net)                           56     0.135599            0.000000   2.007831 r
  table_i/U701/A (INVX1)                                        0.657767  0.000000   2.007831 r
  table_i/U701/Y (INVX1)                                        0.186569  0.178725   2.186555 f
  table_i/n2168 (net)                           3     0.006102            0.000000   2.186555 f
  table_i/U2473/A (INVX1)                                       0.186569  0.000000   2.186555 f
  table_i/U2473/Y (INVX1)                                       0.092327  0.121463   2.308018 r
  table_i/n2636 (net)                           8     0.020347            0.000000   2.308018 r
  table_i/U2472/A (INVX1)                                       0.092327  0.000000   2.308018 r
  table_i/U2472/Y (INVX1)                                       0.003753  0.036536   2.344555 f
  table_i/n2548 (net)                           1     0.001476            0.000000   2.344555 f
  table_i/U2471/A (INVX1)                                       0.003753  0.000000   2.344555 f
  table_i/U2471/Y (INVX1)                                       0.000000  0.007596   2.352151 r
  table_i/n2547 (net)                           3     0.004971            0.000000   2.352151 r
  table_i/U2454/A (INVX1)                                       0.000000  0.000000   2.352151 r
  table_i/U2454/Y (INVX1)                                       0.010256  0.011542   2.363693 f
  table_i/n2546 (net)                           1     0.001476            0.000000   2.363693 f
  table_i/U2433/A (INVX1)                                       0.010256  0.000000   2.363693 f
  table_i/U2433/Y (INVX1)                                       0.320431  0.218925   2.582619 r
  table_i/n2543 (net)                          27     0.069430            0.000000   2.582619 r
  table_i/U1451/A (OAI21X1)                                     0.320431  0.000000   2.582619 r
  table_i/U1451/Y (OAI21X1)                                     0.040467  0.090852   2.673470 f
  table_i/n1836 (net)                           1     0.001290            0.000000   2.673470 f
  table_i/write_data_reg[128]/D (DFFPOSX1)                      0.040467  0.000000   2.673470 f
  data arrival time                                                                  2.673470

  clock core_clk (rise edge)                                              5.000000   5.000000
  clock network delay (ideal)                                             0.000000   5.000000
  clock uncertainty                                                       -0.100000  4.900000
  table_i/write_data_reg[128]/CLK (DFFPOSX1)                              0.000000   4.900000 r
  library setup time                                                      -0.063118  4.836882
  data required time                                                                 4.836882
  ----------------------------------------------------------------------------------------------
  data required time                                                                 4.836882
  data arrival time                                                                  -2.673470
  ----------------------------------------------------------------------------------------------
  slack (MET)                                                                        2.163412


1
