 
****************************************
Report : qor
Design : mc_top_Q_DEPTH16_SCHED_POLICY0_AGING_ENABLE0
Version: R-2020.09-SP4
Date   : Tue Sep 22 18:12:58 2026
****************************************


  Timing Path Group 'core_clk'
  -----------------------------------
  Levels of Logic:              62.00
  Critical Path Length:          2.84
  Critical Path Slack:           0.00
  Critical Path Clk Period:      3.00
  Total Negative Slack:          0.00
  No. of Violating Paths:        0.00
  Worst Hold Violation:         -0.00
  Total Hold Violation:         -0.01
  No. of Hold Violations:       11.00
  -----------------------------------


  Cell Count
  -----------------------------------
  Hierarchical Cell Count:         21
  Hierarchical Port Count:       4574
  Leaf Cell Count:              24897
  Buf/Inv Cell Count:            5067
  Buf Cell Count:                 719
  Inv Cell Count:                4348
  CT Buf/Inv Cell Count:            0
  Combinational Cell Count:     22928
  Sequential Cell Count:         1969
  Macro Count:                      0
  -----------------------------------


  Area
  -----------------------------------
  Combinational Area:    61071.884705
  Noncombinational Area: 15708.878551
  Buf/Inv Area:           7809.151837
  Total Buffer Area:          1687.13
  Total Inverter Area:        6122.02
  Macro/Black Box Area:      0.000000
  Net Area:                  0.000000
  -----------------------------------
  Cell Area:             76780.763256
  Design Area:           76780.763256


  Design Rules
  -----------------------------------
  Total Number of Nets:         25087
  Nets With Violations:          5178
  Max Trans Violations:             0
  Max Cap Violations:            5178
  -----------------------------------


  Hostname: redacted-lab-host

  Compile CPU Statistics
  -----------------------------------------
  Resource Sharing:                   36.16
  Logic Optimization:                  6.79
  Mapping Optimization:               34.74
  -----------------------------------------
  Overall Compile Time:               80.94
  Overall Compile Wall Clock Time:    81.53

  --------------------------------------------------------------------

  Design  WNS: 0.00  TNS: 0.00  Number of Violating Paths: 0


  Design (Hold)  WNS: 0.00  TNS: 0.01  Number of Violating Paths: 11

  --------------------------------------------------------------------


1
