 
****************************************
Report : qor
Design : mc_top_Q_DEPTH16_SCHED_POLICY1_AGING_ENABLE1
Version: R-2020.09-SP4
Date   : Wed Sep 30 16:06:52 2026
****************************************


  Timing Path Group 'core_clk'
  -----------------------------------
  Levels of Logic:              93.00
  Critical Path Length:          3.90
  Critical Path Slack:           0.00
  Critical Path Clk Period:      5.00
  Total Negative Slack:          0.00
  No. of Violating Paths:        0.00
  Worst Hold Violation:         -0.00
  Total Hold Violation:         -0.02
  No. of Hold Violations:       14.00
  -----------------------------------


  Cell Count
  -----------------------------------
  Hierarchical Cell Count:         21
  Hierarchical Port Count:       5037
  Leaf Cell Count:              26798
  Buf/Inv Cell Count:            5914
  Buf Cell Count:                 772
  Inv Cell Count:                5142
  CT Buf/Inv Cell Count:            0
  Combinational Cell Count:     24824
  Sequential Cell Count:         1974
  Macro Count:                      0
  -----------------------------------


  Area
  -----------------------------------
  Combinational Area:    65226.597531
  Noncombinational Area: 15748.769051
  Buf/Inv Area:           9087.525015
  Total Buffer Area:          1813.84
  Total Inverter Area:        7273.68
  Macro/Black Box Area:      0.000000
  Net Area:                  0.000000
  -----------------------------------
  Cell Area:             80975.366581
  Design Area:           80975.366581


  Design Rules
  -----------------------------------
  Total Number of Nets:         26988
  Nets With Violations:          5556
  Max Trans Violations:             0
  Max Cap Violations:            5556
  -----------------------------------


  Hostname: ecellvm-07.engr.ucsb.edu

  Compile CPU Statistics
  -----------------------------------------
  Resource Sharing:                   41.42
  Logic Optimization:                  8.33
  Mapping Optimization:               41.67
  -----------------------------------------
  Overall Compile Time:               95.28
  Overall Compile Wall Clock Time:    96.20

  --------------------------------------------------------------------

  Design  WNS: 0.00  TNS: 0.00  Number of Violating Paths: 0


  Design (Hold)  WNS: 0.00  TNS: 0.02  Number of Violating Paths: 14

  --------------------------------------------------------------------


1
