 
****************************************
Report : design
Design : mc_top_Q_DEPTH16_SCHED_POLICY1_AGING_ENABLE1
Version: R-2020.09-SP4
Date   : Tue Sep 22 17:46:22 2026
****************************************

Design allows ideal nets on clock nets.

Library(s) Used:

    gscl45nm (File: ${TECH_LIBRARY_DIR}/gscl45nm.db)

Local Link Library:

    {${TECH_LIBRARY_DIR}/gscl45nm.db}

Flip-Flop Types:

    No flip-flop types specified.

Latch Types:

    No latch types specified.

Operating Conditions:


    Operating Condition Name : typical
    Library : gscl45nm
    Process :   1.00
    Temperature :  27.00
    Voltage :   1.10

Wire Loading Model:

    No wire loading specified.


Wire Loading Model Mode: top.

Timing Ranges:

    No timing ranges specified.

Pin Input Delays:

    None specified.

Pin Output Delays:

    None specified.

Disabled Timing Arcs:

    No arcs disabled.

Required Licenses:

    None Required

Design Parameters:

    Q_DEPTH => 16
    SCHED_POLICY => 1
    AGING_ENABLE => 1
1
