 
****************************************
check_design summary:
Version:     R-2020.09-SP4
Date:        Tue Sep 22 18:32:49 2026
****************************************

                   Name                                            Total
--------------------------------------------------------------------------------
Inputs/Outputs                                                    112
    Unconnected ports (LINT-28)                                   112
--------------------------------------------------------------------------------

Warning: In design 'mc_scheduler_frfcfs_Q_DEPTH8_ADDR_W16_AGE_LIMIT128_AGING_ENABLE1', port 'addresses[127]' is not connected to any nets. (LINT-28)
Warning: In design 'mc_scheduler_frfcfs_Q_DEPTH8_ADDR_W16_AGE_LIMIT128_AGING_ENABLE1', port 'addresses[126]' is not connected to any nets. (LINT-28)
Warning: In design 'mc_scheduler_frfcfs_Q_DEPTH8_ADDR_W16_AGE_LIMIT128_AGING_ENABLE1', port 'addresses[125]' is not connected to any nets. (LINT-28)
Warning: In design 'mc_scheduler_frfcfs_Q_DEPTH8_ADDR_W16_AGE_LIMIT128_AGING_ENABLE1', port 'addresses[124]' is not connected to any nets. (LINT-28)
Warning: In design 'mc_scheduler_frfcfs_Q_DEPTH8_ADDR_W16_AGE_LIMIT128_AGING_ENABLE1', port 'addresses[123]' is not connected to any nets. (LINT-28)
Warning: In design 'mc_scheduler_frfcfs_Q_DEPTH8_ADDR_W16_AGE_LIMIT128_AGING_ENABLE1', port 'addresses[122]' is not connected to any nets. (LINT-28)
Warning: In design 'mc_scheduler_frfcfs_Q_DEPTH8_ADDR_W16_AGE_LIMIT128_AGING_ENABLE1', port 'addresses[121]' is not connected to any nets. (LINT-28)
Warning: In design 'mc_scheduler_frfcfs_Q_DEPTH8_ADDR_W16_AGE_LIMIT128_AGING_ENABLE1', port 'addresses[120]' is not connected to any nets. (LINT-28)
Warning: In design 'mc_scheduler_frfcfs_Q_DEPTH8_ADDR_W16_AGE_LIMIT128_AGING_ENABLE1', port 'addresses[119]' is not connected to any nets. (LINT-28)
Warning: In design 'mc_scheduler_frfcfs_Q_DEPTH8_ADDR_W16_AGE_LIMIT128_AGING_ENABLE1', port 'addresses[118]' is not connected to any nets. (LINT-28)
Warning: In design 'mc_scheduler_frfcfs_Q_DEPTH8_ADDR_W16_AGE_LIMIT128_AGING_ENABLE1', port 'addresses[117]' is not connected to any nets. (LINT-28)
Warning: In design 'mc_scheduler_frfcfs_Q_DEPTH8_ADDR_W16_AGE_LIMIT128_AGING_ENABLE1', port 'addresses[116]' is not connected to any nets. (LINT-28)
Warning: In design 'mc_scheduler_frfcfs_Q_DEPTH8_ADDR_W16_AGE_LIMIT128_AGING_ENABLE1', port 'addresses[115]' is not connected to any nets. (LINT-28)
Warning: In design 'mc_scheduler_frfcfs_Q_DEPTH8_ADDR_W16_AGE_LIMIT128_AGING_ENABLE1', port 'addresses[114]' is not connected to any nets. (LINT-28)
Warning: In design 'mc_scheduler_frfcfs_Q_DEPTH8_ADDR_W16_AGE_LIMIT128_AGING_ENABLE1', port 'addresses[111]' is not connected to any nets. (LINT-28)
Warning: In design 'mc_scheduler_frfcfs_Q_DEPTH8_ADDR_W16_AGE_LIMIT128_AGING_ENABLE1', port 'addresses[110]' is not connected to any nets. (LINT-28)
Warning: In design 'mc_scheduler_frfcfs_Q_DEPTH8_ADDR_W16_AGE_LIMIT128_AGING_ENABLE1', port 'addresses[109]' is not connected to any nets. (LINT-28)
Warning: In design 'mc_scheduler_frfcfs_Q_DEPTH8_ADDR_W16_AGE_LIMIT128_AGING_ENABLE1', port 'addresses[108]' is not connected to any nets. (LINT-28)
Warning: In design 'mc_scheduler_frfcfs_Q_DEPTH8_ADDR_W16_AGE_LIMIT128_AGING_ENABLE1', port 'addresses[107]' is not connected to any nets. (LINT-28)
Warning: In design 'mc_scheduler_frfcfs_Q_DEPTH8_ADDR_W16_AGE_LIMIT128_AGING_ENABLE1', port 'addresses[106]' is not connected to any nets. (LINT-28)
Warning: In design 'mc_scheduler_frfcfs_Q_DEPTH8_ADDR_W16_AGE_LIMIT128_AGING_ENABLE1', port 'addresses[105]' is not connected to any nets. (LINT-28)
Warning: In design 'mc_scheduler_frfcfs_Q_DEPTH8_ADDR_W16_AGE_LIMIT128_AGING_ENABLE1', port 'addresses[104]' is not connected to any nets. (LINT-28)
Warning: In design 'mc_scheduler_frfcfs_Q_DEPTH8_ADDR_W16_AGE_LIMIT128_AGING_ENABLE1', port 'addresses[103]' is not connected to any nets. (LINT-28)
Warning: In design 'mc_scheduler_frfcfs_Q_DEPTH8_ADDR_W16_AGE_LIMIT128_AGING_ENABLE1', port 'addresses[102]' is not connected to any nets. (LINT-28)
Warning: In design 'mc_scheduler_frfcfs_Q_DEPTH8_ADDR_W16_AGE_LIMIT128_AGING_ENABLE1', port 'addresses[101]' is not connected to any nets. (LINT-28)
Warning: In design 'mc_scheduler_frfcfs_Q_DEPTH8_ADDR_W16_AGE_LIMIT128_AGING_ENABLE1', port 'addresses[100]' is not connected to any nets. (LINT-28)
Warning: In design 'mc_scheduler_frfcfs_Q_DEPTH8_ADDR_W16_AGE_LIMIT128_AGING_ENABLE1', port 'addresses[99]' is not connected to any nets. (LINT-28)
Warning: In design 'mc_scheduler_frfcfs_Q_DEPTH8_ADDR_W16_AGE_LIMIT128_AGING_ENABLE1', port 'addresses[98]' is not connected to any nets. (LINT-28)
Warning: In design 'mc_scheduler_frfcfs_Q_DEPTH8_ADDR_W16_AGE_LIMIT128_AGING_ENABLE1', port 'addresses[95]' is not connected to any nets. (LINT-28)
Warning: In design 'mc_scheduler_frfcfs_Q_DEPTH8_ADDR_W16_AGE_LIMIT128_AGING_ENABLE1', port 'addresses[94]' is not connected to any nets. (LINT-28)
Warning: In design 'mc_scheduler_frfcfs_Q_DEPTH8_ADDR_W16_AGE_LIMIT128_AGING_ENABLE1', port 'addresses[93]' is not connected to any nets. (LINT-28)
Warning: In design 'mc_scheduler_frfcfs_Q_DEPTH8_ADDR_W16_AGE_LIMIT128_AGING_ENABLE1', port 'addresses[92]' is not connected to any nets. (LINT-28)
Warning: In design 'mc_scheduler_frfcfs_Q_DEPTH8_ADDR_W16_AGE_LIMIT128_AGING_ENABLE1', port 'addresses[91]' is not connected to any nets. (LINT-28)
Warning: In design 'mc_scheduler_frfcfs_Q_DEPTH8_ADDR_W16_AGE_LIMIT128_AGING_ENABLE1', port 'addresses[90]' is not connected to any nets. (LINT-28)
Warning: In design 'mc_scheduler_frfcfs_Q_DEPTH8_ADDR_W16_AGE_LIMIT128_AGING_ENABLE1', port 'addresses[89]' is not connected to any nets. (LINT-28)
Warning: In design 'mc_scheduler_frfcfs_Q_DEPTH8_ADDR_W16_AGE_LIMIT128_AGING_ENABLE1', port 'addresses[88]' is not connected to any nets. (LINT-28)
Warning: In design 'mc_scheduler_frfcfs_Q_DEPTH8_ADDR_W16_AGE_LIMIT128_AGING_ENABLE1', port 'addresses[87]' is not connected to any nets. (LINT-28)
Warning: In design 'mc_scheduler_frfcfs_Q_DEPTH8_ADDR_W16_AGE_LIMIT128_AGING_ENABLE1', port 'addresses[86]' is not connected to any nets. (LINT-28)
Warning: In design 'mc_scheduler_frfcfs_Q_DEPTH8_ADDR_W16_AGE_LIMIT128_AGING_ENABLE1', port 'addresses[85]' is not connected to any nets. (LINT-28)
Warning: In design 'mc_scheduler_frfcfs_Q_DEPTH8_ADDR_W16_AGE_LIMIT128_AGING_ENABLE1', port 'addresses[84]' is not connected to any nets. (LINT-28)
Warning: In design 'mc_scheduler_frfcfs_Q_DEPTH8_ADDR_W16_AGE_LIMIT128_AGING_ENABLE1', port 'addresses[83]' is not connected to any nets. (LINT-28)
Warning: In design 'mc_scheduler_frfcfs_Q_DEPTH8_ADDR_W16_AGE_LIMIT128_AGING_ENABLE1', port 'addresses[82]' is not connected to any nets. (LINT-28)
Warning: In design 'mc_scheduler_frfcfs_Q_DEPTH8_ADDR_W16_AGE_LIMIT128_AGING_ENABLE1', port 'addresses[79]' is not connected to any nets. (LINT-28)
Warning: In design 'mc_scheduler_frfcfs_Q_DEPTH8_ADDR_W16_AGE_LIMIT128_AGING_ENABLE1', port 'addresses[78]' is not connected to any nets. (LINT-28)
Warning: In design 'mc_scheduler_frfcfs_Q_DEPTH8_ADDR_W16_AGE_LIMIT128_AGING_ENABLE1', port 'addresses[77]' is not connected to any nets. (LINT-28)
Warning: In design 'mc_scheduler_frfcfs_Q_DEPTH8_ADDR_W16_AGE_LIMIT128_AGING_ENABLE1', port 'addresses[76]' is not connected to any nets. (LINT-28)
Warning: In design 'mc_scheduler_frfcfs_Q_DEPTH8_ADDR_W16_AGE_LIMIT128_AGING_ENABLE1', port 'addresses[75]' is not connected to any nets. (LINT-28)
Warning: In design 'mc_scheduler_frfcfs_Q_DEPTH8_ADDR_W16_AGE_LIMIT128_AGING_ENABLE1', port 'addresses[74]' is not connected to any nets. (LINT-28)
Warning: In design 'mc_scheduler_frfcfs_Q_DEPTH8_ADDR_W16_AGE_LIMIT128_AGING_ENABLE1', port 'addresses[73]' is not connected to any nets. (LINT-28)
Warning: In design 'mc_scheduler_frfcfs_Q_DEPTH8_ADDR_W16_AGE_LIMIT128_AGING_ENABLE1', port 'addresses[72]' is not connected to any nets. (LINT-28)
Warning: In design 'mc_scheduler_frfcfs_Q_DEPTH8_ADDR_W16_AGE_LIMIT128_AGING_ENABLE1', port 'addresses[71]' is not connected to any nets. (LINT-28)
Warning: In design 'mc_scheduler_frfcfs_Q_DEPTH8_ADDR_W16_AGE_LIMIT128_AGING_ENABLE1', port 'addresses[70]' is not connected to any nets. (LINT-28)
Warning: In design 'mc_scheduler_frfcfs_Q_DEPTH8_ADDR_W16_AGE_LIMIT128_AGING_ENABLE1', port 'addresses[69]' is not connected to any nets. (LINT-28)
Warning: In design 'mc_scheduler_frfcfs_Q_DEPTH8_ADDR_W16_AGE_LIMIT128_AGING_ENABLE1', port 'addresses[68]' is not connected to any nets. (LINT-28)
Warning: In design 'mc_scheduler_frfcfs_Q_DEPTH8_ADDR_W16_AGE_LIMIT128_AGING_ENABLE1', port 'addresses[67]' is not connected to any nets. (LINT-28)
Warning: In design 'mc_scheduler_frfcfs_Q_DEPTH8_ADDR_W16_AGE_LIMIT128_AGING_ENABLE1', port 'addresses[66]' is not connected to any nets. (LINT-28)
Warning: In design 'mc_scheduler_frfcfs_Q_DEPTH8_ADDR_W16_AGE_LIMIT128_AGING_ENABLE1', port 'addresses[63]' is not connected to any nets. (LINT-28)
Warning: In design 'mc_scheduler_frfcfs_Q_DEPTH8_ADDR_W16_AGE_LIMIT128_AGING_ENABLE1', port 'addresses[62]' is not connected to any nets. (LINT-28)
Warning: In design 'mc_scheduler_frfcfs_Q_DEPTH8_ADDR_W16_AGE_LIMIT128_AGING_ENABLE1', port 'addresses[61]' is not connected to any nets. (LINT-28)
Warning: In design 'mc_scheduler_frfcfs_Q_DEPTH8_ADDR_W16_AGE_LIMIT128_AGING_ENABLE1', port 'addresses[60]' is not connected to any nets. (LINT-28)
Warning: In design 'mc_scheduler_frfcfs_Q_DEPTH8_ADDR_W16_AGE_LIMIT128_AGING_ENABLE1', port 'addresses[59]' is not connected to any nets. (LINT-28)
Warning: In design 'mc_scheduler_frfcfs_Q_DEPTH8_ADDR_W16_AGE_LIMIT128_AGING_ENABLE1', port 'addresses[58]' is not connected to any nets. (LINT-28)
Warning: In design 'mc_scheduler_frfcfs_Q_DEPTH8_ADDR_W16_AGE_LIMIT128_AGING_ENABLE1', port 'addresses[57]' is not connected to any nets. (LINT-28)
Warning: In design 'mc_scheduler_frfcfs_Q_DEPTH8_ADDR_W16_AGE_LIMIT128_AGING_ENABLE1', port 'addresses[56]' is not connected to any nets. (LINT-28)
Warning: In design 'mc_scheduler_frfcfs_Q_DEPTH8_ADDR_W16_AGE_LIMIT128_AGING_ENABLE1', port 'addresses[55]' is not connected to any nets. (LINT-28)
Warning: In design 'mc_scheduler_frfcfs_Q_DEPTH8_ADDR_W16_AGE_LIMIT128_AGING_ENABLE1', port 'addresses[54]' is not connected to any nets. (LINT-28)
Warning: In design 'mc_scheduler_frfcfs_Q_DEPTH8_ADDR_W16_AGE_LIMIT128_AGING_ENABLE1', port 'addresses[53]' is not connected to any nets. (LINT-28)
Warning: In design 'mc_scheduler_frfcfs_Q_DEPTH8_ADDR_W16_AGE_LIMIT128_AGING_ENABLE1', port 'addresses[52]' is not connected to any nets. (LINT-28)
Warning: In design 'mc_scheduler_frfcfs_Q_DEPTH8_ADDR_W16_AGE_LIMIT128_AGING_ENABLE1', port 'addresses[51]' is not connected to any nets. (LINT-28)
Warning: In design 'mc_scheduler_frfcfs_Q_DEPTH8_ADDR_W16_AGE_LIMIT128_AGING_ENABLE1', port 'addresses[50]' is not connected to any nets. (LINT-28)
Warning: In design 'mc_scheduler_frfcfs_Q_DEPTH8_ADDR_W16_AGE_LIMIT128_AGING_ENABLE1', port 'addresses[47]' is not connected to any nets. (LINT-28)
Warning: In design 'mc_scheduler_frfcfs_Q_DEPTH8_ADDR_W16_AGE_LIMIT128_AGING_ENABLE1', port 'addresses[46]' is not connected to any nets. (LINT-28)
Warning: In design 'mc_scheduler_frfcfs_Q_DEPTH8_ADDR_W16_AGE_LIMIT128_AGING_ENABLE1', port 'addresses[45]' is not connected to any nets. (LINT-28)
Warning: In design 'mc_scheduler_frfcfs_Q_DEPTH8_ADDR_W16_AGE_LIMIT128_AGING_ENABLE1', port 'addresses[44]' is not connected to any nets. (LINT-28)
Warning: In design 'mc_scheduler_frfcfs_Q_DEPTH8_ADDR_W16_AGE_LIMIT128_AGING_ENABLE1', port 'addresses[43]' is not connected to any nets. (LINT-28)
Warning: In design 'mc_scheduler_frfcfs_Q_DEPTH8_ADDR_W16_AGE_LIMIT128_AGING_ENABLE1', port 'addresses[42]' is not connected to any nets. (LINT-28)
Warning: In design 'mc_scheduler_frfcfs_Q_DEPTH8_ADDR_W16_AGE_LIMIT128_AGING_ENABLE1', port 'addresses[41]' is not connected to any nets. (LINT-28)
Warning: In design 'mc_scheduler_frfcfs_Q_DEPTH8_ADDR_W16_AGE_LIMIT128_AGING_ENABLE1', port 'addresses[40]' is not connected to any nets. (LINT-28)
Warning: In design 'mc_scheduler_frfcfs_Q_DEPTH8_ADDR_W16_AGE_LIMIT128_AGING_ENABLE1', port 'addresses[39]' is not connected to any nets. (LINT-28)
Warning: In design 'mc_scheduler_frfcfs_Q_DEPTH8_ADDR_W16_AGE_LIMIT128_AGING_ENABLE1', port 'addresses[38]' is not connected to any nets. (LINT-28)
Warning: In design 'mc_scheduler_frfcfs_Q_DEPTH8_ADDR_W16_AGE_LIMIT128_AGING_ENABLE1', port 'addresses[37]' is not connected to any nets. (LINT-28)
Warning: In design 'mc_scheduler_frfcfs_Q_DEPTH8_ADDR_W16_AGE_LIMIT128_AGING_ENABLE1', port 'addresses[36]' is not connected to any nets. (LINT-28)
Warning: In design 'mc_scheduler_frfcfs_Q_DEPTH8_ADDR_W16_AGE_LIMIT128_AGING_ENABLE1', port 'addresses[35]' is not connected to any nets. (LINT-28)
Warning: In design 'mc_scheduler_frfcfs_Q_DEPTH8_ADDR_W16_AGE_LIMIT128_AGING_ENABLE1', port 'addresses[34]' is not connected to any nets. (LINT-28)
Warning: In design 'mc_scheduler_frfcfs_Q_DEPTH8_ADDR_W16_AGE_LIMIT128_AGING_ENABLE1', port 'addresses[31]' is not connected to any nets. (LINT-28)
Warning: In design 'mc_scheduler_frfcfs_Q_DEPTH8_ADDR_W16_AGE_LIMIT128_AGING_ENABLE1', port 'addresses[30]' is not connected to any nets. (LINT-28)
Warning: In design 'mc_scheduler_frfcfs_Q_DEPTH8_ADDR_W16_AGE_LIMIT128_AGING_ENABLE1', port 'addresses[29]' is not connected to any nets. (LINT-28)
Warning: In design 'mc_scheduler_frfcfs_Q_DEPTH8_ADDR_W16_AGE_LIMIT128_AGING_ENABLE1', port 'addresses[28]' is not connected to any nets. (LINT-28)
Warning: In design 'mc_scheduler_frfcfs_Q_DEPTH8_ADDR_W16_AGE_LIMIT128_AGING_ENABLE1', port 'addresses[27]' is not connected to any nets. (LINT-28)
Warning: In design 'mc_scheduler_frfcfs_Q_DEPTH8_ADDR_W16_AGE_LIMIT128_AGING_ENABLE1', port 'addresses[26]' is not connected to any nets. (LINT-28)
Warning: In design 'mc_scheduler_frfcfs_Q_DEPTH8_ADDR_W16_AGE_LIMIT128_AGING_ENABLE1', port 'addresses[25]' is not connected to any nets. (LINT-28)
Warning: In design 'mc_scheduler_frfcfs_Q_DEPTH8_ADDR_W16_AGE_LIMIT128_AGING_ENABLE1', port 'addresses[24]' is not connected to any nets. (LINT-28)
Warning: In design 'mc_scheduler_frfcfs_Q_DEPTH8_ADDR_W16_AGE_LIMIT128_AGING_ENABLE1', port 'addresses[23]' is not connected to any nets. (LINT-28)
Warning: In design 'mc_scheduler_frfcfs_Q_DEPTH8_ADDR_W16_AGE_LIMIT128_AGING_ENABLE1', port 'addresses[22]' is not connected to any nets. (LINT-28)
Warning: In design 'mc_scheduler_frfcfs_Q_DEPTH8_ADDR_W16_AGE_LIMIT128_AGING_ENABLE1', port 'addresses[21]' is not connected to any nets. (LINT-28)
Warning: In design 'mc_scheduler_frfcfs_Q_DEPTH8_ADDR_W16_AGE_LIMIT128_AGING_ENABLE1', port 'addresses[20]' is not connected to any nets. (LINT-28)
Warning: In design 'mc_scheduler_frfcfs_Q_DEPTH8_ADDR_W16_AGE_LIMIT128_AGING_ENABLE1', port 'addresses[19]' is not connected to any nets. (LINT-28)
Warning: In design 'mc_scheduler_frfcfs_Q_DEPTH8_ADDR_W16_AGE_LIMIT128_AGING_ENABLE1', port 'addresses[18]' is not connected to any nets. (LINT-28)
Warning: In design 'mc_scheduler_frfcfs_Q_DEPTH8_ADDR_W16_AGE_LIMIT128_AGING_ENABLE1', port 'addresses[15]' is not connected to any nets. (LINT-28)
Warning: In design 'mc_scheduler_frfcfs_Q_DEPTH8_ADDR_W16_AGE_LIMIT128_AGING_ENABLE1', port 'addresses[14]' is not connected to any nets. (LINT-28)
Warning: In design 'mc_scheduler_frfcfs_Q_DEPTH8_ADDR_W16_AGE_LIMIT128_AGING_ENABLE1', port 'addresses[13]' is not connected to any nets. (LINT-28)
Warning: In design 'mc_scheduler_frfcfs_Q_DEPTH8_ADDR_W16_AGE_LIMIT128_AGING_ENABLE1', port 'addresses[12]' is not connected to any nets. (LINT-28)
Warning: In design 'mc_scheduler_frfcfs_Q_DEPTH8_ADDR_W16_AGE_LIMIT128_AGING_ENABLE1', port 'addresses[11]' is not connected to any nets. (LINT-28)
Warning: In design 'mc_scheduler_frfcfs_Q_DEPTH8_ADDR_W16_AGE_LIMIT128_AGING_ENABLE1', port 'addresses[10]' is not connected to any nets. (LINT-28)
Warning: In design 'mc_scheduler_frfcfs_Q_DEPTH8_ADDR_W16_AGE_LIMIT128_AGING_ENABLE1', port 'addresses[9]' is not connected to any nets. (LINT-28)
Warning: In design 'mc_scheduler_frfcfs_Q_DEPTH8_ADDR_W16_AGE_LIMIT128_AGING_ENABLE1', port 'addresses[8]' is not connected to any nets. (LINT-28)
Warning: In design 'mc_scheduler_frfcfs_Q_DEPTH8_ADDR_W16_AGE_LIMIT128_AGING_ENABLE1', port 'addresses[7]' is not connected to any nets. (LINT-28)
Warning: In design 'mc_scheduler_frfcfs_Q_DEPTH8_ADDR_W16_AGE_LIMIT128_AGING_ENABLE1', port 'addresses[6]' is not connected to any nets. (LINT-28)
Warning: In design 'mc_scheduler_frfcfs_Q_DEPTH8_ADDR_W16_AGE_LIMIT128_AGING_ENABLE1', port 'addresses[5]' is not connected to any nets. (LINT-28)
Warning: In design 'mc_scheduler_frfcfs_Q_DEPTH8_ADDR_W16_AGE_LIMIT128_AGING_ENABLE1', port 'addresses[4]' is not connected to any nets. (LINT-28)
Warning: In design 'mc_scheduler_frfcfs_Q_DEPTH8_ADDR_W16_AGE_LIMIT128_AGING_ENABLE1', port 'addresses[3]' is not connected to any nets. (LINT-28)
Warning: In design 'mc_scheduler_frfcfs_Q_DEPTH8_ADDR_W16_AGE_LIMIT128_AGING_ENABLE1', port 'addresses[2]' is not connected to any nets. (LINT-28)
1
