 
****************************************
Report : qor
Design : mc_top_Q_DEPTH8_SCHED_POLICY1_AGING_ENABLE1
Version: R-2020.09-SP4
Date   : Tue Sep 22 18:32:49 2026
****************************************


  Timing Path Group 'core_clk'
  -----------------------------------
  Levels of Logic:              75.00
  Critical Path Length:          3.76
  Critical Path Slack:           0.14
  Critical Path Clk Period:      5.00
  Total Negative Slack:          0.00
  No. of Violating Paths:        0.00
  Worst Hold Violation:         -0.00
  Total Hold Violation:         -0.02
  No. of Hold Violations:        7.00
  -----------------------------------


  Cell Count
  -----------------------------------
  Hierarchical Cell Count:         13
  Hierarchical Port Count:       2427
  Leaf Cell Count:               9530
  Buf/Inv Cell Count:            2157
  Buf Cell Count:                 340
  Inv Cell Count:                1817
  CT Buf/Inv Cell Count:            0
  Combinational Cell Count:      8557
  Sequential Cell Count:          973
  Macro Count:                      0
  -----------------------------------


  Area
  -----------------------------------
  Combinational Area:    21944.467529
  Noncombinational Area:  7762.691128
  Buf/Inv Area:           3355.964229
  Total Buffer Area:           797.81
  Total Inverter Area:        2558.15
  Macro/Black Box Area:      0.000000
  Net Area:                  0.000000
  -----------------------------------
  Cell Area:             29707.158657
  Design Area:           29707.158657


  Design Rules
  -----------------------------------
  Total Number of Nets:          9672
  Nets With Violations:          2476
  Max Trans Violations:             0
  Max Cap Violations:            2476
  -----------------------------------


  Hostname: redacted-lab-host

  Compile CPU Statistics
  -----------------------------------------
  Resource Sharing:                   11.72
  Logic Optimization:                  2.27
  Mapping Optimization:               14.51
  -----------------------------------------
  Overall Compile Time:               30.09
  Overall Compile Wall Clock Time:    30.59

  --------------------------------------------------------------------

  Design  WNS: 0.00  TNS: 0.00  Number of Violating Paths: 0


  Design (Hold)  WNS: 0.00  TNS: 0.02  Number of Violating Paths: 7

  --------------------------------------------------------------------


1
