 
****************************************
Report : qor
Design : mc_top_Q_DEPTH16_SCHED_POLICY1_AGING_ENABLE1
Version: R-2020.09-SP4
Date   : Tue Sep 22 18:23:26 2026
****************************************


  Timing Path Group 'core_clk'
  -----------------------------------
  Levels of Logic:              73.00
  Critical Path Length:          2.28
  Critical Path Slack:          -0.38
  Critical Path Clk Period:      3.00
  Total Negative Slack:        -18.66
  No. of Violating Paths:       51.00
  Worst Hold Violation:         -0.01
  Total Hold Violation:         -3.60
  No. of Hold Violations:      256.00
  -----------------------------------


  Cell Count
  -----------------------------------
  Hierarchical Cell Count:         21
  Hierarchical Port Count:       5037
  Leaf Cell Count:              31318
  Buf/Inv Cell Count:            9797
  Buf Cell Count:                 832
  Inv Cell Count:                8965
  CT Buf/Inv Cell Count:            0
  Combinational Cell Count:     29344
  Sequential Cell Count:         1974
  Macro Count:                      0
  -----------------------------------


  Area
  -----------------------------------
  Combinational Area:    74532.816463
  Noncombinational Area: 15748.769051
  Buf/Inv Area:          15947.283032
  Total Buffer Area:          1958.86
  Total Inverter Area:       13988.42
  Macro/Black Box Area:      0.000000
  Net Area:                  0.000000
  -----------------------------------
  Cell Area:             90281.585513
  Design Area:           90281.585513


  Design Rules
  -----------------------------------
  Total Number of Nets:         31508
  Nets With Violations:          6731
  Max Trans Violations:             0
  Max Cap Violations:            6731
  -----------------------------------


  Hostname: redacted-lab-host

  Compile CPU Statistics
  -----------------------------------------
  Resource Sharing:                   40.45
  Logic Optimization:                174.41
  Mapping Optimization:              360.00
  -----------------------------------------
  Overall Compile Time:              578.73
  Overall Compile Wall Clock Time:   579.86

  --------------------------------------------------------------------

  Design  WNS: 0.38  TNS: 18.66  Number of Violating Paths: 51


  Design (Hold)  WNS: 0.01  TNS: 3.60  Number of Violating Paths: 256

  --------------------------------------------------------------------


1
