 
****************************************
Report : qor
Design : mc_top_Q_DEPTH16_SCHED_POLICY1_AGING_ENABLE1
Version: R-2020.09-SP4
Date   : Tue Sep 22 18:13:18 2026
****************************************


  Timing Path Group 'core_clk'
  -----------------------------------
  Levels of Logic:              90.00
  Critical Path Length:          2.90
  Critical Path Slack:           0.00
  Critical Path Clk Period:      4.00
  Total Negative Slack:          0.00
  No. of Violating Paths:        0.00
  Worst Hold Violation:         -0.00
  Total Hold Violation:         -0.01
  No. of Hold Violations:       11.00
  -----------------------------------


  Cell Count
  -----------------------------------
  Hierarchical Cell Count:         21
  Hierarchical Port Count:       5037
  Leaf Cell Count:              27927
  Buf/Inv Cell Count:            6580
  Buf Cell Count:                 875
  Inv Cell Count:                5705
  CT Buf/Inv Cell Count:            0
  Combinational Cell Count:     25953
  Sequential Cell Count:         1974
  Macro Count:                      0
  -----------------------------------


  Area
  -----------------------------------
  Combinational Area:    68245.135132
  Noncombinational Area: 15748.769051
  Buf/Inv Area:          11045.444601
  Total Buffer Area:          2060.70
  Total Inverter Area:        8984.75
  Macro/Black Box Area:      0.000000
  Net Area:                  0.000000
  -----------------------------------
  Cell Area:             83993.904183
  Design Area:           83993.904183


  Design Rules
  -----------------------------------
  Total Number of Nets:         28117
  Nets With Violations:          6116
  Max Trans Violations:             0
  Max Cap Violations:            6116
  -----------------------------------


  Hostname: redacted-lab-host

  Compile CPU Statistics
  -----------------------------------------
  Resource Sharing:                   42.18
  Logic Optimization:                 15.94
  Mapping Optimization:              109.05
  -----------------------------------------
  Overall Compile Time:              170.93
  Overall Compile Wall Clock Time:   171.59

  --------------------------------------------------------------------

  Design  WNS: 0.00  TNS: 0.00  Number of Violating Paths: 0


  Design (Hold)  WNS: 0.00  TNS: 0.01  Number of Violating Paths: 11

  --------------------------------------------------------------------


1
