 
****************************************
check_design summary:
Version:     R-2020.09-SP4
Date:        Tue Sep 22 18:30:39 2026
****************************************

                   Name                                            Total
--------------------------------------------------------------------------------
Inputs/Outputs                                                    109
    Unconnected ports (LINT-28)                                   108
    Constant outputs (LINT-52)                                      1
--------------------------------------------------------------------------------

Warning: In design 'mc_scheduler_frfcfs_Q_DEPTH4_ADDR_W16_AGE_LIMIT128_AGING_ENABLE0', port 'addresses[63]' is not connected to any nets. (LINT-28)
Warning: In design 'mc_scheduler_frfcfs_Q_DEPTH4_ADDR_W16_AGE_LIMIT128_AGING_ENABLE0', port 'addresses[62]' is not connected to any nets. (LINT-28)
Warning: In design 'mc_scheduler_frfcfs_Q_DEPTH4_ADDR_W16_AGE_LIMIT128_AGING_ENABLE0', port 'addresses[61]' is not connected to any nets. (LINT-28)
Warning: In design 'mc_scheduler_frfcfs_Q_DEPTH4_ADDR_W16_AGE_LIMIT128_AGING_ENABLE0', port 'addresses[60]' is not connected to any nets. (LINT-28)
Warning: In design 'mc_scheduler_frfcfs_Q_DEPTH4_ADDR_W16_AGE_LIMIT128_AGING_ENABLE0', port 'addresses[59]' is not connected to any nets. (LINT-28)
Warning: In design 'mc_scheduler_frfcfs_Q_DEPTH4_ADDR_W16_AGE_LIMIT128_AGING_ENABLE0', port 'addresses[58]' is not connected to any nets. (LINT-28)
Warning: In design 'mc_scheduler_frfcfs_Q_DEPTH4_ADDR_W16_AGE_LIMIT128_AGING_ENABLE0', port 'addresses[57]' is not connected to any nets. (LINT-28)
Warning: In design 'mc_scheduler_frfcfs_Q_DEPTH4_ADDR_W16_AGE_LIMIT128_AGING_ENABLE0', port 'addresses[56]' is not connected to any nets. (LINT-28)
Warning: In design 'mc_scheduler_frfcfs_Q_DEPTH4_ADDR_W16_AGE_LIMIT128_AGING_ENABLE0', port 'addresses[55]' is not connected to any nets. (LINT-28)
Warning: In design 'mc_scheduler_frfcfs_Q_DEPTH4_ADDR_W16_AGE_LIMIT128_AGING_ENABLE0', port 'addresses[54]' is not connected to any nets. (LINT-28)
Warning: In design 'mc_scheduler_frfcfs_Q_DEPTH4_ADDR_W16_AGE_LIMIT128_AGING_ENABLE0', port 'addresses[53]' is not connected to any nets. (LINT-28)
Warning: In design 'mc_scheduler_frfcfs_Q_DEPTH4_ADDR_W16_AGE_LIMIT128_AGING_ENABLE0', port 'addresses[52]' is not connected to any nets. (LINT-28)
Warning: In design 'mc_scheduler_frfcfs_Q_DEPTH4_ADDR_W16_AGE_LIMIT128_AGING_ENABLE0', port 'addresses[51]' is not connected to any nets. (LINT-28)
Warning: In design 'mc_scheduler_frfcfs_Q_DEPTH4_ADDR_W16_AGE_LIMIT128_AGING_ENABLE0', port 'addresses[50]' is not connected to any nets. (LINT-28)
Warning: In design 'mc_scheduler_frfcfs_Q_DEPTH4_ADDR_W16_AGE_LIMIT128_AGING_ENABLE0', port 'addresses[49]' is not connected to any nets. (LINT-28)
Warning: In design 'mc_scheduler_frfcfs_Q_DEPTH4_ADDR_W16_AGE_LIMIT128_AGING_ENABLE0', port 'addresses[48]' is not connected to any nets. (LINT-28)
Warning: In design 'mc_scheduler_frfcfs_Q_DEPTH4_ADDR_W16_AGE_LIMIT128_AGING_ENABLE0', port 'addresses[47]' is not connected to any nets. (LINT-28)
Warning: In design 'mc_scheduler_frfcfs_Q_DEPTH4_ADDR_W16_AGE_LIMIT128_AGING_ENABLE0', port 'addresses[46]' is not connected to any nets. (LINT-28)
Warning: In design 'mc_scheduler_frfcfs_Q_DEPTH4_ADDR_W16_AGE_LIMIT128_AGING_ENABLE0', port 'addresses[45]' is not connected to any nets. (LINT-28)
Warning: In design 'mc_scheduler_frfcfs_Q_DEPTH4_ADDR_W16_AGE_LIMIT128_AGING_ENABLE0', port 'addresses[44]' is not connected to any nets. (LINT-28)
Warning: In design 'mc_scheduler_frfcfs_Q_DEPTH4_ADDR_W16_AGE_LIMIT128_AGING_ENABLE0', port 'addresses[43]' is not connected to any nets. (LINT-28)
Warning: In design 'mc_scheduler_frfcfs_Q_DEPTH4_ADDR_W16_AGE_LIMIT128_AGING_ENABLE0', port 'addresses[42]' is not connected to any nets. (LINT-28)
Warning: In design 'mc_scheduler_frfcfs_Q_DEPTH4_ADDR_W16_AGE_LIMIT128_AGING_ENABLE0', port 'addresses[41]' is not connected to any nets. (LINT-28)
Warning: In design 'mc_scheduler_frfcfs_Q_DEPTH4_ADDR_W16_AGE_LIMIT128_AGING_ENABLE0', port 'addresses[40]' is not connected to any nets. (LINT-28)
Warning: In design 'mc_scheduler_frfcfs_Q_DEPTH4_ADDR_W16_AGE_LIMIT128_AGING_ENABLE0', port 'addresses[39]' is not connected to any nets. (LINT-28)
Warning: In design 'mc_scheduler_frfcfs_Q_DEPTH4_ADDR_W16_AGE_LIMIT128_AGING_ENABLE0', port 'addresses[38]' is not connected to any nets. (LINT-28)
Warning: In design 'mc_scheduler_frfcfs_Q_DEPTH4_ADDR_W16_AGE_LIMIT128_AGING_ENABLE0', port 'addresses[37]' is not connected to any nets. (LINT-28)
Warning: In design 'mc_scheduler_frfcfs_Q_DEPTH4_ADDR_W16_AGE_LIMIT128_AGING_ENABLE0', port 'addresses[36]' is not connected to any nets. (LINT-28)
Warning: In design 'mc_scheduler_frfcfs_Q_DEPTH4_ADDR_W16_AGE_LIMIT128_AGING_ENABLE0', port 'addresses[35]' is not connected to any nets. (LINT-28)
Warning: In design 'mc_scheduler_frfcfs_Q_DEPTH4_ADDR_W16_AGE_LIMIT128_AGING_ENABLE0', port 'addresses[34]' is not connected to any nets. (LINT-28)
Warning: In design 'mc_scheduler_frfcfs_Q_DEPTH4_ADDR_W16_AGE_LIMIT128_AGING_ENABLE0', port 'addresses[33]' is not connected to any nets. (LINT-28)
Warning: In design 'mc_scheduler_frfcfs_Q_DEPTH4_ADDR_W16_AGE_LIMIT128_AGING_ENABLE0', port 'addresses[32]' is not connected to any nets. (LINT-28)
Warning: In design 'mc_scheduler_frfcfs_Q_DEPTH4_ADDR_W16_AGE_LIMIT128_AGING_ENABLE0', port 'addresses[31]' is not connected to any nets. (LINT-28)
Warning: In design 'mc_scheduler_frfcfs_Q_DEPTH4_ADDR_W16_AGE_LIMIT128_AGING_ENABLE0', port 'addresses[30]' is not connected to any nets. (LINT-28)
Warning: In design 'mc_scheduler_frfcfs_Q_DEPTH4_ADDR_W16_AGE_LIMIT128_AGING_ENABLE0', port 'addresses[29]' is not connected to any nets. (LINT-28)
Warning: In design 'mc_scheduler_frfcfs_Q_DEPTH4_ADDR_W16_AGE_LIMIT128_AGING_ENABLE0', port 'addresses[28]' is not connected to any nets. (LINT-28)
Warning: In design 'mc_scheduler_frfcfs_Q_DEPTH4_ADDR_W16_AGE_LIMIT128_AGING_ENABLE0', port 'addresses[27]' is not connected to any nets. (LINT-28)
Warning: In design 'mc_scheduler_frfcfs_Q_DEPTH4_ADDR_W16_AGE_LIMIT128_AGING_ENABLE0', port 'addresses[26]' is not connected to any nets. (LINT-28)
Warning: In design 'mc_scheduler_frfcfs_Q_DEPTH4_ADDR_W16_AGE_LIMIT128_AGING_ENABLE0', port 'addresses[25]' is not connected to any nets. (LINT-28)
Warning: In design 'mc_scheduler_frfcfs_Q_DEPTH4_ADDR_W16_AGE_LIMIT128_AGING_ENABLE0', port 'addresses[24]' is not connected to any nets. (LINT-28)
Warning: In design 'mc_scheduler_frfcfs_Q_DEPTH4_ADDR_W16_AGE_LIMIT128_AGING_ENABLE0', port 'addresses[23]' is not connected to any nets. (LINT-28)
Warning: In design 'mc_scheduler_frfcfs_Q_DEPTH4_ADDR_W16_AGE_LIMIT128_AGING_ENABLE0', port 'addresses[22]' is not connected to any nets. (LINT-28)
Warning: In design 'mc_scheduler_frfcfs_Q_DEPTH4_ADDR_W16_AGE_LIMIT128_AGING_ENABLE0', port 'addresses[21]' is not connected to any nets. (LINT-28)
Warning: In design 'mc_scheduler_frfcfs_Q_DEPTH4_ADDR_W16_AGE_LIMIT128_AGING_ENABLE0', port 'addresses[20]' is not connected to any nets. (LINT-28)
Warning: In design 'mc_scheduler_frfcfs_Q_DEPTH4_ADDR_W16_AGE_LIMIT128_AGING_ENABLE0', port 'addresses[19]' is not connected to any nets. (LINT-28)
Warning: In design 'mc_scheduler_frfcfs_Q_DEPTH4_ADDR_W16_AGE_LIMIT128_AGING_ENABLE0', port 'addresses[18]' is not connected to any nets. (LINT-28)
Warning: In design 'mc_scheduler_frfcfs_Q_DEPTH4_ADDR_W16_AGE_LIMIT128_AGING_ENABLE0', port 'addresses[17]' is not connected to any nets. (LINT-28)
Warning: In design 'mc_scheduler_frfcfs_Q_DEPTH4_ADDR_W16_AGE_LIMIT128_AGING_ENABLE0', port 'addresses[16]' is not connected to any nets. (LINT-28)
Warning: In design 'mc_scheduler_frfcfs_Q_DEPTH4_ADDR_W16_AGE_LIMIT128_AGING_ENABLE0', port 'addresses[15]' is not connected to any nets. (LINT-28)
Warning: In design 'mc_scheduler_frfcfs_Q_DEPTH4_ADDR_W16_AGE_LIMIT128_AGING_ENABLE0', port 'addresses[14]' is not connected to any nets. (LINT-28)
Warning: In design 'mc_scheduler_frfcfs_Q_DEPTH4_ADDR_W16_AGE_LIMIT128_AGING_ENABLE0', port 'addresses[13]' is not connected to any nets. (LINT-28)
Warning: In design 'mc_scheduler_frfcfs_Q_DEPTH4_ADDR_W16_AGE_LIMIT128_AGING_ENABLE0', port 'addresses[12]' is not connected to any nets. (LINT-28)
Warning: In design 'mc_scheduler_frfcfs_Q_DEPTH4_ADDR_W16_AGE_LIMIT128_AGING_ENABLE0', port 'addresses[11]' is not connected to any nets. (LINT-28)
Warning: In design 'mc_scheduler_frfcfs_Q_DEPTH4_ADDR_W16_AGE_LIMIT128_AGING_ENABLE0', port 'addresses[10]' is not connected to any nets. (LINT-28)
Warning: In design 'mc_scheduler_frfcfs_Q_DEPTH4_ADDR_W16_AGE_LIMIT128_AGING_ENABLE0', port 'addresses[9]' is not connected to any nets. (LINT-28)
Warning: In design 'mc_scheduler_frfcfs_Q_DEPTH4_ADDR_W16_AGE_LIMIT128_AGING_ENABLE0', port 'addresses[8]' is not connected to any nets. (LINT-28)
Warning: In design 'mc_scheduler_frfcfs_Q_DEPTH4_ADDR_W16_AGE_LIMIT128_AGING_ENABLE0', port 'addresses[7]' is not connected to any nets. (LINT-28)
Warning: In design 'mc_scheduler_frfcfs_Q_DEPTH4_ADDR_W16_AGE_LIMIT128_AGING_ENABLE0', port 'addresses[6]' is not connected to any nets. (LINT-28)
Warning: In design 'mc_scheduler_frfcfs_Q_DEPTH4_ADDR_W16_AGE_LIMIT128_AGING_ENABLE0', port 'addresses[5]' is not connected to any nets. (LINT-28)
Warning: In design 'mc_scheduler_frfcfs_Q_DEPTH4_ADDR_W16_AGE_LIMIT128_AGING_ENABLE0', port 'addresses[4]' is not connected to any nets. (LINT-28)
Warning: In design 'mc_scheduler_frfcfs_Q_DEPTH4_ADDR_W16_AGE_LIMIT128_AGING_ENABLE0', port 'addresses[3]' is not connected to any nets. (LINT-28)
Warning: In design 'mc_scheduler_frfcfs_Q_DEPTH4_ADDR_W16_AGE_LIMIT128_AGING_ENABLE0', port 'addresses[2]' is not connected to any nets. (LINT-28)
Warning: In design 'mc_scheduler_frfcfs_Q_DEPTH4_ADDR_W16_AGE_LIMIT128_AGING_ENABLE0', port 'addresses[1]' is not connected to any nets. (LINT-28)
Warning: In design 'mc_scheduler_frfcfs_Q_DEPTH4_ADDR_W16_AGE_LIMIT128_AGING_ENABLE0', port 'addresses[0]' is not connected to any nets. (LINT-28)
Warning: In design 'mc_scheduler_frfcfs_Q_DEPTH4_ADDR_W16_AGE_LIMIT128_AGING_ENABLE0', port 'ages[31]' is not connected to any nets. (LINT-28)
Warning: In design 'mc_scheduler_frfcfs_Q_DEPTH4_ADDR_W16_AGE_LIMIT128_AGING_ENABLE0', port 'ages[30]' is not connected to any nets. (LINT-28)
Warning: In design 'mc_scheduler_frfcfs_Q_DEPTH4_ADDR_W16_AGE_LIMIT128_AGING_ENABLE0', port 'ages[29]' is not connected to any nets. (LINT-28)
Warning: In design 'mc_scheduler_frfcfs_Q_DEPTH4_ADDR_W16_AGE_LIMIT128_AGING_ENABLE0', port 'ages[28]' is not connected to any nets. (LINT-28)
Warning: In design 'mc_scheduler_frfcfs_Q_DEPTH4_ADDR_W16_AGE_LIMIT128_AGING_ENABLE0', port 'ages[27]' is not connected to any nets. (LINT-28)
Warning: In design 'mc_scheduler_frfcfs_Q_DEPTH4_ADDR_W16_AGE_LIMIT128_AGING_ENABLE0', port 'ages[26]' is not connected to any nets. (LINT-28)
Warning: In design 'mc_scheduler_frfcfs_Q_DEPTH4_ADDR_W16_AGE_LIMIT128_AGING_ENABLE0', port 'ages[25]' is not connected to any nets. (LINT-28)
Warning: In design 'mc_scheduler_frfcfs_Q_DEPTH4_ADDR_W16_AGE_LIMIT128_AGING_ENABLE0', port 'ages[24]' is not connected to any nets. (LINT-28)
Warning: In design 'mc_scheduler_frfcfs_Q_DEPTH4_ADDR_W16_AGE_LIMIT128_AGING_ENABLE0', port 'ages[23]' is not connected to any nets. (LINT-28)
Warning: In design 'mc_scheduler_frfcfs_Q_DEPTH4_ADDR_W16_AGE_LIMIT128_AGING_ENABLE0', port 'ages[22]' is not connected to any nets. (LINT-28)
Warning: In design 'mc_scheduler_frfcfs_Q_DEPTH4_ADDR_W16_AGE_LIMIT128_AGING_ENABLE0', port 'ages[21]' is not connected to any nets. (LINT-28)
Warning: In design 'mc_scheduler_frfcfs_Q_DEPTH4_ADDR_W16_AGE_LIMIT128_AGING_ENABLE0', port 'ages[20]' is not connected to any nets. (LINT-28)
Warning: In design 'mc_scheduler_frfcfs_Q_DEPTH4_ADDR_W16_AGE_LIMIT128_AGING_ENABLE0', port 'ages[19]' is not connected to any nets. (LINT-28)
Warning: In design 'mc_scheduler_frfcfs_Q_DEPTH4_ADDR_W16_AGE_LIMIT128_AGING_ENABLE0', port 'ages[18]' is not connected to any nets. (LINT-28)
Warning: In design 'mc_scheduler_frfcfs_Q_DEPTH4_ADDR_W16_AGE_LIMIT128_AGING_ENABLE0', port 'ages[17]' is not connected to any nets. (LINT-28)
Warning: In design 'mc_scheduler_frfcfs_Q_DEPTH4_ADDR_W16_AGE_LIMIT128_AGING_ENABLE0', port 'ages[16]' is not connected to any nets. (LINT-28)
Warning: In design 'mc_scheduler_frfcfs_Q_DEPTH4_ADDR_W16_AGE_LIMIT128_AGING_ENABLE0', port 'ages[15]' is not connected to any nets. (LINT-28)
Warning: In design 'mc_scheduler_frfcfs_Q_DEPTH4_ADDR_W16_AGE_LIMIT128_AGING_ENABLE0', port 'ages[14]' is not connected to any nets. (LINT-28)
Warning: In design 'mc_scheduler_frfcfs_Q_DEPTH4_ADDR_W16_AGE_LIMIT128_AGING_ENABLE0', port 'ages[13]' is not connected to any nets. (LINT-28)
Warning: In design 'mc_scheduler_frfcfs_Q_DEPTH4_ADDR_W16_AGE_LIMIT128_AGING_ENABLE0', port 'ages[12]' is not connected to any nets. (LINT-28)
Warning: In design 'mc_scheduler_frfcfs_Q_DEPTH4_ADDR_W16_AGE_LIMIT128_AGING_ENABLE0', port 'ages[11]' is not connected to any nets. (LINT-28)
Warning: In design 'mc_scheduler_frfcfs_Q_DEPTH4_ADDR_W16_AGE_LIMIT128_AGING_ENABLE0', port 'ages[10]' is not connected to any nets. (LINT-28)
Warning: In design 'mc_scheduler_frfcfs_Q_DEPTH4_ADDR_W16_AGE_LIMIT128_AGING_ENABLE0', port 'ages[9]' is not connected to any nets. (LINT-28)
Warning: In design 'mc_scheduler_frfcfs_Q_DEPTH4_ADDR_W16_AGE_LIMIT128_AGING_ENABLE0', port 'ages[8]' is not connected to any nets. (LINT-28)
Warning: In design 'mc_scheduler_frfcfs_Q_DEPTH4_ADDR_W16_AGE_LIMIT128_AGING_ENABLE0', port 'ages[7]' is not connected to any nets. (LINT-28)
Warning: In design 'mc_scheduler_frfcfs_Q_DEPTH4_ADDR_W16_AGE_LIMIT128_AGING_ENABLE0', port 'ages[6]' is not connected to any nets. (LINT-28)
Warning: In design 'mc_scheduler_frfcfs_Q_DEPTH4_ADDR_W16_AGE_LIMIT128_AGING_ENABLE0', port 'ages[5]' is not connected to any nets. (LINT-28)
Warning: In design 'mc_scheduler_frfcfs_Q_DEPTH4_ADDR_W16_AGE_LIMIT128_AGING_ENABLE0', port 'ages[4]' is not connected to any nets. (LINT-28)
Warning: In design 'mc_scheduler_frfcfs_Q_DEPTH4_ADDR_W16_AGE_LIMIT128_AGING_ENABLE0', port 'ages[3]' is not connected to any nets. (LINT-28)
Warning: In design 'mc_scheduler_frfcfs_Q_DEPTH4_ADDR_W16_AGE_LIMIT128_AGING_ENABLE0', port 'ages[2]' is not connected to any nets. (LINT-28)
Warning: In design 'mc_scheduler_frfcfs_Q_DEPTH4_ADDR_W16_AGE_LIMIT128_AGING_ENABLE0', port 'ages[1]' is not connected to any nets. (LINT-28)
Warning: In design 'mc_scheduler_frfcfs_Q_DEPTH4_ADDR_W16_AGE_LIMIT128_AGING_ENABLE0', port 'ages[0]' is not connected to any nets. (LINT-28)
Warning: In design 'mc_scheduler_frfcfs_Q_DEPTH4_ADDR_W16_AGE_LIMIT128_AGING_ENABLE0', port 'owner_valid[3]' is not connected to any nets. (LINT-28)
Warning: In design 'mc_scheduler_frfcfs_Q_DEPTH4_ADDR_W16_AGE_LIMIT128_AGING_ENABLE0', port 'owner_valid[2]' is not connected to any nets. (LINT-28)
Warning: In design 'mc_scheduler_frfcfs_Q_DEPTH4_ADDR_W16_AGE_LIMIT128_AGING_ENABLE0', port 'owner_valid[1]' is not connected to any nets. (LINT-28)
Warning: In design 'mc_scheduler_frfcfs_Q_DEPTH4_ADDR_W16_AGE_LIMIT128_AGING_ENABLE0', port 'owner_valid[0]' is not connected to any nets. (LINT-28)
Warning: In design 'mc_scheduler_frfcfs_Q_DEPTH4_ADDR_W16_AGE_LIMIT128_AGING_ENABLE0', port 'owners[7]' is not connected to any nets. (LINT-28)
Warning: In design 'mc_scheduler_frfcfs_Q_DEPTH4_ADDR_W16_AGE_LIMIT128_AGING_ENABLE0', port 'owners[6]' is not connected to any nets. (LINT-28)
Warning: In design 'mc_scheduler_frfcfs_Q_DEPTH4_ADDR_W16_AGE_LIMIT128_AGING_ENABLE0', port 'owners[5]' is not connected to any nets. (LINT-28)
Warning: In design 'mc_scheduler_frfcfs_Q_DEPTH4_ADDR_W16_AGE_LIMIT128_AGING_ENABLE0', port 'owners[4]' is not connected to any nets. (LINT-28)
Warning: In design 'mc_scheduler_frfcfs_Q_DEPTH4_ADDR_W16_AGE_LIMIT128_AGING_ENABLE0', port 'owners[3]' is not connected to any nets. (LINT-28)
Warning: In design 'mc_scheduler_frfcfs_Q_DEPTH4_ADDR_W16_AGE_LIMIT128_AGING_ENABLE0', port 'owners[2]' is not connected to any nets. (LINT-28)
Warning: In design 'mc_scheduler_frfcfs_Q_DEPTH4_ADDR_W16_AGE_LIMIT128_AGING_ENABLE0', port 'owners[1]' is not connected to any nets. (LINT-28)
Warning: In design 'mc_scheduler_frfcfs_Q_DEPTH4_ADDR_W16_AGE_LIMIT128_AGING_ENABLE0', port 'owners[0]' is not connected to any nets. (LINT-28)
Warning: In design 'mc_scheduler_frfcfs_Q_DEPTH4_ADDR_W16_AGE_LIMIT128_AGING_ENABLE0', output port 'protection_active' is connected directly to 'logic 0'. (LINT-52)
1
