 
****************************************
Report : qor
Design : mc_top_Q_DEPTH4_SCHED_POLICY1_AGING_ENABLE0
Version: R-2020.09-SP4
Date   : Tue Sep 22 18:30:39 2026
****************************************


  Timing Path Group 'core_clk'
  -----------------------------------
  Levels of Logic:              55.00
  Critical Path Length:          3.06
  Critical Path Slack:           0.84
  Critical Path Clk Period:      5.00
  Total Negative Slack:          0.00
  No. of Violating Paths:        0.00
  Worst Hold Violation:         -0.05
  Total Hold Violation:         -0.33
  No. of Hold Violations:        9.00
  -----------------------------------


  Cell Count
  -----------------------------------
  Hierarchical Cell Count:          9
  Hierarchical Port Count:       1301
  Leaf Cell Count:               4497
  Buf/Inv Cell Count:            1581
  Buf Cell Count:                 438
  Inv Cell Count:                1143
  CT Buf/Inv Cell Count:            0
  Combinational Cell Count:      3981
  Sequential Cell Count:          516
  Macro Count:                      0
  -----------------------------------


  Area
  -----------------------------------
  Combinational Area:     9501.447576
  Noncombinational Area:  4116.699509
  Buf/Inv Area:           2636.996637
  Total Buffer Area:          1027.77
  Total Inverter Area:        1609.23
  Macro/Black Box Area:      0.000000
  Net Area:                  0.000000
  -----------------------------------
  Cell Area:             13618.147084
  Design Area:           13618.147084


  Design Rules
  -----------------------------------
  Total Number of Nets:          4616
  Nets With Violations:           615
  Max Trans Violations:             0
  Max Cap Violations:             615
  -----------------------------------


  Hostname: redacted-lab-host

  Compile CPU Statistics
  -----------------------------------------
  Resource Sharing:                    4.46
  Logic Optimization:                  0.89
  Mapping Optimization:                5.60
  -----------------------------------------
  Overall Compile Time:               11.71
  Overall Compile Wall Clock Time:    12.21

  --------------------------------------------------------------------

  Design  WNS: 0.00  TNS: 0.00  Number of Violating Paths: 0


  Design (Hold)  WNS: 0.05  TNS: 0.33  Number of Violating Paths: 9

  --------------------------------------------------------------------


1
