
****************************************
Report : qor
Design : mc_top_Q_DEPTH16_SCHED_POLICY1_AGING_ENABLE1
Version: R-2020.09-SP4
Date   : Wed Sep 30 19:59:33 2026
****************************************


  Timing Path Group 'core_clk'
  -----------------------------------
  Levels of Logic:              61.00
  Critical Path Length:          2.00
  Critical Path Slack:          -0.10
  Critical Path Clk Period:      3.00
  Total Negative Slack:         -5.78
  No. of Violating Paths:       66.00
  Worst Hold Violation:         -0.00
  Total Hold Violation:         -0.03
  No. of Hold Violations:       23.00
  -----------------------------------


  Cell Count
  -----------------------------------
  Hierarchical Cell Count:         21
  Hierarchical Port Count:       5301
  Leaf Cell Count:              23958
  Buf/Inv Cell Count:            7571
  Buf Cell Count:                1041
  Inv Cell Count:                6530
  CT Buf/Inv Cell Count:            0
  Combinational Cell Count:     21984
  Sequential Cell Count:         1974
  Macro Count:                      0
  -----------------------------------


  Area
  -----------------------------------
  Combinational Area:    55510.680028
  Noncombinational Area: 15748.769051
  Buf/Inv Area:          12916.543675
  Total Buffer Area:          2468.05
  Total Inverter Area:       10448.50
  Macro/Black Box Area:      0.000000
  Net Area:                  0.000000
  -----------------------------------
  Cell Area:             71259.449079
  Design Area:           71259.449079


  Design Rules
  -----------------------------------
  Total Number of Nets:         24149
  Nets With Violations:          5137
  Max Trans Violations:             0
  Max Cap Violations:            5137
  -----------------------------------


  Hostname: ecellvm-07.engr.ucsb.edu

  Compile CPU Statistics
  -----------------------------------------
  Resource Sharing:                   28.49
  Logic Optimization:                 24.91
  Mapping Optimization:              235.90
  -----------------------------------------
  Overall Compile Time:              293.07
  Overall Compile Wall Clock Time:   294.19

  --------------------------------------------------------------------

  Design  WNS: 0.10  TNS: 5.78  Number of Violating Paths: 66


  Design (Hold)  WNS: 0.00  TNS: 0.03  Number of Violating Paths: 23

  --------------------------------------------------------------------


1
