
****************************************
Report : timing
        -path full
        -delay min
        -input_pins
        -nets
        -max_paths 20
        -transition_time
        -capacitance
Design : mc_top_Q_DEPTH16_SCHED_POLICY1_AGING_ENABLE1
Version: R-2020.09-SP4
Date   : Wed Sep 30 20:08:48 2026
****************************************

 # A fanout number of 1000 was used for high fanout net computations.

Operating Conditions: typical   Library: gscl45nm
Wire Load Model Mode: top

  Startpoint: banks_i/ras_reg[2][2]
              (rising edge-triggered flip-flop clocked by core_clk)
  Endpoint: banks_i/ras_reg[2][2]
            (rising edge-triggered flip-flop clocked by core_clk)
  Path Group: core_clk
  Path Type: min

  Point                                       Fanout       Cap     Trans      Incr       Path
  ----------------------------------------------------------------------------------------------
  clock core_clk (rise edge)                                              0.000000   0.000000
  clock network delay (ideal)                                             0.000000   0.000000
  banks_i/ras_reg[2][2]/CLK (DFFPOSX1)                          0.000000  0.000000 # 0.000000 r
  banks_i/ras_reg[2][2]/Q (DFFPOSX1)                            0.018956  0.067661   0.067661 r
  banks_i/ras[2][2] (net)                       2     0.005385            0.000000   0.067661 r
  banks_i/U85/C (NAND3X1)                                       0.018956  0.000000   0.067661 r
  banks_i/U85/Y (NAND3X1)                                       0.005089  0.011767   0.079428 f
  banks_i/n68 (net)                             1     0.001944            0.000000   0.079428 f
  banks_i/U84/B (NAND2X1)                                       0.005089  0.000000   0.079428 f
  banks_i/U84/Y (NAND2X1)                                       0.029660  0.009604   0.089033 r
  banks_i/n211 (net)                            1     0.001816            0.000000   0.089033 r
  banks_i/ras_reg[2][2]/D (DFFPOSX1)                            0.029660  0.000000   0.089033 r
  data arrival time                                                                  0.089033

  clock core_clk (rise edge)                                              0.000000   0.000000
  clock network delay (ideal)                                             0.000000   0.000000
  clock uncertainty                                                       0.100000   0.100000
  banks_i/ras_reg[2][2]/CLK (DFFPOSX1)                                    0.000000   0.100000 r
  library hold time                                                       -0.010307  0.089693
  data required time                                                                 0.089693
  ----------------------------------------------------------------------------------------------
  data required time                                                                 0.089693
  data arrival time                                                                  -0.089033
  ----------------------------------------------------------------------------------------------
  slack (VIOLATED)                                                                   -0.000661


  Startpoint: banks_i/ras_reg[3][2]
              (rising edge-triggered flip-flop clocked by core_clk)
  Endpoint: banks_i/ras_reg[3][2]
            (rising edge-triggered flip-flop clocked by core_clk)
  Path Group: core_clk
  Path Type: min

  Point                                       Fanout       Cap     Trans      Incr       Path
  ----------------------------------------------------------------------------------------------
  clock core_clk (rise edge)                                              0.000000   0.000000
  clock network delay (ideal)                                             0.000000   0.000000
  banks_i/ras_reg[3][2]/CLK (DFFPOSX1)                          0.000000  0.000000 # 0.000000 r
  banks_i/ras_reg[3][2]/Q (DFFPOSX1)                            0.018956  0.067661   0.067661 r
  banks_i/ras[3][2] (net)                       2     0.005385            0.000000   0.067661 r
  banks_i/U92/C (NAND3X1)                                       0.018956  0.000000   0.067661 r
  banks_i/U92/Y (NAND3X1)                                       0.005089  0.011767   0.079428 f
  banks_i/n77 (net)                             1     0.001944            0.000000   0.079428 f
  banks_i/U91/B (NAND2X1)                                       0.005089  0.000000   0.079428 f
  banks_i/U91/Y (NAND2X1)                                       0.029660  0.009604   0.089033 r
  banks_i/n214 (net)                            1     0.001816            0.000000   0.089033 r
  banks_i/ras_reg[3][2]/D (DFFPOSX1)                            0.029660  0.000000   0.089033 r
  data arrival time                                                                  0.089033

  clock core_clk (rise edge)                                              0.000000   0.000000
  clock network delay (ideal)                                             0.000000   0.000000
  clock uncertainty                                                       0.100000   0.100000
  banks_i/ras_reg[3][2]/CLK (DFFPOSX1)                                    0.000000   0.100000 r
  library hold time                                                       -0.010307  0.089693
  data required time                                                                 0.089693
  ----------------------------------------------------------------------------------------------
  data required time                                                                 0.089693
  data arrival time                                                                  -0.089033
  ----------------------------------------------------------------------------------------------
  slack (VIOLATED)                                                                   -0.000661


  Startpoint: banks_i/ras_reg[1][2]
              (rising edge-triggered flip-flop clocked by core_clk)
  Endpoint: banks_i/ras_reg[1][2]
            (rising edge-triggered flip-flop clocked by core_clk)
  Path Group: core_clk
  Path Type: min

  Point                                       Fanout       Cap     Trans      Incr       Path
  ----------------------------------------------------------------------------------------------
  clock core_clk (rise edge)                                              0.000000   0.000000
  clock network delay (ideal)                                             0.000000   0.000000
  banks_i/ras_reg[1][2]/CLK (DFFPOSX1)                          0.000000  0.000000 # 0.000000 r
  banks_i/ras_reg[1][2]/Q (DFFPOSX1)                            0.018956  0.067661   0.067661 r
  banks_i/ras[1][2] (net)                       2     0.005385            0.000000   0.067661 r
  banks_i/U78/C (NAND3X1)                                       0.018956  0.000000   0.067661 r
  banks_i/U78/Y (NAND3X1)                                       0.005089  0.011767   0.079428 f
  banks_i/n59 (net)                             1     0.001944            0.000000   0.079428 f
  banks_i/U77/B (NAND2X1)                                       0.005089  0.000000   0.079428 f
  banks_i/U77/Y (NAND2X1)                                       0.029657  0.009604   0.089033 r
  banks_i/n208 (net)                            1     0.001816            0.000000   0.089033 r
  banks_i/ras_reg[1][2]/D (DFFPOSX1)                            0.029657  0.000000   0.089033 r
  data arrival time                                                                  0.089033

  clock core_clk (rise edge)                                              0.000000   0.000000
  clock network delay (ideal)                                             0.000000   0.000000
  clock uncertainty                                                       0.100000   0.100000
  banks_i/ras_reg[1][2]/CLK (DFFPOSX1)                                    0.000000   0.100000 r
  library hold time                                                       -0.010308  0.089692
  data required time                                                                 0.089692
  ----------------------------------------------------------------------------------------------
  data required time                                                                 0.089692
  data arrival time                                                                  -0.089033
  ----------------------------------------------------------------------------------------------
  slack (VIOLATED)                                                                   -0.000659


  Startpoint: banks_i/rcd_reg[0][1]
              (rising edge-triggered flip-flop clocked by core_clk)
  Endpoint: banks_i/rcd_reg[0][1]
            (rising edge-triggered flip-flop clocked by core_clk)
  Path Group: core_clk
  Path Type: min

  Point                                       Fanout       Cap     Trans      Incr       Path
  ----------------------------------------------------------------------------------------------
  clock core_clk (rise edge)                                              0.000000   0.000000
  clock network delay (ideal)                                             0.000000   0.000000
  banks_i/rcd_reg[0][1]/CLK (DFFPOSX1)                          0.000000  0.000000 # 0.000000 r
  banks_i/rcd_reg[0][1]/Q (DFFPOSX1)                            0.019192  0.067816   0.067816 r
  banks_i/rcd[0][1] (net)                       2     0.005486            0.000000   0.067816 r
  banks_i/U131/C (NAND3X1)                                      0.019192  0.000000   0.067816 r
  banks_i/U131/Y (NAND3X1)                                      0.005033  0.011822   0.079638 f
  banks_i/n111 (net)                            1     0.001944            0.000000   0.079638 f
  banks_i/U130/B (NAND2X1)                                      0.005033  0.000000   0.079638 f
  banks_i/U130/Y (NAND2X1)                                      0.029661  0.009586   0.089224 r
  banks_i/n231 (net)                            1     0.001816            0.000000   0.089224 r
  banks_i/rcd_reg[0][1]/D (DFFPOSX1)                            0.029661  0.000000   0.089224 r
  data arrival time                                                                  0.089224

  clock core_clk (rise edge)                                              0.000000   0.000000
  clock network delay (ideal)                                             0.000000   0.000000
  clock uncertainty                                                       0.100000   0.100000
  banks_i/rcd_reg[0][1]/CLK (DFFPOSX1)                                    0.000000   0.100000 r
  library hold time                                                       -0.010306  0.089694
  data required time                                                                 0.089694
  ----------------------------------------------------------------------------------------------
  data required time                                                                 0.089694
  data arrival time                                                                  -0.089224
  ----------------------------------------------------------------------------------------------
  slack (VIOLATED)                                                                   -0.000469


  Startpoint: banks_i/rcd_reg[2][1]
              (rising edge-triggered flip-flop clocked by core_clk)
  Endpoint: banks_i/rcd_reg[2][1]
            (rising edge-triggered flip-flop clocked by core_clk)
  Path Group: core_clk
  Path Type: min

  Point                                       Fanout       Cap     Trans      Incr       Path
  ----------------------------------------------------------------------------------------------
  clock core_clk (rise edge)                                              0.000000   0.000000
  clock network delay (ideal)                                             0.000000   0.000000
  banks_i/rcd_reg[2][1]/CLK (DFFPOSX1)                          0.000000  0.000000 # 0.000000 r
  banks_i/rcd_reg[2][1]/Q (DFFPOSX1)                            0.019192  0.067816   0.067816 r
  banks_i/rcd[2][1] (net)                       2     0.005486            0.000000   0.067816 r
  banks_i/U123/C (NAND3X1)                                      0.019192  0.000000   0.067816 r
  banks_i/U123/Y (NAND3X1)                                      0.005033  0.011822   0.079638 f
  banks_i/n108 (net)                            1     0.001944            0.000000   0.079638 f
  banks_i/U122/B (NAND2X1)                                      0.005033  0.000000   0.079638 f
  banks_i/U122/Y (NAND2X1)                                      0.029660  0.009586   0.089224 r
  banks_i/n228 (net)                            1     0.001816            0.000000   0.089224 r
  banks_i/rcd_reg[2][1]/D (DFFPOSX1)                            0.029660  0.000000   0.089224 r
  data arrival time                                                                  0.089224

  clock core_clk (rise edge)                                              0.000000   0.000000
  clock network delay (ideal)                                             0.000000   0.000000
  clock uncertainty                                                       0.100000   0.100000
  banks_i/rcd_reg[2][1]/CLK (DFFPOSX1)                                    0.000000   0.100000 r
  library hold time                                                       -0.010307  0.089693
  data required time                                                                 0.089693
  ----------------------------------------------------------------------------------------------
  data required time                                                                 0.089693
  data arrival time                                                                  -0.089224
  ----------------------------------------------------------------------------------------------
  slack (VIOLATED)                                                                   -0.000469


  Startpoint: banks_i/rcd_reg[3][1]
              (rising edge-triggered flip-flop clocked by core_clk)
  Endpoint: banks_i/rcd_reg[3][1]
            (rising edge-triggered flip-flop clocked by core_clk)
  Path Group: core_clk
  Path Type: min

  Point                                       Fanout       Cap     Trans      Incr       Path
  ----------------------------------------------------------------------------------------------
  clock core_clk (rise edge)                                              0.000000   0.000000
  clock network delay (ideal)                                             0.000000   0.000000
  banks_i/rcd_reg[3][1]/CLK (DFFPOSX1)                          0.000000  0.000000 # 0.000000 r
  banks_i/rcd_reg[3][1]/Q (DFFPOSX1)                            0.019192  0.067816   0.067816 r
  banks_i/rcd[3][1] (net)                       2     0.005486            0.000000   0.067816 r
  banks_i/U128/C (NAND3X1)                                      0.019192  0.000000   0.067816 r
  banks_i/U128/Y (NAND3X1)                                      0.005033  0.011822   0.079638 f
  banks_i/n110 (net)                            1     0.001944            0.000000   0.079638 f
  banks_i/U127/B (NAND2X1)                                      0.005033  0.000000   0.079638 f
  banks_i/U127/Y (NAND2X1)                                      0.029660  0.009586   0.089224 r
  banks_i/n230 (net)                            1     0.001816            0.000000   0.089224 r
  banks_i/rcd_reg[3][1]/D (DFFPOSX1)                            0.029660  0.000000   0.089224 r
  data arrival time                                                                  0.089224

  clock core_clk (rise edge)                                              0.000000   0.000000
  clock network delay (ideal)                                             0.000000   0.000000
  clock uncertainty                                                       0.100000   0.100000
  banks_i/rcd_reg[3][1]/CLK (DFFPOSX1)                                    0.000000   0.100000 r
  library hold time                                                       -0.010307  0.089693
  data required time                                                                 0.089693
  ----------------------------------------------------------------------------------------------
  data required time                                                                 0.089693
  data arrival time                                                                  -0.089224
  ----------------------------------------------------------------------------------------------
  slack (VIOLATED)                                                                   -0.000469


  Startpoint: banks_i/rcd_reg[1][1]
              (rising edge-triggered flip-flop clocked by core_clk)
  Endpoint: banks_i/rcd_reg[1][1]
            (rising edge-triggered flip-flop clocked by core_clk)
  Path Group: core_clk
  Path Type: min

  Point                                       Fanout       Cap     Trans      Incr       Path
  ----------------------------------------------------------------------------------------------
  clock core_clk (rise edge)                                              0.000000   0.000000
  clock network delay (ideal)                                             0.000000   0.000000
  banks_i/rcd_reg[1][1]/CLK (DFFPOSX1)                          0.000000  0.000000 # 0.000000 r
  banks_i/rcd_reg[1][1]/Q (DFFPOSX1)                            0.019192  0.067816   0.067816 r
  banks_i/rcd[1][1] (net)                       2     0.005486            0.000000   0.067816 r
  banks_i/U118/C (NAND3X1)                                      0.019192  0.000000   0.067816 r
  banks_i/U118/Y (NAND3X1)                                      0.005033  0.011822   0.079638 f
  banks_i/n105 (net)                            1     0.001944            0.000000   0.079638 f
  banks_i/U117/B (NAND2X1)                                      0.005033  0.000000   0.079638 f
  banks_i/U117/Y (NAND2X1)                                      0.029657  0.009586   0.089224 r
  banks_i/n226 (net)                            1     0.001816            0.000000   0.089224 r
  banks_i/rcd_reg[1][1]/D (DFFPOSX1)                            0.029657  0.000000   0.089224 r
  data arrival time                                                                  0.089224

  clock core_clk (rise edge)                                              0.000000   0.000000
  clock network delay (ideal)                                             0.000000   0.000000
  clock uncertainty                                                       0.100000   0.100000
  banks_i/rcd_reg[1][1]/CLK (DFFPOSX1)                                    0.000000   0.100000 r
  library hold time                                                       -0.010308  0.089692
  data required time                                                                 0.089692
  ----------------------------------------------------------------------------------------------
  data required time                                                                 0.089692
  data arrival time                                                                  -0.089224
  ----------------------------------------------------------------------------------------------
  slack (VIOLATED)                                                                   -0.000467


  Startpoint: banks_i/ras_reg[0][2]
              (rising edge-triggered flip-flop clocked by core_clk)
  Endpoint: banks_i/ras_reg[0][2]
            (rising edge-triggered flip-flop clocked by core_clk)
  Path Group: core_clk
  Path Type: min

  Point                                       Fanout       Cap     Trans      Incr       Path
  ----------------------------------------------------------------------------------------------
  clock core_clk (rise edge)                                              0.000000   0.000000
  clock network delay (ideal)                                             0.000000   0.000000
  banks_i/ras_reg[0][2]/CLK (DFFPOSX1)                          0.000000  0.000000 # 0.000000 r
  banks_i/ras_reg[0][2]/Q (DFFPOSX1)                            0.018956  0.067661   0.067661 r
  banks_i/ras[0][2] (net)                       2     0.005385            0.000000   0.067661 r
  banks_i/U94/C (NAND3X1)                                       0.018956  0.000000   0.067661 r
  banks_i/U94/Y (NAND3X1)                                       0.006625  0.011767   0.079428 f
  banks_i/n78 (net)                             1     0.001944            0.000000   0.079428 f
  banks_i/U93/B (NAND2X1)                                       0.006625  0.000000   0.079428 f
  banks_i/U93/Y (NAND2X1)                                       0.029661  0.010103   0.089531 r
  banks_i/n215 (net)                            1     0.001816            0.000000   0.089531 r
  banks_i/ras_reg[0][2]/D (DFFPOSX1)                            0.029661  0.000000   0.089531 r
  data arrival time                                                                  0.089531

  clock core_clk (rise edge)                                              0.000000   0.000000
  clock network delay (ideal)                                             0.000000   0.000000
  clock uncertainty                                                       0.100000   0.100000
  banks_i/ras_reg[0][2]/CLK (DFFPOSX1)                                    0.000000   0.100000 r
  library hold time                                                       -0.010306  0.089694
  data required time                                                                 0.089694
  ----------------------------------------------------------------------------------------------
  data required time                                                                 0.089694
  data arrival time                                                                  -0.089531
  ----------------------------------------------------------------------------------------------
  slack (VIOLATED)                                                                   -0.000162


  Startpoint: rsp_ready (input port clocked by core_clk)
  Endpoint: response_i/held_slot_reg[1]
            (rising edge-triggered flip-flop clocked by core_clk)
  Path Group: core_clk
  Path Type: min

  Point                                       Fanout       Cap     Trans      Incr       Path
  ----------------------------------------------------------------------------------------------
  clock core_clk (rise edge)                                              0.000000   0.000000
  clock network delay (ideal)                                             0.000000   0.000000
  input external delay                                                    0.000000   0.000000 r
  rsp_ready (in)                                                0.100000  0.000000   0.000000 r
  rsp_ready (net)                               2     0.005085            0.000000   0.000000 r
  response_i/rsp_ready (mc_response_Q_DEPTH16_DATA_W32_TAG_W8)            0.000000   0.000000 r
  response_i/rsp_ready (net)                          0.005085            0.000000   0.000000 r
  response_i/U167/A (OAI21X1)                                   0.100000  0.000000   0.000000 r
  response_i/U167/Y (OAI21X1)                                   0.018280  0.054094   0.054094 f
  response_i/n647 (net)                         5     0.011200            0.000000   0.054094 f
  response_i/U830/A (INVX1)                                     0.018280  0.000000   0.054094 f
  response_i/U830/Y (INVX1)                                     0.000000  0.009984   0.064078 r
  response_i/n127 (net)                         2     0.004120            0.000000   0.064078 r
  response_i/U147/A (NAND2X1)                                   0.000000  0.000000   0.064078 r
  response_i/U147/Y (NAND2X1)                                   0.000000  0.009678   0.073756 f
  response_i/n655 (net)                         1     0.001924            0.000000   0.073756 f
  response_i/U146/C (OAI21X1)                                   0.000000  0.000000   0.073756 f
  response_i/U146/Y (OAI21X1)                                   0.006711  0.013809   0.087564 r
  response_i/n1337 (net)                        1     0.001816            0.000000   0.087564 r
  response_i/held_slot_reg[1]/D (DFFPOSX1)                      0.006711  0.000000   0.087564 r
  data arrival time                                                                  0.087564

  clock core_clk (rise edge)                                              0.000000   0.000000
  clock network delay (ideal)                                             0.000000   0.000000
  clock uncertainty                                                       0.100000   0.100000
  response_i/held_slot_reg[1]/CLK (DFFPOSX1)                              0.000000   0.100000 r
  library hold time                                                       -0.020466  0.079534
  data required time                                                                 0.079534
  ----------------------------------------------------------------------------------------------
  data required time                                                                 0.079534
  data arrival time                                                                  -0.087564
  ----------------------------------------------------------------------------------------------
  slack (MET)                                                                        0.008031


  Startpoint: rsp_ready (input port clocked by core_clk)
  Endpoint: response_i/held_slot_reg[2]
            (rising edge-triggered flip-flop clocked by core_clk)
  Path Group: core_clk
  Path Type: min

  Point                                       Fanout       Cap     Trans      Incr       Path
  ----------------------------------------------------------------------------------------------
  clock core_clk (rise edge)                                              0.000000   0.000000
  clock network delay (ideal)                                             0.000000   0.000000
  input external delay                                                    0.000000   0.000000 r
  rsp_ready (in)                                                0.100000  0.000000   0.000000 r
  rsp_ready (net)                               2     0.005085            0.000000   0.000000 r
  response_i/rsp_ready (mc_response_Q_DEPTH16_DATA_W32_TAG_W8)            0.000000   0.000000 r
  response_i/rsp_ready (net)                          0.005085            0.000000   0.000000 r
  response_i/U167/A (OAI21X1)                                   0.100000  0.000000   0.000000 r
  response_i/U167/Y (OAI21X1)                                   0.018280  0.054094   0.054094 f
  response_i/n647 (net)                         5     0.011200            0.000000   0.054094 f
  response_i/U830/A (INVX1)                                     0.018280  0.000000   0.054094 f
  response_i/U830/Y (INVX1)                                     0.000000  0.009984   0.064078 r
  response_i/n127 (net)                         2     0.004120            0.000000   0.064078 r
  response_i/U144/C (OAI21X1)                                   0.000000  0.000000   0.064078 r
  response_i/U144/Y (OAI21X1)                                   0.000000  0.010318   0.074396 f
  response_i/n650 (net)                         1     0.001924            0.000000   0.074396 f
  response_i/U143/C (OAI21X1)                                   0.000000  0.000000   0.074396 f
  response_i/U143/Y (OAI21X1)                                   0.006711  0.013809   0.088204 r
  response_i/n1336 (net)                        1     0.001816            0.000000   0.088204 r
  response_i/held_slot_reg[2]/D (DFFPOSX1)                      0.006711  0.000000   0.088204 r
  data arrival time                                                                  0.088204

  clock core_clk (rise edge)                                              0.000000   0.000000
  clock network delay (ideal)                                             0.000000   0.000000
  clock uncertainty                                                       0.100000   0.100000
  response_i/held_slot_reg[2]/CLK (DFFPOSX1)                              0.000000   0.100000 r
  library hold time                                                       -0.020466  0.079534
  data required time                                                                 0.079534
  ----------------------------------------------------------------------------------------------
  data required time                                                                 0.079534
  data arrival time                                                                  -0.088204
  ----------------------------------------------------------------------------------------------
  slack (MET)                                                                        0.008671


  Startpoint: table_i/return_valid_reg[1]
              (rising edge-triggered flip-flop clocked by core_clk)
  Endpoint: table_i/return_valid_reg[2]
            (rising edge-triggered flip-flop clocked by core_clk)
  Path Group: core_clk
  Path Type: min

  Point                                       Fanout       Cap     Trans      Incr       Path
  ----------------------------------------------------------------------------------------------
  clock core_clk (rise edge)                                              0.000000   0.000000
  clock network delay (ideal)                                             0.000000   0.000000
  table_i/return_valid_reg[1]/CLK (DFFPOSX1)                    0.000000  0.000000 # 0.000000 r
  table_i/return_valid_reg[1]/Q (DFFPOSX1)                      0.011766  0.062939   0.062939 r
  table_i/return_valid[1] (net)                 1     0.002291            0.000000   0.062939 r
  table_i/U5646/A (AND2X1)                                      0.011766  0.000000   0.062939 r
  table_i/U5646/Y (AND2X1)                                      0.013773  0.029222   0.092161 r
  table_i/N6866 (net)                           1     0.001816            0.000000   0.092161 r
  table_i/return_valid_reg[2]/D (DFFPOSX1)                      0.013773  0.000000   0.092161 r
  data arrival time                                                                  0.092161

  clock core_clk (rise edge)                                              0.000000   0.000000
  clock network delay (ideal)                                             0.000000   0.000000
  clock uncertainty                                                       0.100000   0.100000
  table_i/return_valid_reg[2]/CLK (DFFPOSX1)                              0.000000   0.100000 r
  library hold time                                                       -0.017340  0.082660
  data required time                                                                 0.082660
  ----------------------------------------------------------------------------------------------
  data required time                                                                 0.082660
  data arrival time                                                                  -0.092161
  ----------------------------------------------------------------------------------------------
  slack (MET)                                                                        0.009501


  Startpoint: table_i/return_valid_reg[0]
              (rising edge-triggered flip-flop clocked by core_clk)
  Endpoint: table_i/return_valid_reg[1]
            (rising edge-triggered flip-flop clocked by core_clk)
  Path Group: core_clk
  Path Type: min

  Point                                       Fanout       Cap     Trans      Incr       Path
  ----------------------------------------------------------------------------------------------
  clock core_clk (rise edge)                                              0.000000   0.000000
  clock network delay (ideal)                                             0.000000   0.000000
  table_i/return_valid_reg[0]/CLK (DFFPOSX1)                    0.000000  0.000000 # 0.000000 r
  table_i/return_valid_reg[0]/Q (DFFPOSX1)                      0.011766  0.062939   0.062939 r
  table_i/return_valid[0] (net)                 1     0.002291            0.000000   0.062939 r
  table_i/U5655/A (AND2X1)                                      0.011766  0.000000   0.062939 r
  table_i/U5655/Y (AND2X1)                                      0.011797  0.029222   0.092161 r
  table_i/N6865 (net)                           1     0.001816            0.000000   0.092161 r
  table_i/return_valid_reg[1]/D (DFFPOSX1)                      0.011797  0.000000   0.092161 r
  data arrival time                                                                  0.092161

  clock core_clk (rise edge)                                              0.000000   0.000000
  clock network delay (ideal)                                             0.000000   0.000000
  clock uncertainty                                                       0.100000   0.100000
  table_i/return_valid_reg[1]/CLK (DFFPOSX1)                              0.000000   0.100000 r
  library hold time                                                       -0.018215  0.081785
  data required time                                                                 0.081785
  ----------------------------------------------------------------------------------------------
  data required time                                                                 0.081785
  data arrival time                                                                  -0.092161
  ----------------------------------------------------------------------------------------------
  slack (MET)                                                                        0.010375


  Startpoint: table_i/return_slot_reg[0][3]
              (rising edge-triggered flip-flop clocked by core_clk)
  Endpoint: table_i/return_slot_reg[1][3]
            (rising edge-triggered flip-flop clocked by core_clk)
  Path Group: core_clk
  Path Type: min

  Point                                       Fanout       Cap     Trans      Incr       Path
  ----------------------------------------------------------------------------------------------
  clock core_clk (rise edge)                                              0.000000   0.000000
  clock network delay (ideal)                                             0.000000   0.000000
  table_i/return_slot_reg[0][3]/CLK (DFFPOSX1)                  0.000000  0.000000 # 0.000000 r
  table_i/return_slot_reg[0][3]/Q (DFFPOSX1)                    0.011766  0.062939   0.062939 r
  table_i/return_slot[0][3] (net)               1     0.002291            0.000000   0.062939 r
  table_i/U5654/A (AND2X1)                                      0.011766  0.000000   0.062939 r
  table_i/U5654/Y (AND2X1)                                      0.011797  0.029222   0.092161 r
  table_i/N6874 (net)                           1     0.001816            0.000000   0.092161 r
  table_i/return_slot_reg[1][3]/D (DFFPOSX1)                    0.011797  0.000000   0.092161 r
  data arrival time                                                                  0.092161

  clock core_clk (rise edge)                                              0.000000   0.000000
  clock network delay (ideal)                                             0.000000   0.000000
  clock uncertainty                                                       0.100000   0.100000
  table_i/return_slot_reg[1][3]/CLK (DFFPOSX1)                            0.000000   0.100000 r
  library hold time                                                       -0.018215  0.081785
  data required time                                                                 0.081785
  ----------------------------------------------------------------------------------------------
  data required time                                                                 0.081785
  data arrival time                                                                  -0.092161
  ----------------------------------------------------------------------------------------------
  slack (MET)                                                                        0.010375


  Startpoint: table_i/return_slot_reg[0][2]
              (rising edge-triggered flip-flop clocked by core_clk)
  Endpoint: table_i/return_slot_reg[1][2]
            (rising edge-triggered flip-flop clocked by core_clk)
  Path Group: core_clk
  Path Type: min

  Point                                       Fanout       Cap     Trans      Incr       Path
  ----------------------------------------------------------------------------------------------
  clock core_clk (rise edge)                                              0.000000   0.000000
  clock network delay (ideal)                                             0.000000   0.000000
  table_i/return_slot_reg[0][2]/CLK (DFFPOSX1)                  0.000000  0.000000 # 0.000000 r
  table_i/return_slot_reg[0][2]/Q (DFFPOSX1)                    0.011766  0.062939   0.062939 r
  table_i/return_slot[0][2] (net)               1     0.002291            0.000000   0.062939 r
  table_i/U5653/A (AND2X1)                                      0.011766  0.000000   0.062939 r
  table_i/U5653/Y (AND2X1)                                      0.011797  0.029222   0.092161 r
  table_i/N6873 (net)                           1     0.001816            0.000000   0.092161 r
  table_i/return_slot_reg[1][2]/D (DFFPOSX1)                    0.011797  0.000000   0.092161 r
  data arrival time                                                                  0.092161

  clock core_clk (rise edge)                                              0.000000   0.000000
  clock network delay (ideal)                                             0.000000   0.000000
  clock uncertainty                                                       0.100000   0.100000
  table_i/return_slot_reg[1][2]/CLK (DFFPOSX1)                            0.000000   0.100000 r
  library hold time                                                       -0.018215  0.081785
  data required time                                                                 0.081785
  ----------------------------------------------------------------------------------------------
  data required time                                                                 0.081785
  data arrival time                                                                  -0.092161
  ----------------------------------------------------------------------------------------------
  slack (MET)                                                                        0.010375


  Startpoint: table_i/return_slot_reg[0][1]
              (rising edge-triggered flip-flop clocked by core_clk)
  Endpoint: table_i/return_slot_reg[1][1]
            (rising edge-triggered flip-flop clocked by core_clk)
  Path Group: core_clk
  Path Type: min

  Point                                       Fanout       Cap     Trans      Incr       Path
  ----------------------------------------------------------------------------------------------
  clock core_clk (rise edge)                                              0.000000   0.000000
  clock network delay (ideal)                                             0.000000   0.000000
  table_i/return_slot_reg[0][1]/CLK (DFFPOSX1)                  0.000000  0.000000 # 0.000000 r
  table_i/return_slot_reg[0][1]/Q (DFFPOSX1)                    0.011766  0.062939   0.062939 r
  table_i/return_slot[0][1] (net)               1     0.002291            0.000000   0.062939 r
  table_i/U5652/A (AND2X1)                                      0.011766  0.000000   0.062939 r
  table_i/U5652/Y (AND2X1)                                      0.011797  0.029222   0.092161 r
  table_i/N6872 (net)                           1     0.001816            0.000000   0.092161 r
  table_i/return_slot_reg[1][1]/D (DFFPOSX1)                    0.011797  0.000000   0.092161 r
  data arrival time                                                                  0.092161

  clock core_clk (rise edge)                                              0.000000   0.000000
  clock network delay (ideal)                                             0.000000   0.000000
  clock uncertainty                                                       0.100000   0.100000
  table_i/return_slot_reg[1][1]/CLK (DFFPOSX1)                            0.000000   0.100000 r
  library hold time                                                       -0.018215  0.081785
  data required time                                                                 0.081785
  ----------------------------------------------------------------------------------------------
  data required time                                                                 0.081785
  data arrival time                                                                  -0.092161
  ----------------------------------------------------------------------------------------------
  slack (MET)                                                                        0.010375


  Startpoint: table_i/return_slot_reg[0][0]
              (rising edge-triggered flip-flop clocked by core_clk)
  Endpoint: table_i/return_slot_reg[1][0]
            (rising edge-triggered flip-flop clocked by core_clk)
  Path Group: core_clk
  Path Type: min

  Point                                       Fanout       Cap     Trans      Incr       Path
  ----------------------------------------------------------------------------------------------
  clock core_clk (rise edge)                                              0.000000   0.000000
  clock network delay (ideal)                                             0.000000   0.000000
  table_i/return_slot_reg[0][0]/CLK (DFFPOSX1)                  0.000000  0.000000 # 0.000000 r
  table_i/return_slot_reg[0][0]/Q (DFFPOSX1)                    0.011766  0.062939   0.062939 r
  table_i/return_slot[0][0] (net)               1     0.002291            0.000000   0.062939 r
  table_i/U5651/A (AND2X1)                                      0.011766  0.000000   0.062939 r
  table_i/U5651/Y (AND2X1)                                      0.011797  0.029222   0.092161 r
  table_i/N6871 (net)                           1     0.001816            0.000000   0.092161 r
  table_i/return_slot_reg[1][0]/D (DFFPOSX1)                    0.011797  0.000000   0.092161 r
  data arrival time                                                                  0.092161

  clock core_clk (rise edge)                                              0.000000   0.000000
  clock network delay (ideal)                                             0.000000   0.000000
  clock uncertainty                                                       0.100000   0.100000
  table_i/return_slot_reg[1][0]/CLK (DFFPOSX1)                            0.000000   0.100000 r
  library hold time                                                       -0.018215  0.081785
  data required time                                                                 0.081785
  ----------------------------------------------------------------------------------------------
  data required time                                                                 0.081785
  data arrival time                                                                  -0.092161
  ----------------------------------------------------------------------------------------------
  slack (MET)                                                                        0.010375


  Startpoint: table_i/return_slot_reg[1][3]
              (rising edge-triggered flip-flop clocked by core_clk)
  Endpoint: table_i/return_slot_reg[2][3]
            (rising edge-triggered flip-flop clocked by core_clk)
  Path Group: core_clk
  Path Type: min

  Point                                       Fanout       Cap     Trans      Incr       Path
  ----------------------------------------------------------------------------------------------
  clock core_clk (rise edge)                                              0.000000   0.000000
  clock network delay (ideal)                                             0.000000   0.000000
  table_i/return_slot_reg[1][3]/CLK (DFFPOSX1)                  0.000000  0.000000 # 0.000000 r
  table_i/return_slot_reg[1][3]/Q (DFFPOSX1)                    0.011766  0.062939   0.062939 r
  table_i/return_slot[1][3] (net)               1     0.002291            0.000000   0.062939 r
  table_i/U5650/A (AND2X1)                                      0.011766  0.000000   0.062939 r
  table_i/U5650/Y (AND2X1)                                      0.011797  0.029222   0.092161 r
  table_i/N6870 (net)                           1     0.001816            0.000000   0.092161 r
  table_i/return_slot_reg[2][3]/D (DFFPOSX1)                    0.011797  0.000000   0.092161 r
  data arrival time                                                                  0.092161

  clock core_clk (rise edge)                                              0.000000   0.000000
  clock network delay (ideal)                                             0.000000   0.000000
  clock uncertainty                                                       0.100000   0.100000
  table_i/return_slot_reg[2][3]/CLK (DFFPOSX1)                            0.000000   0.100000 r
  library hold time                                                       -0.018215  0.081785
  data required time                                                                 0.081785
  ----------------------------------------------------------------------------------------------
  data required time                                                                 0.081785
  data arrival time                                                                  -0.092161
  ----------------------------------------------------------------------------------------------
  slack (MET)                                                                        0.010375


  Startpoint: table_i/return_slot_reg[1][2]
              (rising edge-triggered flip-flop clocked by core_clk)
  Endpoint: table_i/return_slot_reg[2][2]
            (rising edge-triggered flip-flop clocked by core_clk)
  Path Group: core_clk
  Path Type: min

  Point                                       Fanout       Cap     Trans      Incr       Path
  ----------------------------------------------------------------------------------------------
  clock core_clk (rise edge)                                              0.000000   0.000000
  clock network delay (ideal)                                             0.000000   0.000000
  table_i/return_slot_reg[1][2]/CLK (DFFPOSX1)                  0.000000  0.000000 # 0.000000 r
  table_i/return_slot_reg[1][2]/Q (DFFPOSX1)                    0.011766  0.062939   0.062939 r
  table_i/return_slot[1][2] (net)               1     0.002291            0.000000   0.062939 r
  table_i/U5649/A (AND2X1)                                      0.011766  0.000000   0.062939 r
  table_i/U5649/Y (AND2X1)                                      0.011797  0.029222   0.092161 r
  table_i/N6869 (net)                           1     0.001816            0.000000   0.092161 r
  table_i/return_slot_reg[2][2]/D (DFFPOSX1)                    0.011797  0.000000   0.092161 r
  data arrival time                                                                  0.092161

  clock core_clk (rise edge)                                              0.000000   0.000000
  clock network delay (ideal)                                             0.000000   0.000000
  clock uncertainty                                                       0.100000   0.100000
  table_i/return_slot_reg[2][2]/CLK (DFFPOSX1)                            0.000000   0.100000 r
  library hold time                                                       -0.018215  0.081785
  data required time                                                                 0.081785
  ----------------------------------------------------------------------------------------------
  data required time                                                                 0.081785
  data arrival time                                                                  -0.092161
  ----------------------------------------------------------------------------------------------
  slack (MET)                                                                        0.010375


  Startpoint: table_i/return_slot_reg[1][1]
              (rising edge-triggered flip-flop clocked by core_clk)
  Endpoint: table_i/return_slot_reg[2][1]
            (rising edge-triggered flip-flop clocked by core_clk)
  Path Group: core_clk
  Path Type: min

  Point                                       Fanout       Cap     Trans      Incr       Path
  ----------------------------------------------------------------------------------------------
  clock core_clk (rise edge)                                              0.000000   0.000000
  clock network delay (ideal)                                             0.000000   0.000000
  table_i/return_slot_reg[1][1]/CLK (DFFPOSX1)                  0.000000  0.000000 # 0.000000 r
  table_i/return_slot_reg[1][1]/Q (DFFPOSX1)                    0.011766  0.062939   0.062939 r
  table_i/return_slot[1][1] (net)               1     0.002291            0.000000   0.062939 r
  table_i/U5648/A (AND2X1)                                      0.011766  0.000000   0.062939 r
  table_i/U5648/Y (AND2X1)                                      0.011797  0.029222   0.092161 r
  table_i/N6868 (net)                           1     0.001816            0.000000   0.092161 r
  table_i/return_slot_reg[2][1]/D (DFFPOSX1)                    0.011797  0.000000   0.092161 r
  data arrival time                                                                  0.092161

  clock core_clk (rise edge)                                              0.000000   0.000000
  clock network delay (ideal)                                             0.000000   0.000000
  clock uncertainty                                                       0.100000   0.100000
  table_i/return_slot_reg[2][1]/CLK (DFFPOSX1)                            0.000000   0.100000 r
  library hold time                                                       -0.018215  0.081785
  data required time                                                                 0.081785
  ----------------------------------------------------------------------------------------------
  data required time                                                                 0.081785
  data arrival time                                                                  -0.092161
  ----------------------------------------------------------------------------------------------
  slack (MET)                                                                        0.010375


  Startpoint: table_i/return_slot_reg[1][0]
              (rising edge-triggered flip-flop clocked by core_clk)
  Endpoint: table_i/return_slot_reg[2][0]
            (rising edge-triggered flip-flop clocked by core_clk)
  Path Group: core_clk
  Path Type: min

  Point                                       Fanout       Cap     Trans      Incr       Path
  ----------------------------------------------------------------------------------------------
  clock core_clk (rise edge)                                              0.000000   0.000000
  clock network delay (ideal)                                             0.000000   0.000000
  table_i/return_slot_reg[1][0]/CLK (DFFPOSX1)                  0.000000  0.000000 # 0.000000 r
  table_i/return_slot_reg[1][0]/Q (DFFPOSX1)                    0.011766  0.062939   0.062939 r
  table_i/return_slot[1][0] (net)               1     0.002291            0.000000   0.062939 r
  table_i/U5647/A (AND2X1)                                      0.011766  0.000000   0.062939 r
  table_i/U5647/Y (AND2X1)                                      0.011797  0.029222   0.092161 r
  table_i/N6867 (net)                           1     0.001816            0.000000   0.092161 r
  table_i/return_slot_reg[2][0]/D (DFFPOSX1)                    0.011797  0.000000   0.092161 r
  data arrival time                                                                  0.092161

  clock core_clk (rise edge)                                              0.000000   0.000000
  clock network delay (ideal)                                             0.000000   0.000000
  clock uncertainty                                                       0.100000   0.100000
  table_i/return_slot_reg[2][0]/CLK (DFFPOSX1)                            0.000000   0.100000 r
  library hold time                                                       -0.018215  0.081785
  data required time                                                                 0.081785
  ----------------------------------------------------------------------------------------------
  data required time                                                                 0.081785
  data arrival time                                                                  -0.092161
  ----------------------------------------------------------------------------------------------
  slack (MET)                                                                        0.010375


1
