 
****************************************
Report : area
Design : mc_top_Q_DEPTH16_SCHED_POLICY0_AGING_ENABLE0
Version: R-2020.09-SP4
Date   : Tue Sep 22 18:15:10 2026
****************************************

Library(s) Used:

    gscl45nm (File: ${TECH_LIBRARY_DIR}/gscl45nm.db)

Number of ports:                         4762
Number of nets:                         30666
Number of cells:                        26119
Number of combinational cells:          24129
Number of sequential cells:              1969
Number of macros/black boxes:               0
Number of buf/inv:                       6830
Number of references:                      21

Combinational area:              63374.739768
Buf/Inv area:                    10635.276391
Noncombinational area:           15708.878551
Macro/Black Box area:                0.000000
Net Interconnect area:      undefined  (No wire load specified)

Total cell area:                 79083.618319
Total area:                 undefined

Hierarchical area distribution
------------------------------

                                  Global cell area            Local cell area
                                  -------------------  ------------------------------ 
Hierarchical cell                 Absolute    Percent  Combi-      Noncombi-   Black-
                                  Total       Total    national    national    boxes   Design
--------------------------------  ----------  -------  ----------  ----------  ------  ----------------------------------------------------------------------------------------------
mc_top_Q_DEPTH16_SCHED_POLICY0_AGING_ENABLE0
                                  79083.6183    100.0   4259.8360      0.0000  0.0000  mc_top_Q_DEPTH16_SCHED_POLICY0_AGING_ENABLE0
banks_i                            1621.4315      2.1    879.4682    741.9633  0.0000  mc_bank_tracker_ROW_W8_SLOT_W4_T_RCD3_T_RP3_T_RAS6_T_CCD2_T_WR3
candidates_i                      23691.6713     30.0  23691.6713      0.0000  0.0000  mc_candidates_Q_DEPTH16_ROW_W8_COL_W6
response_i                        18354.3225     23.2  18314.4320     39.8905  0.0000  mc_response_Q_DEPTH16_ADDR_W16_DATA_W32_TAG_W8
strict_fcfs.scheduler_i            1009.4643      1.3   1009.4643      0.0000  0.0000  mc_scheduler_strict_fcfs_Q_DEPTH16
table_i                           30146.8927     38.1  14671.7256  14927.0248  0.0000  mc_transaction_table_Q_DEPTH16_ADDR_W16_DATA_W32_TAG_W8_READ_LATENCY3_AGE_LIMIT128
table_i/add_68                       34.2589      0.0     34.2589      0.0000  0.0000  mc_transaction_table_Q_DEPTH16_ADDR_W16_DATA_W32_TAG_W8_READ_LATENCY3_AGE_LIMIT128_DW01_inc_15
table_i/add_68_I10                   34.2589      0.0     34.2589      0.0000  0.0000  mc_transaction_table_Q_DEPTH16_ADDR_W16_DATA_W32_TAG_W8_READ_LATENCY3_AGE_LIMIT128_DW01_inc_6
table_i/add_68_I11                   34.2589      0.0     34.2589      0.0000  0.0000  mc_transaction_table_Q_DEPTH16_ADDR_W16_DATA_W32_TAG_W8_READ_LATENCY3_AGE_LIMIT128_DW01_inc_5
table_i/add_68_I12                   34.2589      0.0     34.2589      0.0000  0.0000  mc_transaction_table_Q_DEPTH16_ADDR_W16_DATA_W32_TAG_W8_READ_LATENCY3_AGE_LIMIT128_DW01_inc_4
table_i/add_68_I13                   34.2589      0.0     34.2589      0.0000  0.0000  mc_transaction_table_Q_DEPTH16_ADDR_W16_DATA_W32_TAG_W8_READ_LATENCY3_AGE_LIMIT128_DW01_inc_3
table_i/add_68_I14                   34.2589      0.0     34.2589      0.0000  0.0000  mc_transaction_table_Q_DEPTH16_ADDR_W16_DATA_W32_TAG_W8_READ_LATENCY3_AGE_LIMIT128_DW01_inc_2
table_i/add_68_I15                   34.2589      0.0     34.2589      0.0000  0.0000  mc_transaction_table_Q_DEPTH16_ADDR_W16_DATA_W32_TAG_W8_READ_LATENCY3_AGE_LIMIT128_DW01_inc_1
table_i/add_68_I16                   34.2589      0.0     34.2589      0.0000  0.0000  mc_transaction_table_Q_DEPTH16_ADDR_W16_DATA_W32_TAG_W8_READ_LATENCY3_AGE_LIMIT128_DW01_inc_0
table_i/add_68_I2                    34.2589      0.0     34.2589      0.0000  0.0000  mc_transaction_table_Q_DEPTH16_ADDR_W16_DATA_W32_TAG_W8_READ_LATENCY3_AGE_LIMIT128_DW01_inc_14
table_i/add_68_I3                    34.2589      0.0     34.2589      0.0000  0.0000  mc_transaction_table_Q_DEPTH16_ADDR_W16_DATA_W32_TAG_W8_READ_LATENCY3_AGE_LIMIT128_DW01_inc_13
table_i/add_68_I4                    34.2589      0.0     34.2589      0.0000  0.0000  mc_transaction_table_Q_DEPTH16_ADDR_W16_DATA_W32_TAG_W8_READ_LATENCY3_AGE_LIMIT128_DW01_inc_12
table_i/add_68_I5                    34.2589      0.0     34.2589      0.0000  0.0000  mc_transaction_table_Q_DEPTH16_ADDR_W16_DATA_W32_TAG_W8_READ_LATENCY3_AGE_LIMIT128_DW01_inc_11
table_i/add_68_I6                    34.2589      0.0     34.2589      0.0000  0.0000  mc_transaction_table_Q_DEPTH16_ADDR_W16_DATA_W32_TAG_W8_READ_LATENCY3_AGE_LIMIT128_DW01_inc_10
table_i/add_68_I7                    34.2589      0.0     34.2589      0.0000  0.0000  mc_transaction_table_Q_DEPTH16_ADDR_W16_DATA_W32_TAG_W8_READ_LATENCY3_AGE_LIMIT128_DW01_inc_9
table_i/add_68_I8                    34.2589      0.0     34.2589      0.0000  0.0000  mc_transaction_table_Q_DEPTH16_ADDR_W16_DATA_W32_TAG_W8_READ_LATENCY3_AGE_LIMIT128_DW01_inc_8
table_i/add_68_I9                    34.2589      0.0     34.2589      0.0000  0.0000  mc_transaction_table_Q_DEPTH16_ADDR_W16_DATA_W32_TAG_W8_READ_LATENCY3_AGE_LIMIT128_DW01_inc_7
--------------------------------  ----------  -------  ----------  ----------  ------  ----------------------------------------------------------------------------------------------
Total                                                  63374.7398  15708.8786  0.0000

1
