 
****************************************
Report : qor
Design : mc_top_Q_DEPTH16_SCHED_POLICY1_AGING_ENABLE0
Version: R-2020.09-SP4
Date   : Tue Sep 22 18:09:57 2026
****************************************


  Timing Path Group 'core_clk'
  -----------------------------------
  Levels of Logic:              88.00
  Critical Path Length:          3.90
  Critical Path Slack:           0.00
  Critical Path Clk Period:      5.00
  Total Negative Slack:          0.00
  No. of Violating Paths:        0.00
  Worst Hold Violation:         -0.00
  Total Hold Violation:         -0.01
  No. of Hold Violations:       11.00
  -----------------------------------


  Cell Count
  -----------------------------------
  Hierarchical Cell Count:         21
  Hierarchical Port Count:       5037
  Leaf Cell Count:              25572
  Buf/Inv Cell Count:            5212
  Buf Cell Count:                 755
  Inv Cell Count:                4457
  CT Buf/Inv Cell Count:            0
  Combinational Cell Count:     23598
  Sequential Cell Count:         1974
  Macro Count:                      0
  -----------------------------------


  Area
  -----------------------------------
  Combinational Area:    62770.750673
  Noncombinational Area: 15748.769051
  Buf/Inv Area:           8052.718532
  Total Buffer Area:          1772.55
  Total Inverter Area:        6280.17
  Macro/Black Box Area:      0.000000
  Net Area:                  0.000000
  -----------------------------------
  Cell Area:             78519.519724
  Design Area:           78519.519724


  Design Rules
  -----------------------------------
  Total Number of Nets:         25763
  Nets With Violations:          5469
  Max Trans Violations:             0
  Max Cap Violations:            5469
  -----------------------------------


  Hostname: redacted-lab-host

  Compile CPU Statistics
  -----------------------------------------
  Resource Sharing:                   38.94
  Logic Optimization:                  8.95
  Mapping Optimization:               39.06
  -----------------------------------------
  Overall Compile Time:               91.22
  Overall Compile Wall Clock Time:    92.20

  --------------------------------------------------------------------

  Design  WNS: 0.00  TNS: 0.00  Number of Violating Paths: 0


  Design (Hold)  WNS: 0.00  TNS: 0.01  Number of Violating Paths: 11

  --------------------------------------------------------------------


1
