 
****************************************
Report : qor
Design : mc_top_Q_DEPTH16_SCHED_POLICY0_AGING_ENABLE0
Version: R-2020.09-SP4
Date   : Tue Sep 22 18:03:31 2026
****************************************


  Timing Path Group 'core_clk'
  -----------------------------------
  Levels of Logic:              66.00
  Critical Path Length:          3.90
  Critical Path Slack:          15.90
  Critical Path Clk Period:     20.00
  Total Negative Slack:          0.00
  No. of Violating Paths:        0.00
  Worst Hold Violation:         -0.00
  Total Hold Violation:         -0.01
  No. of Hold Violations:       11.00
  -----------------------------------


  Cell Count
  -----------------------------------
  Hierarchical Cell Count:         21
  Hierarchical Port Count:       4574
  Leaf Cell Count:              24738
  Buf/Inv Cell Count:            4911
  Buf Cell Count:                 725
  Inv Cell Count:                4186
  CT Buf/Inv Cell Count:            0
  Combinational Cell Count:     22769
  Sequential Cell Count:         1969
  Macro Count:                      0
  -----------------------------------


  Area
  -----------------------------------
  Combinational Area:    60850.375108
  Noncombinational Area: 15708.878551
  Buf/Inv Area:           7594.681741
  Total Buffer Area:          1701.21
  Total Inverter Area:        5893.47
  Macro/Black Box Area:      0.000000
  Net Area:                  0.000000
  -----------------------------------
  Cell Area:             76559.253659
  Design Area:           76559.253659


  Design Rules
  -----------------------------------
  Total Number of Nets:         24928
  Nets With Violations:          5172
  Max Trans Violations:             0
  Max Cap Violations:            5172
  -----------------------------------


  Hostname: redacted-lab-host

  Compile CPU Statistics
  -----------------------------------------
  Resource Sharing:                   42.83
  Logic Optimization:                  7.29
  Mapping Optimization:               36.24
  -----------------------------------------
  Overall Compile Time:               90.30
  Overall Compile Wall Clock Time:    90.76

  --------------------------------------------------------------------

  Design  WNS: 0.00  TNS: 0.00  Number of Violating Paths: 0


  Design (Hold)  WNS: 0.00  TNS: 0.01  Number of Violating Paths: 11

  --------------------------------------------------------------------


1
