 
****************************************
Report : qor
Design : mc_top_Q_DEPTH16_SCHED_POLICY1_AGING_ENABLE1
Version: R-2020.09-SP4
Date   : Wed Sep 30 16:06:52 2026
****************************************


  Timing Path Group 'core_clk'
  -----------------------------------
  Levels of Logic:              80.00
  Critical Path Length:          3.89
  Critical Path Slack:           0.01
  Critical Path Clk Period:      5.00
  Total Negative Slack:          0.00
  No. of Violating Paths:        0.00
  Worst Hold Violation:         -0.00
  Total Hold Violation:         -0.01
  No. of Hold Violations:       11.00
  -----------------------------------


  Cell Count
  -----------------------------------
  Hierarchical Cell Count:         21
  Hierarchical Port Count:       5037
  Leaf Cell Count:              25976
  Buf/Inv Cell Count:            5279
  Buf Cell Count:                 788
  Inv Cell Count:                4491
  CT Buf/Inv Cell Count:            0
  Combinational Cell Count:     24002
  Sequential Cell Count:         1974
  Macro Count:                      0
  -----------------------------------


  Area
  -----------------------------------
  Combinational Area:    63799.925546
  Noncombinational Area: 15748.769051
  Buf/Inv Area:           8172.390028
  Total Buffer Area:          1849.04
  Total Inverter Area:        6323.35
  Macro/Black Box Area:      0.000000
  Net Area:                  0.000000
  -----------------------------------
  Cell Area:             79548.694597
  Design Area:           79548.694597


  Design Rules
  -----------------------------------
  Total Number of Nets:         26166
  Nets With Violations:          5490
  Max Trans Violations:             0
  Max Cap Violations:            5490
  -----------------------------------


  Hostname: ecellvm-07.engr.ucsb.edu

  Compile CPU Statistics
  -----------------------------------------
  Resource Sharing:                   41.15
  Logic Optimization:                  8.42
  Mapping Optimization:               41.52
  -----------------------------------------
  Overall Compile Time:               94.82
  Overall Compile Wall Clock Time:    95.70

  --------------------------------------------------------------------

  Design  WNS: 0.00  TNS: 0.00  Number of Violating Paths: 0


  Design (Hold)  WNS: 0.00  TNS: 0.01  Number of Violating Paths: 11

  --------------------------------------------------------------------


1
