 
****************************************
Report : qor
Design : mc_top_Q_DEPTH16_SCHED_POLICY1_AGING_ENABLE1
Version: R-2020.09-SP4
Date   : Tue Sep 22 18:03:39 2026
****************************************


  Timing Path Group 'core_clk'
  -----------------------------------
  Levels of Logic:              92.00
  Critical Path Length:          5.17
  Critical Path Slack:          13.73
  Critical Path Clk Period:     20.00
  Total Negative Slack:          0.00
  No. of Violating Paths:        0.00
  Worst Hold Violation:         -0.00
  Total Hold Violation:         -0.02
  No. of Hold Violations:       15.00
  -----------------------------------


  Cell Count
  -----------------------------------
  Hierarchical Cell Count:         21
  Hierarchical Port Count:       5037
  Leaf Cell Count:              26067
  Buf/Inv Cell Count:            5189
  Buf Cell Count:                 782
  Inv Cell Count:                4407
  CT Buf/Inv Cell Count:            0
  Combinational Cell Count:     24093
  Sequential Cell Count:         1974
  Macro Count:                      0
  -----------------------------------


  Area
  -----------------------------------
  Combinational Area:    64163.633040
  Noncombinational Area: 15748.769051
  Buf/Inv Area:           8039.578131
  Total Buffer Area:          1834.96
  Total Inverter Area:        6204.62
  Macro/Black Box Area:      0.000000
  Net Area:                  0.000000
  -----------------------------------
  Cell Area:             79912.402091
  Design Area:           79912.402091


  Design Rules
  -----------------------------------
  Total Number of Nets:         26257
  Nets With Violations:          5488
  Max Trans Violations:             0
  Max Cap Violations:            5488
  -----------------------------------


  Hostname: redacted-lab-host

  Compile CPU Statistics
  -----------------------------------------
  Resource Sharing:                   45.74
  Logic Optimization:                  8.86
  Mapping Optimization:               39.83
  -----------------------------------------
  Overall Compile Time:               99.51
  Overall Compile Wall Clock Time:   100.21

  --------------------------------------------------------------------

  Design  WNS: 0.00  TNS: 0.00  Number of Violating Paths: 0


  Design (Hold)  WNS: 0.00  TNS: 0.02  Number of Violating Paths: 15

  --------------------------------------------------------------------


1
