
****************************************
Report : qor
Design : mc_top_Q_DEPTH16_SCHED_POLICY1_AGING_ENABLE1
Version: R-2020.09-SP4
Date   : Wed Sep 30 19:11:32 2026
****************************************


  Timing Path Group 'core_clk'
  -----------------------------------
  Levels of Logic:              86.00
  Critical Path Length:          2.90
  Critical Path Slack:           0.00
  Critical Path Clk Period:      4.00
  Total Negative Slack:          0.00
  No. of Violating Paths:        0.00
  Worst Hold Violation:         -0.05
  Total Hold Violation:         -0.36
  No. of Hold Violations:       26.00
  -----------------------------------


  Cell Count
  -----------------------------------
  Hierarchical Cell Count:         21
  Hierarchical Port Count:       5381
  Leaf Cell Count:              22463
  Buf/Inv Cell Count:            5419
  Buf Cell Count:                 951
  Inv Cell Count:                4468
  CT Buf/Inv Cell Count:            0
  Combinational Cell Count:     20489
  Sequential Cell Count:         1974
  Macro Count:                      0
  -----------------------------------


  Area
  -----------------------------------
  Combinational Area:    51915.372714
  Noncombinational Area: 15748.769051
  Buf/Inv Area:           8726.164020
  Total Buffer Area:          2239.50
  Total Inverter Area:        6486.66
  Macro/Black Box Area:      0.000000
  Net Area:                  0.000000
  -----------------------------------
  Cell Area:             67664.141765
  Design Area:           67664.141765


  Design Rules
  -----------------------------------
  Total Number of Nets:         22654
  Nets With Violations:          4694
  Max Trans Violations:             0
  Max Cap Violations:            4694
  -----------------------------------


  Hostname: ecellvm-07.engr.ucsb.edu

  Compile CPU Statistics
  -----------------------------------------
  Resource Sharing:                   33.45
  Logic Optimization:                  9.63
  Mapping Optimization:               48.52
  -----------------------------------------
  Overall Compile Time:               94.73
  Overall Compile Wall Clock Time:    95.52

  --------------------------------------------------------------------

  Design  WNS: 0.00  TNS: 0.00  Number of Violating Paths: 0


  Design (Hold)  WNS: 0.05  TNS: 0.36  Number of Violating Paths: 26

  --------------------------------------------------------------------


1
