 
****************************************
check_design summary:
Version:     R-2020.09-SP4
Date:        Wed Sep 30 16:26:34 2026
****************************************

                   Name                                            Total
--------------------------------------------------------------------------------
Inputs/Outputs                                                    448
    Unconnected ports (LINT-28)                                   448
--------------------------------------------------------------------------------

Warning: In design 'mc_scheduler_frfcfs_Q_DEPTH32_ADDR_W16_AGE_LIMIT128_AGING_ENABLE1', port 'addresses[511]' is not connected to any nets. (LINT-28)
Warning: In design 'mc_scheduler_frfcfs_Q_DEPTH32_ADDR_W16_AGE_LIMIT128_AGING_ENABLE1', port 'addresses[510]' is not connected to any nets. (LINT-28)
Warning: In design 'mc_scheduler_frfcfs_Q_DEPTH32_ADDR_W16_AGE_LIMIT128_AGING_ENABLE1', port 'addresses[509]' is not connected to any nets. (LINT-28)
Warning: In design 'mc_scheduler_frfcfs_Q_DEPTH32_ADDR_W16_AGE_LIMIT128_AGING_ENABLE1', port 'addresses[508]' is not connected to any nets. (LINT-28)
Warning: In design 'mc_scheduler_frfcfs_Q_DEPTH32_ADDR_W16_AGE_LIMIT128_AGING_ENABLE1', port 'addresses[507]' is not connected to any nets. (LINT-28)
Warning: In design 'mc_scheduler_frfcfs_Q_DEPTH32_ADDR_W16_AGE_LIMIT128_AGING_ENABLE1', port 'addresses[506]' is not connected to any nets. (LINT-28)
Warning: In design 'mc_scheduler_frfcfs_Q_DEPTH32_ADDR_W16_AGE_LIMIT128_AGING_ENABLE1', port 'addresses[505]' is not connected to any nets. (LINT-28)
Warning: In design 'mc_scheduler_frfcfs_Q_DEPTH32_ADDR_W16_AGE_LIMIT128_AGING_ENABLE1', port 'addresses[504]' is not connected to any nets. (LINT-28)
Warning: In design 'mc_scheduler_frfcfs_Q_DEPTH32_ADDR_W16_AGE_LIMIT128_AGING_ENABLE1', port 'addresses[503]' is not connected to any nets. (LINT-28)
Warning: In design 'mc_scheduler_frfcfs_Q_DEPTH32_ADDR_W16_AGE_LIMIT128_AGING_ENABLE1', port 'addresses[502]' is not connected to any nets. (LINT-28)
Warning: In design 'mc_scheduler_frfcfs_Q_DEPTH32_ADDR_W16_AGE_LIMIT128_AGING_ENABLE1', port 'addresses[501]' is not connected to any nets. (LINT-28)
Warning: In design 'mc_scheduler_frfcfs_Q_DEPTH32_ADDR_W16_AGE_LIMIT128_AGING_ENABLE1', port 'addresses[500]' is not connected to any nets. (LINT-28)
Warning: In design 'mc_scheduler_frfcfs_Q_DEPTH32_ADDR_W16_AGE_LIMIT128_AGING_ENABLE1', port 'addresses[499]' is not connected to any nets. (LINT-28)
Warning: In design 'mc_scheduler_frfcfs_Q_DEPTH32_ADDR_W16_AGE_LIMIT128_AGING_ENABLE1', port 'addresses[498]' is not connected to any nets. (LINT-28)
Warning: In design 'mc_scheduler_frfcfs_Q_DEPTH32_ADDR_W16_AGE_LIMIT128_AGING_ENABLE1', port 'addresses[495]' is not connected to any nets. (LINT-28)
Warning: In design 'mc_scheduler_frfcfs_Q_DEPTH32_ADDR_W16_AGE_LIMIT128_AGING_ENABLE1', port 'addresses[494]' is not connected to any nets. (LINT-28)
Warning: In design 'mc_scheduler_frfcfs_Q_DEPTH32_ADDR_W16_AGE_LIMIT128_AGING_ENABLE1', port 'addresses[493]' is not connected to any nets. (LINT-28)
Warning: In design 'mc_scheduler_frfcfs_Q_DEPTH32_ADDR_W16_AGE_LIMIT128_AGING_ENABLE1', port 'addresses[492]' is not connected to any nets. (LINT-28)
Warning: In design 'mc_scheduler_frfcfs_Q_DEPTH32_ADDR_W16_AGE_LIMIT128_AGING_ENABLE1', port 'addresses[491]' is not connected to any nets. (LINT-28)
Warning: In design 'mc_scheduler_frfcfs_Q_DEPTH32_ADDR_W16_AGE_LIMIT128_AGING_ENABLE1', port 'addresses[490]' is not connected to any nets. (LINT-28)
Warning: In design 'mc_scheduler_frfcfs_Q_DEPTH32_ADDR_W16_AGE_LIMIT128_AGING_ENABLE1', port 'addresses[489]' is not connected to any nets. (LINT-28)
Warning: In design 'mc_scheduler_frfcfs_Q_DEPTH32_ADDR_W16_AGE_LIMIT128_AGING_ENABLE1', port 'addresses[488]' is not connected to any nets. (LINT-28)
Warning: In design 'mc_scheduler_frfcfs_Q_DEPTH32_ADDR_W16_AGE_LIMIT128_AGING_ENABLE1', port 'addresses[487]' is not connected to any nets. (LINT-28)
Warning: In design 'mc_scheduler_frfcfs_Q_DEPTH32_ADDR_W16_AGE_LIMIT128_AGING_ENABLE1', port 'addresses[486]' is not connected to any nets. (LINT-28)
Warning: In design 'mc_scheduler_frfcfs_Q_DEPTH32_ADDR_W16_AGE_LIMIT128_AGING_ENABLE1', port 'addresses[485]' is not connected to any nets. (LINT-28)
Warning: In design 'mc_scheduler_frfcfs_Q_DEPTH32_ADDR_W16_AGE_LIMIT128_AGING_ENABLE1', port 'addresses[484]' is not connected to any nets. (LINT-28)
Warning: In design 'mc_scheduler_frfcfs_Q_DEPTH32_ADDR_W16_AGE_LIMIT128_AGING_ENABLE1', port 'addresses[483]' is not connected to any nets. (LINT-28)
Warning: In design 'mc_scheduler_frfcfs_Q_DEPTH32_ADDR_W16_AGE_LIMIT128_AGING_ENABLE1', port 'addresses[482]' is not connected to any nets. (LINT-28)
Warning: In design 'mc_scheduler_frfcfs_Q_DEPTH32_ADDR_W16_AGE_LIMIT128_AGING_ENABLE1', port 'addresses[479]' is not connected to any nets. (LINT-28)
Warning: In design 'mc_scheduler_frfcfs_Q_DEPTH32_ADDR_W16_AGE_LIMIT128_AGING_ENABLE1', port 'addresses[478]' is not connected to any nets. (LINT-28)
Warning: In design 'mc_scheduler_frfcfs_Q_DEPTH32_ADDR_W16_AGE_LIMIT128_AGING_ENABLE1', port 'addresses[477]' is not connected to any nets. (LINT-28)
Warning: In design 'mc_scheduler_frfcfs_Q_DEPTH32_ADDR_W16_AGE_LIMIT128_AGING_ENABLE1', port 'addresses[476]' is not connected to any nets. (LINT-28)
Warning: In design 'mc_scheduler_frfcfs_Q_DEPTH32_ADDR_W16_AGE_LIMIT128_AGING_ENABLE1', port 'addresses[475]' is not connected to any nets. (LINT-28)
Warning: In design 'mc_scheduler_frfcfs_Q_DEPTH32_ADDR_W16_AGE_LIMIT128_AGING_ENABLE1', port 'addresses[474]' is not connected to any nets. (LINT-28)
Warning: In design 'mc_scheduler_frfcfs_Q_DEPTH32_ADDR_W16_AGE_LIMIT128_AGING_ENABLE1', port 'addresses[473]' is not connected to any nets. (LINT-28)
Warning: In design 'mc_scheduler_frfcfs_Q_DEPTH32_ADDR_W16_AGE_LIMIT128_AGING_ENABLE1', port 'addresses[472]' is not connected to any nets. (LINT-28)
Warning: In design 'mc_scheduler_frfcfs_Q_DEPTH32_ADDR_W16_AGE_LIMIT128_AGING_ENABLE1', port 'addresses[471]' is not connected to any nets. (LINT-28)
Warning: In design 'mc_scheduler_frfcfs_Q_DEPTH32_ADDR_W16_AGE_LIMIT128_AGING_ENABLE1', port 'addresses[470]' is not connected to any nets. (LINT-28)
Warning: In design 'mc_scheduler_frfcfs_Q_DEPTH32_ADDR_W16_AGE_LIMIT128_AGING_ENABLE1', port 'addresses[469]' is not connected to any nets. (LINT-28)
Warning: In design 'mc_scheduler_frfcfs_Q_DEPTH32_ADDR_W16_AGE_LIMIT128_AGING_ENABLE1', port 'addresses[468]' is not connected to any nets. (LINT-28)
Warning: In design 'mc_scheduler_frfcfs_Q_DEPTH32_ADDR_W16_AGE_LIMIT128_AGING_ENABLE1', port 'addresses[467]' is not connected to any nets. (LINT-28)
Warning: In design 'mc_scheduler_frfcfs_Q_DEPTH32_ADDR_W16_AGE_LIMIT128_AGING_ENABLE1', port 'addresses[466]' is not connected to any nets. (LINT-28)
Warning: In design 'mc_scheduler_frfcfs_Q_DEPTH32_ADDR_W16_AGE_LIMIT128_AGING_ENABLE1', port 'addresses[463]' is not connected to any nets. (LINT-28)
Warning: In design 'mc_scheduler_frfcfs_Q_DEPTH32_ADDR_W16_AGE_LIMIT128_AGING_ENABLE1', port 'addresses[462]' is not connected to any nets. (LINT-28)
Warning: In design 'mc_scheduler_frfcfs_Q_DEPTH32_ADDR_W16_AGE_LIMIT128_AGING_ENABLE1', port 'addresses[461]' is not connected to any nets. (LINT-28)
Warning: In design 'mc_scheduler_frfcfs_Q_DEPTH32_ADDR_W16_AGE_LIMIT128_AGING_ENABLE1', port 'addresses[460]' is not connected to any nets. (LINT-28)
Warning: In design 'mc_scheduler_frfcfs_Q_DEPTH32_ADDR_W16_AGE_LIMIT128_AGING_ENABLE1', port 'addresses[459]' is not connected to any nets. (LINT-28)
Warning: In design 'mc_scheduler_frfcfs_Q_DEPTH32_ADDR_W16_AGE_LIMIT128_AGING_ENABLE1', port 'addresses[458]' is not connected to any nets. (LINT-28)
Warning: In design 'mc_scheduler_frfcfs_Q_DEPTH32_ADDR_W16_AGE_LIMIT128_AGING_ENABLE1', port 'addresses[457]' is not connected to any nets. (LINT-28)
Warning: In design 'mc_scheduler_frfcfs_Q_DEPTH32_ADDR_W16_AGE_LIMIT128_AGING_ENABLE1', port 'addresses[456]' is not connected to any nets. (LINT-28)
Warning: In design 'mc_scheduler_frfcfs_Q_DEPTH32_ADDR_W16_AGE_LIMIT128_AGING_ENABLE1', port 'addresses[455]' is not connected to any nets. (LINT-28)
Warning: In design 'mc_scheduler_frfcfs_Q_DEPTH32_ADDR_W16_AGE_LIMIT128_AGING_ENABLE1', port 'addresses[454]' is not connected to any nets. (LINT-28)
Warning: In design 'mc_scheduler_frfcfs_Q_DEPTH32_ADDR_W16_AGE_LIMIT128_AGING_ENABLE1', port 'addresses[453]' is not connected to any nets. (LINT-28)
Warning: In design 'mc_scheduler_frfcfs_Q_DEPTH32_ADDR_W16_AGE_LIMIT128_AGING_ENABLE1', port 'addresses[452]' is not connected to any nets. (LINT-28)
Warning: In design 'mc_scheduler_frfcfs_Q_DEPTH32_ADDR_W16_AGE_LIMIT128_AGING_ENABLE1', port 'addresses[451]' is not connected to any nets. (LINT-28)
Warning: In design 'mc_scheduler_frfcfs_Q_DEPTH32_ADDR_W16_AGE_LIMIT128_AGING_ENABLE1', port 'addresses[450]' is not connected to any nets. (LINT-28)
Warning: In design 'mc_scheduler_frfcfs_Q_DEPTH32_ADDR_W16_AGE_LIMIT128_AGING_ENABLE1', port 'addresses[447]' is not connected to any nets. (LINT-28)
Warning: In design 'mc_scheduler_frfcfs_Q_DEPTH32_ADDR_W16_AGE_LIMIT128_AGING_ENABLE1', port 'addresses[446]' is not connected to any nets. (LINT-28)
Warning: In design 'mc_scheduler_frfcfs_Q_DEPTH32_ADDR_W16_AGE_LIMIT128_AGING_ENABLE1', port 'addresses[445]' is not connected to any nets. (LINT-28)
Warning: In design 'mc_scheduler_frfcfs_Q_DEPTH32_ADDR_W16_AGE_LIMIT128_AGING_ENABLE1', port 'addresses[444]' is not connected to any nets. (LINT-28)
Warning: In design 'mc_scheduler_frfcfs_Q_DEPTH32_ADDR_W16_AGE_LIMIT128_AGING_ENABLE1', port 'addresses[443]' is not connected to any nets. (LINT-28)
Warning: In design 'mc_scheduler_frfcfs_Q_DEPTH32_ADDR_W16_AGE_LIMIT128_AGING_ENABLE1', port 'addresses[442]' is not connected to any nets. (LINT-28)
Warning: In design 'mc_scheduler_frfcfs_Q_DEPTH32_ADDR_W16_AGE_LIMIT128_AGING_ENABLE1', port 'addresses[441]' is not connected to any nets. (LINT-28)
Warning: In design 'mc_scheduler_frfcfs_Q_DEPTH32_ADDR_W16_AGE_LIMIT128_AGING_ENABLE1', port 'addresses[440]' is not connected to any nets. (LINT-28)
Warning: In design 'mc_scheduler_frfcfs_Q_DEPTH32_ADDR_W16_AGE_LIMIT128_AGING_ENABLE1', port 'addresses[439]' is not connected to any nets. (LINT-28)
Warning: In design 'mc_scheduler_frfcfs_Q_DEPTH32_ADDR_W16_AGE_LIMIT128_AGING_ENABLE1', port 'addresses[438]' is not connected to any nets. (LINT-28)
Warning: In design 'mc_scheduler_frfcfs_Q_DEPTH32_ADDR_W16_AGE_LIMIT128_AGING_ENABLE1', port 'addresses[437]' is not connected to any nets. (LINT-28)
Warning: In design 'mc_scheduler_frfcfs_Q_DEPTH32_ADDR_W16_AGE_LIMIT128_AGING_ENABLE1', port 'addresses[436]' is not connected to any nets. (LINT-28)
Warning: In design 'mc_scheduler_frfcfs_Q_DEPTH32_ADDR_W16_AGE_LIMIT128_AGING_ENABLE1', port 'addresses[435]' is not connected to any nets. (LINT-28)
Warning: In design 'mc_scheduler_frfcfs_Q_DEPTH32_ADDR_W16_AGE_LIMIT128_AGING_ENABLE1', port 'addresses[434]' is not connected to any nets. (LINT-28)
Warning: In design 'mc_scheduler_frfcfs_Q_DEPTH32_ADDR_W16_AGE_LIMIT128_AGING_ENABLE1', port 'addresses[431]' is not connected to any nets. (LINT-28)
Warning: In design 'mc_scheduler_frfcfs_Q_DEPTH32_ADDR_W16_AGE_LIMIT128_AGING_ENABLE1', port 'addresses[430]' is not connected to any nets. (LINT-28)
Warning: In design 'mc_scheduler_frfcfs_Q_DEPTH32_ADDR_W16_AGE_LIMIT128_AGING_ENABLE1', port 'addresses[429]' is not connected to any nets. (LINT-28)
Warning: In design 'mc_scheduler_frfcfs_Q_DEPTH32_ADDR_W16_AGE_LIMIT128_AGING_ENABLE1', port 'addresses[428]' is not connected to any nets. (LINT-28)
Warning: In design 'mc_scheduler_frfcfs_Q_DEPTH32_ADDR_W16_AGE_LIMIT128_AGING_ENABLE1', port 'addresses[427]' is not connected to any nets. (LINT-28)
Warning: In design 'mc_scheduler_frfcfs_Q_DEPTH32_ADDR_W16_AGE_LIMIT128_AGING_ENABLE1', port 'addresses[426]' is not connected to any nets. (LINT-28)
Warning: In design 'mc_scheduler_frfcfs_Q_DEPTH32_ADDR_W16_AGE_LIMIT128_AGING_ENABLE1', port 'addresses[425]' is not connected to any nets. (LINT-28)
Warning: In design 'mc_scheduler_frfcfs_Q_DEPTH32_ADDR_W16_AGE_LIMIT128_AGING_ENABLE1', port 'addresses[424]' is not connected to any nets. (LINT-28)
Warning: In design 'mc_scheduler_frfcfs_Q_DEPTH32_ADDR_W16_AGE_LIMIT128_AGING_ENABLE1', port 'addresses[423]' is not connected to any nets. (LINT-28)
Warning: In design 'mc_scheduler_frfcfs_Q_DEPTH32_ADDR_W16_AGE_LIMIT128_AGING_ENABLE1', port 'addresses[422]' is not connected to any nets. (LINT-28)
Warning: In design 'mc_scheduler_frfcfs_Q_DEPTH32_ADDR_W16_AGE_LIMIT128_AGING_ENABLE1', port 'addresses[421]' is not connected to any nets. (LINT-28)
Warning: In design 'mc_scheduler_frfcfs_Q_DEPTH32_ADDR_W16_AGE_LIMIT128_AGING_ENABLE1', port 'addresses[420]' is not connected to any nets. (LINT-28)
Warning: In design 'mc_scheduler_frfcfs_Q_DEPTH32_ADDR_W16_AGE_LIMIT128_AGING_ENABLE1', port 'addresses[419]' is not connected to any nets. (LINT-28)
Warning: In design 'mc_scheduler_frfcfs_Q_DEPTH32_ADDR_W16_AGE_LIMIT128_AGING_ENABLE1', port 'addresses[418]' is not connected to any nets. (LINT-28)
Warning: In design 'mc_scheduler_frfcfs_Q_DEPTH32_ADDR_W16_AGE_LIMIT128_AGING_ENABLE1', port 'addresses[415]' is not connected to any nets. (LINT-28)
Warning: In design 'mc_scheduler_frfcfs_Q_DEPTH32_ADDR_W16_AGE_LIMIT128_AGING_ENABLE1', port 'addresses[414]' is not connected to any nets. (LINT-28)
Warning: In design 'mc_scheduler_frfcfs_Q_DEPTH32_ADDR_W16_AGE_LIMIT128_AGING_ENABLE1', port 'addresses[413]' is not connected to any nets. (LINT-28)
Warning: In design 'mc_scheduler_frfcfs_Q_DEPTH32_ADDR_W16_AGE_LIMIT128_AGING_ENABLE1', port 'addresses[412]' is not connected to any nets. (LINT-28)
Warning: In design 'mc_scheduler_frfcfs_Q_DEPTH32_ADDR_W16_AGE_LIMIT128_AGING_ENABLE1', port 'addresses[411]' is not connected to any nets. (LINT-28)
Warning: In design 'mc_scheduler_frfcfs_Q_DEPTH32_ADDR_W16_AGE_LIMIT128_AGING_ENABLE1', port 'addresses[410]' is not connected to any nets. (LINT-28)
Warning: In design 'mc_scheduler_frfcfs_Q_DEPTH32_ADDR_W16_AGE_LIMIT128_AGING_ENABLE1', port 'addresses[409]' is not connected to any nets. (LINT-28)
Warning: In design 'mc_scheduler_frfcfs_Q_DEPTH32_ADDR_W16_AGE_LIMIT128_AGING_ENABLE1', port 'addresses[408]' is not connected to any nets. (LINT-28)
Warning: In design 'mc_scheduler_frfcfs_Q_DEPTH32_ADDR_W16_AGE_LIMIT128_AGING_ENABLE1', port 'addresses[407]' is not connected to any nets. (LINT-28)
Warning: In design 'mc_scheduler_frfcfs_Q_DEPTH32_ADDR_W16_AGE_LIMIT128_AGING_ENABLE1', port 'addresses[406]' is not connected to any nets. (LINT-28)
Warning: In design 'mc_scheduler_frfcfs_Q_DEPTH32_ADDR_W16_AGE_LIMIT128_AGING_ENABLE1', port 'addresses[405]' is not connected to any nets. (LINT-28)
Warning: In design 'mc_scheduler_frfcfs_Q_DEPTH32_ADDR_W16_AGE_LIMIT128_AGING_ENABLE1', port 'addresses[404]' is not connected to any nets. (LINT-28)
Warning: In design 'mc_scheduler_frfcfs_Q_DEPTH32_ADDR_W16_AGE_LIMIT128_AGING_ENABLE1', port 'addresses[403]' is not connected to any nets. (LINT-28)
Warning: In design 'mc_scheduler_frfcfs_Q_DEPTH32_ADDR_W16_AGE_LIMIT128_AGING_ENABLE1', port 'addresses[402]' is not connected to any nets. (LINT-28)
Warning: In design 'mc_scheduler_frfcfs_Q_DEPTH32_ADDR_W16_AGE_LIMIT128_AGING_ENABLE1', port 'addresses[399]' is not connected to any nets. (LINT-28)
Warning: In design 'mc_scheduler_frfcfs_Q_DEPTH32_ADDR_W16_AGE_LIMIT128_AGING_ENABLE1', port 'addresses[398]' is not connected to any nets. (LINT-28)
Warning: In design 'mc_scheduler_frfcfs_Q_DEPTH32_ADDR_W16_AGE_LIMIT128_AGING_ENABLE1', port 'addresses[397]' is not connected to any nets. (LINT-28)
Warning: In design 'mc_scheduler_frfcfs_Q_DEPTH32_ADDR_W16_AGE_LIMIT128_AGING_ENABLE1', port 'addresses[396]' is not connected to any nets. (LINT-28)
Warning: In design 'mc_scheduler_frfcfs_Q_DEPTH32_ADDR_W16_AGE_LIMIT128_AGING_ENABLE1', port 'addresses[395]' is not connected to any nets. (LINT-28)
Warning: In design 'mc_scheduler_frfcfs_Q_DEPTH32_ADDR_W16_AGE_LIMIT128_AGING_ENABLE1', port 'addresses[394]' is not connected to any nets. (LINT-28)
Warning: In design 'mc_scheduler_frfcfs_Q_DEPTH32_ADDR_W16_AGE_LIMIT128_AGING_ENABLE1', port 'addresses[393]' is not connected to any nets. (LINT-28)
Warning: In design 'mc_scheduler_frfcfs_Q_DEPTH32_ADDR_W16_AGE_LIMIT128_AGING_ENABLE1', port 'addresses[392]' is not connected to any nets. (LINT-28)
Warning: In design 'mc_scheduler_frfcfs_Q_DEPTH32_ADDR_W16_AGE_LIMIT128_AGING_ENABLE1', port 'addresses[391]' is not connected to any nets. (LINT-28)
Warning: In design 'mc_scheduler_frfcfs_Q_DEPTH32_ADDR_W16_AGE_LIMIT128_AGING_ENABLE1', port 'addresses[390]' is not connected to any nets. (LINT-28)
Warning: In design 'mc_scheduler_frfcfs_Q_DEPTH32_ADDR_W16_AGE_LIMIT128_AGING_ENABLE1', port 'addresses[389]' is not connected to any nets. (LINT-28)
Warning: In design 'mc_scheduler_frfcfs_Q_DEPTH32_ADDR_W16_AGE_LIMIT128_AGING_ENABLE1', port 'addresses[388]' is not connected to any nets. (LINT-28)
Warning: In design 'mc_scheduler_frfcfs_Q_DEPTH32_ADDR_W16_AGE_LIMIT128_AGING_ENABLE1', port 'addresses[387]' is not connected to any nets. (LINT-28)
Warning: In design 'mc_scheduler_frfcfs_Q_DEPTH32_ADDR_W16_AGE_LIMIT128_AGING_ENABLE1', port 'addresses[386]' is not connected to any nets. (LINT-28)
Warning: In design 'mc_scheduler_frfcfs_Q_DEPTH32_ADDR_W16_AGE_LIMIT128_AGING_ENABLE1', port 'addresses[383]' is not connected to any nets. (LINT-28)
Warning: In design 'mc_scheduler_frfcfs_Q_DEPTH32_ADDR_W16_AGE_LIMIT128_AGING_ENABLE1', port 'addresses[382]' is not connected to any nets. (LINT-28)
Warning: In design 'mc_scheduler_frfcfs_Q_DEPTH32_ADDR_W16_AGE_LIMIT128_AGING_ENABLE1', port 'addresses[381]' is not connected to any nets. (LINT-28)
Warning: In design 'mc_scheduler_frfcfs_Q_DEPTH32_ADDR_W16_AGE_LIMIT128_AGING_ENABLE1', port 'addresses[380]' is not connected to any nets. (LINT-28)
Warning: In design 'mc_scheduler_frfcfs_Q_DEPTH32_ADDR_W16_AGE_LIMIT128_AGING_ENABLE1', port 'addresses[379]' is not connected to any nets. (LINT-28)
Warning: In design 'mc_scheduler_frfcfs_Q_DEPTH32_ADDR_W16_AGE_LIMIT128_AGING_ENABLE1', port 'addresses[378]' is not connected to any nets. (LINT-28)
Warning: In design 'mc_scheduler_frfcfs_Q_DEPTH32_ADDR_W16_AGE_LIMIT128_AGING_ENABLE1', port 'addresses[377]' is not connected to any nets. (LINT-28)
Warning: In design 'mc_scheduler_frfcfs_Q_DEPTH32_ADDR_W16_AGE_LIMIT128_AGING_ENABLE1', port 'addresses[376]' is not connected to any nets. (LINT-28)
Warning: In design 'mc_scheduler_frfcfs_Q_DEPTH32_ADDR_W16_AGE_LIMIT128_AGING_ENABLE1', port 'addresses[375]' is not connected to any nets. (LINT-28)
Warning: In design 'mc_scheduler_frfcfs_Q_DEPTH32_ADDR_W16_AGE_LIMIT128_AGING_ENABLE1', port 'addresses[374]' is not connected to any nets. (LINT-28)
Warning: In design 'mc_scheduler_frfcfs_Q_DEPTH32_ADDR_W16_AGE_LIMIT128_AGING_ENABLE1', port 'addresses[373]' is not connected to any nets. (LINT-28)
Warning: In design 'mc_scheduler_frfcfs_Q_DEPTH32_ADDR_W16_AGE_LIMIT128_AGING_ENABLE1', port 'addresses[372]' is not connected to any nets. (LINT-28)
Warning: In design 'mc_scheduler_frfcfs_Q_DEPTH32_ADDR_W16_AGE_LIMIT128_AGING_ENABLE1', port 'addresses[371]' is not connected to any nets. (LINT-28)
Warning: In design 'mc_scheduler_frfcfs_Q_DEPTH32_ADDR_W16_AGE_LIMIT128_AGING_ENABLE1', port 'addresses[370]' is not connected to any nets. (LINT-28)
Warning: In design 'mc_scheduler_frfcfs_Q_DEPTH32_ADDR_W16_AGE_LIMIT128_AGING_ENABLE1', port 'addresses[367]' is not connected to any nets. (LINT-28)
Warning: In design 'mc_scheduler_frfcfs_Q_DEPTH32_ADDR_W16_AGE_LIMIT128_AGING_ENABLE1', port 'addresses[366]' is not connected to any nets. (LINT-28)
Warning: In design 'mc_scheduler_frfcfs_Q_DEPTH32_ADDR_W16_AGE_LIMIT128_AGING_ENABLE1', port 'addresses[365]' is not connected to any nets. (LINT-28)
Warning: In design 'mc_scheduler_frfcfs_Q_DEPTH32_ADDR_W16_AGE_LIMIT128_AGING_ENABLE1', port 'addresses[364]' is not connected to any nets. (LINT-28)
Warning: In design 'mc_scheduler_frfcfs_Q_DEPTH32_ADDR_W16_AGE_LIMIT128_AGING_ENABLE1', port 'addresses[363]' is not connected to any nets. (LINT-28)
Warning: In design 'mc_scheduler_frfcfs_Q_DEPTH32_ADDR_W16_AGE_LIMIT128_AGING_ENABLE1', port 'addresses[362]' is not connected to any nets. (LINT-28)
Warning: In design 'mc_scheduler_frfcfs_Q_DEPTH32_ADDR_W16_AGE_LIMIT128_AGING_ENABLE1', port 'addresses[361]' is not connected to any nets. (LINT-28)
Warning: In design 'mc_scheduler_frfcfs_Q_DEPTH32_ADDR_W16_AGE_LIMIT128_AGING_ENABLE1', port 'addresses[360]' is not connected to any nets. (LINT-28)
Warning: In design 'mc_scheduler_frfcfs_Q_DEPTH32_ADDR_W16_AGE_LIMIT128_AGING_ENABLE1', port 'addresses[359]' is not connected to any nets. (LINT-28)
Warning: In design 'mc_scheduler_frfcfs_Q_DEPTH32_ADDR_W16_AGE_LIMIT128_AGING_ENABLE1', port 'addresses[358]' is not connected to any nets. (LINT-28)
Warning: In design 'mc_scheduler_frfcfs_Q_DEPTH32_ADDR_W16_AGE_LIMIT128_AGING_ENABLE1', port 'addresses[357]' is not connected to any nets. (LINT-28)
Warning: In design 'mc_scheduler_frfcfs_Q_DEPTH32_ADDR_W16_AGE_LIMIT128_AGING_ENABLE1', port 'addresses[356]' is not connected to any nets. (LINT-28)
Warning: In design 'mc_scheduler_frfcfs_Q_DEPTH32_ADDR_W16_AGE_LIMIT128_AGING_ENABLE1', port 'addresses[355]' is not connected to any nets. (LINT-28)
Warning: In design 'mc_scheduler_frfcfs_Q_DEPTH32_ADDR_W16_AGE_LIMIT128_AGING_ENABLE1', port 'addresses[354]' is not connected to any nets. (LINT-28)
Warning: In design 'mc_scheduler_frfcfs_Q_DEPTH32_ADDR_W16_AGE_LIMIT128_AGING_ENABLE1', port 'addresses[351]' is not connected to any nets. (LINT-28)
Warning: In design 'mc_scheduler_frfcfs_Q_DEPTH32_ADDR_W16_AGE_LIMIT128_AGING_ENABLE1', port 'addresses[350]' is not connected to any nets. (LINT-28)
Warning: In design 'mc_scheduler_frfcfs_Q_DEPTH32_ADDR_W16_AGE_LIMIT128_AGING_ENABLE1', port 'addresses[349]' is not connected to any nets. (LINT-28)
Warning: In design 'mc_scheduler_frfcfs_Q_DEPTH32_ADDR_W16_AGE_LIMIT128_AGING_ENABLE1', port 'addresses[348]' is not connected to any nets. (LINT-28)
Warning: In design 'mc_scheduler_frfcfs_Q_DEPTH32_ADDR_W16_AGE_LIMIT128_AGING_ENABLE1', port 'addresses[347]' is not connected to any nets. (LINT-28)
Warning: In design 'mc_scheduler_frfcfs_Q_DEPTH32_ADDR_W16_AGE_LIMIT128_AGING_ENABLE1', port 'addresses[346]' is not connected to any nets. (LINT-28)
Warning: In design 'mc_scheduler_frfcfs_Q_DEPTH32_ADDR_W16_AGE_LIMIT128_AGING_ENABLE1', port 'addresses[345]' is not connected to any nets. (LINT-28)
Warning: In design 'mc_scheduler_frfcfs_Q_DEPTH32_ADDR_W16_AGE_LIMIT128_AGING_ENABLE1', port 'addresses[344]' is not connected to any nets. (LINT-28)
Warning: In design 'mc_scheduler_frfcfs_Q_DEPTH32_ADDR_W16_AGE_LIMIT128_AGING_ENABLE1', port 'addresses[343]' is not connected to any nets. (LINT-28)
Warning: In design 'mc_scheduler_frfcfs_Q_DEPTH32_ADDR_W16_AGE_LIMIT128_AGING_ENABLE1', port 'addresses[342]' is not connected to any nets. (LINT-28)
Warning: In design 'mc_scheduler_frfcfs_Q_DEPTH32_ADDR_W16_AGE_LIMIT128_AGING_ENABLE1', port 'addresses[341]' is not connected to any nets. (LINT-28)
Warning: In design 'mc_scheduler_frfcfs_Q_DEPTH32_ADDR_W16_AGE_LIMIT128_AGING_ENABLE1', port 'addresses[340]' is not connected to any nets. (LINT-28)
Warning: In design 'mc_scheduler_frfcfs_Q_DEPTH32_ADDR_W16_AGE_LIMIT128_AGING_ENABLE1', port 'addresses[339]' is not connected to any nets. (LINT-28)
Warning: In design 'mc_scheduler_frfcfs_Q_DEPTH32_ADDR_W16_AGE_LIMIT128_AGING_ENABLE1', port 'addresses[338]' is not connected to any nets. (LINT-28)
Warning: In design 'mc_scheduler_frfcfs_Q_DEPTH32_ADDR_W16_AGE_LIMIT128_AGING_ENABLE1', port 'addresses[335]' is not connected to any nets. (LINT-28)
Warning: In design 'mc_scheduler_frfcfs_Q_DEPTH32_ADDR_W16_AGE_LIMIT128_AGING_ENABLE1', port 'addresses[334]' is not connected to any nets. (LINT-28)
Warning: In design 'mc_scheduler_frfcfs_Q_DEPTH32_ADDR_W16_AGE_LIMIT128_AGING_ENABLE1', port 'addresses[333]' is not connected to any nets. (LINT-28)
Warning: In design 'mc_scheduler_frfcfs_Q_DEPTH32_ADDR_W16_AGE_LIMIT128_AGING_ENABLE1', port 'addresses[332]' is not connected to any nets. (LINT-28)
Warning: In design 'mc_scheduler_frfcfs_Q_DEPTH32_ADDR_W16_AGE_LIMIT128_AGING_ENABLE1', port 'addresses[331]' is not connected to any nets. (LINT-28)
Warning: In design 'mc_scheduler_frfcfs_Q_DEPTH32_ADDR_W16_AGE_LIMIT128_AGING_ENABLE1', port 'addresses[330]' is not connected to any nets. (LINT-28)
Warning: In design 'mc_scheduler_frfcfs_Q_DEPTH32_ADDR_W16_AGE_LIMIT128_AGING_ENABLE1', port 'addresses[329]' is not connected to any nets. (LINT-28)
Warning: In design 'mc_scheduler_frfcfs_Q_DEPTH32_ADDR_W16_AGE_LIMIT128_AGING_ENABLE1', port 'addresses[328]' is not connected to any nets. (LINT-28)
Warning: In design 'mc_scheduler_frfcfs_Q_DEPTH32_ADDR_W16_AGE_LIMIT128_AGING_ENABLE1', port 'addresses[327]' is not connected to any nets. (LINT-28)
Warning: In design 'mc_scheduler_frfcfs_Q_DEPTH32_ADDR_W16_AGE_LIMIT128_AGING_ENABLE1', port 'addresses[326]' is not connected to any nets. (LINT-28)
Warning: In design 'mc_scheduler_frfcfs_Q_DEPTH32_ADDR_W16_AGE_LIMIT128_AGING_ENABLE1', port 'addresses[325]' is not connected to any nets. (LINT-28)
Warning: In design 'mc_scheduler_frfcfs_Q_DEPTH32_ADDR_W16_AGE_LIMIT128_AGING_ENABLE1', port 'addresses[324]' is not connected to any nets. (LINT-28)
Warning: In design 'mc_scheduler_frfcfs_Q_DEPTH32_ADDR_W16_AGE_LIMIT128_AGING_ENABLE1', port 'addresses[323]' is not connected to any nets. (LINT-28)
Warning: In design 'mc_scheduler_frfcfs_Q_DEPTH32_ADDR_W16_AGE_LIMIT128_AGING_ENABLE1', port 'addresses[322]' is not connected to any nets. (LINT-28)
Warning: In design 'mc_scheduler_frfcfs_Q_DEPTH32_ADDR_W16_AGE_LIMIT128_AGING_ENABLE1', port 'addresses[319]' is not connected to any nets. (LINT-28)
Warning: In design 'mc_scheduler_frfcfs_Q_DEPTH32_ADDR_W16_AGE_LIMIT128_AGING_ENABLE1', port 'addresses[318]' is not connected to any nets. (LINT-28)
Warning: In design 'mc_scheduler_frfcfs_Q_DEPTH32_ADDR_W16_AGE_LIMIT128_AGING_ENABLE1', port 'addresses[317]' is not connected to any nets. (LINT-28)
Warning: In design 'mc_scheduler_frfcfs_Q_DEPTH32_ADDR_W16_AGE_LIMIT128_AGING_ENABLE1', port 'addresses[316]' is not connected to any nets. (LINT-28)
Warning: In design 'mc_scheduler_frfcfs_Q_DEPTH32_ADDR_W16_AGE_LIMIT128_AGING_ENABLE1', port 'addresses[315]' is not connected to any nets. (LINT-28)
Warning: In design 'mc_scheduler_frfcfs_Q_DEPTH32_ADDR_W16_AGE_LIMIT128_AGING_ENABLE1', port 'addresses[314]' is not connected to any nets. (LINT-28)
Warning: In design 'mc_scheduler_frfcfs_Q_DEPTH32_ADDR_W16_AGE_LIMIT128_AGING_ENABLE1', port 'addresses[313]' is not connected to any nets. (LINT-28)
Warning: In design 'mc_scheduler_frfcfs_Q_DEPTH32_ADDR_W16_AGE_LIMIT128_AGING_ENABLE1', port 'addresses[312]' is not connected to any nets. (LINT-28)
Warning: In design 'mc_scheduler_frfcfs_Q_DEPTH32_ADDR_W16_AGE_LIMIT128_AGING_ENABLE1', port 'addresses[311]' is not connected to any nets. (LINT-28)
Warning: In design 'mc_scheduler_frfcfs_Q_DEPTH32_ADDR_W16_AGE_LIMIT128_AGING_ENABLE1', port 'addresses[310]' is not connected to any nets. (LINT-28)
Warning: In design 'mc_scheduler_frfcfs_Q_DEPTH32_ADDR_W16_AGE_LIMIT128_AGING_ENABLE1', port 'addresses[309]' is not connected to any nets. (LINT-28)
Warning: In design 'mc_scheduler_frfcfs_Q_DEPTH32_ADDR_W16_AGE_LIMIT128_AGING_ENABLE1', port 'addresses[308]' is not connected to any nets. (LINT-28)
Warning: In design 'mc_scheduler_frfcfs_Q_DEPTH32_ADDR_W16_AGE_LIMIT128_AGING_ENABLE1', port 'addresses[307]' is not connected to any nets. (LINT-28)
Warning: In design 'mc_scheduler_frfcfs_Q_DEPTH32_ADDR_W16_AGE_LIMIT128_AGING_ENABLE1', port 'addresses[306]' is not connected to any nets. (LINT-28)
Warning: In design 'mc_scheduler_frfcfs_Q_DEPTH32_ADDR_W16_AGE_LIMIT128_AGING_ENABLE1', port 'addresses[303]' is not connected to any nets. (LINT-28)
Warning: In design 'mc_scheduler_frfcfs_Q_DEPTH32_ADDR_W16_AGE_LIMIT128_AGING_ENABLE1', port 'addresses[302]' is not connected to any nets. (LINT-28)
Warning: In design 'mc_scheduler_frfcfs_Q_DEPTH32_ADDR_W16_AGE_LIMIT128_AGING_ENABLE1', port 'addresses[301]' is not connected to any nets. (LINT-28)
Warning: In design 'mc_scheduler_frfcfs_Q_DEPTH32_ADDR_W16_AGE_LIMIT128_AGING_ENABLE1', port 'addresses[300]' is not connected to any nets. (LINT-28)
Warning: In design 'mc_scheduler_frfcfs_Q_DEPTH32_ADDR_W16_AGE_LIMIT128_AGING_ENABLE1', port 'addresses[299]' is not connected to any nets. (LINT-28)
Warning: In design 'mc_scheduler_frfcfs_Q_DEPTH32_ADDR_W16_AGE_LIMIT128_AGING_ENABLE1', port 'addresses[298]' is not connected to any nets. (LINT-28)
Warning: In design 'mc_scheduler_frfcfs_Q_DEPTH32_ADDR_W16_AGE_LIMIT128_AGING_ENABLE1', port 'addresses[297]' is not connected to any nets. (LINT-28)
Warning: In design 'mc_scheduler_frfcfs_Q_DEPTH32_ADDR_W16_AGE_LIMIT128_AGING_ENABLE1', port 'addresses[296]' is not connected to any nets. (LINT-28)
Warning: In design 'mc_scheduler_frfcfs_Q_DEPTH32_ADDR_W16_AGE_LIMIT128_AGING_ENABLE1', port 'addresses[295]' is not connected to any nets. (LINT-28)
Warning: In design 'mc_scheduler_frfcfs_Q_DEPTH32_ADDR_W16_AGE_LIMIT128_AGING_ENABLE1', port 'addresses[294]' is not connected to any nets. (LINT-28)
Warning: In design 'mc_scheduler_frfcfs_Q_DEPTH32_ADDR_W16_AGE_LIMIT128_AGING_ENABLE1', port 'addresses[293]' is not connected to any nets. (LINT-28)
Warning: In design 'mc_scheduler_frfcfs_Q_DEPTH32_ADDR_W16_AGE_LIMIT128_AGING_ENABLE1', port 'addresses[292]' is not connected to any nets. (LINT-28)
Warning: In design 'mc_scheduler_frfcfs_Q_DEPTH32_ADDR_W16_AGE_LIMIT128_AGING_ENABLE1', port 'addresses[291]' is not connected to any nets. (LINT-28)
Warning: In design 'mc_scheduler_frfcfs_Q_DEPTH32_ADDR_W16_AGE_LIMIT128_AGING_ENABLE1', port 'addresses[290]' is not connected to any nets. (LINT-28)
Warning: In design 'mc_scheduler_frfcfs_Q_DEPTH32_ADDR_W16_AGE_LIMIT128_AGING_ENABLE1', port 'addresses[287]' is not connected to any nets. (LINT-28)
Warning: In design 'mc_scheduler_frfcfs_Q_DEPTH32_ADDR_W16_AGE_LIMIT128_AGING_ENABLE1', port 'addresses[286]' is not connected to any nets. (LINT-28)
Warning: In design 'mc_scheduler_frfcfs_Q_DEPTH32_ADDR_W16_AGE_LIMIT128_AGING_ENABLE1', port 'addresses[285]' is not connected to any nets. (LINT-28)
Warning: In design 'mc_scheduler_frfcfs_Q_DEPTH32_ADDR_W16_AGE_LIMIT128_AGING_ENABLE1', port 'addresses[284]' is not connected to any nets. (LINT-28)
Warning: In design 'mc_scheduler_frfcfs_Q_DEPTH32_ADDR_W16_AGE_LIMIT128_AGING_ENABLE1', port 'addresses[283]' is not connected to any nets. (LINT-28)
Warning: In design 'mc_scheduler_frfcfs_Q_DEPTH32_ADDR_W16_AGE_LIMIT128_AGING_ENABLE1', port 'addresses[282]' is not connected to any nets. (LINT-28)
Warning: In design 'mc_scheduler_frfcfs_Q_DEPTH32_ADDR_W16_AGE_LIMIT128_AGING_ENABLE1', port 'addresses[281]' is not connected to any nets. (LINT-28)
Warning: In design 'mc_scheduler_frfcfs_Q_DEPTH32_ADDR_W16_AGE_LIMIT128_AGING_ENABLE1', port 'addresses[280]' is not connected to any nets. (LINT-28)
Warning: In design 'mc_scheduler_frfcfs_Q_DEPTH32_ADDR_W16_AGE_LIMIT128_AGING_ENABLE1', port 'addresses[279]' is not connected to any nets. (LINT-28)
Warning: In design 'mc_scheduler_frfcfs_Q_DEPTH32_ADDR_W16_AGE_LIMIT128_AGING_ENABLE1', port 'addresses[278]' is not connected to any nets. (LINT-28)
Warning: In design 'mc_scheduler_frfcfs_Q_DEPTH32_ADDR_W16_AGE_LIMIT128_AGING_ENABLE1', port 'addresses[277]' is not connected to any nets. (LINT-28)
Warning: In design 'mc_scheduler_frfcfs_Q_DEPTH32_ADDR_W16_AGE_LIMIT128_AGING_ENABLE1', port 'addresses[276]' is not connected to any nets. (LINT-28)
Warning: In design 'mc_scheduler_frfcfs_Q_DEPTH32_ADDR_W16_AGE_LIMIT128_AGING_ENABLE1', port 'addresses[275]' is not connected to any nets. (LINT-28)
Warning: In design 'mc_scheduler_frfcfs_Q_DEPTH32_ADDR_W16_AGE_LIMIT128_AGING_ENABLE1', port 'addresses[274]' is not connected to any nets. (LINT-28)
Warning: In design 'mc_scheduler_frfcfs_Q_DEPTH32_ADDR_W16_AGE_LIMIT128_AGING_ENABLE1', port 'addresses[271]' is not connected to any nets. (LINT-28)
Warning: In design 'mc_scheduler_frfcfs_Q_DEPTH32_ADDR_W16_AGE_LIMIT128_AGING_ENABLE1', port 'addresses[270]' is not connected to any nets. (LINT-28)
Warning: In design 'mc_scheduler_frfcfs_Q_DEPTH32_ADDR_W16_AGE_LIMIT128_AGING_ENABLE1', port 'addresses[269]' is not connected to any nets. (LINT-28)
Warning: In design 'mc_scheduler_frfcfs_Q_DEPTH32_ADDR_W16_AGE_LIMIT128_AGING_ENABLE1', port 'addresses[268]' is not connected to any nets. (LINT-28)
Warning: In design 'mc_scheduler_frfcfs_Q_DEPTH32_ADDR_W16_AGE_LIMIT128_AGING_ENABLE1', port 'addresses[267]' is not connected to any nets. (LINT-28)
Warning: In design 'mc_scheduler_frfcfs_Q_DEPTH32_ADDR_W16_AGE_LIMIT128_AGING_ENABLE1', port 'addresses[266]' is not connected to any nets. (LINT-28)
Warning: In design 'mc_scheduler_frfcfs_Q_DEPTH32_ADDR_W16_AGE_LIMIT128_AGING_ENABLE1', port 'addresses[265]' is not connected to any nets. (LINT-28)
Warning: In design 'mc_scheduler_frfcfs_Q_DEPTH32_ADDR_W16_AGE_LIMIT128_AGING_ENABLE1', port 'addresses[264]' is not connected to any nets. (LINT-28)
Warning: In design 'mc_scheduler_frfcfs_Q_DEPTH32_ADDR_W16_AGE_LIMIT128_AGING_ENABLE1', port 'addresses[263]' is not connected to any nets. (LINT-28)
Warning: In design 'mc_scheduler_frfcfs_Q_DEPTH32_ADDR_W16_AGE_LIMIT128_AGING_ENABLE1', port 'addresses[262]' is not connected to any nets. (LINT-28)
Warning: In design 'mc_scheduler_frfcfs_Q_DEPTH32_ADDR_W16_AGE_LIMIT128_AGING_ENABLE1', port 'addresses[261]' is not connected to any nets. (LINT-28)
Warning: In design 'mc_scheduler_frfcfs_Q_DEPTH32_ADDR_W16_AGE_LIMIT128_AGING_ENABLE1', port 'addresses[260]' is not connected to any nets. (LINT-28)
Warning: In design 'mc_scheduler_frfcfs_Q_DEPTH32_ADDR_W16_AGE_LIMIT128_AGING_ENABLE1', port 'addresses[259]' is not connected to any nets. (LINT-28)
Warning: In design 'mc_scheduler_frfcfs_Q_DEPTH32_ADDR_W16_AGE_LIMIT128_AGING_ENABLE1', port 'addresses[258]' is not connected to any nets. (LINT-28)
Warning: In design 'mc_scheduler_frfcfs_Q_DEPTH32_ADDR_W16_AGE_LIMIT128_AGING_ENABLE1', port 'addresses[255]' is not connected to any nets. (LINT-28)
Warning: In design 'mc_scheduler_frfcfs_Q_DEPTH32_ADDR_W16_AGE_LIMIT128_AGING_ENABLE1', port 'addresses[254]' is not connected to any nets. (LINT-28)
Warning: In design 'mc_scheduler_frfcfs_Q_DEPTH32_ADDR_W16_AGE_LIMIT128_AGING_ENABLE1', port 'addresses[253]' is not connected to any nets. (LINT-28)
Warning: In design 'mc_scheduler_frfcfs_Q_DEPTH32_ADDR_W16_AGE_LIMIT128_AGING_ENABLE1', port 'addresses[252]' is not connected to any nets. (LINT-28)
Warning: In design 'mc_scheduler_frfcfs_Q_DEPTH32_ADDR_W16_AGE_LIMIT128_AGING_ENABLE1', port 'addresses[251]' is not connected to any nets. (LINT-28)
Warning: In design 'mc_scheduler_frfcfs_Q_DEPTH32_ADDR_W16_AGE_LIMIT128_AGING_ENABLE1', port 'addresses[250]' is not connected to any nets. (LINT-28)
Warning: In design 'mc_scheduler_frfcfs_Q_DEPTH32_ADDR_W16_AGE_LIMIT128_AGING_ENABLE1', port 'addresses[249]' is not connected to any nets. (LINT-28)
Warning: In design 'mc_scheduler_frfcfs_Q_DEPTH32_ADDR_W16_AGE_LIMIT128_AGING_ENABLE1', port 'addresses[248]' is not connected to any nets. (LINT-28)
Warning: In design 'mc_scheduler_frfcfs_Q_DEPTH32_ADDR_W16_AGE_LIMIT128_AGING_ENABLE1', port 'addresses[247]' is not connected to any nets. (LINT-28)
Warning: In design 'mc_scheduler_frfcfs_Q_DEPTH32_ADDR_W16_AGE_LIMIT128_AGING_ENABLE1', port 'addresses[246]' is not connected to any nets. (LINT-28)
Warning: In design 'mc_scheduler_frfcfs_Q_DEPTH32_ADDR_W16_AGE_LIMIT128_AGING_ENABLE1', port 'addresses[245]' is not connected to any nets. (LINT-28)
Warning: In design 'mc_scheduler_frfcfs_Q_DEPTH32_ADDR_W16_AGE_LIMIT128_AGING_ENABLE1', port 'addresses[244]' is not connected to any nets. (LINT-28)
Warning: In design 'mc_scheduler_frfcfs_Q_DEPTH32_ADDR_W16_AGE_LIMIT128_AGING_ENABLE1', port 'addresses[243]' is not connected to any nets. (LINT-28)
Warning: In design 'mc_scheduler_frfcfs_Q_DEPTH32_ADDR_W16_AGE_LIMIT128_AGING_ENABLE1', port 'addresses[242]' is not connected to any nets. (LINT-28)
Warning: In design 'mc_scheduler_frfcfs_Q_DEPTH32_ADDR_W16_AGE_LIMIT128_AGING_ENABLE1', port 'addresses[239]' is not connected to any nets. (LINT-28)
Warning: In design 'mc_scheduler_frfcfs_Q_DEPTH32_ADDR_W16_AGE_LIMIT128_AGING_ENABLE1', port 'addresses[238]' is not connected to any nets. (LINT-28)
Warning: In design 'mc_scheduler_frfcfs_Q_DEPTH32_ADDR_W16_AGE_LIMIT128_AGING_ENABLE1', port 'addresses[237]' is not connected to any nets. (LINT-28)
Warning: In design 'mc_scheduler_frfcfs_Q_DEPTH32_ADDR_W16_AGE_LIMIT128_AGING_ENABLE1', port 'addresses[236]' is not connected to any nets. (LINT-28)
Warning: In design 'mc_scheduler_frfcfs_Q_DEPTH32_ADDR_W16_AGE_LIMIT128_AGING_ENABLE1', port 'addresses[235]' is not connected to any nets. (LINT-28)
Warning: In design 'mc_scheduler_frfcfs_Q_DEPTH32_ADDR_W16_AGE_LIMIT128_AGING_ENABLE1', port 'addresses[234]' is not connected to any nets. (LINT-28)
Warning: In design 'mc_scheduler_frfcfs_Q_DEPTH32_ADDR_W16_AGE_LIMIT128_AGING_ENABLE1', port 'addresses[233]' is not connected to any nets. (LINT-28)
Warning: In design 'mc_scheduler_frfcfs_Q_DEPTH32_ADDR_W16_AGE_LIMIT128_AGING_ENABLE1', port 'addresses[232]' is not connected to any nets. (LINT-28)
Warning: In design 'mc_scheduler_frfcfs_Q_DEPTH32_ADDR_W16_AGE_LIMIT128_AGING_ENABLE1', port 'addresses[231]' is not connected to any nets. (LINT-28)
Warning: In design 'mc_scheduler_frfcfs_Q_DEPTH32_ADDR_W16_AGE_LIMIT128_AGING_ENABLE1', port 'addresses[230]' is not connected to any nets. (LINT-28)
Warning: In design 'mc_scheduler_frfcfs_Q_DEPTH32_ADDR_W16_AGE_LIMIT128_AGING_ENABLE1', port 'addresses[229]' is not connected to any nets. (LINT-28)
Warning: In design 'mc_scheduler_frfcfs_Q_DEPTH32_ADDR_W16_AGE_LIMIT128_AGING_ENABLE1', port 'addresses[228]' is not connected to any nets. (LINT-28)
Warning: In design 'mc_scheduler_frfcfs_Q_DEPTH32_ADDR_W16_AGE_LIMIT128_AGING_ENABLE1', port 'addresses[227]' is not connected to any nets. (LINT-28)
Warning: In design 'mc_scheduler_frfcfs_Q_DEPTH32_ADDR_W16_AGE_LIMIT128_AGING_ENABLE1', port 'addresses[226]' is not connected to any nets. (LINT-28)
Warning: In design 'mc_scheduler_frfcfs_Q_DEPTH32_ADDR_W16_AGE_LIMIT128_AGING_ENABLE1', port 'addresses[223]' is not connected to any nets. (LINT-28)
Warning: In design 'mc_scheduler_frfcfs_Q_DEPTH32_ADDR_W16_AGE_LIMIT128_AGING_ENABLE1', port 'addresses[222]' is not connected to any nets. (LINT-28)
Warning: In design 'mc_scheduler_frfcfs_Q_DEPTH32_ADDR_W16_AGE_LIMIT128_AGING_ENABLE1', port 'addresses[221]' is not connected to any nets. (LINT-28)
Warning: In design 'mc_scheduler_frfcfs_Q_DEPTH32_ADDR_W16_AGE_LIMIT128_AGING_ENABLE1', port 'addresses[220]' is not connected to any nets. (LINT-28)
Warning: In design 'mc_scheduler_frfcfs_Q_DEPTH32_ADDR_W16_AGE_LIMIT128_AGING_ENABLE1', port 'addresses[219]' is not connected to any nets. (LINT-28)
Warning: In design 'mc_scheduler_frfcfs_Q_DEPTH32_ADDR_W16_AGE_LIMIT128_AGING_ENABLE1', port 'addresses[218]' is not connected to any nets. (LINT-28)
Warning: In design 'mc_scheduler_frfcfs_Q_DEPTH32_ADDR_W16_AGE_LIMIT128_AGING_ENABLE1', port 'addresses[217]' is not connected to any nets. (LINT-28)
Warning: In design 'mc_scheduler_frfcfs_Q_DEPTH32_ADDR_W16_AGE_LIMIT128_AGING_ENABLE1', port 'addresses[216]' is not connected to any nets. (LINT-28)
Warning: In design 'mc_scheduler_frfcfs_Q_DEPTH32_ADDR_W16_AGE_LIMIT128_AGING_ENABLE1', port 'addresses[215]' is not connected to any nets. (LINT-28)
Warning: In design 'mc_scheduler_frfcfs_Q_DEPTH32_ADDR_W16_AGE_LIMIT128_AGING_ENABLE1', port 'addresses[214]' is not connected to any nets. (LINT-28)
Warning: In design 'mc_scheduler_frfcfs_Q_DEPTH32_ADDR_W16_AGE_LIMIT128_AGING_ENABLE1', port 'addresses[213]' is not connected to any nets. (LINT-28)
Warning: In design 'mc_scheduler_frfcfs_Q_DEPTH32_ADDR_W16_AGE_LIMIT128_AGING_ENABLE1', port 'addresses[212]' is not connected to any nets. (LINT-28)
Warning: In design 'mc_scheduler_frfcfs_Q_DEPTH32_ADDR_W16_AGE_LIMIT128_AGING_ENABLE1', port 'addresses[211]' is not connected to any nets. (LINT-28)
Warning: In design 'mc_scheduler_frfcfs_Q_DEPTH32_ADDR_W16_AGE_LIMIT128_AGING_ENABLE1', port 'addresses[210]' is not connected to any nets. (LINT-28)
Warning: In design 'mc_scheduler_frfcfs_Q_DEPTH32_ADDR_W16_AGE_LIMIT128_AGING_ENABLE1', port 'addresses[207]' is not connected to any nets. (LINT-28)
Warning: In design 'mc_scheduler_frfcfs_Q_DEPTH32_ADDR_W16_AGE_LIMIT128_AGING_ENABLE1', port 'addresses[206]' is not connected to any nets. (LINT-28)
Warning: In design 'mc_scheduler_frfcfs_Q_DEPTH32_ADDR_W16_AGE_LIMIT128_AGING_ENABLE1', port 'addresses[205]' is not connected to any nets. (LINT-28)
Warning: In design 'mc_scheduler_frfcfs_Q_DEPTH32_ADDR_W16_AGE_LIMIT128_AGING_ENABLE1', port 'addresses[204]' is not connected to any nets. (LINT-28)
Warning: In design 'mc_scheduler_frfcfs_Q_DEPTH32_ADDR_W16_AGE_LIMIT128_AGING_ENABLE1', port 'addresses[203]' is not connected to any nets. (LINT-28)
Warning: In design 'mc_scheduler_frfcfs_Q_DEPTH32_ADDR_W16_AGE_LIMIT128_AGING_ENABLE1', port 'addresses[202]' is not connected to any nets. (LINT-28)
Warning: In design 'mc_scheduler_frfcfs_Q_DEPTH32_ADDR_W16_AGE_LIMIT128_AGING_ENABLE1', port 'addresses[201]' is not connected to any nets. (LINT-28)
Warning: In design 'mc_scheduler_frfcfs_Q_DEPTH32_ADDR_W16_AGE_LIMIT128_AGING_ENABLE1', port 'addresses[200]' is not connected to any nets. (LINT-28)
Warning: In design 'mc_scheduler_frfcfs_Q_DEPTH32_ADDR_W16_AGE_LIMIT128_AGING_ENABLE1', port 'addresses[199]' is not connected to any nets. (LINT-28)
Warning: In design 'mc_scheduler_frfcfs_Q_DEPTH32_ADDR_W16_AGE_LIMIT128_AGING_ENABLE1', port 'addresses[198]' is not connected to any nets. (LINT-28)
Warning: In design 'mc_scheduler_frfcfs_Q_DEPTH32_ADDR_W16_AGE_LIMIT128_AGING_ENABLE1', port 'addresses[197]' is not connected to any nets. (LINT-28)
Warning: In design 'mc_scheduler_frfcfs_Q_DEPTH32_ADDR_W16_AGE_LIMIT128_AGING_ENABLE1', port 'addresses[196]' is not connected to any nets. (LINT-28)
Warning: In design 'mc_scheduler_frfcfs_Q_DEPTH32_ADDR_W16_AGE_LIMIT128_AGING_ENABLE1', port 'addresses[195]' is not connected to any nets. (LINT-28)
Warning: In design 'mc_scheduler_frfcfs_Q_DEPTH32_ADDR_W16_AGE_LIMIT128_AGING_ENABLE1', port 'addresses[194]' is not connected to any nets. (LINT-28)
Warning: In design 'mc_scheduler_frfcfs_Q_DEPTH32_ADDR_W16_AGE_LIMIT128_AGING_ENABLE1', port 'addresses[191]' is not connected to any nets. (LINT-28)
Warning: In design 'mc_scheduler_frfcfs_Q_DEPTH32_ADDR_W16_AGE_LIMIT128_AGING_ENABLE1', port 'addresses[190]' is not connected to any nets. (LINT-28)
Warning: In design 'mc_scheduler_frfcfs_Q_DEPTH32_ADDR_W16_AGE_LIMIT128_AGING_ENABLE1', port 'addresses[189]' is not connected to any nets. (LINT-28)
Warning: In design 'mc_scheduler_frfcfs_Q_DEPTH32_ADDR_W16_AGE_LIMIT128_AGING_ENABLE1', port 'addresses[188]' is not connected to any nets. (LINT-28)
Warning: In design 'mc_scheduler_frfcfs_Q_DEPTH32_ADDR_W16_AGE_LIMIT128_AGING_ENABLE1', port 'addresses[187]' is not connected to any nets. (LINT-28)
Warning: In design 'mc_scheduler_frfcfs_Q_DEPTH32_ADDR_W16_AGE_LIMIT128_AGING_ENABLE1', port 'addresses[186]' is not connected to any nets. (LINT-28)
Warning: In design 'mc_scheduler_frfcfs_Q_DEPTH32_ADDR_W16_AGE_LIMIT128_AGING_ENABLE1', port 'addresses[185]' is not connected to any nets. (LINT-28)
Warning: In design 'mc_scheduler_frfcfs_Q_DEPTH32_ADDR_W16_AGE_LIMIT128_AGING_ENABLE1', port 'addresses[184]' is not connected to any nets. (LINT-28)
Warning: In design 'mc_scheduler_frfcfs_Q_DEPTH32_ADDR_W16_AGE_LIMIT128_AGING_ENABLE1', port 'addresses[183]' is not connected to any nets. (LINT-28)
Warning: In design 'mc_scheduler_frfcfs_Q_DEPTH32_ADDR_W16_AGE_LIMIT128_AGING_ENABLE1', port 'addresses[182]' is not connected to any nets. (LINT-28)
Warning: In design 'mc_scheduler_frfcfs_Q_DEPTH32_ADDR_W16_AGE_LIMIT128_AGING_ENABLE1', port 'addresses[181]' is not connected to any nets. (LINT-28)
Warning: In design 'mc_scheduler_frfcfs_Q_DEPTH32_ADDR_W16_AGE_LIMIT128_AGING_ENABLE1', port 'addresses[180]' is not connected to any nets. (LINT-28)
Warning: In design 'mc_scheduler_frfcfs_Q_DEPTH32_ADDR_W16_AGE_LIMIT128_AGING_ENABLE1', port 'addresses[179]' is not connected to any nets. (LINT-28)
Warning: In design 'mc_scheduler_frfcfs_Q_DEPTH32_ADDR_W16_AGE_LIMIT128_AGING_ENABLE1', port 'addresses[178]' is not connected to any nets. (LINT-28)
Warning: In design 'mc_scheduler_frfcfs_Q_DEPTH32_ADDR_W16_AGE_LIMIT128_AGING_ENABLE1', port 'addresses[175]' is not connected to any nets. (LINT-28)
Warning: In design 'mc_scheduler_frfcfs_Q_DEPTH32_ADDR_W16_AGE_LIMIT128_AGING_ENABLE1', port 'addresses[174]' is not connected to any nets. (LINT-28)
Warning: In design 'mc_scheduler_frfcfs_Q_DEPTH32_ADDR_W16_AGE_LIMIT128_AGING_ENABLE1', port 'addresses[173]' is not connected to any nets. (LINT-28)
Warning: In design 'mc_scheduler_frfcfs_Q_DEPTH32_ADDR_W16_AGE_LIMIT128_AGING_ENABLE1', port 'addresses[172]' is not connected to any nets. (LINT-28)
Warning: In design 'mc_scheduler_frfcfs_Q_DEPTH32_ADDR_W16_AGE_LIMIT128_AGING_ENABLE1', port 'addresses[171]' is not connected to any nets. (LINT-28)
Warning: In design 'mc_scheduler_frfcfs_Q_DEPTH32_ADDR_W16_AGE_LIMIT128_AGING_ENABLE1', port 'addresses[170]' is not connected to any nets. (LINT-28)
Warning: In design 'mc_scheduler_frfcfs_Q_DEPTH32_ADDR_W16_AGE_LIMIT128_AGING_ENABLE1', port 'addresses[169]' is not connected to any nets. (LINT-28)
Warning: In design 'mc_scheduler_frfcfs_Q_DEPTH32_ADDR_W16_AGE_LIMIT128_AGING_ENABLE1', port 'addresses[168]' is not connected to any nets. (LINT-28)
Warning: In design 'mc_scheduler_frfcfs_Q_DEPTH32_ADDR_W16_AGE_LIMIT128_AGING_ENABLE1', port 'addresses[167]' is not connected to any nets. (LINT-28)
Warning: In design 'mc_scheduler_frfcfs_Q_DEPTH32_ADDR_W16_AGE_LIMIT128_AGING_ENABLE1', port 'addresses[166]' is not connected to any nets. (LINT-28)
Warning: In design 'mc_scheduler_frfcfs_Q_DEPTH32_ADDR_W16_AGE_LIMIT128_AGING_ENABLE1', port 'addresses[165]' is not connected to any nets. (LINT-28)
Warning: In design 'mc_scheduler_frfcfs_Q_DEPTH32_ADDR_W16_AGE_LIMIT128_AGING_ENABLE1', port 'addresses[164]' is not connected to any nets. (LINT-28)
Warning: In design 'mc_scheduler_frfcfs_Q_DEPTH32_ADDR_W16_AGE_LIMIT128_AGING_ENABLE1', port 'addresses[163]' is not connected to any nets. (LINT-28)
Warning: In design 'mc_scheduler_frfcfs_Q_DEPTH32_ADDR_W16_AGE_LIMIT128_AGING_ENABLE1', port 'addresses[162]' is not connected to any nets. (LINT-28)
Warning: In design 'mc_scheduler_frfcfs_Q_DEPTH32_ADDR_W16_AGE_LIMIT128_AGING_ENABLE1', port 'addresses[159]' is not connected to any nets. (LINT-28)
Warning: In design 'mc_scheduler_frfcfs_Q_DEPTH32_ADDR_W16_AGE_LIMIT128_AGING_ENABLE1', port 'addresses[158]' is not connected to any nets. (LINT-28)
Warning: In design 'mc_scheduler_frfcfs_Q_DEPTH32_ADDR_W16_AGE_LIMIT128_AGING_ENABLE1', port 'addresses[157]' is not connected to any nets. (LINT-28)
Warning: In design 'mc_scheduler_frfcfs_Q_DEPTH32_ADDR_W16_AGE_LIMIT128_AGING_ENABLE1', port 'addresses[156]' is not connected to any nets. (LINT-28)
Warning: In design 'mc_scheduler_frfcfs_Q_DEPTH32_ADDR_W16_AGE_LIMIT128_AGING_ENABLE1', port 'addresses[155]' is not connected to any nets. (LINT-28)
Warning: In design 'mc_scheduler_frfcfs_Q_DEPTH32_ADDR_W16_AGE_LIMIT128_AGING_ENABLE1', port 'addresses[154]' is not connected to any nets. (LINT-28)
Warning: In design 'mc_scheduler_frfcfs_Q_DEPTH32_ADDR_W16_AGE_LIMIT128_AGING_ENABLE1', port 'addresses[153]' is not connected to any nets. (LINT-28)
Warning: In design 'mc_scheduler_frfcfs_Q_DEPTH32_ADDR_W16_AGE_LIMIT128_AGING_ENABLE1', port 'addresses[152]' is not connected to any nets. (LINT-28)
Warning: In design 'mc_scheduler_frfcfs_Q_DEPTH32_ADDR_W16_AGE_LIMIT128_AGING_ENABLE1', port 'addresses[151]' is not connected to any nets. (LINT-28)
Warning: In design 'mc_scheduler_frfcfs_Q_DEPTH32_ADDR_W16_AGE_LIMIT128_AGING_ENABLE1', port 'addresses[150]' is not connected to any nets. (LINT-28)
Warning: In design 'mc_scheduler_frfcfs_Q_DEPTH32_ADDR_W16_AGE_LIMIT128_AGING_ENABLE1', port 'addresses[149]' is not connected to any nets. (LINT-28)
Warning: In design 'mc_scheduler_frfcfs_Q_DEPTH32_ADDR_W16_AGE_LIMIT128_AGING_ENABLE1', port 'addresses[148]' is not connected to any nets. (LINT-28)
Warning: In design 'mc_scheduler_frfcfs_Q_DEPTH32_ADDR_W16_AGE_LIMIT128_AGING_ENABLE1', port 'addresses[147]' is not connected to any nets. (LINT-28)
Warning: In design 'mc_scheduler_frfcfs_Q_DEPTH32_ADDR_W16_AGE_LIMIT128_AGING_ENABLE1', port 'addresses[146]' is not connected to any nets. (LINT-28)
Warning: In design 'mc_scheduler_frfcfs_Q_DEPTH32_ADDR_W16_AGE_LIMIT128_AGING_ENABLE1', port 'addresses[143]' is not connected to any nets. (LINT-28)
Warning: In design 'mc_scheduler_frfcfs_Q_DEPTH32_ADDR_W16_AGE_LIMIT128_AGING_ENABLE1', port 'addresses[142]' is not connected to any nets. (LINT-28)
Warning: In design 'mc_scheduler_frfcfs_Q_DEPTH32_ADDR_W16_AGE_LIMIT128_AGING_ENABLE1', port 'addresses[141]' is not connected to any nets. (LINT-28)
Warning: In design 'mc_scheduler_frfcfs_Q_DEPTH32_ADDR_W16_AGE_LIMIT128_AGING_ENABLE1', port 'addresses[140]' is not connected to any nets. (LINT-28)
Warning: In design 'mc_scheduler_frfcfs_Q_DEPTH32_ADDR_W16_AGE_LIMIT128_AGING_ENABLE1', port 'addresses[139]' is not connected to any nets. (LINT-28)
Warning: In design 'mc_scheduler_frfcfs_Q_DEPTH32_ADDR_W16_AGE_LIMIT128_AGING_ENABLE1', port 'addresses[138]' is not connected to any nets. (LINT-28)
Warning: In design 'mc_scheduler_frfcfs_Q_DEPTH32_ADDR_W16_AGE_LIMIT128_AGING_ENABLE1', port 'addresses[137]' is not connected to any nets. (LINT-28)
Warning: In design 'mc_scheduler_frfcfs_Q_DEPTH32_ADDR_W16_AGE_LIMIT128_AGING_ENABLE1', port 'addresses[136]' is not connected to any nets. (LINT-28)
Warning: In design 'mc_scheduler_frfcfs_Q_DEPTH32_ADDR_W16_AGE_LIMIT128_AGING_ENABLE1', port 'addresses[135]' is not connected to any nets. (LINT-28)
Warning: In design 'mc_scheduler_frfcfs_Q_DEPTH32_ADDR_W16_AGE_LIMIT128_AGING_ENABLE1', port 'addresses[134]' is not connected to any nets. (LINT-28)
Warning: In design 'mc_scheduler_frfcfs_Q_DEPTH32_ADDR_W16_AGE_LIMIT128_AGING_ENABLE1', port 'addresses[133]' is not connected to any nets. (LINT-28)
Warning: In design 'mc_scheduler_frfcfs_Q_DEPTH32_ADDR_W16_AGE_LIMIT128_AGING_ENABLE1', port 'addresses[132]' is not connected to any nets. (LINT-28)
Warning: In design 'mc_scheduler_frfcfs_Q_DEPTH32_ADDR_W16_AGE_LIMIT128_AGING_ENABLE1', port 'addresses[131]' is not connected to any nets. (LINT-28)
Warning: In design 'mc_scheduler_frfcfs_Q_DEPTH32_ADDR_W16_AGE_LIMIT128_AGING_ENABLE1', port 'addresses[130]' is not connected to any nets. (LINT-28)
Warning: In design 'mc_scheduler_frfcfs_Q_DEPTH32_ADDR_W16_AGE_LIMIT128_AGING_ENABLE1', port 'addresses[127]' is not connected to any nets. (LINT-28)
Warning: In design 'mc_scheduler_frfcfs_Q_DEPTH32_ADDR_W16_AGE_LIMIT128_AGING_ENABLE1', port 'addresses[126]' is not connected to any nets. (LINT-28)
Warning: In design 'mc_scheduler_frfcfs_Q_DEPTH32_ADDR_W16_AGE_LIMIT128_AGING_ENABLE1', port 'addresses[125]' is not connected to any nets. (LINT-28)
Warning: In design 'mc_scheduler_frfcfs_Q_DEPTH32_ADDR_W16_AGE_LIMIT128_AGING_ENABLE1', port 'addresses[124]' is not connected to any nets. (LINT-28)
Warning: In design 'mc_scheduler_frfcfs_Q_DEPTH32_ADDR_W16_AGE_LIMIT128_AGING_ENABLE1', port 'addresses[123]' is not connected to any nets. (LINT-28)
Warning: In design 'mc_scheduler_frfcfs_Q_DEPTH32_ADDR_W16_AGE_LIMIT128_AGING_ENABLE1', port 'addresses[122]' is not connected to any nets. (LINT-28)
Warning: In design 'mc_scheduler_frfcfs_Q_DEPTH32_ADDR_W16_AGE_LIMIT128_AGING_ENABLE1', port 'addresses[121]' is not connected to any nets. (LINT-28)
Warning: In design 'mc_scheduler_frfcfs_Q_DEPTH32_ADDR_W16_AGE_LIMIT128_AGING_ENABLE1', port 'addresses[120]' is not connected to any nets. (LINT-28)
Warning: In design 'mc_scheduler_frfcfs_Q_DEPTH32_ADDR_W16_AGE_LIMIT128_AGING_ENABLE1', port 'addresses[119]' is not connected to any nets. (LINT-28)
Warning: In design 'mc_scheduler_frfcfs_Q_DEPTH32_ADDR_W16_AGE_LIMIT128_AGING_ENABLE1', port 'addresses[118]' is not connected to any nets. (LINT-28)
Warning: In design 'mc_scheduler_frfcfs_Q_DEPTH32_ADDR_W16_AGE_LIMIT128_AGING_ENABLE1', port 'addresses[117]' is not connected to any nets. (LINT-28)
Warning: In design 'mc_scheduler_frfcfs_Q_DEPTH32_ADDR_W16_AGE_LIMIT128_AGING_ENABLE1', port 'addresses[116]' is not connected to any nets. (LINT-28)
Warning: In design 'mc_scheduler_frfcfs_Q_DEPTH32_ADDR_W16_AGE_LIMIT128_AGING_ENABLE1', port 'addresses[115]' is not connected to any nets. (LINT-28)
Warning: In design 'mc_scheduler_frfcfs_Q_DEPTH32_ADDR_W16_AGE_LIMIT128_AGING_ENABLE1', port 'addresses[114]' is not connected to any nets. (LINT-28)
Warning: In design 'mc_scheduler_frfcfs_Q_DEPTH32_ADDR_W16_AGE_LIMIT128_AGING_ENABLE1', port 'addresses[111]' is not connected to any nets. (LINT-28)
Warning: In design 'mc_scheduler_frfcfs_Q_DEPTH32_ADDR_W16_AGE_LIMIT128_AGING_ENABLE1', port 'addresses[110]' is not connected to any nets. (LINT-28)
Warning: In design 'mc_scheduler_frfcfs_Q_DEPTH32_ADDR_W16_AGE_LIMIT128_AGING_ENABLE1', port 'addresses[109]' is not connected to any nets. (LINT-28)
Warning: In design 'mc_scheduler_frfcfs_Q_DEPTH32_ADDR_W16_AGE_LIMIT128_AGING_ENABLE1', port 'addresses[108]' is not connected to any nets. (LINT-28)
Warning: In design 'mc_scheduler_frfcfs_Q_DEPTH32_ADDR_W16_AGE_LIMIT128_AGING_ENABLE1', port 'addresses[107]' is not connected to any nets. (LINT-28)
Warning: In design 'mc_scheduler_frfcfs_Q_DEPTH32_ADDR_W16_AGE_LIMIT128_AGING_ENABLE1', port 'addresses[106]' is not connected to any nets. (LINT-28)
Warning: In design 'mc_scheduler_frfcfs_Q_DEPTH32_ADDR_W16_AGE_LIMIT128_AGING_ENABLE1', port 'addresses[105]' is not connected to any nets. (LINT-28)
Warning: In design 'mc_scheduler_frfcfs_Q_DEPTH32_ADDR_W16_AGE_LIMIT128_AGING_ENABLE1', port 'addresses[104]' is not connected to any nets. (LINT-28)
Warning: In design 'mc_scheduler_frfcfs_Q_DEPTH32_ADDR_W16_AGE_LIMIT128_AGING_ENABLE1', port 'addresses[103]' is not connected to any nets. (LINT-28)
Warning: In design 'mc_scheduler_frfcfs_Q_DEPTH32_ADDR_W16_AGE_LIMIT128_AGING_ENABLE1', port 'addresses[102]' is not connected to any nets. (LINT-28)
Warning: In design 'mc_scheduler_frfcfs_Q_DEPTH32_ADDR_W16_AGE_LIMIT128_AGING_ENABLE1', port 'addresses[101]' is not connected to any nets. (LINT-28)
Warning: In design 'mc_scheduler_frfcfs_Q_DEPTH32_ADDR_W16_AGE_LIMIT128_AGING_ENABLE1', port 'addresses[100]' is not connected to any nets. (LINT-28)
Warning: In design 'mc_scheduler_frfcfs_Q_DEPTH32_ADDR_W16_AGE_LIMIT128_AGING_ENABLE1', port 'addresses[99]' is not connected to any nets. (LINT-28)
Warning: In design 'mc_scheduler_frfcfs_Q_DEPTH32_ADDR_W16_AGE_LIMIT128_AGING_ENABLE1', port 'addresses[98]' is not connected to any nets. (LINT-28)
Warning: In design 'mc_scheduler_frfcfs_Q_DEPTH32_ADDR_W16_AGE_LIMIT128_AGING_ENABLE1', port 'addresses[95]' is not connected to any nets. (LINT-28)
Warning: In design 'mc_scheduler_frfcfs_Q_DEPTH32_ADDR_W16_AGE_LIMIT128_AGING_ENABLE1', port 'addresses[94]' is not connected to any nets. (LINT-28)
Warning: In design 'mc_scheduler_frfcfs_Q_DEPTH32_ADDR_W16_AGE_LIMIT128_AGING_ENABLE1', port 'addresses[93]' is not connected to any nets. (LINT-28)
Warning: In design 'mc_scheduler_frfcfs_Q_DEPTH32_ADDR_W16_AGE_LIMIT128_AGING_ENABLE1', port 'addresses[92]' is not connected to any nets. (LINT-28)
Warning: In design 'mc_scheduler_frfcfs_Q_DEPTH32_ADDR_W16_AGE_LIMIT128_AGING_ENABLE1', port 'addresses[91]' is not connected to any nets. (LINT-28)
Warning: In design 'mc_scheduler_frfcfs_Q_DEPTH32_ADDR_W16_AGE_LIMIT128_AGING_ENABLE1', port 'addresses[90]' is not connected to any nets. (LINT-28)
Warning: In design 'mc_scheduler_frfcfs_Q_DEPTH32_ADDR_W16_AGE_LIMIT128_AGING_ENABLE1', port 'addresses[89]' is not connected to any nets. (LINT-28)
Warning: In design 'mc_scheduler_frfcfs_Q_DEPTH32_ADDR_W16_AGE_LIMIT128_AGING_ENABLE1', port 'addresses[88]' is not connected to any nets. (LINT-28)
Warning: In design 'mc_scheduler_frfcfs_Q_DEPTH32_ADDR_W16_AGE_LIMIT128_AGING_ENABLE1', port 'addresses[87]' is not connected to any nets. (LINT-28)
Warning: In design 'mc_scheduler_frfcfs_Q_DEPTH32_ADDR_W16_AGE_LIMIT128_AGING_ENABLE1', port 'addresses[86]' is not connected to any nets. (LINT-28)
Warning: In design 'mc_scheduler_frfcfs_Q_DEPTH32_ADDR_W16_AGE_LIMIT128_AGING_ENABLE1', port 'addresses[85]' is not connected to any nets. (LINT-28)
Warning: In design 'mc_scheduler_frfcfs_Q_DEPTH32_ADDR_W16_AGE_LIMIT128_AGING_ENABLE1', port 'addresses[84]' is not connected to any nets. (LINT-28)
Warning: In design 'mc_scheduler_frfcfs_Q_DEPTH32_ADDR_W16_AGE_LIMIT128_AGING_ENABLE1', port 'addresses[83]' is not connected to any nets. (LINT-28)
Warning: In design 'mc_scheduler_frfcfs_Q_DEPTH32_ADDR_W16_AGE_LIMIT128_AGING_ENABLE1', port 'addresses[82]' is not connected to any nets. (LINT-28)
Warning: In design 'mc_scheduler_frfcfs_Q_DEPTH32_ADDR_W16_AGE_LIMIT128_AGING_ENABLE1', port 'addresses[79]' is not connected to any nets. (LINT-28)
Warning: In design 'mc_scheduler_frfcfs_Q_DEPTH32_ADDR_W16_AGE_LIMIT128_AGING_ENABLE1', port 'addresses[78]' is not connected to any nets. (LINT-28)
Warning: In design 'mc_scheduler_frfcfs_Q_DEPTH32_ADDR_W16_AGE_LIMIT128_AGING_ENABLE1', port 'addresses[77]' is not connected to any nets. (LINT-28)
Warning: In design 'mc_scheduler_frfcfs_Q_DEPTH32_ADDR_W16_AGE_LIMIT128_AGING_ENABLE1', port 'addresses[76]' is not connected to any nets. (LINT-28)
Warning: In design 'mc_scheduler_frfcfs_Q_DEPTH32_ADDR_W16_AGE_LIMIT128_AGING_ENABLE1', port 'addresses[75]' is not connected to any nets. (LINT-28)
Warning: In design 'mc_scheduler_frfcfs_Q_DEPTH32_ADDR_W16_AGE_LIMIT128_AGING_ENABLE1', port 'addresses[74]' is not connected to any nets. (LINT-28)
Warning: In design 'mc_scheduler_frfcfs_Q_DEPTH32_ADDR_W16_AGE_LIMIT128_AGING_ENABLE1', port 'addresses[73]' is not connected to any nets. (LINT-28)
Warning: In design 'mc_scheduler_frfcfs_Q_DEPTH32_ADDR_W16_AGE_LIMIT128_AGING_ENABLE1', port 'addresses[72]' is not connected to any nets. (LINT-28)
Warning: In design 'mc_scheduler_frfcfs_Q_DEPTH32_ADDR_W16_AGE_LIMIT128_AGING_ENABLE1', port 'addresses[71]' is not connected to any nets. (LINT-28)
Warning: In design 'mc_scheduler_frfcfs_Q_DEPTH32_ADDR_W16_AGE_LIMIT128_AGING_ENABLE1', port 'addresses[70]' is not connected to any nets. (LINT-28)
Warning: In design 'mc_scheduler_frfcfs_Q_DEPTH32_ADDR_W16_AGE_LIMIT128_AGING_ENABLE1', port 'addresses[69]' is not connected to any nets. (LINT-28)
Warning: In design 'mc_scheduler_frfcfs_Q_DEPTH32_ADDR_W16_AGE_LIMIT128_AGING_ENABLE1', port 'addresses[68]' is not connected to any nets. (LINT-28)
Warning: In design 'mc_scheduler_frfcfs_Q_DEPTH32_ADDR_W16_AGE_LIMIT128_AGING_ENABLE1', port 'addresses[67]' is not connected to any nets. (LINT-28)
Warning: In design 'mc_scheduler_frfcfs_Q_DEPTH32_ADDR_W16_AGE_LIMIT128_AGING_ENABLE1', port 'addresses[66]' is not connected to any nets. (LINT-28)
Warning: In design 'mc_scheduler_frfcfs_Q_DEPTH32_ADDR_W16_AGE_LIMIT128_AGING_ENABLE1', port 'addresses[63]' is not connected to any nets. (LINT-28)
Warning: In design 'mc_scheduler_frfcfs_Q_DEPTH32_ADDR_W16_AGE_LIMIT128_AGING_ENABLE1', port 'addresses[62]' is not connected to any nets. (LINT-28)
Warning: In design 'mc_scheduler_frfcfs_Q_DEPTH32_ADDR_W16_AGE_LIMIT128_AGING_ENABLE1', port 'addresses[61]' is not connected to any nets. (LINT-28)
Warning: In design 'mc_scheduler_frfcfs_Q_DEPTH32_ADDR_W16_AGE_LIMIT128_AGING_ENABLE1', port 'addresses[60]' is not connected to any nets. (LINT-28)
Warning: In design 'mc_scheduler_frfcfs_Q_DEPTH32_ADDR_W16_AGE_LIMIT128_AGING_ENABLE1', port 'addresses[59]' is not connected to any nets. (LINT-28)
Warning: In design 'mc_scheduler_frfcfs_Q_DEPTH32_ADDR_W16_AGE_LIMIT128_AGING_ENABLE1', port 'addresses[58]' is not connected to any nets. (LINT-28)
Warning: In design 'mc_scheduler_frfcfs_Q_DEPTH32_ADDR_W16_AGE_LIMIT128_AGING_ENABLE1', port 'addresses[57]' is not connected to any nets. (LINT-28)
Warning: In design 'mc_scheduler_frfcfs_Q_DEPTH32_ADDR_W16_AGE_LIMIT128_AGING_ENABLE1', port 'addresses[56]' is not connected to any nets. (LINT-28)
Warning: In design 'mc_scheduler_frfcfs_Q_DEPTH32_ADDR_W16_AGE_LIMIT128_AGING_ENABLE1', port 'addresses[55]' is not connected to any nets. (LINT-28)
Warning: In design 'mc_scheduler_frfcfs_Q_DEPTH32_ADDR_W16_AGE_LIMIT128_AGING_ENABLE1', port 'addresses[54]' is not connected to any nets. (LINT-28)
Warning: In design 'mc_scheduler_frfcfs_Q_DEPTH32_ADDR_W16_AGE_LIMIT128_AGING_ENABLE1', port 'addresses[53]' is not connected to any nets. (LINT-28)
Warning: In design 'mc_scheduler_frfcfs_Q_DEPTH32_ADDR_W16_AGE_LIMIT128_AGING_ENABLE1', port 'addresses[52]' is not connected to any nets. (LINT-28)
Warning: In design 'mc_scheduler_frfcfs_Q_DEPTH32_ADDR_W16_AGE_LIMIT128_AGING_ENABLE1', port 'addresses[51]' is not connected to any nets. (LINT-28)
Warning: In design 'mc_scheduler_frfcfs_Q_DEPTH32_ADDR_W16_AGE_LIMIT128_AGING_ENABLE1', port 'addresses[50]' is not connected to any nets. (LINT-28)
Warning: In design 'mc_scheduler_frfcfs_Q_DEPTH32_ADDR_W16_AGE_LIMIT128_AGING_ENABLE1', port 'addresses[47]' is not connected to any nets. (LINT-28)
Warning: In design 'mc_scheduler_frfcfs_Q_DEPTH32_ADDR_W16_AGE_LIMIT128_AGING_ENABLE1', port 'addresses[46]' is not connected to any nets. (LINT-28)
Warning: In design 'mc_scheduler_frfcfs_Q_DEPTH32_ADDR_W16_AGE_LIMIT128_AGING_ENABLE1', port 'addresses[45]' is not connected to any nets. (LINT-28)
Warning: In design 'mc_scheduler_frfcfs_Q_DEPTH32_ADDR_W16_AGE_LIMIT128_AGING_ENABLE1', port 'addresses[44]' is not connected to any nets. (LINT-28)
Warning: In design 'mc_scheduler_frfcfs_Q_DEPTH32_ADDR_W16_AGE_LIMIT128_AGING_ENABLE1', port 'addresses[43]' is not connected to any nets. (LINT-28)
Warning: In design 'mc_scheduler_frfcfs_Q_DEPTH32_ADDR_W16_AGE_LIMIT128_AGING_ENABLE1', port 'addresses[42]' is not connected to any nets. (LINT-28)
Warning: In design 'mc_scheduler_frfcfs_Q_DEPTH32_ADDR_W16_AGE_LIMIT128_AGING_ENABLE1', port 'addresses[41]' is not connected to any nets. (LINT-28)
Warning: In design 'mc_scheduler_frfcfs_Q_DEPTH32_ADDR_W16_AGE_LIMIT128_AGING_ENABLE1', port 'addresses[40]' is not connected to any nets. (LINT-28)
Warning: In design 'mc_scheduler_frfcfs_Q_DEPTH32_ADDR_W16_AGE_LIMIT128_AGING_ENABLE1', port 'addresses[39]' is not connected to any nets. (LINT-28)
Warning: In design 'mc_scheduler_frfcfs_Q_DEPTH32_ADDR_W16_AGE_LIMIT128_AGING_ENABLE1', port 'addresses[38]' is not connected to any nets. (LINT-28)
Warning: In design 'mc_scheduler_frfcfs_Q_DEPTH32_ADDR_W16_AGE_LIMIT128_AGING_ENABLE1', port 'addresses[37]' is not connected to any nets. (LINT-28)
Warning: In design 'mc_scheduler_frfcfs_Q_DEPTH32_ADDR_W16_AGE_LIMIT128_AGING_ENABLE1', port 'addresses[36]' is not connected to any nets. (LINT-28)
Warning: In design 'mc_scheduler_frfcfs_Q_DEPTH32_ADDR_W16_AGE_LIMIT128_AGING_ENABLE1', port 'addresses[35]' is not connected to any nets. (LINT-28)
Warning: In design 'mc_scheduler_frfcfs_Q_DEPTH32_ADDR_W16_AGE_LIMIT128_AGING_ENABLE1', port 'addresses[34]' is not connected to any nets. (LINT-28)
Warning: In design 'mc_scheduler_frfcfs_Q_DEPTH32_ADDR_W16_AGE_LIMIT128_AGING_ENABLE1', port 'addresses[31]' is not connected to any nets. (LINT-28)
Warning: In design 'mc_scheduler_frfcfs_Q_DEPTH32_ADDR_W16_AGE_LIMIT128_AGING_ENABLE1', port 'addresses[30]' is not connected to any nets. (LINT-28)
Warning: In design 'mc_scheduler_frfcfs_Q_DEPTH32_ADDR_W16_AGE_LIMIT128_AGING_ENABLE1', port 'addresses[29]' is not connected to any nets. (LINT-28)
Warning: In design 'mc_scheduler_frfcfs_Q_DEPTH32_ADDR_W16_AGE_LIMIT128_AGING_ENABLE1', port 'addresses[28]' is not connected to any nets. (LINT-28)
Warning: In design 'mc_scheduler_frfcfs_Q_DEPTH32_ADDR_W16_AGE_LIMIT128_AGING_ENABLE1', port 'addresses[27]' is not connected to any nets. (LINT-28)
Warning: In design 'mc_scheduler_frfcfs_Q_DEPTH32_ADDR_W16_AGE_LIMIT128_AGING_ENABLE1', port 'addresses[26]' is not connected to any nets. (LINT-28)
Warning: In design 'mc_scheduler_frfcfs_Q_DEPTH32_ADDR_W16_AGE_LIMIT128_AGING_ENABLE1', port 'addresses[25]' is not connected to any nets. (LINT-28)
Warning: In design 'mc_scheduler_frfcfs_Q_DEPTH32_ADDR_W16_AGE_LIMIT128_AGING_ENABLE1', port 'addresses[24]' is not connected to any nets. (LINT-28)
Warning: In design 'mc_scheduler_frfcfs_Q_DEPTH32_ADDR_W16_AGE_LIMIT128_AGING_ENABLE1', port 'addresses[23]' is not connected to any nets. (LINT-28)
Warning: In design 'mc_scheduler_frfcfs_Q_DEPTH32_ADDR_W16_AGE_LIMIT128_AGING_ENABLE1', port 'addresses[22]' is not connected to any nets. (LINT-28)
Warning: In design 'mc_scheduler_frfcfs_Q_DEPTH32_ADDR_W16_AGE_LIMIT128_AGING_ENABLE1', port 'addresses[21]' is not connected to any nets. (LINT-28)
Warning: In design 'mc_scheduler_frfcfs_Q_DEPTH32_ADDR_W16_AGE_LIMIT128_AGING_ENABLE1', port 'addresses[20]' is not connected to any nets. (LINT-28)
Warning: In design 'mc_scheduler_frfcfs_Q_DEPTH32_ADDR_W16_AGE_LIMIT128_AGING_ENABLE1', port 'addresses[19]' is not connected to any nets. (LINT-28)
Warning: In design 'mc_scheduler_frfcfs_Q_DEPTH32_ADDR_W16_AGE_LIMIT128_AGING_ENABLE1', port 'addresses[18]' is not connected to any nets. (LINT-28)
Warning: In design 'mc_scheduler_frfcfs_Q_DEPTH32_ADDR_W16_AGE_LIMIT128_AGING_ENABLE1', port 'addresses[15]' is not connected to any nets. (LINT-28)
Warning: In design 'mc_scheduler_frfcfs_Q_DEPTH32_ADDR_W16_AGE_LIMIT128_AGING_ENABLE1', port 'addresses[14]' is not connected to any nets. (LINT-28)
Warning: In design 'mc_scheduler_frfcfs_Q_DEPTH32_ADDR_W16_AGE_LIMIT128_AGING_ENABLE1', port 'addresses[13]' is not connected to any nets. (LINT-28)
Warning: In design 'mc_scheduler_frfcfs_Q_DEPTH32_ADDR_W16_AGE_LIMIT128_AGING_ENABLE1', port 'addresses[12]' is not connected to any nets. (LINT-28)
Warning: In design 'mc_scheduler_frfcfs_Q_DEPTH32_ADDR_W16_AGE_LIMIT128_AGING_ENABLE1', port 'addresses[11]' is not connected to any nets. (LINT-28)
Warning: In design 'mc_scheduler_frfcfs_Q_DEPTH32_ADDR_W16_AGE_LIMIT128_AGING_ENABLE1', port 'addresses[10]' is not connected to any nets. (LINT-28)
Warning: In design 'mc_scheduler_frfcfs_Q_DEPTH32_ADDR_W16_AGE_LIMIT128_AGING_ENABLE1', port 'addresses[9]' is not connected to any nets. (LINT-28)
Warning: In design 'mc_scheduler_frfcfs_Q_DEPTH32_ADDR_W16_AGE_LIMIT128_AGING_ENABLE1', port 'addresses[8]' is not connected to any nets. (LINT-28)
Warning: In design 'mc_scheduler_frfcfs_Q_DEPTH32_ADDR_W16_AGE_LIMIT128_AGING_ENABLE1', port 'addresses[7]' is not connected to any nets. (LINT-28)
Warning: In design 'mc_scheduler_frfcfs_Q_DEPTH32_ADDR_W16_AGE_LIMIT128_AGING_ENABLE1', port 'addresses[6]' is not connected to any nets. (LINT-28)
Warning: In design 'mc_scheduler_frfcfs_Q_DEPTH32_ADDR_W16_AGE_LIMIT128_AGING_ENABLE1', port 'addresses[5]' is not connected to any nets. (LINT-28)
Warning: In design 'mc_scheduler_frfcfs_Q_DEPTH32_ADDR_W16_AGE_LIMIT128_AGING_ENABLE1', port 'addresses[4]' is not connected to any nets. (LINT-28)
Warning: In design 'mc_scheduler_frfcfs_Q_DEPTH32_ADDR_W16_AGE_LIMIT128_AGING_ENABLE1', port 'addresses[3]' is not connected to any nets. (LINT-28)
Warning: In design 'mc_scheduler_frfcfs_Q_DEPTH32_ADDR_W16_AGE_LIMIT128_AGING_ENABLE1', port 'addresses[2]' is not connected to any nets. (LINT-28)
1
