
****************************************
check_design summary:
Version:     R-2020.09-SP4
Date:        Wed Sep 30 17:45:26 2026
****************************************

                   Name                                            Total
--------------------------------------------------------------------------------
Inputs/Outputs                                                    320
    Unconnected ports (LINT-28)                                   320

Cells                                                             158
    Connected to power or ground (LINT-32)                         32
    Nets connected to multiple pins on same cell (LINT-33)        126
--------------------------------------------------------------------------------

Warning: In design 'mc_candidates_Q_DEPTH16_ROW_W8_COL_W6', port 'addresses[247]' is not connected to any nets. (LINT-28)
Warning: In design 'mc_candidates_Q_DEPTH16_ROW_W8_COL_W6', port 'addresses[246]' is not connected to any nets. (LINT-28)
Warning: In design 'mc_candidates_Q_DEPTH16_ROW_W8_COL_W6', port 'addresses[245]' is not connected to any nets. (LINT-28)
Warning: In design 'mc_candidates_Q_DEPTH16_ROW_W8_COL_W6', port 'addresses[244]' is not connected to any nets. (LINT-28)
Warning: In design 'mc_candidates_Q_DEPTH16_ROW_W8_COL_W6', port 'addresses[243]' is not connected to any nets. (LINT-28)
Warning: In design 'mc_candidates_Q_DEPTH16_ROW_W8_COL_W6', port 'addresses[242]' is not connected to any nets. (LINT-28)
Warning: In design 'mc_candidates_Q_DEPTH16_ROW_W8_COL_W6', port 'addresses[231]' is not connected to any nets. (LINT-28)
Warning: In design 'mc_candidates_Q_DEPTH16_ROW_W8_COL_W6', port 'addresses[230]' is not connected to any nets. (LINT-28)
Warning: In design 'mc_candidates_Q_DEPTH16_ROW_W8_COL_W6', port 'addresses[229]' is not connected to any nets. (LINT-28)
Warning: In design 'mc_candidates_Q_DEPTH16_ROW_W8_COL_W6', port 'addresses[228]' is not connected to any nets. (LINT-28)
Warning: In design 'mc_candidates_Q_DEPTH16_ROW_W8_COL_W6', port 'addresses[227]' is not connected to any nets. (LINT-28)
Warning: In design 'mc_candidates_Q_DEPTH16_ROW_W8_COL_W6', port 'addresses[226]' is not connected to any nets. (LINT-28)
Warning: In design 'mc_candidates_Q_DEPTH16_ROW_W8_COL_W6', port 'addresses[215]' is not connected to any nets. (LINT-28)
Warning: In design 'mc_candidates_Q_DEPTH16_ROW_W8_COL_W6', port 'addresses[214]' is not connected to any nets. (LINT-28)
Warning: In design 'mc_candidates_Q_DEPTH16_ROW_W8_COL_W6', port 'addresses[213]' is not connected to any nets. (LINT-28)
Warning: In design 'mc_candidates_Q_DEPTH16_ROW_W8_COL_W6', port 'addresses[212]' is not connected to any nets. (LINT-28)
Warning: In design 'mc_candidates_Q_DEPTH16_ROW_W8_COL_W6', port 'addresses[211]' is not connected to any nets. (LINT-28)
Warning: In design 'mc_candidates_Q_DEPTH16_ROW_W8_COL_W6', port 'addresses[210]' is not connected to any nets. (LINT-28)
Warning: In design 'mc_candidates_Q_DEPTH16_ROW_W8_COL_W6', port 'addresses[199]' is not connected to any nets. (LINT-28)
Warning: In design 'mc_candidates_Q_DEPTH16_ROW_W8_COL_W6', port 'addresses[198]' is not connected to any nets. (LINT-28)
Warning: In design 'mc_candidates_Q_DEPTH16_ROW_W8_COL_W6', port 'addresses[197]' is not connected to any nets. (LINT-28)
Warning: In design 'mc_candidates_Q_DEPTH16_ROW_W8_COL_W6', port 'addresses[196]' is not connected to any nets. (LINT-28)
Warning: In design 'mc_candidates_Q_DEPTH16_ROW_W8_COL_W6', port 'addresses[195]' is not connected to any nets. (LINT-28)
Warning: In design 'mc_candidates_Q_DEPTH16_ROW_W8_COL_W6', port 'addresses[194]' is not connected to any nets. (LINT-28)
Warning: In design 'mc_candidates_Q_DEPTH16_ROW_W8_COL_W6', port 'addresses[183]' is not connected to any nets. (LINT-28)
Warning: In design 'mc_candidates_Q_DEPTH16_ROW_W8_COL_W6', port 'addresses[182]' is not connected to any nets. (LINT-28)
Warning: In design 'mc_candidates_Q_DEPTH16_ROW_W8_COL_W6', port 'addresses[181]' is not connected to any nets. (LINT-28)
Warning: In design 'mc_candidates_Q_DEPTH16_ROW_W8_COL_W6', port 'addresses[180]' is not connected to any nets. (LINT-28)
Warning: In design 'mc_candidates_Q_DEPTH16_ROW_W8_COL_W6', port 'addresses[179]' is not connected to any nets. (LINT-28)
Warning: In design 'mc_candidates_Q_DEPTH16_ROW_W8_COL_W6', port 'addresses[178]' is not connected to any nets. (LINT-28)
Warning: In design 'mc_candidates_Q_DEPTH16_ROW_W8_COL_W6', port 'addresses[167]' is not connected to any nets. (LINT-28)
Warning: In design 'mc_candidates_Q_DEPTH16_ROW_W8_COL_W6', port 'addresses[166]' is not connected to any nets. (LINT-28)
Warning: In design 'mc_candidates_Q_DEPTH16_ROW_W8_COL_W6', port 'addresses[165]' is not connected to any nets. (LINT-28)
Warning: In design 'mc_candidates_Q_DEPTH16_ROW_W8_COL_W6', port 'addresses[164]' is not connected to any nets. (LINT-28)
Warning: In design 'mc_candidates_Q_DEPTH16_ROW_W8_COL_W6', port 'addresses[163]' is not connected to any nets. (LINT-28)
Warning: In design 'mc_candidates_Q_DEPTH16_ROW_W8_COL_W6', port 'addresses[162]' is not connected to any nets. (LINT-28)
Warning: In design 'mc_candidates_Q_DEPTH16_ROW_W8_COL_W6', port 'addresses[151]' is not connected to any nets. (LINT-28)
Warning: In design 'mc_candidates_Q_DEPTH16_ROW_W8_COL_W6', port 'addresses[150]' is not connected to any nets. (LINT-28)
Warning: In design 'mc_candidates_Q_DEPTH16_ROW_W8_COL_W6', port 'addresses[149]' is not connected to any nets. (LINT-28)
Warning: In design 'mc_candidates_Q_DEPTH16_ROW_W8_COL_W6', port 'addresses[148]' is not connected to any nets. (LINT-28)
Warning: In design 'mc_candidates_Q_DEPTH16_ROW_W8_COL_W6', port 'addresses[147]' is not connected to any nets. (LINT-28)
Warning: In design 'mc_candidates_Q_DEPTH16_ROW_W8_COL_W6', port 'addresses[146]' is not connected to any nets. (LINT-28)
Warning: In design 'mc_candidates_Q_DEPTH16_ROW_W8_COL_W6', port 'addresses[135]' is not connected to any nets. (LINT-28)
Warning: In design 'mc_candidates_Q_DEPTH16_ROW_W8_COL_W6', port 'addresses[134]' is not connected to any nets. (LINT-28)
Warning: In design 'mc_candidates_Q_DEPTH16_ROW_W8_COL_W6', port 'addresses[133]' is not connected to any nets. (LINT-28)
Warning: In design 'mc_candidates_Q_DEPTH16_ROW_W8_COL_W6', port 'addresses[132]' is not connected to any nets. (LINT-28)
Warning: In design 'mc_candidates_Q_DEPTH16_ROW_W8_COL_W6', port 'addresses[131]' is not connected to any nets. (LINT-28)
Warning: In design 'mc_candidates_Q_DEPTH16_ROW_W8_COL_W6', port 'addresses[130]' is not connected to any nets. (LINT-28)
Warning: In design 'mc_candidates_Q_DEPTH16_ROW_W8_COL_W6', port 'addresses[119]' is not connected to any nets. (LINT-28)
Warning: In design 'mc_candidates_Q_DEPTH16_ROW_W8_COL_W6', port 'addresses[118]' is not connected to any nets. (LINT-28)
Warning: In design 'mc_candidates_Q_DEPTH16_ROW_W8_COL_W6', port 'addresses[117]' is not connected to any nets. (LINT-28)
Warning: In design 'mc_candidates_Q_DEPTH16_ROW_W8_COL_W6', port 'addresses[116]' is not connected to any nets. (LINT-28)
Warning: In design 'mc_candidates_Q_DEPTH16_ROW_W8_COL_W6', port 'addresses[115]' is not connected to any nets. (LINT-28)
Warning: In design 'mc_candidates_Q_DEPTH16_ROW_W8_COL_W6', port 'addresses[114]' is not connected to any nets. (LINT-28)
Warning: In design 'mc_candidates_Q_DEPTH16_ROW_W8_COL_W6', port 'addresses[103]' is not connected to any nets. (LINT-28)
Warning: In design 'mc_candidates_Q_DEPTH16_ROW_W8_COL_W6', port 'addresses[102]' is not connected to any nets. (LINT-28)
Warning: In design 'mc_candidates_Q_DEPTH16_ROW_W8_COL_W6', port 'addresses[101]' is not connected to any nets. (LINT-28)
Warning: In design 'mc_candidates_Q_DEPTH16_ROW_W8_COL_W6', port 'addresses[100]' is not connected to any nets. (LINT-28)
Warning: In design 'mc_candidates_Q_DEPTH16_ROW_W8_COL_W6', port 'addresses[99]' is not connected to any nets. (LINT-28)
Warning: In design 'mc_candidates_Q_DEPTH16_ROW_W8_COL_W6', port 'addresses[98]' is not connected to any nets. (LINT-28)
Warning: In design 'mc_candidates_Q_DEPTH16_ROW_W8_COL_W6', port 'addresses[87]' is not connected to any nets. (LINT-28)
Warning: In design 'mc_candidates_Q_DEPTH16_ROW_W8_COL_W6', port 'addresses[86]' is not connected to any nets. (LINT-28)
Warning: In design 'mc_candidates_Q_DEPTH16_ROW_W8_COL_W6', port 'addresses[85]' is not connected to any nets. (LINT-28)
Warning: In design 'mc_candidates_Q_DEPTH16_ROW_W8_COL_W6', port 'addresses[84]' is not connected to any nets. (LINT-28)
Warning: In design 'mc_candidates_Q_DEPTH16_ROW_W8_COL_W6', port 'addresses[83]' is not connected to any nets. (LINT-28)
Warning: In design 'mc_candidates_Q_DEPTH16_ROW_W8_COL_W6', port 'addresses[82]' is not connected to any nets. (LINT-28)
Warning: In design 'mc_candidates_Q_DEPTH16_ROW_W8_COL_W6', port 'addresses[71]' is not connected to any nets. (LINT-28)
Warning: In design 'mc_candidates_Q_DEPTH16_ROW_W8_COL_W6', port 'addresses[70]' is not connected to any nets. (LINT-28)
Warning: In design 'mc_candidates_Q_DEPTH16_ROW_W8_COL_W6', port 'addresses[69]' is not connected to any nets. (LINT-28)
Warning: In design 'mc_candidates_Q_DEPTH16_ROW_W8_COL_W6', port 'addresses[68]' is not connected to any nets. (LINT-28)
Warning: In design 'mc_candidates_Q_DEPTH16_ROW_W8_COL_W6', port 'addresses[67]' is not connected to any nets. (LINT-28)
Warning: In design 'mc_candidates_Q_DEPTH16_ROW_W8_COL_W6', port 'addresses[66]' is not connected to any nets. (LINT-28)
Warning: In design 'mc_candidates_Q_DEPTH16_ROW_W8_COL_W6', port 'addresses[55]' is not connected to any nets. (LINT-28)
Warning: In design 'mc_candidates_Q_DEPTH16_ROW_W8_COL_W6', port 'addresses[54]' is not connected to any nets. (LINT-28)
Warning: In design 'mc_candidates_Q_DEPTH16_ROW_W8_COL_W6', port 'addresses[53]' is not connected to any nets. (LINT-28)
Warning: In design 'mc_candidates_Q_DEPTH16_ROW_W8_COL_W6', port 'addresses[52]' is not connected to any nets. (LINT-28)
Warning: In design 'mc_candidates_Q_DEPTH16_ROW_W8_COL_W6', port 'addresses[51]' is not connected to any nets. (LINT-28)
Warning: In design 'mc_candidates_Q_DEPTH16_ROW_W8_COL_W6', port 'addresses[50]' is not connected to any nets. (LINT-28)
Warning: In design 'mc_candidates_Q_DEPTH16_ROW_W8_COL_W6', port 'addresses[39]' is not connected to any nets. (LINT-28)
Warning: In design 'mc_candidates_Q_DEPTH16_ROW_W8_COL_W6', port 'addresses[38]' is not connected to any nets. (LINT-28)
Warning: In design 'mc_candidates_Q_DEPTH16_ROW_W8_COL_W6', port 'addresses[37]' is not connected to any nets. (LINT-28)
Warning: In design 'mc_candidates_Q_DEPTH16_ROW_W8_COL_W6', port 'addresses[36]' is not connected to any nets. (LINT-28)
Warning: In design 'mc_candidates_Q_DEPTH16_ROW_W8_COL_W6', port 'addresses[35]' is not connected to any nets. (LINT-28)
Warning: In design 'mc_candidates_Q_DEPTH16_ROW_W8_COL_W6', port 'addresses[34]' is not connected to any nets. (LINT-28)
Warning: In design 'mc_candidates_Q_DEPTH16_ROW_W8_COL_W6', port 'addresses[23]' is not connected to any nets. (LINT-28)
Warning: In design 'mc_candidates_Q_DEPTH16_ROW_W8_COL_W6', port 'addresses[22]' is not connected to any nets. (LINT-28)
Warning: In design 'mc_candidates_Q_DEPTH16_ROW_W8_COL_W6', port 'addresses[21]' is not connected to any nets. (LINT-28)
Warning: In design 'mc_candidates_Q_DEPTH16_ROW_W8_COL_W6', port 'addresses[20]' is not connected to any nets. (LINT-28)
Warning: In design 'mc_candidates_Q_DEPTH16_ROW_W8_COL_W6', port 'addresses[19]' is not connected to any nets. (LINT-28)
Warning: In design 'mc_candidates_Q_DEPTH16_ROW_W8_COL_W6', port 'addresses[18]' is not connected to any nets. (LINT-28)
Warning: In design 'mc_candidates_Q_DEPTH16_ROW_W8_COL_W6', port 'addresses[7]' is not connected to any nets. (LINT-28)
Warning: In design 'mc_candidates_Q_DEPTH16_ROW_W8_COL_W6', port 'addresses[6]' is not connected to any nets. (LINT-28)
Warning: In design 'mc_candidates_Q_DEPTH16_ROW_W8_COL_W6', port 'addresses[5]' is not connected to any nets. (LINT-28)
Warning: In design 'mc_candidates_Q_DEPTH16_ROW_W8_COL_W6', port 'addresses[4]' is not connected to any nets. (LINT-28)
Warning: In design 'mc_candidates_Q_DEPTH16_ROW_W8_COL_W6', port 'addresses[3]' is not connected to any nets. (LINT-28)
Warning: In design 'mc_candidates_Q_DEPTH16_ROW_W8_COL_W6', port 'addresses[2]' is not connected to any nets. (LINT-28)
Warning: In design 'mc_scheduler_frfcfs_Q_DEPTH16_ADDR_W16_AGE_LIMIT128_AGING_ENABLE1', port 'addresses[255]' is not connected to any nets. (LINT-28)
Warning: In design 'mc_scheduler_frfcfs_Q_DEPTH16_ADDR_W16_AGE_LIMIT128_AGING_ENABLE1', port 'addresses[254]' is not connected to any nets. (LINT-28)
Warning: In design 'mc_scheduler_frfcfs_Q_DEPTH16_ADDR_W16_AGE_LIMIT128_AGING_ENABLE1', port 'addresses[253]' is not connected to any nets. (LINT-28)
Warning: In design 'mc_scheduler_frfcfs_Q_DEPTH16_ADDR_W16_AGE_LIMIT128_AGING_ENABLE1', port 'addresses[252]' is not connected to any nets. (LINT-28)
Warning: In design 'mc_scheduler_frfcfs_Q_DEPTH16_ADDR_W16_AGE_LIMIT128_AGING_ENABLE1', port 'addresses[251]' is not connected to any nets. (LINT-28)
Warning: In design 'mc_scheduler_frfcfs_Q_DEPTH16_ADDR_W16_AGE_LIMIT128_AGING_ENABLE1', port 'addresses[250]' is not connected to any nets. (LINT-28)
Warning: In design 'mc_scheduler_frfcfs_Q_DEPTH16_ADDR_W16_AGE_LIMIT128_AGING_ENABLE1', port 'addresses[249]' is not connected to any nets. (LINT-28)
Warning: In design 'mc_scheduler_frfcfs_Q_DEPTH16_ADDR_W16_AGE_LIMIT128_AGING_ENABLE1', port 'addresses[248]' is not connected to any nets. (LINT-28)
Warning: In design 'mc_scheduler_frfcfs_Q_DEPTH16_ADDR_W16_AGE_LIMIT128_AGING_ENABLE1', port 'addresses[247]' is not connected to any nets. (LINT-28)
Warning: In design 'mc_scheduler_frfcfs_Q_DEPTH16_ADDR_W16_AGE_LIMIT128_AGING_ENABLE1', port 'addresses[246]' is not connected to any nets. (LINT-28)
Warning: In design 'mc_scheduler_frfcfs_Q_DEPTH16_ADDR_W16_AGE_LIMIT128_AGING_ENABLE1', port 'addresses[245]' is not connected to any nets. (LINT-28)
Warning: In design 'mc_scheduler_frfcfs_Q_DEPTH16_ADDR_W16_AGE_LIMIT128_AGING_ENABLE1', port 'addresses[244]' is not connected to any nets. (LINT-28)
Warning: In design 'mc_scheduler_frfcfs_Q_DEPTH16_ADDR_W16_AGE_LIMIT128_AGING_ENABLE1', port 'addresses[243]' is not connected to any nets. (LINT-28)
Warning: In design 'mc_scheduler_frfcfs_Q_DEPTH16_ADDR_W16_AGE_LIMIT128_AGING_ENABLE1', port 'addresses[242]' is not connected to any nets. (LINT-28)
Warning: In design 'mc_scheduler_frfcfs_Q_DEPTH16_ADDR_W16_AGE_LIMIT128_AGING_ENABLE1', port 'addresses[239]' is not connected to any nets. (LINT-28)
Warning: In design 'mc_scheduler_frfcfs_Q_DEPTH16_ADDR_W16_AGE_LIMIT128_AGING_ENABLE1', port 'addresses[238]' is not connected to any nets. (LINT-28)
Warning: In design 'mc_scheduler_frfcfs_Q_DEPTH16_ADDR_W16_AGE_LIMIT128_AGING_ENABLE1', port 'addresses[237]' is not connected to any nets. (LINT-28)
Warning: In design 'mc_scheduler_frfcfs_Q_DEPTH16_ADDR_W16_AGE_LIMIT128_AGING_ENABLE1', port 'addresses[236]' is not connected to any nets. (LINT-28)
Warning: In design 'mc_scheduler_frfcfs_Q_DEPTH16_ADDR_W16_AGE_LIMIT128_AGING_ENABLE1', port 'addresses[235]' is not connected to any nets. (LINT-28)
Warning: In design 'mc_scheduler_frfcfs_Q_DEPTH16_ADDR_W16_AGE_LIMIT128_AGING_ENABLE1', port 'addresses[234]' is not connected to any nets. (LINT-28)
Warning: In design 'mc_scheduler_frfcfs_Q_DEPTH16_ADDR_W16_AGE_LIMIT128_AGING_ENABLE1', port 'addresses[233]' is not connected to any nets. (LINT-28)
Warning: In design 'mc_scheduler_frfcfs_Q_DEPTH16_ADDR_W16_AGE_LIMIT128_AGING_ENABLE1', port 'addresses[232]' is not connected to any nets. (LINT-28)
Warning: In design 'mc_scheduler_frfcfs_Q_DEPTH16_ADDR_W16_AGE_LIMIT128_AGING_ENABLE1', port 'addresses[231]' is not connected to any nets. (LINT-28)
Warning: In design 'mc_scheduler_frfcfs_Q_DEPTH16_ADDR_W16_AGE_LIMIT128_AGING_ENABLE1', port 'addresses[230]' is not connected to any nets. (LINT-28)
Warning: In design 'mc_scheduler_frfcfs_Q_DEPTH16_ADDR_W16_AGE_LIMIT128_AGING_ENABLE1', port 'addresses[229]' is not connected to any nets. (LINT-28)
Warning: In design 'mc_scheduler_frfcfs_Q_DEPTH16_ADDR_W16_AGE_LIMIT128_AGING_ENABLE1', port 'addresses[228]' is not connected to any nets. (LINT-28)
Warning: In design 'mc_scheduler_frfcfs_Q_DEPTH16_ADDR_W16_AGE_LIMIT128_AGING_ENABLE1', port 'addresses[227]' is not connected to any nets. (LINT-28)
Warning: In design 'mc_scheduler_frfcfs_Q_DEPTH16_ADDR_W16_AGE_LIMIT128_AGING_ENABLE1', port 'addresses[226]' is not connected to any nets. (LINT-28)
Warning: In design 'mc_scheduler_frfcfs_Q_DEPTH16_ADDR_W16_AGE_LIMIT128_AGING_ENABLE1', port 'addresses[223]' is not connected to any nets. (LINT-28)
Warning: In design 'mc_scheduler_frfcfs_Q_DEPTH16_ADDR_W16_AGE_LIMIT128_AGING_ENABLE1', port 'addresses[222]' is not connected to any nets. (LINT-28)
Warning: In design 'mc_scheduler_frfcfs_Q_DEPTH16_ADDR_W16_AGE_LIMIT128_AGING_ENABLE1', port 'addresses[221]' is not connected to any nets. (LINT-28)
Warning: In design 'mc_scheduler_frfcfs_Q_DEPTH16_ADDR_W16_AGE_LIMIT128_AGING_ENABLE1', port 'addresses[220]' is not connected to any nets. (LINT-28)
Warning: In design 'mc_scheduler_frfcfs_Q_DEPTH16_ADDR_W16_AGE_LIMIT128_AGING_ENABLE1', port 'addresses[219]' is not connected to any nets. (LINT-28)
Warning: In design 'mc_scheduler_frfcfs_Q_DEPTH16_ADDR_W16_AGE_LIMIT128_AGING_ENABLE1', port 'addresses[218]' is not connected to any nets. (LINT-28)
Warning: In design 'mc_scheduler_frfcfs_Q_DEPTH16_ADDR_W16_AGE_LIMIT128_AGING_ENABLE1', port 'addresses[217]' is not connected to any nets. (LINT-28)
Warning: In design 'mc_scheduler_frfcfs_Q_DEPTH16_ADDR_W16_AGE_LIMIT128_AGING_ENABLE1', port 'addresses[216]' is not connected to any nets. (LINT-28)
Warning: In design 'mc_scheduler_frfcfs_Q_DEPTH16_ADDR_W16_AGE_LIMIT128_AGING_ENABLE1', port 'addresses[215]' is not connected to any nets. (LINT-28)
Warning: In design 'mc_scheduler_frfcfs_Q_DEPTH16_ADDR_W16_AGE_LIMIT128_AGING_ENABLE1', port 'addresses[214]' is not connected to any nets. (LINT-28)
Warning: In design 'mc_scheduler_frfcfs_Q_DEPTH16_ADDR_W16_AGE_LIMIT128_AGING_ENABLE1', port 'addresses[213]' is not connected to any nets. (LINT-28)
Warning: In design 'mc_scheduler_frfcfs_Q_DEPTH16_ADDR_W16_AGE_LIMIT128_AGING_ENABLE1', port 'addresses[212]' is not connected to any nets. (LINT-28)
Warning: In design 'mc_scheduler_frfcfs_Q_DEPTH16_ADDR_W16_AGE_LIMIT128_AGING_ENABLE1', port 'addresses[211]' is not connected to any nets. (LINT-28)
Warning: In design 'mc_scheduler_frfcfs_Q_DEPTH16_ADDR_W16_AGE_LIMIT128_AGING_ENABLE1', port 'addresses[210]' is not connected to any nets. (LINT-28)
Warning: In design 'mc_scheduler_frfcfs_Q_DEPTH16_ADDR_W16_AGE_LIMIT128_AGING_ENABLE1', port 'addresses[207]' is not connected to any nets. (LINT-28)
Warning: In design 'mc_scheduler_frfcfs_Q_DEPTH16_ADDR_W16_AGE_LIMIT128_AGING_ENABLE1', port 'addresses[206]' is not connected to any nets. (LINT-28)
Warning: In design 'mc_scheduler_frfcfs_Q_DEPTH16_ADDR_W16_AGE_LIMIT128_AGING_ENABLE1', port 'addresses[205]' is not connected to any nets. (LINT-28)
Warning: In design 'mc_scheduler_frfcfs_Q_DEPTH16_ADDR_W16_AGE_LIMIT128_AGING_ENABLE1', port 'addresses[204]' is not connected to any nets. (LINT-28)
Warning: In design 'mc_scheduler_frfcfs_Q_DEPTH16_ADDR_W16_AGE_LIMIT128_AGING_ENABLE1', port 'addresses[203]' is not connected to any nets. (LINT-28)
Warning: In design 'mc_scheduler_frfcfs_Q_DEPTH16_ADDR_W16_AGE_LIMIT128_AGING_ENABLE1', port 'addresses[202]' is not connected to any nets. (LINT-28)
Warning: In design 'mc_scheduler_frfcfs_Q_DEPTH16_ADDR_W16_AGE_LIMIT128_AGING_ENABLE1', port 'addresses[201]' is not connected to any nets. (LINT-28)
Warning: In design 'mc_scheduler_frfcfs_Q_DEPTH16_ADDR_W16_AGE_LIMIT128_AGING_ENABLE1', port 'addresses[200]' is not connected to any nets. (LINT-28)
Warning: In design 'mc_scheduler_frfcfs_Q_DEPTH16_ADDR_W16_AGE_LIMIT128_AGING_ENABLE1', port 'addresses[199]' is not connected to any nets. (LINT-28)
Warning: In design 'mc_scheduler_frfcfs_Q_DEPTH16_ADDR_W16_AGE_LIMIT128_AGING_ENABLE1', port 'addresses[198]' is not connected to any nets. (LINT-28)
Warning: In design 'mc_scheduler_frfcfs_Q_DEPTH16_ADDR_W16_AGE_LIMIT128_AGING_ENABLE1', port 'addresses[197]' is not connected to any nets. (LINT-28)
Warning: In design 'mc_scheduler_frfcfs_Q_DEPTH16_ADDR_W16_AGE_LIMIT128_AGING_ENABLE1', port 'addresses[196]' is not connected to any nets. (LINT-28)
Warning: In design 'mc_scheduler_frfcfs_Q_DEPTH16_ADDR_W16_AGE_LIMIT128_AGING_ENABLE1', port 'addresses[195]' is not connected to any nets. (LINT-28)
Warning: In design 'mc_scheduler_frfcfs_Q_DEPTH16_ADDR_W16_AGE_LIMIT128_AGING_ENABLE1', port 'addresses[194]' is not connected to any nets. (LINT-28)
Warning: In design 'mc_scheduler_frfcfs_Q_DEPTH16_ADDR_W16_AGE_LIMIT128_AGING_ENABLE1', port 'addresses[191]' is not connected to any nets. (LINT-28)
Warning: In design 'mc_scheduler_frfcfs_Q_DEPTH16_ADDR_W16_AGE_LIMIT128_AGING_ENABLE1', port 'addresses[190]' is not connected to any nets. (LINT-28)
Warning: In design 'mc_scheduler_frfcfs_Q_DEPTH16_ADDR_W16_AGE_LIMIT128_AGING_ENABLE1', port 'addresses[189]' is not connected to any nets. (LINT-28)
Warning: In design 'mc_scheduler_frfcfs_Q_DEPTH16_ADDR_W16_AGE_LIMIT128_AGING_ENABLE1', port 'addresses[188]' is not connected to any nets. (LINT-28)
Warning: In design 'mc_scheduler_frfcfs_Q_DEPTH16_ADDR_W16_AGE_LIMIT128_AGING_ENABLE1', port 'addresses[187]' is not connected to any nets. (LINT-28)
Warning: In design 'mc_scheduler_frfcfs_Q_DEPTH16_ADDR_W16_AGE_LIMIT128_AGING_ENABLE1', port 'addresses[186]' is not connected to any nets. (LINT-28)
Warning: In design 'mc_scheduler_frfcfs_Q_DEPTH16_ADDR_W16_AGE_LIMIT128_AGING_ENABLE1', port 'addresses[185]' is not connected to any nets. (LINT-28)
Warning: In design 'mc_scheduler_frfcfs_Q_DEPTH16_ADDR_W16_AGE_LIMIT128_AGING_ENABLE1', port 'addresses[184]' is not connected to any nets. (LINT-28)
Warning: In design 'mc_scheduler_frfcfs_Q_DEPTH16_ADDR_W16_AGE_LIMIT128_AGING_ENABLE1', port 'addresses[183]' is not connected to any nets. (LINT-28)
Warning: In design 'mc_scheduler_frfcfs_Q_DEPTH16_ADDR_W16_AGE_LIMIT128_AGING_ENABLE1', port 'addresses[182]' is not connected to any nets. (LINT-28)
Warning: In design 'mc_scheduler_frfcfs_Q_DEPTH16_ADDR_W16_AGE_LIMIT128_AGING_ENABLE1', port 'addresses[181]' is not connected to any nets. (LINT-28)
Warning: In design 'mc_scheduler_frfcfs_Q_DEPTH16_ADDR_W16_AGE_LIMIT128_AGING_ENABLE1', port 'addresses[180]' is not connected to any nets. (LINT-28)
Warning: In design 'mc_scheduler_frfcfs_Q_DEPTH16_ADDR_W16_AGE_LIMIT128_AGING_ENABLE1', port 'addresses[179]' is not connected to any nets. (LINT-28)
Warning: In design 'mc_scheduler_frfcfs_Q_DEPTH16_ADDR_W16_AGE_LIMIT128_AGING_ENABLE1', port 'addresses[178]' is not connected to any nets. (LINT-28)
Warning: In design 'mc_scheduler_frfcfs_Q_DEPTH16_ADDR_W16_AGE_LIMIT128_AGING_ENABLE1', port 'addresses[175]' is not connected to any nets. (LINT-28)
Warning: In design 'mc_scheduler_frfcfs_Q_DEPTH16_ADDR_W16_AGE_LIMIT128_AGING_ENABLE1', port 'addresses[174]' is not connected to any nets. (LINT-28)
Warning: In design 'mc_scheduler_frfcfs_Q_DEPTH16_ADDR_W16_AGE_LIMIT128_AGING_ENABLE1', port 'addresses[173]' is not connected to any nets. (LINT-28)
Warning: In design 'mc_scheduler_frfcfs_Q_DEPTH16_ADDR_W16_AGE_LIMIT128_AGING_ENABLE1', port 'addresses[172]' is not connected to any nets. (LINT-28)
Warning: In design 'mc_scheduler_frfcfs_Q_DEPTH16_ADDR_W16_AGE_LIMIT128_AGING_ENABLE1', port 'addresses[171]' is not connected to any nets. (LINT-28)
Warning: In design 'mc_scheduler_frfcfs_Q_DEPTH16_ADDR_W16_AGE_LIMIT128_AGING_ENABLE1', port 'addresses[170]' is not connected to any nets. (LINT-28)
Warning: In design 'mc_scheduler_frfcfs_Q_DEPTH16_ADDR_W16_AGE_LIMIT128_AGING_ENABLE1', port 'addresses[169]' is not connected to any nets. (LINT-28)
Warning: In design 'mc_scheduler_frfcfs_Q_DEPTH16_ADDR_W16_AGE_LIMIT128_AGING_ENABLE1', port 'addresses[168]' is not connected to any nets. (LINT-28)
Warning: In design 'mc_scheduler_frfcfs_Q_DEPTH16_ADDR_W16_AGE_LIMIT128_AGING_ENABLE1', port 'addresses[167]' is not connected to any nets. (LINT-28)
Warning: In design 'mc_scheduler_frfcfs_Q_DEPTH16_ADDR_W16_AGE_LIMIT128_AGING_ENABLE1', port 'addresses[166]' is not connected to any nets. (LINT-28)
Warning: In design 'mc_scheduler_frfcfs_Q_DEPTH16_ADDR_W16_AGE_LIMIT128_AGING_ENABLE1', port 'addresses[165]' is not connected to any nets. (LINT-28)
Warning: In design 'mc_scheduler_frfcfs_Q_DEPTH16_ADDR_W16_AGE_LIMIT128_AGING_ENABLE1', port 'addresses[164]' is not connected to any nets. (LINT-28)
Warning: In design 'mc_scheduler_frfcfs_Q_DEPTH16_ADDR_W16_AGE_LIMIT128_AGING_ENABLE1', port 'addresses[163]' is not connected to any nets. (LINT-28)
Warning: In design 'mc_scheduler_frfcfs_Q_DEPTH16_ADDR_W16_AGE_LIMIT128_AGING_ENABLE1', port 'addresses[162]' is not connected to any nets. (LINT-28)
Warning: In design 'mc_scheduler_frfcfs_Q_DEPTH16_ADDR_W16_AGE_LIMIT128_AGING_ENABLE1', port 'addresses[159]' is not connected to any nets. (LINT-28)
Warning: In design 'mc_scheduler_frfcfs_Q_DEPTH16_ADDR_W16_AGE_LIMIT128_AGING_ENABLE1', port 'addresses[158]' is not connected to any nets. (LINT-28)
Warning: In design 'mc_scheduler_frfcfs_Q_DEPTH16_ADDR_W16_AGE_LIMIT128_AGING_ENABLE1', port 'addresses[157]' is not connected to any nets. (LINT-28)
Warning: In design 'mc_scheduler_frfcfs_Q_DEPTH16_ADDR_W16_AGE_LIMIT128_AGING_ENABLE1', port 'addresses[156]' is not connected to any nets. (LINT-28)
Warning: In design 'mc_scheduler_frfcfs_Q_DEPTH16_ADDR_W16_AGE_LIMIT128_AGING_ENABLE1', port 'addresses[155]' is not connected to any nets. (LINT-28)
Warning: In design 'mc_scheduler_frfcfs_Q_DEPTH16_ADDR_W16_AGE_LIMIT128_AGING_ENABLE1', port 'addresses[154]' is not connected to any nets. (LINT-28)
Warning: In design 'mc_scheduler_frfcfs_Q_DEPTH16_ADDR_W16_AGE_LIMIT128_AGING_ENABLE1', port 'addresses[153]' is not connected to any nets. (LINT-28)
Warning: In design 'mc_scheduler_frfcfs_Q_DEPTH16_ADDR_W16_AGE_LIMIT128_AGING_ENABLE1', port 'addresses[152]' is not connected to any nets. (LINT-28)
Warning: In design 'mc_scheduler_frfcfs_Q_DEPTH16_ADDR_W16_AGE_LIMIT128_AGING_ENABLE1', port 'addresses[151]' is not connected to any nets. (LINT-28)
Warning: In design 'mc_scheduler_frfcfs_Q_DEPTH16_ADDR_W16_AGE_LIMIT128_AGING_ENABLE1', port 'addresses[150]' is not connected to any nets. (LINT-28)
Warning: In design 'mc_scheduler_frfcfs_Q_DEPTH16_ADDR_W16_AGE_LIMIT128_AGING_ENABLE1', port 'addresses[149]' is not connected to any nets. (LINT-28)
Warning: In design 'mc_scheduler_frfcfs_Q_DEPTH16_ADDR_W16_AGE_LIMIT128_AGING_ENABLE1', port 'addresses[148]' is not connected to any nets. (LINT-28)
Warning: In design 'mc_scheduler_frfcfs_Q_DEPTH16_ADDR_W16_AGE_LIMIT128_AGING_ENABLE1', port 'addresses[147]' is not connected to any nets. (LINT-28)
Warning: In design 'mc_scheduler_frfcfs_Q_DEPTH16_ADDR_W16_AGE_LIMIT128_AGING_ENABLE1', port 'addresses[146]' is not connected to any nets. (LINT-28)
Warning: In design 'mc_scheduler_frfcfs_Q_DEPTH16_ADDR_W16_AGE_LIMIT128_AGING_ENABLE1', port 'addresses[143]' is not connected to any nets. (LINT-28)
Warning: In design 'mc_scheduler_frfcfs_Q_DEPTH16_ADDR_W16_AGE_LIMIT128_AGING_ENABLE1', port 'addresses[142]' is not connected to any nets. (LINT-28)
Warning: In design 'mc_scheduler_frfcfs_Q_DEPTH16_ADDR_W16_AGE_LIMIT128_AGING_ENABLE1', port 'addresses[141]' is not connected to any nets. (LINT-28)
Warning: In design 'mc_scheduler_frfcfs_Q_DEPTH16_ADDR_W16_AGE_LIMIT128_AGING_ENABLE1', port 'addresses[140]' is not connected to any nets. (LINT-28)
Warning: In design 'mc_scheduler_frfcfs_Q_DEPTH16_ADDR_W16_AGE_LIMIT128_AGING_ENABLE1', port 'addresses[139]' is not connected to any nets. (LINT-28)
Warning: In design 'mc_scheduler_frfcfs_Q_DEPTH16_ADDR_W16_AGE_LIMIT128_AGING_ENABLE1', port 'addresses[138]' is not connected to any nets. (LINT-28)
Warning: In design 'mc_scheduler_frfcfs_Q_DEPTH16_ADDR_W16_AGE_LIMIT128_AGING_ENABLE1', port 'addresses[137]' is not connected to any nets. (LINT-28)
Warning: In design 'mc_scheduler_frfcfs_Q_DEPTH16_ADDR_W16_AGE_LIMIT128_AGING_ENABLE1', port 'addresses[136]' is not connected to any nets. (LINT-28)
Warning: In design 'mc_scheduler_frfcfs_Q_DEPTH16_ADDR_W16_AGE_LIMIT128_AGING_ENABLE1', port 'addresses[135]' is not connected to any nets. (LINT-28)
Warning: In design 'mc_scheduler_frfcfs_Q_DEPTH16_ADDR_W16_AGE_LIMIT128_AGING_ENABLE1', port 'addresses[134]' is not connected to any nets. (LINT-28)
Warning: In design 'mc_scheduler_frfcfs_Q_DEPTH16_ADDR_W16_AGE_LIMIT128_AGING_ENABLE1', port 'addresses[133]' is not connected to any nets. (LINT-28)
Warning: In design 'mc_scheduler_frfcfs_Q_DEPTH16_ADDR_W16_AGE_LIMIT128_AGING_ENABLE1', port 'addresses[132]' is not connected to any nets. (LINT-28)
Warning: In design 'mc_scheduler_frfcfs_Q_DEPTH16_ADDR_W16_AGE_LIMIT128_AGING_ENABLE1', port 'addresses[131]' is not connected to any nets. (LINT-28)
Warning: In design 'mc_scheduler_frfcfs_Q_DEPTH16_ADDR_W16_AGE_LIMIT128_AGING_ENABLE1', port 'addresses[130]' is not connected to any nets. (LINT-28)
Warning: In design 'mc_scheduler_frfcfs_Q_DEPTH16_ADDR_W16_AGE_LIMIT128_AGING_ENABLE1', port 'addresses[127]' is not connected to any nets. (LINT-28)
Warning: In design 'mc_scheduler_frfcfs_Q_DEPTH16_ADDR_W16_AGE_LIMIT128_AGING_ENABLE1', port 'addresses[126]' is not connected to any nets. (LINT-28)
Warning: In design 'mc_scheduler_frfcfs_Q_DEPTH16_ADDR_W16_AGE_LIMIT128_AGING_ENABLE1', port 'addresses[125]' is not connected to any nets. (LINT-28)
Warning: In design 'mc_scheduler_frfcfs_Q_DEPTH16_ADDR_W16_AGE_LIMIT128_AGING_ENABLE1', port 'addresses[124]' is not connected to any nets. (LINT-28)
Warning: In design 'mc_scheduler_frfcfs_Q_DEPTH16_ADDR_W16_AGE_LIMIT128_AGING_ENABLE1', port 'addresses[123]' is not connected to any nets. (LINT-28)
Warning: In design 'mc_scheduler_frfcfs_Q_DEPTH16_ADDR_W16_AGE_LIMIT128_AGING_ENABLE1', port 'addresses[122]' is not connected to any nets. (LINT-28)
Warning: In design 'mc_scheduler_frfcfs_Q_DEPTH16_ADDR_W16_AGE_LIMIT128_AGING_ENABLE1', port 'addresses[121]' is not connected to any nets. (LINT-28)
Warning: In design 'mc_scheduler_frfcfs_Q_DEPTH16_ADDR_W16_AGE_LIMIT128_AGING_ENABLE1', port 'addresses[120]' is not connected to any nets. (LINT-28)
Warning: In design 'mc_scheduler_frfcfs_Q_DEPTH16_ADDR_W16_AGE_LIMIT128_AGING_ENABLE1', port 'addresses[119]' is not connected to any nets. (LINT-28)
Warning: In design 'mc_scheduler_frfcfs_Q_DEPTH16_ADDR_W16_AGE_LIMIT128_AGING_ENABLE1', port 'addresses[118]' is not connected to any nets. (LINT-28)
Warning: In design 'mc_scheduler_frfcfs_Q_DEPTH16_ADDR_W16_AGE_LIMIT128_AGING_ENABLE1', port 'addresses[117]' is not connected to any nets. (LINT-28)
Warning: In design 'mc_scheduler_frfcfs_Q_DEPTH16_ADDR_W16_AGE_LIMIT128_AGING_ENABLE1', port 'addresses[116]' is not connected to any nets. (LINT-28)
Warning: In design 'mc_scheduler_frfcfs_Q_DEPTH16_ADDR_W16_AGE_LIMIT128_AGING_ENABLE1', port 'addresses[115]' is not connected to any nets. (LINT-28)
Warning: In design 'mc_scheduler_frfcfs_Q_DEPTH16_ADDR_W16_AGE_LIMIT128_AGING_ENABLE1', port 'addresses[114]' is not connected to any nets. (LINT-28)
Warning: In design 'mc_scheduler_frfcfs_Q_DEPTH16_ADDR_W16_AGE_LIMIT128_AGING_ENABLE1', port 'addresses[111]' is not connected to any nets. (LINT-28)
Warning: In design 'mc_scheduler_frfcfs_Q_DEPTH16_ADDR_W16_AGE_LIMIT128_AGING_ENABLE1', port 'addresses[110]' is not connected to any nets. (LINT-28)
Warning: In design 'mc_scheduler_frfcfs_Q_DEPTH16_ADDR_W16_AGE_LIMIT128_AGING_ENABLE1', port 'addresses[109]' is not connected to any nets. (LINT-28)
Warning: In design 'mc_scheduler_frfcfs_Q_DEPTH16_ADDR_W16_AGE_LIMIT128_AGING_ENABLE1', port 'addresses[108]' is not connected to any nets. (LINT-28)
Warning: In design 'mc_scheduler_frfcfs_Q_DEPTH16_ADDR_W16_AGE_LIMIT128_AGING_ENABLE1', port 'addresses[107]' is not connected to any nets. (LINT-28)
Warning: In design 'mc_scheduler_frfcfs_Q_DEPTH16_ADDR_W16_AGE_LIMIT128_AGING_ENABLE1', port 'addresses[106]' is not connected to any nets. (LINT-28)
Warning: In design 'mc_scheduler_frfcfs_Q_DEPTH16_ADDR_W16_AGE_LIMIT128_AGING_ENABLE1', port 'addresses[105]' is not connected to any nets. (LINT-28)
Warning: In design 'mc_scheduler_frfcfs_Q_DEPTH16_ADDR_W16_AGE_LIMIT128_AGING_ENABLE1', port 'addresses[104]' is not connected to any nets. (LINT-28)
Warning: In design 'mc_scheduler_frfcfs_Q_DEPTH16_ADDR_W16_AGE_LIMIT128_AGING_ENABLE1', port 'addresses[103]' is not connected to any nets. (LINT-28)
Warning: In design 'mc_scheduler_frfcfs_Q_DEPTH16_ADDR_W16_AGE_LIMIT128_AGING_ENABLE1', port 'addresses[102]' is not connected to any nets. (LINT-28)
Warning: In design 'mc_scheduler_frfcfs_Q_DEPTH16_ADDR_W16_AGE_LIMIT128_AGING_ENABLE1', port 'addresses[101]' is not connected to any nets. (LINT-28)
Warning: In design 'mc_scheduler_frfcfs_Q_DEPTH16_ADDR_W16_AGE_LIMIT128_AGING_ENABLE1', port 'addresses[100]' is not connected to any nets. (LINT-28)
Warning: In design 'mc_scheduler_frfcfs_Q_DEPTH16_ADDR_W16_AGE_LIMIT128_AGING_ENABLE1', port 'addresses[99]' is not connected to any nets. (LINT-28)
Warning: In design 'mc_scheduler_frfcfs_Q_DEPTH16_ADDR_W16_AGE_LIMIT128_AGING_ENABLE1', port 'addresses[98]' is not connected to any nets. (LINT-28)
Warning: In design 'mc_scheduler_frfcfs_Q_DEPTH16_ADDR_W16_AGE_LIMIT128_AGING_ENABLE1', port 'addresses[95]' is not connected to any nets. (LINT-28)
Warning: In design 'mc_scheduler_frfcfs_Q_DEPTH16_ADDR_W16_AGE_LIMIT128_AGING_ENABLE1', port 'addresses[94]' is not connected to any nets. (LINT-28)
Warning: In design 'mc_scheduler_frfcfs_Q_DEPTH16_ADDR_W16_AGE_LIMIT128_AGING_ENABLE1', port 'addresses[93]' is not connected to any nets. (LINT-28)
Warning: In design 'mc_scheduler_frfcfs_Q_DEPTH16_ADDR_W16_AGE_LIMIT128_AGING_ENABLE1', port 'addresses[92]' is not connected to any nets. (LINT-28)
Warning: In design 'mc_scheduler_frfcfs_Q_DEPTH16_ADDR_W16_AGE_LIMIT128_AGING_ENABLE1', port 'addresses[91]' is not connected to any nets. (LINT-28)
Warning: In design 'mc_scheduler_frfcfs_Q_DEPTH16_ADDR_W16_AGE_LIMIT128_AGING_ENABLE1', port 'addresses[90]' is not connected to any nets. (LINT-28)
Warning: In design 'mc_scheduler_frfcfs_Q_DEPTH16_ADDR_W16_AGE_LIMIT128_AGING_ENABLE1', port 'addresses[89]' is not connected to any nets. (LINT-28)
Warning: In design 'mc_scheduler_frfcfs_Q_DEPTH16_ADDR_W16_AGE_LIMIT128_AGING_ENABLE1', port 'addresses[88]' is not connected to any nets. (LINT-28)
Warning: In design 'mc_scheduler_frfcfs_Q_DEPTH16_ADDR_W16_AGE_LIMIT128_AGING_ENABLE1', port 'addresses[87]' is not connected to any nets. (LINT-28)
Warning: In design 'mc_scheduler_frfcfs_Q_DEPTH16_ADDR_W16_AGE_LIMIT128_AGING_ENABLE1', port 'addresses[86]' is not connected to any nets. (LINT-28)
Warning: In design 'mc_scheduler_frfcfs_Q_DEPTH16_ADDR_W16_AGE_LIMIT128_AGING_ENABLE1', port 'addresses[85]' is not connected to any nets. (LINT-28)
Warning: In design 'mc_scheduler_frfcfs_Q_DEPTH16_ADDR_W16_AGE_LIMIT128_AGING_ENABLE1', port 'addresses[84]' is not connected to any nets. (LINT-28)
Warning: In design 'mc_scheduler_frfcfs_Q_DEPTH16_ADDR_W16_AGE_LIMIT128_AGING_ENABLE1', port 'addresses[83]' is not connected to any nets. (LINT-28)
Warning: In design 'mc_scheduler_frfcfs_Q_DEPTH16_ADDR_W16_AGE_LIMIT128_AGING_ENABLE1', port 'addresses[82]' is not connected to any nets. (LINT-28)
Warning: In design 'mc_scheduler_frfcfs_Q_DEPTH16_ADDR_W16_AGE_LIMIT128_AGING_ENABLE1', port 'addresses[79]' is not connected to any nets. (LINT-28)
Warning: In design 'mc_scheduler_frfcfs_Q_DEPTH16_ADDR_W16_AGE_LIMIT128_AGING_ENABLE1', port 'addresses[78]' is not connected to any nets. (LINT-28)
Warning: In design 'mc_scheduler_frfcfs_Q_DEPTH16_ADDR_W16_AGE_LIMIT128_AGING_ENABLE1', port 'addresses[77]' is not connected to any nets. (LINT-28)
Warning: In design 'mc_scheduler_frfcfs_Q_DEPTH16_ADDR_W16_AGE_LIMIT128_AGING_ENABLE1', port 'addresses[76]' is not connected to any nets. (LINT-28)
Warning: In design 'mc_scheduler_frfcfs_Q_DEPTH16_ADDR_W16_AGE_LIMIT128_AGING_ENABLE1', port 'addresses[75]' is not connected to any nets. (LINT-28)
Warning: In design 'mc_scheduler_frfcfs_Q_DEPTH16_ADDR_W16_AGE_LIMIT128_AGING_ENABLE1', port 'addresses[74]' is not connected to any nets. (LINT-28)
Warning: In design 'mc_scheduler_frfcfs_Q_DEPTH16_ADDR_W16_AGE_LIMIT128_AGING_ENABLE1', port 'addresses[73]' is not connected to any nets. (LINT-28)
Warning: In design 'mc_scheduler_frfcfs_Q_DEPTH16_ADDR_W16_AGE_LIMIT128_AGING_ENABLE1', port 'addresses[72]' is not connected to any nets. (LINT-28)
Warning: In design 'mc_scheduler_frfcfs_Q_DEPTH16_ADDR_W16_AGE_LIMIT128_AGING_ENABLE1', port 'addresses[71]' is not connected to any nets. (LINT-28)
Warning: In design 'mc_scheduler_frfcfs_Q_DEPTH16_ADDR_W16_AGE_LIMIT128_AGING_ENABLE1', port 'addresses[70]' is not connected to any nets. (LINT-28)
Warning: In design 'mc_scheduler_frfcfs_Q_DEPTH16_ADDR_W16_AGE_LIMIT128_AGING_ENABLE1', port 'addresses[69]' is not connected to any nets. (LINT-28)
Warning: In design 'mc_scheduler_frfcfs_Q_DEPTH16_ADDR_W16_AGE_LIMIT128_AGING_ENABLE1', port 'addresses[68]' is not connected to any nets. (LINT-28)
Warning: In design 'mc_scheduler_frfcfs_Q_DEPTH16_ADDR_W16_AGE_LIMIT128_AGING_ENABLE1', port 'addresses[67]' is not connected to any nets. (LINT-28)
Warning: In design 'mc_scheduler_frfcfs_Q_DEPTH16_ADDR_W16_AGE_LIMIT128_AGING_ENABLE1', port 'addresses[66]' is not connected to any nets. (LINT-28)
Warning: In design 'mc_scheduler_frfcfs_Q_DEPTH16_ADDR_W16_AGE_LIMIT128_AGING_ENABLE1', port 'addresses[63]' is not connected to any nets. (LINT-28)
Warning: In design 'mc_scheduler_frfcfs_Q_DEPTH16_ADDR_W16_AGE_LIMIT128_AGING_ENABLE1', port 'addresses[62]' is not connected to any nets. (LINT-28)
Warning: In design 'mc_scheduler_frfcfs_Q_DEPTH16_ADDR_W16_AGE_LIMIT128_AGING_ENABLE1', port 'addresses[61]' is not connected to any nets. (LINT-28)
Warning: In design 'mc_scheduler_frfcfs_Q_DEPTH16_ADDR_W16_AGE_LIMIT128_AGING_ENABLE1', port 'addresses[60]' is not connected to any nets. (LINT-28)
Warning: In design 'mc_scheduler_frfcfs_Q_DEPTH16_ADDR_W16_AGE_LIMIT128_AGING_ENABLE1', port 'addresses[59]' is not connected to any nets. (LINT-28)
Warning: In design 'mc_scheduler_frfcfs_Q_DEPTH16_ADDR_W16_AGE_LIMIT128_AGING_ENABLE1', port 'addresses[58]' is not connected to any nets. (LINT-28)
Warning: In design 'mc_scheduler_frfcfs_Q_DEPTH16_ADDR_W16_AGE_LIMIT128_AGING_ENABLE1', port 'addresses[57]' is not connected to any nets. (LINT-28)
Warning: In design 'mc_scheduler_frfcfs_Q_DEPTH16_ADDR_W16_AGE_LIMIT128_AGING_ENABLE1', port 'addresses[56]' is not connected to any nets. (LINT-28)
Warning: In design 'mc_scheduler_frfcfs_Q_DEPTH16_ADDR_W16_AGE_LIMIT128_AGING_ENABLE1', port 'addresses[55]' is not connected to any nets. (LINT-28)
Warning: In design 'mc_scheduler_frfcfs_Q_DEPTH16_ADDR_W16_AGE_LIMIT128_AGING_ENABLE1', port 'addresses[54]' is not connected to any nets. (LINT-28)
Warning: In design 'mc_scheduler_frfcfs_Q_DEPTH16_ADDR_W16_AGE_LIMIT128_AGING_ENABLE1', port 'addresses[53]' is not connected to any nets. (LINT-28)
Warning: In design 'mc_scheduler_frfcfs_Q_DEPTH16_ADDR_W16_AGE_LIMIT128_AGING_ENABLE1', port 'addresses[52]' is not connected to any nets. (LINT-28)
Warning: In design 'mc_scheduler_frfcfs_Q_DEPTH16_ADDR_W16_AGE_LIMIT128_AGING_ENABLE1', port 'addresses[51]' is not connected to any nets. (LINT-28)
Warning: In design 'mc_scheduler_frfcfs_Q_DEPTH16_ADDR_W16_AGE_LIMIT128_AGING_ENABLE1', port 'addresses[50]' is not connected to any nets. (LINT-28)
Warning: In design 'mc_scheduler_frfcfs_Q_DEPTH16_ADDR_W16_AGE_LIMIT128_AGING_ENABLE1', port 'addresses[47]' is not connected to any nets. (LINT-28)
Warning: In design 'mc_scheduler_frfcfs_Q_DEPTH16_ADDR_W16_AGE_LIMIT128_AGING_ENABLE1', port 'addresses[46]' is not connected to any nets. (LINT-28)
Warning: In design 'mc_scheduler_frfcfs_Q_DEPTH16_ADDR_W16_AGE_LIMIT128_AGING_ENABLE1', port 'addresses[45]' is not connected to any nets. (LINT-28)
Warning: In design 'mc_scheduler_frfcfs_Q_DEPTH16_ADDR_W16_AGE_LIMIT128_AGING_ENABLE1', port 'addresses[44]' is not connected to any nets. (LINT-28)
Warning: In design 'mc_scheduler_frfcfs_Q_DEPTH16_ADDR_W16_AGE_LIMIT128_AGING_ENABLE1', port 'addresses[43]' is not connected to any nets. (LINT-28)
Warning: In design 'mc_scheduler_frfcfs_Q_DEPTH16_ADDR_W16_AGE_LIMIT128_AGING_ENABLE1', port 'addresses[42]' is not connected to any nets. (LINT-28)
Warning: In design 'mc_scheduler_frfcfs_Q_DEPTH16_ADDR_W16_AGE_LIMIT128_AGING_ENABLE1', port 'addresses[41]' is not connected to any nets. (LINT-28)
Warning: In design 'mc_scheduler_frfcfs_Q_DEPTH16_ADDR_W16_AGE_LIMIT128_AGING_ENABLE1', port 'addresses[40]' is not connected to any nets. (LINT-28)
Warning: In design 'mc_scheduler_frfcfs_Q_DEPTH16_ADDR_W16_AGE_LIMIT128_AGING_ENABLE1', port 'addresses[39]' is not connected to any nets. (LINT-28)
Warning: In design 'mc_scheduler_frfcfs_Q_DEPTH16_ADDR_W16_AGE_LIMIT128_AGING_ENABLE1', port 'addresses[38]' is not connected to any nets. (LINT-28)
Warning: In design 'mc_scheduler_frfcfs_Q_DEPTH16_ADDR_W16_AGE_LIMIT128_AGING_ENABLE1', port 'addresses[37]' is not connected to any nets. (LINT-28)
Warning: In design 'mc_scheduler_frfcfs_Q_DEPTH16_ADDR_W16_AGE_LIMIT128_AGING_ENABLE1', port 'addresses[36]' is not connected to any nets. (LINT-28)
Warning: In design 'mc_scheduler_frfcfs_Q_DEPTH16_ADDR_W16_AGE_LIMIT128_AGING_ENABLE1', port 'addresses[35]' is not connected to any nets. (LINT-28)
Warning: In design 'mc_scheduler_frfcfs_Q_DEPTH16_ADDR_W16_AGE_LIMIT128_AGING_ENABLE1', port 'addresses[34]' is not connected to any nets. (LINT-28)
Warning: In design 'mc_scheduler_frfcfs_Q_DEPTH16_ADDR_W16_AGE_LIMIT128_AGING_ENABLE1', port 'addresses[31]' is not connected to any nets. (LINT-28)
Warning: In design 'mc_scheduler_frfcfs_Q_DEPTH16_ADDR_W16_AGE_LIMIT128_AGING_ENABLE1', port 'addresses[30]' is not connected to any nets. (LINT-28)
Warning: In design 'mc_scheduler_frfcfs_Q_DEPTH16_ADDR_W16_AGE_LIMIT128_AGING_ENABLE1', port 'addresses[29]' is not connected to any nets. (LINT-28)
Warning: In design 'mc_scheduler_frfcfs_Q_DEPTH16_ADDR_W16_AGE_LIMIT128_AGING_ENABLE1', port 'addresses[28]' is not connected to any nets. (LINT-28)
Warning: In design 'mc_scheduler_frfcfs_Q_DEPTH16_ADDR_W16_AGE_LIMIT128_AGING_ENABLE1', port 'addresses[27]' is not connected to any nets. (LINT-28)
Warning: In design 'mc_scheduler_frfcfs_Q_DEPTH16_ADDR_W16_AGE_LIMIT128_AGING_ENABLE1', port 'addresses[26]' is not connected to any nets. (LINT-28)
Warning: In design 'mc_scheduler_frfcfs_Q_DEPTH16_ADDR_W16_AGE_LIMIT128_AGING_ENABLE1', port 'addresses[25]' is not connected to any nets. (LINT-28)
Warning: In design 'mc_scheduler_frfcfs_Q_DEPTH16_ADDR_W16_AGE_LIMIT128_AGING_ENABLE1', port 'addresses[24]' is not connected to any nets. (LINT-28)
Warning: In design 'mc_scheduler_frfcfs_Q_DEPTH16_ADDR_W16_AGE_LIMIT128_AGING_ENABLE1', port 'addresses[23]' is not connected to any nets. (LINT-28)
Warning: In design 'mc_scheduler_frfcfs_Q_DEPTH16_ADDR_W16_AGE_LIMIT128_AGING_ENABLE1', port 'addresses[22]' is not connected to any nets. (LINT-28)
Warning: In design 'mc_scheduler_frfcfs_Q_DEPTH16_ADDR_W16_AGE_LIMIT128_AGING_ENABLE1', port 'addresses[21]' is not connected to any nets. (LINT-28)
Warning: In design 'mc_scheduler_frfcfs_Q_DEPTH16_ADDR_W16_AGE_LIMIT128_AGING_ENABLE1', port 'addresses[20]' is not connected to any nets. (LINT-28)
Warning: In design 'mc_scheduler_frfcfs_Q_DEPTH16_ADDR_W16_AGE_LIMIT128_AGING_ENABLE1', port 'addresses[19]' is not connected to any nets. (LINT-28)
Warning: In design 'mc_scheduler_frfcfs_Q_DEPTH16_ADDR_W16_AGE_LIMIT128_AGING_ENABLE1', port 'addresses[18]' is not connected to any nets. (LINT-28)
Warning: In design 'mc_scheduler_frfcfs_Q_DEPTH16_ADDR_W16_AGE_LIMIT128_AGING_ENABLE1', port 'addresses[15]' is not connected to any nets. (LINT-28)
Warning: In design 'mc_scheduler_frfcfs_Q_DEPTH16_ADDR_W16_AGE_LIMIT128_AGING_ENABLE1', port 'addresses[14]' is not connected to any nets. (LINT-28)
Warning: In design 'mc_scheduler_frfcfs_Q_DEPTH16_ADDR_W16_AGE_LIMIT128_AGING_ENABLE1', port 'addresses[13]' is not connected to any nets. (LINT-28)
Warning: In design 'mc_scheduler_frfcfs_Q_DEPTH16_ADDR_W16_AGE_LIMIT128_AGING_ENABLE1', port 'addresses[12]' is not connected to any nets. (LINT-28)
Warning: In design 'mc_scheduler_frfcfs_Q_DEPTH16_ADDR_W16_AGE_LIMIT128_AGING_ENABLE1', port 'addresses[11]' is not connected to any nets. (LINT-28)
Warning: In design 'mc_scheduler_frfcfs_Q_DEPTH16_ADDR_W16_AGE_LIMIT128_AGING_ENABLE1', port 'addresses[10]' is not connected to any nets. (LINT-28)
Warning: In design 'mc_scheduler_frfcfs_Q_DEPTH16_ADDR_W16_AGE_LIMIT128_AGING_ENABLE1', port 'addresses[9]' is not connected to any nets. (LINT-28)
Warning: In design 'mc_scheduler_frfcfs_Q_DEPTH16_ADDR_W16_AGE_LIMIT128_AGING_ENABLE1', port 'addresses[8]' is not connected to any nets. (LINT-28)
Warning: In design 'mc_scheduler_frfcfs_Q_DEPTH16_ADDR_W16_AGE_LIMIT128_AGING_ENABLE1', port 'addresses[7]' is not connected to any nets. (LINT-28)
Warning: In design 'mc_scheduler_frfcfs_Q_DEPTH16_ADDR_W16_AGE_LIMIT128_AGING_ENABLE1', port 'addresses[6]' is not connected to any nets. (LINT-28)
Warning: In design 'mc_scheduler_frfcfs_Q_DEPTH16_ADDR_W16_AGE_LIMIT128_AGING_ENABLE1', port 'addresses[5]' is not connected to any nets. (LINT-28)
Warning: In design 'mc_scheduler_frfcfs_Q_DEPTH16_ADDR_W16_AGE_LIMIT128_AGING_ENABLE1', port 'addresses[4]' is not connected to any nets. (LINT-28)
Warning: In design 'mc_scheduler_frfcfs_Q_DEPTH16_ADDR_W16_AGE_LIMIT128_AGING_ENABLE1', port 'addresses[3]' is not connected to any nets. (LINT-28)
Warning: In design 'mc_scheduler_frfcfs_Q_DEPTH16_ADDR_W16_AGE_LIMIT128_AGING_ENABLE1', port 'addresses[2]' is not connected to any nets. (LINT-28)
Warning: In design 'mc_top_Q_DEPTH16_SCHED_POLICY1_AGING_ENABLE1', a pin on submodule 'candidates_i' is connected to logic 1 or logic 0. (LINT-32)
   Pin 'same_address[255]' is connected to logic 1.
Warning: In design 'mc_top_Q_DEPTH16_SCHED_POLICY1_AGING_ENABLE1', a pin on submodule 'candidates_i' is connected to logic 1 or logic 0. (LINT-32)
   Pin 'same_address[238]' is connected to logic 1.
Warning: In design 'mc_top_Q_DEPTH16_SCHED_POLICY1_AGING_ENABLE1', a pin on submodule 'candidates_i' is connected to logic 1 or logic 0. (LINT-32)
   Pin 'same_address[221]' is connected to logic 1.
Warning: In design 'mc_top_Q_DEPTH16_SCHED_POLICY1_AGING_ENABLE1', a pin on submodule 'candidates_i' is connected to logic 1 or logic 0. (LINT-32)
   Pin 'same_address[204]' is connected to logic 1.
Warning: In design 'mc_top_Q_DEPTH16_SCHED_POLICY1_AGING_ENABLE1', a pin on submodule 'candidates_i' is connected to logic 1 or logic 0. (LINT-32)
   Pin 'same_address[187]' is connected to logic 1.
Warning: In design 'mc_top_Q_DEPTH16_SCHED_POLICY1_AGING_ENABLE1', a pin on submodule 'candidates_i' is connected to logic 1 or logic 0. (LINT-32)
   Pin 'same_address[170]' is connected to logic 1.
Warning: In design 'mc_top_Q_DEPTH16_SCHED_POLICY1_AGING_ENABLE1', a pin on submodule 'candidates_i' is connected to logic 1 or logic 0. (LINT-32)
   Pin 'same_address[153]' is connected to logic 1.
Warning: In design 'mc_top_Q_DEPTH16_SCHED_POLICY1_AGING_ENABLE1', a pin on submodule 'candidates_i' is connected to logic 1 or logic 0. (LINT-32)
   Pin 'same_address[136]' is connected to logic 1.
Warning: In design 'mc_top_Q_DEPTH16_SCHED_POLICY1_AGING_ENABLE1', a pin on submodule 'candidates_i' is connected to logic 1 or logic 0. (LINT-32)
   Pin 'same_address[119]' is connected to logic 1.
Warning: In design 'mc_top_Q_DEPTH16_SCHED_POLICY1_AGING_ENABLE1', a pin on submodule 'candidates_i' is connected to logic 1 or logic 0. (LINT-32)
   Pin 'same_address[102]' is connected to logic 1.
Warning: In design 'mc_top_Q_DEPTH16_SCHED_POLICY1_AGING_ENABLE1', a pin on submodule 'candidates_i' is connected to logic 1 or logic 0. (LINT-32)
   Pin 'same_address[85]' is connected to logic 1.
Warning: In design 'mc_top_Q_DEPTH16_SCHED_POLICY1_AGING_ENABLE1', a pin on submodule 'candidates_i' is connected to logic 1 or logic 0. (LINT-32)
   Pin 'same_address[68]' is connected to logic 1.
Warning: In design 'mc_top_Q_DEPTH16_SCHED_POLICY1_AGING_ENABLE1', a pin on submodule 'candidates_i' is connected to logic 1 or logic 0. (LINT-32)
   Pin 'same_address[51]' is connected to logic 1.
Warning: In design 'mc_top_Q_DEPTH16_SCHED_POLICY1_AGING_ENABLE1', a pin on submodule 'candidates_i' is connected to logic 1 or logic 0. (LINT-32)
   Pin 'same_address[34]' is connected to logic 1.
Warning: In design 'mc_top_Q_DEPTH16_SCHED_POLICY1_AGING_ENABLE1', a pin on submodule 'candidates_i' is connected to logic 1 or logic 0. (LINT-32)
   Pin 'same_address[17]' is connected to logic 1.
Warning: In design 'mc_top_Q_DEPTH16_SCHED_POLICY1_AGING_ENABLE1', a pin on submodule 'candidates_i' is connected to logic 1 or logic 0. (LINT-32)
   Pin 'same_address[0]' is connected to logic 1.
Warning: In design 'mc_top_Q_DEPTH16_SCHED_POLICY1_AGING_ENABLE1', a pin on submodule 'response_i' is connected to logic 1 or logic 0. (LINT-32)
   Pin 'same_address[255]' is connected to logic 1.
Warning: In design 'mc_top_Q_DEPTH16_SCHED_POLICY1_AGING_ENABLE1', a pin on submodule 'response_i' is connected to logic 1 or logic 0. (LINT-32)
   Pin 'same_address[238]' is connected to logic 1.
Warning: In design 'mc_top_Q_DEPTH16_SCHED_POLICY1_AGING_ENABLE1', a pin on submodule 'response_i' is connected to logic 1 or logic 0. (LINT-32)
   Pin 'same_address[221]' is connected to logic 1.
Warning: In design 'mc_top_Q_DEPTH16_SCHED_POLICY1_AGING_ENABLE1', a pin on submodule 'response_i' is connected to logic 1 or logic 0. (LINT-32)
   Pin 'same_address[204]' is connected to logic 1.
Warning: In design 'mc_top_Q_DEPTH16_SCHED_POLICY1_AGING_ENABLE1', a pin on submodule 'response_i' is connected to logic 1 or logic 0. (LINT-32)
   Pin 'same_address[187]' is connected to logic 1.
Warning: In design 'mc_top_Q_DEPTH16_SCHED_POLICY1_AGING_ENABLE1', a pin on submodule 'response_i' is connected to logic 1 or logic 0. (LINT-32)
   Pin 'same_address[170]' is connected to logic 1.
Warning: In design 'mc_top_Q_DEPTH16_SCHED_POLICY1_AGING_ENABLE1', a pin on submodule 'response_i' is connected to logic 1 or logic 0. (LINT-32)
   Pin 'same_address[153]' is connected to logic 1.
Warning: In design 'mc_top_Q_DEPTH16_SCHED_POLICY1_AGING_ENABLE1', a pin on submodule 'response_i' is connected to logic 1 or logic 0. (LINT-32)
   Pin 'same_address[136]' is connected to logic 1.
Warning: In design 'mc_top_Q_DEPTH16_SCHED_POLICY1_AGING_ENABLE1', a pin on submodule 'response_i' is connected to logic 1 or logic 0. (LINT-32)
   Pin 'same_address[119]' is connected to logic 1.
Warning: In design 'mc_top_Q_DEPTH16_SCHED_POLICY1_AGING_ENABLE1', a pin on submodule 'response_i' is connected to logic 1 or logic 0. (LINT-32)
   Pin 'same_address[102]' is connected to logic 1.
Warning: In design 'mc_top_Q_DEPTH16_SCHED_POLICY1_AGING_ENABLE1', a pin on submodule 'response_i' is connected to logic 1 or logic 0. (LINT-32)
   Pin 'same_address[85]' is connected to logic 1.
Warning: In design 'mc_top_Q_DEPTH16_SCHED_POLICY1_AGING_ENABLE1', a pin on submodule 'response_i' is connected to logic 1 or logic 0. (LINT-32)
   Pin 'same_address[68]' is connected to logic 1.
Warning: In design 'mc_top_Q_DEPTH16_SCHED_POLICY1_AGING_ENABLE1', a pin on submodule 'response_i' is connected to logic 1 or logic 0. (LINT-32)
   Pin 'same_address[51]' is connected to logic 1.
Warning: In design 'mc_top_Q_DEPTH16_SCHED_POLICY1_AGING_ENABLE1', a pin on submodule 'response_i' is connected to logic 1 or logic 0. (LINT-32)
   Pin 'same_address[34]' is connected to logic 1.
Warning: In design 'mc_top_Q_DEPTH16_SCHED_POLICY1_AGING_ENABLE1', a pin on submodule 'response_i' is connected to logic 1 or logic 0. (LINT-32)
   Pin 'same_address[17]' is connected to logic 1.
Warning: In design 'mc_top_Q_DEPTH16_SCHED_POLICY1_AGING_ENABLE1', a pin on submodule 'response_i' is connected to logic 1 or logic 0. (LINT-32)
   Pin 'same_address[0]' is connected to logic 1.
Warning: In design 'mc_top_Q_DEPTH16_SCHED_POLICY1_AGING_ENABLE1', the same net is connected to more than one pin on submodule 'candidates_i'. (LINT-33)
   Net '*Logic1*' is connected to pins 'same_address[255]', 'same_address[238]'', 'same_address[221]', 'same_address[204]', 'same_address[187]', 'same_address[170]', 'same_address[153]', 'same_address[136]', 'same_address[119]', 'same_address[102]', 'same_address[85]', 'same_address[68]', 'same_address[51]', 'same_address[34]', 'same_address[17]', 'same_address[0]'.
Warning: In design 'mc_top_Q_DEPTH16_SCHED_POLICY1_AGING_ENABLE1', the same net is connected to more than one pin on submodule 'candidates_i'. (LINT-33)
   Net 'n7776' is connected to pins 'same_address[235]', 'same_address[190]''.
Warning: In design 'mc_top_Q_DEPTH16_SCHED_POLICY1_AGING_ENABLE1', the same net is connected to more than one pin on submodule 'candidates_i'. (LINT-33)
   Net 'n3166' is connected to pins 'same_address[232]', 'same_address[142]''.
Warning: In design 'mc_top_Q_DEPTH16_SCHED_POLICY1_AGING_ENABLE1', the same net is connected to more than one pin on submodule 'candidates_i'. (LINT-33)
   Net 'n1872' is connected to pins 'same_address[166]', 'same_address[106]''.
Warning: In design 'mc_top_Q_DEPTH16_SCHED_POLICY1_AGING_ENABLE1', the same net is connected to more than one pin on submodule 'candidates_i'. (LINT-33)
   Net 'n578' is connected to pins 'same_address[148]', 'same_address[73]''.
Warning: In design 'mc_top_Q_DEPTH16_SCHED_POLICY1_AGING_ENABLE1', the same net is connected to more than one pin on submodule 'candidates_i'. (LINT-33)
   Net 'n1778' is connected to pins 'same_address[144]', 'same_address[9]''.
Warning: In design 'mc_top_Q_DEPTH16_SCHED_POLICY1_AGING_ENABLE1', the same net is connected to more than one pin on submodule 'candidates_i'. (LINT-33)
   Net 'n1825' is connected to pins 'same_address[132]', 'same_address[72]''.
Warning: In design 'mc_top_Q_DEPTH16_SCHED_POLICY1_AGING_ENABLE1', the same net is connected to more than one pin on submodule 'candidates_i'. (LINT-33)
   Net 'n2930' is connected to pins 'same_address[128]', 'same_address[8]''.
Warning: In design 'mc_top_Q_DEPTH16_SCHED_POLICY1_AGING_ENABLE1', the same net is connected to more than one pin on submodule 'candidates_i'. (LINT-33)
   Net 'n2625' is connected to pins 'same_address[113]', 'same_address[23]''.
Warning: In design 'mc_top_Q_DEPTH16_SCHED_POLICY1_AGING_ENABLE1', the same net is connected to more than one pin on submodule 'response_i'. (LINT-33)
   Net '*Logic1*' is connected to pins 'same_address[255]', 'same_address[238]'', 'same_address[221]', 'same_address[204]', 'same_address[187]', 'same_address[170]', 'same_address[153]', 'same_address[136]', 'same_address[119]', 'same_address[102]', 'same_address[85]', 'same_address[68]', 'same_address[51]', 'same_address[34]', 'same_address[17]', 'same_address[0]'.
Warning: In design 'mc_top_Q_DEPTH16_SCHED_POLICY1_AGING_ENABLE1', the same net is connected to more than one pin on submodule 'response_i'. (LINT-33)
   Net 'n1274' is connected to pins 'same_address[254]', 'same_address[239]''.
Warning: In design 'mc_top_Q_DEPTH16_SCHED_POLICY1_AGING_ENABLE1', the same net is connected to more than one pin on submodule 'response_i'. (LINT-33)
   Net 'n2764' is connected to pins 'same_address[253]', 'same_address[223]''.
Warning: In design 'mc_top_Q_DEPTH16_SCHED_POLICY1_AGING_ENABLE1', the same net is connected to more than one pin on submodule 'response_i'. (LINT-33)
   Net 'n810' is connected to pins 'same_address[252]', 'same_address[207]''.
Warning: In design 'mc_top_Q_DEPTH16_SCHED_POLICY1_AGING_ENABLE1', the same net is connected to more than one pin on submodule 'response_i'. (LINT-33)
   Net 'n2928' is connected to pins 'same_address[251]', 'same_address[191]''.
Warning: In design 'mc_top_Q_DEPTH16_SCHED_POLICY1_AGING_ENABLE1', the same net is connected to more than one pin on submodule 'response_i'. (LINT-33)
   Net 'n2762' is connected to pins 'same_address[250]', 'same_address[175]''.
Warning: In design 'mc_top_Q_DEPTH16_SCHED_POLICY1_AGING_ENABLE1', the same net is connected to more than one pin on submodule 'response_i'. (LINT-33)
   Net 'n2621' is connected to pins 'same_address[249]', 'same_address[159]''.
Warning: In design 'mc_top_Q_DEPTH16_SCHED_POLICY1_AGING_ENABLE1', the same net is connected to more than one pin on submodule 'response_i'. (LINT-33)
   Net 'n3188' is connected to pins 'same_address[248]', 'same_address[143]''.
Warning: In design 'mc_top_Q_DEPTH16_SCHED_POLICY1_AGING_ENABLE1', the same net is connected to more than one pin on submodule 'response_i'. (LINT-33)
   Net 'n2513' is connected to pins 'same_address[247]', 'same_address[127]''.
Warning: In design 'mc_top_Q_DEPTH16_SCHED_POLICY1_AGING_ENABLE1', the same net is connected to more than one pin on submodule 'response_i'. (LINT-33)
   Net 'n2121' is connected to pins 'same_address[246]', 'same_address[111]''.
Warning: In design 'mc_top_Q_DEPTH16_SCHED_POLICY1_AGING_ENABLE1', the same net is connected to more than one pin on submodule 'response_i'. (LINT-33)
   Net 'n2166' is connected to pins 'same_address[245]', 'same_address[95]''.
Warning: In design 'mc_top_Q_DEPTH16_SCHED_POLICY1_AGING_ENABLE1', the same net is connected to more than one pin on submodule 'response_i'. (LINT-33)
   Net 'n2120' is connected to pins 'same_address[244]', 'same_address[79]''.
Warning: In design 'mc_top_Q_DEPTH16_SCHED_POLICY1_AGING_ENABLE1', the same net is connected to more than one pin on submodule 'response_i'. (LINT-33)
   Net 'n3179' is connected to pins 'same_address[243]', 'same_address[63]''.
Warning: In design 'mc_top_Q_DEPTH16_SCHED_POLICY1_AGING_ENABLE1', the same net is connected to more than one pin on submodule 'response_i'. (LINT-33)
   Net 'n3170' is connected to pins 'same_address[242]', 'same_address[47]''.
Warning: In design 'mc_top_Q_DEPTH16_SCHED_POLICY1_AGING_ENABLE1', the same net is connected to more than one pin on submodule 'response_i'. (LINT-33)
   Net 'n2618' is connected to pins 'same_address[240]', 'same_address[15]''.
Warning: In design 'mc_top_Q_DEPTH16_SCHED_POLICY1_AGING_ENABLE1', the same net is connected to more than one pin on submodule 'response_i'. (LINT-33)
   Net 'n1623' is connected to pins 'same_address[237]', 'same_address[222]''.
Warning: In design 'mc_top_Q_DEPTH16_SCHED_POLICY1_AGING_ENABLE1', the same net is connected to more than one pin on submodule 'response_i'. (LINT-33)
   Net 'n1203' is connected to pins 'same_address[236]', 'same_address[206]''.
Warning: In design 'mc_top_Q_DEPTH16_SCHED_POLICY1_AGING_ENABLE1', the same net is connected to more than one pin on submodule 'response_i'. (LINT-33)
   Net 'n1866' is connected to pins 'same_address[235]', 'same_address[190]''.
Warning: In design 'mc_top_Q_DEPTH16_SCHED_POLICY1_AGING_ENABLE1', the same net is connected to more than one pin on submodule 'response_i'. (LINT-33)
   Net 'n2162' is connected to pins 'same_address[234]', 'same_address[174]''.
Warning: In design 'mc_top_Q_DEPTH16_SCHED_POLICY1_AGING_ENABLE1', the same net is connected to more than one pin on submodule 'response_i'. (LINT-33)
   Net 'n2687' is connected to pins 'same_address[233]', 'same_address[158]''.
Warning: In design 'mc_top_Q_DEPTH16_SCHED_POLICY1_AGING_ENABLE1', the same net is connected to more than one pin on submodule 'response_i'. (LINT-33)
   Net 'n3166' is connected to pins 'same_address[232]', 'same_address[142]''.
Warning: In design 'mc_top_Q_DEPTH16_SCHED_POLICY1_AGING_ENABLE1', the same net is connected to more than one pin on submodule 'response_i'. (LINT-33)
   Net 'n3191' is connected to pins 'same_address[231]', 'same_address[126]''.
Warning: In design 'mc_top_Q_DEPTH16_SCHED_POLICY1_AGING_ENABLE1', the same net is connected to more than one pin on submodule 'response_i'. (LINT-33)
   Net 'n2936' is connected to pins 'same_address[230]', 'same_address[110]''.
Warning: In design 'mc_top_Q_DEPTH16_SCHED_POLICY1_AGING_ENABLE1', the same net is connected to more than one pin on submodule 'response_i'. (LINT-33)
   Net 'n2845' is connected to pins 'same_address[229]', 'same_address[94]''.
Warning: In design 'mc_top_Q_DEPTH16_SCHED_POLICY1_AGING_ENABLE1', the same net is connected to more than one pin on submodule 'response_i'. (LINT-33)
   Net 'n2683' is connected to pins 'same_address[228]', 'same_address[78]''.
Warning: In design 'mc_top_Q_DEPTH16_SCHED_POLICY1_AGING_ENABLE1', the same net is connected to more than one pin on submodule 'response_i'. (LINT-33)
   Net 'n1622' is connected to pins 'same_address[227]', 'same_address[62]''.
Warning: In design 'mc_top_Q_DEPTH16_SCHED_POLICY1_AGING_ENABLE1', the same net is connected to more than one pin on submodule 'response_i'. (LINT-33)
   Net 'n2096' is connected to pins 'same_address[226]', 'same_address[46]''.
Warning: In design 'mc_top_Q_DEPTH16_SCHED_POLICY1_AGING_ENABLE1', the same net is connected to more than one pin on submodule 'response_i'. (LINT-33)
   Net 'n2931' is connected to pins 'same_address[225]', 'same_address[30]''.
Warning: In design 'mc_top_Q_DEPTH16_SCHED_POLICY1_AGING_ENABLE1', the same net is connected to more than one pin on submodule 'response_i'. (LINT-33)
   Net 'n394' is connected to pins 'same_address[224]', 'same_address[14]''.
Warning: In design 'mc_top_Q_DEPTH16_SCHED_POLICY1_AGING_ENABLE1', the same net is connected to more than one pin on submodule 'response_i'. (LINT-33)
   Net 'n2130' is connected to pins 'same_address[220]', 'same_address[205]''.
Warning: In design 'mc_top_Q_DEPTH16_SCHED_POLICY1_AGING_ENABLE1', the same net is connected to more than one pin on submodule 'response_i'. (LINT-33)
   Net 'n3180' is connected to pins 'same_address[219]', 'same_address[189]''.
Warning: In design 'mc_top_Q_DEPTH16_SCHED_POLICY1_AGING_ENABLE1', the same net is connected to more than one pin on submodule 'response_i'. (LINT-33)
   Net 'n2946' is connected to pins 'same_address[218]', 'same_address[173]''.
Warning: In design 'mc_top_Q_DEPTH16_SCHED_POLICY1_AGING_ENABLE1', the same net is connected to more than one pin on submodule 'response_i'. (LINT-33)
   Net 'n2554' is connected to pins 'same_address[217]', 'same_address[157]''.
Warning: In design 'mc_top_Q_DEPTH16_SCHED_POLICY1_AGING_ENABLE1', the same net is connected to more than one pin on submodule 'response_i'. (LINT-33)
   Net 'n1814' is connected to pins 'same_address[216]', 'same_address[141]''.
Warning: In design 'mc_top_Q_DEPTH16_SCHED_POLICY1_AGING_ENABLE1', the same net is connected to more than one pin on submodule 'response_i'. (LINT-33)
   Net 'n3108' is connected to pins 'same_address[215]', 'same_address[125]''.
Warning: In design 'mc_top_Q_DEPTH16_SCHED_POLICY1_AGING_ENABLE1', the same net is connected to more than one pin on submodule 'response_i'. (LINT-33)
   Net 'n2073' is connected to pins 'same_address[214]', 'same_address[109]''.
Warning: In design 'mc_top_Q_DEPTH16_SCHED_POLICY1_AGING_ENABLE1', the same net is connected to more than one pin on submodule 'response_i'. (LINT-33)
   Net 'n2078' is connected to pins 'same_address[213]', 'same_address[93]''.
Warning: In design 'mc_top_Q_DEPTH16_SCHED_POLICY1_AGING_ENABLE1', the same net is connected to more than one pin on submodule 'response_i'. (LINT-33)
   Net 'n2112' is connected to pins 'same_address[212]', 'same_address[77]''.
Warning: In design 'mc_top_Q_DEPTH16_SCHED_POLICY1_AGING_ENABLE1', the same net is connected to more than one pin on submodule 'response_i'. (LINT-33)
   Net 'n3177' is connected to pins 'same_address[211]', 'same_address[61]''.
Warning: In design 'mc_top_Q_DEPTH16_SCHED_POLICY1_AGING_ENABLE1', the same net is connected to more than one pin on submodule 'response_i'. (LINT-33)
   Net 'n2119' is connected to pins 'same_address[210]', 'same_address[45]''.
Warning: In design 'mc_top_Q_DEPTH16_SCHED_POLICY1_AGING_ENABLE1', the same net is connected to more than one pin on submodule 'response_i'. (LINT-33)
   Net 'n3038' is connected to pins 'same_address[209]', 'same_address[29]''.
Warning: In design 'mc_top_Q_DEPTH16_SCHED_POLICY1_AGING_ENABLE1', the same net is connected to more than one pin on submodule 'response_i'. (LINT-33)
   Net 'n2193' is connected to pins 'same_address[208]', 'same_address[13]''.
Warning: In design 'mc_top_Q_DEPTH16_SCHED_POLICY1_AGING_ENABLE1', the same net is connected to more than one pin on submodule 'response_i'. (LINT-33)
   Net 'n1341' is connected to pins 'same_address[203]', 'same_address[188]''.
Warning: In design 'mc_top_Q_DEPTH16_SCHED_POLICY1_AGING_ENABLE1', the same net is connected to more than one pin on submodule 'response_i'. (LINT-33)
   Net 'n2099' is connected to pins 'same_address[202]', 'same_address[172]''.
Warning: In design 'mc_top_Q_DEPTH16_SCHED_POLICY1_AGING_ENABLE1', the same net is connected to more than one pin on submodule 'response_i'. (LINT-33)
   Net 'n2944' is connected to pins 'same_address[201]', 'same_address[156]''.
Warning: In design 'mc_top_Q_DEPTH16_SCHED_POLICY1_AGING_ENABLE1', the same net is connected to more than one pin on submodule 'response_i'. (LINT-33)
   Net 'n2062' is connected to pins 'same_address[200]', 'same_address[140]''.
Warning: In design 'mc_top_Q_DEPTH16_SCHED_POLICY1_AGING_ENABLE1', the same net is connected to more than one pin on submodule 'response_i'. (LINT-33)
   Net 'n2691' is connected to pins 'same_address[199]', 'same_address[124]''.
Warning: In design 'mc_top_Q_DEPTH16_SCHED_POLICY1_AGING_ENABLE1', the same net is connected to more than one pin on submodule 'response_i'. (LINT-33)
   Net 'n3112' is connected to pins 'same_address[198]', 'same_address[108]''.
Warning: In design 'mc_top_Q_DEPTH16_SCHED_POLICY1_AGING_ENABLE1', the same net is connected to more than one pin on submodule 'response_i'. (LINT-33)
   Net 'n902' is connected to pins 'same_address[197]', 'same_address[92]''.
Warning: In design 'mc_top_Q_DEPTH16_SCHED_POLICY1_AGING_ENABLE1', the same net is connected to more than one pin on submodule 'response_i'. (LINT-33)
   Net 'n2844' is connected to pins 'same_address[196]', 'same_address[76]''.
Warning: In design 'mc_top_Q_DEPTH16_SCHED_POLICY1_AGING_ENABLE1', the same net is connected to more than one pin on submodule 'response_i'. (LINT-33)
   Net 'n3183' is connected to pins 'same_address[195]', 'same_address[60]''.
Warning: In design 'mc_top_Q_DEPTH16_SCHED_POLICY1_AGING_ENABLE1', the same net is connected to more than one pin on submodule 'response_i'. (LINT-33)
   Net 'n2108' is connected to pins 'same_address[194]', 'same_address[44]''.
Warning: In design 'mc_top_Q_DEPTH16_SCHED_POLICY1_AGING_ENABLE1', the same net is connected to more than one pin on submodule 'response_i'. (LINT-33)
   Net 'n1685' is connected to pins 'same_address[193]', 'same_address[28]''.
Warning: In design 'mc_top_Q_DEPTH16_SCHED_POLICY1_AGING_ENABLE1', the same net is connected to more than one pin on submodule 'response_i'. (LINT-33)
   Net 'n3032' is connected to pins 'same_address[192]', 'same_address[12]''.
Warning: In design 'mc_top_Q_DEPTH16_SCHED_POLICY1_AGING_ENABLE1', the same net is connected to more than one pin on submodule 'response_i'. (LINT-33)
   Net 'n962' is connected to pins 'same_address[186]', 'same_address[171]''.
Warning: In design 'mc_top_Q_DEPTH16_SCHED_POLICY1_AGING_ENABLE1', the same net is connected to more than one pin on submodule 'response_i'. (LINT-33)
   Net 'n2090' is connected to pins 'same_address[184]', 'same_address[139]''.
Warning: In design 'mc_top_Q_DEPTH16_SCHED_POLICY1_AGING_ENABLE1', the same net is connected to more than one pin on submodule 'response_i'. (LINT-33)
   Net 'n3171' is connected to pins 'same_address[183]', 'same_address[123]''.
Warning: In design 'mc_top_Q_DEPTH16_SCHED_POLICY1_AGING_ENABLE1', the same net is connected to more than one pin on submodule 'response_i'. (LINT-33)
   Net 'n2773' is connected to pins 'same_address[182]', 'same_address[107]''.
Warning: In design 'mc_top_Q_DEPTH16_SCHED_POLICY1_AGING_ENABLE1', the same net is connected to more than one pin on submodule 'response_i'. (LINT-33)
   Net 'n1597' is connected to pins 'same_address[181]', 'same_address[91]''.
Warning: In design 'mc_top_Q_DEPTH16_SCHED_POLICY1_AGING_ENABLE1', the same net is connected to more than one pin on submodule 'response_i'. (LINT-33)
   Net 'n2061' is connected to pins 'same_address[180]', 'same_address[75]''.
Warning: In design 'mc_top_Q_DEPTH16_SCHED_POLICY1_AGING_ENABLE1', the same net is connected to more than one pin on submodule 'response_i'. (LINT-33)
   Net 'n3026' is connected to pins 'same_address[178]', 'same_address[43]''.
Warning: In design 'mc_top_Q_DEPTH16_SCHED_POLICY1_AGING_ENABLE1', the same net is connected to more than one pin on submodule 'response_i'. (LINT-33)
   Net 'n1085' is connected to pins 'same_address[177]', 'same_address[27]''.
Warning: In design 'mc_top_Q_DEPTH16_SCHED_POLICY1_AGING_ENABLE1', the same net is connected to more than one pin on submodule 'response_i'. (LINT-33)
   Net 'n1708' is connected to pins 'same_address[176]', 'same_address[11]''.
Warning: In design 'mc_top_Q_DEPTH16_SCHED_POLICY1_AGING_ENABLE1', the same net is connected to more than one pin on submodule 'response_i'. (LINT-33)
   Net 'n1157' is connected to pins 'same_address[169]', 'same_address[154]''.
Warning: In design 'mc_top_Q_DEPTH16_SCHED_POLICY1_AGING_ENABLE1', the same net is connected to more than one pin on submodule 'response_i'. (LINT-33)
   Net 'n2770' is connected to pins 'same_address[168]', 'same_address[138]''.
Warning: In design 'mc_top_Q_DEPTH16_SCHED_POLICY1_AGING_ENABLE1', the same net is connected to more than one pin on submodule 'response_i'. (LINT-33)
   Net 'n3181' is connected to pins 'same_address[167]', 'same_address[122]''.
Warning: In design 'mc_top_Q_DEPTH16_SCHED_POLICY1_AGING_ENABLE1', the same net is connected to more than one pin on submodule 'response_i'. (LINT-33)
   Net 'n2945' is connected to pins 'same_address[166]', 'same_address[106]''.
Warning: In design 'mc_top_Q_DEPTH16_SCHED_POLICY1_AGING_ENABLE1', the same net is connected to more than one pin on submodule 'response_i'. (LINT-33)
   Net 'n2856' is connected to pins 'same_address[165]', 'same_address[90]''.
Warning: In design 'mc_top_Q_DEPTH16_SCHED_POLICY1_AGING_ENABLE1', the same net is connected to more than one pin on submodule 'response_i'. (LINT-33)
   Net 'n573' is connected to pins 'same_address[164]', 'same_address[74]''.
Warning: In design 'mc_top_Q_DEPTH16_SCHED_POLICY1_AGING_ENABLE1', the same net is connected to more than one pin on submodule 'response_i'. (LINT-33)
   Net 'n2113' is connected to pins 'same_address[163]', 'same_address[58]''.
Warning: In design 'mc_top_Q_DEPTH16_SCHED_POLICY1_AGING_ENABLE1', the same net is connected to more than one pin on submodule 'response_i'. (LINT-33)
   Net 'n1369' is connected to pins 'same_address[162]', 'same_address[42]''.
Warning: In design 'mc_top_Q_DEPTH16_SCHED_POLICY1_AGING_ENABLE1', the same net is connected to more than one pin on submodule 'response_i'. (LINT-33)
   Net 'n1390' is connected to pins 'same_address[161]', 'same_address[26]''.
Warning: In design 'mc_top_Q_DEPTH16_SCHED_POLICY1_AGING_ENABLE1', the same net is connected to more than one pin on submodule 'response_i'. (LINT-33)
   Net 'n1380' is connected to pins 'same_address[160]', 'same_address[10]''.
Warning: In design 'mc_top_Q_DEPTH16_SCHED_POLICY1_AGING_ENABLE1', the same net is connected to more than one pin on submodule 'response_i'. (LINT-33)
   Net 'n996' is connected to pins 'same_address[152]', 'same_address[137]''.
Warning: In design 'mc_top_Q_DEPTH16_SCHED_POLICY1_AGING_ENABLE1', the same net is connected to more than one pin on submodule 'response_i'. (LINT-33)
   Net 'n2938' is connected to pins 'same_address[151]', 'same_address[121]''.
Warning: In design 'mc_top_Q_DEPTH16_SCHED_POLICY1_AGING_ENABLE1', the same net is connected to more than one pin on submodule 'response_i'. (LINT-33)
   Net 'n1605' is connected to pins 'same_address[149]', 'same_address[89]''.
Warning: In design 'mc_top_Q_DEPTH16_SCHED_POLICY1_AGING_ENABLE1', the same net is connected to more than one pin on submodule 'response_i'. (LINT-33)
   Net 'n908' is connected to pins 'same_address[148]', 'same_address[73]''.
Warning: In design 'mc_top_Q_DEPTH16_SCHED_POLICY1_AGING_ENABLE1', the same net is connected to more than one pin on submodule 'response_i'. (LINT-33)
   Net 'n2152' is connected to pins 'same_address[147]', 'same_address[57]''.
Warning: In design 'mc_top_Q_DEPTH16_SCHED_POLICY1_AGING_ENABLE1', the same net is connected to more than one pin on submodule 'response_i'. (LINT-33)
   Net 'n1041' is connected to pins 'same_address[146]', 'same_address[41]''.
Warning: In design 'mc_top_Q_DEPTH16_SCHED_POLICY1_AGING_ENABLE1', the same net is connected to more than one pin on submodule 'response_i'. (LINT-33)
   Net 'n1351' is connected to pins 'same_address[145]', 'same_address[25]''.
Warning: In design 'mc_top_Q_DEPTH16_SCHED_POLICY1_AGING_ENABLE1', the same net is connected to more than one pin on submodule 'response_i'. (LINT-33)
   Net 'n2769' is connected to pins 'same_address[144]', 'same_address[9]''.
Warning: In design 'mc_top_Q_DEPTH16_SCHED_POLICY1_AGING_ENABLE1', the same net is connected to more than one pin on submodule 'response_i'. (LINT-33)
   Net 'n2768' is connected to pins 'same_address[135]', 'same_address[120]''.
Warning: In design 'mc_top_Q_DEPTH16_SCHED_POLICY1_AGING_ENABLE1', the same net is connected to more than one pin on submodule 'response_i'. (LINT-33)
   Net 'n796' is connected to pins 'same_address[134]', 'same_address[104]''.
Warning: In design 'mc_top_Q_DEPTH16_SCHED_POLICY1_AGING_ENABLE1', the same net is connected to more than one pin on submodule 'response_i'. (LINT-33)
   Net 'n1635' is connected to pins 'same_address[133]', 'same_address[88]''.
Warning: In design 'mc_top_Q_DEPTH16_SCHED_POLICY1_AGING_ENABLE1', the same net is connected to more than one pin on submodule 'response_i'. (LINT-33)
   Net 'n2847' is connected to pins 'same_address[132]', 'same_address[72]''.
Warning: In design 'mc_top_Q_DEPTH16_SCHED_POLICY1_AGING_ENABLE1', the same net is connected to more than one pin on submodule 'response_i'. (LINT-33)
   Net 'n1271' is connected to pins 'same_address[131]', 'same_address[56]''.
Warning: In design 'mc_top_Q_DEPTH16_SCHED_POLICY1_AGING_ENABLE1', the same net is connected to more than one pin on submodule 'response_i'. (LINT-33)
   Net 'n826' is connected to pins 'same_address[130]', 'same_address[40]''.
Warning: In design 'mc_top_Q_DEPTH16_SCHED_POLICY1_AGING_ENABLE1', the same net is connected to more than one pin on submodule 'response_i'. (LINT-33)
   Net 'n2686' is connected to pins 'same_address[129]', 'same_address[24]''.
Warning: In design 'mc_top_Q_DEPTH16_SCHED_POLICY1_AGING_ENABLE1', the same net is connected to more than one pin on submodule 'response_i'. (LINT-33)
   Net 'n2930' is connected to pins 'same_address[128]', 'same_address[8]''.
Warning: In design 'mc_top_Q_DEPTH16_SCHED_POLICY1_AGING_ENABLE1', the same net is connected to more than one pin on submodule 'response_i'. (LINT-33)
   Net 'n2860' is connected to pins 'same_address[118]', 'same_address[103]''.
Warning: In design 'mc_top_Q_DEPTH16_SCHED_POLICY1_AGING_ENABLE1', the same net is connected to more than one pin on submodule 'response_i'. (LINT-33)
   Net 'n2941' is connected to pins 'same_address[117]', 'same_address[87]''.
Warning: In design 'mc_top_Q_DEPTH16_SCHED_POLICY1_AGING_ENABLE1', the same net is connected to more than one pin on submodule 'response_i'. (LINT-33)
   Net 'n2766' is connected to pins 'same_address[116]', 'same_address[71]''.
Warning: In design 'mc_top_Q_DEPTH16_SCHED_POLICY1_AGING_ENABLE1', the same net is connected to more than one pin on submodule 'response_i'. (LINT-33)
   Net 'n1640' is connected to pins 'same_address[115]', 'same_address[55]''.
Warning: In design 'mc_top_Q_DEPTH16_SCHED_POLICY1_AGING_ENABLE1', the same net is connected to more than one pin on submodule 'response_i'. (LINT-33)
   Net 'n309' is connected to pins 'same_address[114]', 'same_address[39]''.
Warning: In design 'mc_top_Q_DEPTH16_SCHED_POLICY1_AGING_ENABLE1', the same net is connected to more than one pin on submodule 'response_i'. (LINT-33)
   Net 'n2624' is connected to pins 'same_address[113]', 'same_address[23]''.
Warning: In design 'mc_top_Q_DEPTH16_SCHED_POLICY1_AGING_ENABLE1', the same net is connected to more than one pin on submodule 'response_i'. (LINT-33)
   Net 'n2689' is connected to pins 'same_address[112]', 'same_address[7]''.
Warning: In design 'mc_top_Q_DEPTH16_SCHED_POLICY1_AGING_ENABLE1', the same net is connected to more than one pin on submodule 'response_i'. (LINT-33)
   Net 'n1360' is connected to pins 'same_address[101]', 'same_address[86]''.
Warning: In design 'mc_top_Q_DEPTH16_SCHED_POLICY1_AGING_ENABLE1', the same net is connected to more than one pin on submodule 'response_i'. (LINT-33)
   Net 'n1633' is connected to pins 'same_address[100]', 'same_address[70]''.
Warning: In design 'mc_top_Q_DEPTH16_SCHED_POLICY1_AGING_ENABLE1', the same net is connected to more than one pin on submodule 'response_i'. (LINT-33)
   Net 'n2056' is connected to pins 'same_address[99]', 'same_address[54]''.
Warning: In design 'mc_top_Q_DEPTH16_SCHED_POLICY1_AGING_ENABLE1', the same net is connected to more than one pin on submodule 'response_i'. (LINT-33)
   Net 'n2057' is connected to pins 'same_address[98]', 'same_address[38]''.
Warning: In design 'mc_top_Q_DEPTH16_SCHED_POLICY1_AGING_ENABLE1', the same net is connected to more than one pin on submodule 'response_i'. (LINT-33)
   Net 'n3031' is connected to pins 'same_address[97]', 'same_address[22]''.
Warning: In design 'mc_top_Q_DEPTH16_SCHED_POLICY1_AGING_ENABLE1', the same net is connected to more than one pin on submodule 'response_i'. (LINT-33)
   Net 'n1336' is connected to pins 'same_address[96]', 'same_address[6]''.
Warning: In design 'mc_top_Q_DEPTH16_SCHED_POLICY1_AGING_ENABLE1', the same net is connected to more than one pin on submodule 'response_i'. (LINT-33)
   Net 'n2932' is connected to pins 'same_address[84]', 'same_address[69]''.
Warning: In design 'mc_top_Q_DEPTH16_SCHED_POLICY1_AGING_ENABLE1', the same net is connected to more than one pin on submodule 'response_i'. (LINT-33)
   Net 'n2097' is connected to pins 'same_address[83]', 'same_address[53]''.
Warning: In design 'mc_top_Q_DEPTH16_SCHED_POLICY1_AGING_ENABLE1', the same net is connected to more than one pin on submodule 'response_i'. (LINT-33)
   Net 'n1348' is connected to pins 'same_address[82]', 'same_address[37]''.
Warning: In design 'mc_top_Q_DEPTH16_SCHED_POLICY1_AGING_ENABLE1', the same net is connected to more than one pin on submodule 'response_i'. (LINT-33)
   Net 'n857' is connected to pins 'same_address[81]', 'same_address[21]''.
Warning: In design 'mc_top_Q_DEPTH16_SCHED_POLICY1_AGING_ENABLE1', the same net is connected to more than one pin on submodule 'response_i'. (LINT-33)
   Net 'n3027' is connected to pins 'same_address[80]', 'same_address[5]''.
Warning: In design 'mc_top_Q_DEPTH16_SCHED_POLICY1_AGING_ENABLE1', the same net is connected to more than one pin on submodule 'response_i'. (LINT-33)
   Net 'n1384' is connected to pins 'same_address[67]', 'same_address[52]''.
Warning: In design 'mc_top_Q_DEPTH16_SCHED_POLICY1_AGING_ENABLE1', the same net is connected to more than one pin on submodule 'response_i'. (LINT-33)
   Net 'n3023' is connected to pins 'same_address[66]', 'same_address[36]''.
Warning: In design 'mc_top_Q_DEPTH16_SCHED_POLICY1_AGING_ENABLE1', the same net is connected to more than one pin on submodule 'response_i'. (LINT-33)
   Net 'n1670' is connected to pins 'same_address[65]', 'same_address[20]''.
Warning: In design 'mc_top_Q_DEPTH16_SCHED_POLICY1_AGING_ENABLE1', the same net is connected to more than one pin on submodule 'response_i'. (LINT-33)
   Net 'n2054' is connected to pins 'same_address[64]', 'same_address[4]''.
Warning: In design 'mc_top_Q_DEPTH16_SCHED_POLICY1_AGING_ENABLE1', the same net is connected to more than one pin on submodule 'response_i'. (LINT-33)
   Net 'n1841' is connected to pins 'same_address[50]', 'same_address[35]''.
Warning: In design 'mc_top_Q_DEPTH16_SCHED_POLICY1_AGING_ENABLE1', the same net is connected to more than one pin on submodule 'response_i'. (LINT-33)
   Net 'n1589' is connected to pins 'same_address[49]', 'same_address[19]''.
Warning: In design 'mc_top_Q_DEPTH16_SCHED_POLICY1_AGING_ENABLE1', the same net is connected to more than one pin on submodule 'response_i'. (LINT-33)
   Net 'n2066' is connected to pins 'same_address[48]', 'same_address[3]''.
Warning: In design 'mc_top_Q_DEPTH16_SCHED_POLICY1_AGING_ENABLE1', the same net is connected to more than one pin on submodule 'response_i'. (LINT-33)
   Net 'n1342' is connected to pins 'same_address[33]', 'same_address[18]''.
Warning: In design 'mc_top_Q_DEPTH16_SCHED_POLICY1_AGING_ENABLE1', the same net is connected to more than one pin on submodule 'response_i'. (LINT-33)
   Net 'n1560' is connected to pins 'same_address[32]', 'same_address[2]''.
Warning: In design 'mc_top_Q_DEPTH16_SCHED_POLICY1_AGING_ENABLE1', the same net is connected to more than one pin on submodule 'response_i'. (LINT-33)
   Net 'n412' is connected to pins 'same_address[16]', 'same_address[1]''.
1
