Library/corner: gscl45nm typical; process=1; voltage=1.1V; temperature=27C
Target libraries: ${TECH_LIBRARY_DIR}/gscl45nm.db
Link libraries: * ${TECH_LIBRARY_DIR}/gscl45nm.db
Time unit ns: 1.0; capacitance unit fF: 1000.0
Clock target ns: 5; Q: 4; policy: 0; aging: 0
Tool version: see dc_shell startup banner in tool.log
Information: Updating design information... (UID-85)
Warning: Design 'mc_top_Q_DEPTH4_SCHED_POLICY0_AGING_ENABLE0' contains 1 high-fanout nets. A fanout number of 1000 will be used for delay calculations involving these nets. (TIM-134)
 
****************************************
Report : design
Design : mc_top_Q_DEPTH4_SCHED_POLICY0_AGING_ENABLE0
Version: R-2020.09-SP4
Date   : Tue Sep 22 18:15:15 2026
****************************************

Design allows ideal nets on clock nets.

Library(s) Used:

    gtech (File: ${SYNOPSYS_INSTALL_DIR}/libraries/syn/gtech.db)

Flip-Flop Types:

    No flip-flop types specified.

Latch Types:

    No latch types specified.

Operating Conditions:


    Operating Condition Name : typical
    Library : gscl45nm
    Process :   1.00
    Temperature :  27.00
    Voltage :   1.10

Wire Loading Model:

    No wire loading specified.


Wire Loading Model Mode: top.

Timing Ranges:

    No timing ranges specified.

Pin Input Delays:

    None specified.

Pin Output Delays:

    None specified.

Disabled Timing Arcs:

    No arcs disabled.

Required Licenses:

    None Required

Design Parameters:

    Q_DEPTH => 4
    SCHED_POLICY => 0
    AGING_ENABLE => 0

Information: This design contains unmapped logic. (RPT-7)
Loaded library: gscl45nm
time_unit_name: ns
capacitive_load_units: 1000.000000
default_operating_conditions: typical
nom_process: 1.000000
nom_voltage: 1.100000
nom_temperature: 27.000000
