 
****************************************
Report : qor
Design : mc_top_Q_DEPTH16_SCHED_POLICY1_AGING_ENABLE0
Version: R-2020.09-SP4
Date   : Tue Sep 22 18:03:40 2026
****************************************


  Timing Path Group 'core_clk'
  -----------------------------------
  Levels of Logic:              85.00
  Critical Path Length:          4.89
  Critical Path Slack:          14.01
  Critical Path Clk Period:     20.00
  Total Negative Slack:          0.00
  No. of Violating Paths:        0.00
  Worst Hold Violation:         -0.00
  Total Hold Violation:         -0.01
  No. of Hold Violations:       11.00
  -----------------------------------


  Cell Count
  -----------------------------------
  Hierarchical Cell Count:         21
  Hierarchical Port Count:       5037
  Leaf Cell Count:              25376
  Buf/Inv Cell Count:            5019
  Buf Cell Count:                 755
  Inv Cell Count:                4264
  CT Buf/Inv Cell Count:            0
  Combinational Cell Count:     23402
  Sequential Cell Count:         1974
  Macro Count:                      0
  -----------------------------------


  Area
  -----------------------------------
  Combinational Area:    62496.210177
  Noncombinational Area: 15748.769051
  Buf/Inv Area:           7774.892936
  Total Buffer Area:          1771.61
  Total Inverter Area:        6003.29
  Macro/Black Box Area:      0.000000
  Net Area:                  0.000000
  -----------------------------------
  Cell Area:             78244.979228
  Design Area:           78244.979228


  Design Rules
  -----------------------------------
  Total Number of Nets:         25567
  Nets With Violations:          5452
  Max Trans Violations:             0
  Max Cap Violations:            5452
  -----------------------------------


  Hostname: redacted-lab-host

  Compile CPU Statistics
  -----------------------------------------
  Resource Sharing:                   43.93
  Logic Optimization:                  9.39
  Mapping Optimization:               44.59
  -----------------------------------------
  Overall Compile Time:              102.57
  Overall Compile Wall Clock Time:   103.16

  --------------------------------------------------------------------

  Design  WNS: 0.00  TNS: 0.00  Number of Violating Paths: 0


  Design (Hold)  WNS: 0.00  TNS: 0.01  Number of Violating Paths: 11

  --------------------------------------------------------------------


1
