 
****************************************
Report : area
Design : mc_top_Q_DEPTH8_SCHED_POLICY1_AGING_ENABLE0
Version: R-2020.09-SP4
Date   : Tue Sep 22 18:31:17 2026
****************************************

Library(s) Used:

    gscl45nm (File: ${TECH_LIBRARY_DIR}/gscl45nm.db)

Number of ports:                         2615
Number of nets:                         11600
Number of cells:                         9280
Number of combinational cells:           8293
Number of sequential cells:               973
Number of macros/black boxes:               0
Number of buf/inv:                       2110
Number of references:                      14

Combinational area:              21214.236740
Buf/Inv area:                     3272.898131
Noncombinational area:            7762.691128
Macro/Black Box area:                0.000000
Net Interconnect area:      undefined  (No wire load specified)

Total cell area:                 28976.927867
Total area:                 undefined

Hierarchical area distribution
------------------------------

                                  Global cell area            Local cell area
                                  -------------------  ----------------------------- 
Hierarchical cell                 Absolute    Percent  Combi-      Noncombi-  Black-
                                  Total       Total    national    national   boxes   Design
--------------------------------  ----------  -------  ----------  ---------  ------  --------------------------------------------------------------------------------------------
mc_top_Q_DEPTH8_SCHED_POLICY1_AGING_ENABLE0
                                  28976.9279    100.0   1394.7596     0.0000  0.0000  mc_top_Q_DEPTH8_SCHED_POLICY1_AGING_ENABLE0
banks_i                            1540.7119      5.3    830.6610   710.0509  0.0000  mc_bank_tracker_ROW_W8_SLOT_W3_T_RCD3_T_RP3_T_RAS6_T_CCD2_T_WR3
candidates_i                       6985.9996     24.1   6985.9996     0.0000  0.0000  mc_candidates_Q_DEPTH8_ROW_W8_COL_W6
frfcfs.scheduler_i                 1039.0302      3.6   1007.1178    31.9124  0.0000  mc_scheduler_frfcfs_Q_DEPTH8_ADDR_W16_AGE_LIMIT128_AGING_ENABLE0
response_i                         4745.0922     16.4   4713.1798    31.9124  0.0000  mc_response_Q_DEPTH8_ADDR_W16_DATA_W32_TAG_W8
table_i                           13271.3344     45.8   6008.4478  6988.8154  0.0000  mc_transaction_table_Q_DEPTH8_ADDR_W16_DATA_W32_TAG_W8_READ_LATENCY3_AGE_LIMIT128
table_i/add_68                       34.2589      0.1     34.2589     0.0000  0.0000  mc_transaction_table_Q_DEPTH8_ADDR_W16_DATA_W32_TAG_W8_READ_LATENCY3_AGE_LIMIT128_DW01_inc_7
table_i/add_68_I2                    34.2589      0.1     34.2589     0.0000  0.0000  mc_transaction_table_Q_DEPTH8_ADDR_W16_DATA_W32_TAG_W8_READ_LATENCY3_AGE_LIMIT128_DW01_inc_6
table_i/add_68_I3                    34.2589      0.1     34.2589     0.0000  0.0000  mc_transaction_table_Q_DEPTH8_ADDR_W16_DATA_W32_TAG_W8_READ_LATENCY3_AGE_LIMIT128_DW01_inc_5
table_i/add_68_I4                    34.2589      0.1     34.2589     0.0000  0.0000  mc_transaction_table_Q_DEPTH8_ADDR_W16_DATA_W32_TAG_W8_READ_LATENCY3_AGE_LIMIT128_DW01_inc_4
table_i/add_68_I5                    34.2589      0.1     34.2589     0.0000  0.0000  mc_transaction_table_Q_DEPTH8_ADDR_W16_DATA_W32_TAG_W8_READ_LATENCY3_AGE_LIMIT128_DW01_inc_3
table_i/add_68_I6                    34.2589      0.1     34.2589     0.0000  0.0000  mc_transaction_table_Q_DEPTH8_ADDR_W16_DATA_W32_TAG_W8_READ_LATENCY3_AGE_LIMIT128_DW01_inc_2
table_i/add_68_I7                    34.2589      0.1     34.2589     0.0000  0.0000  mc_transaction_table_Q_DEPTH8_ADDR_W16_DATA_W32_TAG_W8_READ_LATENCY3_AGE_LIMIT128_DW01_inc_1
table_i/add_68_I8                    34.2589      0.1     34.2589     0.0000  0.0000  mc_transaction_table_Q_DEPTH8_ADDR_W16_DATA_W32_TAG_W8_READ_LATENCY3_AGE_LIMIT128_DW01_inc_0
--------------------------------  ----------  -------  ----------  ---------  ------  --------------------------------------------------------------------------------------------
Total                                                  21214.2367  7762.6911  0.0000

1
