
****************************************
Report : qor
Design : mc_top_Q_DEPTH16_SCHED_POLICY1_AGING_ENABLE1
Version: R-2020.09-SP4
Date   : Wed Sep 30 17:37:46 2026
****************************************


  Timing Path Group 'core_clk'
  -----------------------------------
  Levels of Logic:              72.00
  Critical Path Length:          3.89
  Critical Path Slack:           0.01
  Critical Path Clk Period:      5.00
  Total Negative Slack:          0.00
  No. of Violating Paths:        0.00
  Worst Hold Violation:         -0.00
  Total Hold Violation:         -0.01
  No. of Hold Violations:       10.00
  -----------------------------------


  Cell Count
  -----------------------------------
  Hierarchical Cell Count:         21
  Hierarchical Port Count:       5293
  Leaf Cell Count:              21725
  Buf/Inv Cell Count:            4606
  Buf Cell Count:                 820
  Inv Cell Count:                3786
  CT Buf/Inv Cell Count:            0
  Combinational Cell Count:     19751
  Sequential Cell Count:         1974
  Macro Count:                      0
  -----------------------------------


  Area
  -----------------------------------
  Combinational Area:    50504.187617
  Noncombinational Area: 15748.769051
  Buf/Inv Area:           7256.316443
  Total Buffer Area:          1924.13
  Total Inverter Area:        5332.19
  Macro/Black Box Area:      0.000000
  Net Area:                  0.000000
  -----------------------------------
  Cell Area:             66252.956667
  Design Area:           66252.956667


  Design Rules
  -----------------------------------
  Total Number of Nets:         21916
  Nets With Violations:          4608
  Max Trans Violations:             0
  Max Cap Violations:            4608
  -----------------------------------


  Hostname: ecellvm-07.engr.ucsb.edu

  Compile CPU Statistics
  -----------------------------------------
  Resource Sharing:                   31.05
  Logic Optimization:                  6.73
  Mapping Optimization:               34.35
  -----------------------------------------
  Overall Compile Time:               75.13
  Overall Compile Wall Clock Time:    75.74

  --------------------------------------------------------------------

  Design  WNS: 0.00  TNS: 0.00  Number of Violating Paths: 0


  Design (Hold)  WNS: 0.00  TNS: 0.01  Number of Violating Paths: 10

  --------------------------------------------------------------------


1
