
****************************************
Report : qor
Design : mc_top_Q_DEPTH16_SCHED_POLICY1_AGING_ENABLE1
Version: R-2020.09-SP4
Date   : Wed Sep 30 17:39:24 2026
****************************************


  Timing Path Group 'core_clk'
  -----------------------------------
  Levels of Logic:              77.00
  Critical Path Length:          2.90
  Critical Path Slack:           0.00
  Critical Path Clk Period:      4.00
  Total Negative Slack:          0.00
  No. of Violating Paths:        0.00
  Worst Hold Violation:         -0.00
  Total Hold Violation:         -0.01
  No. of Hold Violations:        9.00
  -----------------------------------


  Cell Count
  -----------------------------------
  Hierarchical Cell Count:         21
  Hierarchical Port Count:       5293
  Leaf Cell Count:              22287
  Buf/Inv Cell Count:            5163
  Buf Cell Count:                 870
  Inv Cell Count:                4293
  CT Buf/Inv Cell Count:            0
  Combinational Cell Count:     20313
  Sequential Cell Count:         1974
  Macro Count:                      0
  -----------------------------------


  Area
  -----------------------------------
  Combinational Area:    51638.485711
  Noncombinational Area: 15748.769051
  Buf/Inv Area:           8276.105330
  Total Buffer Area:          2044.27
  Total Inverter Area:        6231.83
  Macro/Black Box Area:      0.000000
  Net Area:                  0.000000
  -----------------------------------
  Cell Area:             67387.254761
  Design Area:           67387.254761


  Design Rules
  -----------------------------------
  Total Number of Nets:         22478
  Nets With Violations:          4617
  Max Trans Violations:             0
  Max Cap Violations:            4617
  -----------------------------------


  Hostname: ecellvm-07.engr.ucsb.edu

  Compile CPU Statistics
  -----------------------------------------
  Resource Sharing:                   32.04
  Logic Optimization:                  6.74
  Mapping Optimization:               45.94
  -----------------------------------------
  Overall Compile Time:               87.76
  Overall Compile Wall Clock Time:    88.41

  --------------------------------------------------------------------

  Design  WNS: 0.00  TNS: 0.00  Number of Violating Paths: 0


  Design (Hold)  WNS: 0.00  TNS: 0.01  Number of Violating Paths: 9

  --------------------------------------------------------------------


1
