Information: Updating design information... (UID-85)
Warning: Design 'mc_top_Q_DEPTH16_SCHED_POLICY1_AGING_ENABLE1' contains 1 high-fanout nets. A fanout number of 1000 will be used for delay calculations involving these nets. (TIM-134)

****************************************
Report : timing
        -path full
        -delay max
        -max_paths 10
Design : mc_top_Q_DEPTH16_SCHED_POLICY1_AGING_ENABLE1
Version: R-2020.09-SP4
Date   : Sat Oct  3 14:57:16 2026
****************************************

 # A fanout number of 1000 was used for high fanout net computations.

Operating Conditions: typical   Library: gscl45nm
Wire Load Model Mode: top

  Startpoint: table_i/addresses_reg_77_
              (rising edge-triggered flip-flop clocked by core_clk)
  Endpoint: cmd_wdata[11]
            (output port clocked by core_clk)
  Path Group: core_clk
  Path Type: max

  Point                                                   Incr       Path
  --------------------------------------------------------------------------
  clock core_clk (rise edge)                          0.000000   0.000000
  clock network delay (ideal)                         0.000000   0.000000
  table_i/addresses_reg_77_/CLK (DFFPOSX1)            0.000000 # 0.000000 r
  table_i/addresses_reg_77_/Q (DFFPOSX1)              0.105501   0.105501 f
  table_i/U616/Y (INVX4)                              0.021286   0.126787 r
  table_i/U617/Y (INVX8)                              0.029875   0.156662 f
  table_i/addresses[77] (mc_transaction_table_Q_DEPTH16_ADDR_W16_DATA_W32_TAG_W8_READ_LATENCY3_AGE_LIMIT128)
                                                      0.000000   0.156662 f
  U2402/Y (XOR2X1)                                    0.028868   0.185530 f
  U5555/Y (NAND3X1)                                   0.039095   0.224624 r
  U3739/Y (OR2X2)                                     0.038868   0.263493 r
  U3740/Y (INVX1)                                     0.015733   0.279225 f
  U5556/Y (NAND3X1)                                   0.036929   0.316154 r
  U1425/Y (OR2X2)                                     0.049706   0.365860 r
  U1977/Y (INVX1)                                     0.018626   0.384485 f
  candidates_i/same_address[78] (mc_candidates_Q_DEPTH16_ROW_W8_COL_W6)
                                                      0.000000   0.384485 f
  candidates_i/U2561/Y (NAND3X1)                      0.037282   0.421768 r
  candidates_i/U1176/Y (NAND3X1)                      0.023613   0.445381 f
  candidates_i/U1304/Y (NOR3X1)                       0.030545   0.475926 r
  candidates_i/U13/Y (AND2X2)                         0.036258   0.512184 r
  candidates_i/U1618/Y (NAND2X1)                      0.016863   0.529047 f
  candidates_i/U3360/Y (NAND3X1)                      0.039678   0.568725 r
  candidates_i/U3363/Y (NOR3X1)                       0.029099   0.597824 f
  candidates_i/U3364/Y (NAND3X1)                      0.041940   0.639764 r
  candidates_i/U1518/Y (BUFX2)                        0.044122   0.683886 r
  candidates_i/U3376/Y (NAND2X1)                      0.015877   0.699762 f
  candidates_i/U3377/Y (NAND3X1)                      0.044715   0.744477 r
  candidates_i/U1550/Y (INVX2)                        0.054175   0.798652 f
  candidates_i/U3446/Y (AOI22X1)                      0.059439   0.858091 r
  candidates_i/U3449/Y (NAND3X1)                      0.022670   0.880760 f
  candidates_i/U3450/Y (NOR2X1)                       0.029292   0.910052 r
  candidates_i/U3451/Y (NAND2X1)                      0.019186   0.929238 f
  candidates_i/U3482/Y (NAND3X1)                      0.036923   0.966162 r
  candidates_i/U3483/Y (AOI21X1)                      0.021802   0.987964 f
  candidates_i/U1121/Y (AND2X2)                       0.040875   1.028839 f
  candidates_i/U1540/Y (NAND2X1)                      0.019301   1.048139 r
  candidates_i/U4448/Y (OR2X1)                        0.036931   1.085070 r
  candidates_i/U807/Y (INVX1)                         0.018773   1.103843 f
  candidates_i/U4146/Y (NAND3X1)                      0.035499   1.139341 r
  candidates_i/U1436/Y (INVX1)                        0.024429   1.163770 f
  candidates_i/U1209/Y (NAND2X1)                      0.010899   1.174669 r
  candidates_i/U1211/Y (AND2X2)                       0.034193   1.208862 r
  candidates_i/U4154/Y (NAND3X1)                      0.015133   1.223994 f
  candidates_i/candidate_mask[3] (mc_candidates_Q_DEPTH16_ROW_W8_COL_W6)
                                                      0.000000   1.223994 f
  frfcfs_scheduler_i/candidate_mask[3] (mc_scheduler_frfcfs_Q_DEPTH16_ADDR_W16_AGE_LIMIT128_AGING_ENABLE1)
                                                      0.000000   1.223994 f
  frfcfs_scheduler_i/U107/Y (AND2X2)                  0.037472   1.261466 f
  frfcfs_scheduler_i/U339/Y (AND2X2)                  0.033729   1.295195 f
  frfcfs_scheduler_i/U1652/Y (NAND2X1)                0.009166   1.304361 r
  frfcfs_scheduler_i/U1653/Y (NAND2X1)                0.019416   1.323777 f
  frfcfs_scheduler_i/U347/Y (INVX1)                   0.003243   1.327020 r
  frfcfs_scheduler_i/U349/Y (NAND2X1)                 0.013254   1.340274 f
  frfcfs_scheduler_i/U255/Y (OR2X2)                   0.040043   1.380317 f
  frfcfs_scheduler_i/U451/Y (NOR2X1)                  0.027463   1.407780 r
  frfcfs_scheduler_i/U1659/Y (NAND2X1)                0.015530   1.423311 f
  frfcfs_scheduler_i/U1660/Y (OAI21X1)                0.023255   1.446566 r
  frfcfs_scheduler_i/U524/Y (INVX2)                   0.026200   1.472766 f
  frfcfs_scheduler_i/U2059/Y (NAND3X1)                0.039669   1.512435 r
  frfcfs_scheduler_i/U2102/Y (NOR2X1)                 0.021252   1.533688 f
  frfcfs_scheduler_i/U2103/Y (NAND3X1)                0.038781   1.572468 r
  frfcfs_scheduler_i/U2104/Y (NOR2X1)                 0.025006   1.597474 f
  frfcfs_scheduler_i/U2105/Y (NAND3X1)                0.027646   1.625120 r
  frfcfs_scheduler_i/U2106/Y (OAI21X1)                0.029099   1.654219 f
  frfcfs_scheduler_i/select_mask[4] (mc_scheduler_frfcfs_Q_DEPTH16_ADDR_W16_AGE_LIMIT128_AGING_ENABLE1)
                                                      0.000000   1.654219 f
  U3620/Y (INVX4)                                     0.028190   1.682409 r
  U3622/Y (INVX8)                                     0.030688   1.713097 f
  U6684/Y (AOI22X1)                                   0.040336   1.753433 r
  U6686/Y (AND2X2)                                    0.035136   1.788568 r
  U6687/Y (NAND3X1)                                   0.014041   1.802609 f
  U6688/Y (OR2X2)                                     0.047337   1.849946 f
  cmd_wdata[11] (out)                                 0.000000   1.849946 f
  data arrival time                                              1.849946

  clock core_clk (rise edge)                          3.000000   3.000000
  clock network delay (ideal)                         0.000000   3.000000
  clock uncertainty                                   -0.150000  2.850000
  output external delay                               -1.000000  1.850000
  data required time                                             1.850000
  --------------------------------------------------------------------------
  data required time                                             1.850000
  data arrival time                                              -1.849946
  --------------------------------------------------------------------------
  slack (MET)                                                    0.000054


  Startpoint: table_i/addresses_reg_111_
              (rising edge-triggered flip-flop clocked by core_clk)
  Endpoint: cmd_bank[1]
            (output port clocked by core_clk)
  Path Group: core_clk
  Path Type: max

  Point                                                   Incr       Path
  --------------------------------------------------------------------------
  clock core_clk (rise edge)                          0.000000   0.000000
  clock network delay (ideal)                         0.000000   0.000000
  table_i/addresses_reg_111_/CLK (DFFPOSX1)           0.000000 # 0.000000 r
  table_i/addresses_reg_111_/Q (DFFPOSX1)             0.101875   0.101875 f
  table_i/U5172/Y (INVX1)                             0.013153   0.115028 r
  table_i/U614/Y (INVX4)                              0.034836   0.149864 f
  table_i/addresses[111] (mc_transaction_table_Q_DEPTH16_ADDR_W16_DATA_W32_TAG_W8_READ_LATENCY3_AGE_LIMIT128)
                                                      0.000000   0.149864 f
  U1854/Y (INVX1)                                     0.006803   0.156667 r
  U1855/Y (INVX1)                                     0.021801   0.178468 f
  U2003/Y (XOR2X1)                                    0.033572   0.212040 r
  U4150/Y (AND2X2)                                    0.032438   0.244478 r
  U4151/Y (INVX1)                                     0.017046   0.261524 f
  U5835/Y (NOR3X1)                                    0.051272   0.312796 r
  U5836/Y (NAND3X1)                                   0.021694   0.334490 f
  U2827/Y (INVX1)                                     0.002826   0.337316 r
  candidates_i/same_address[109] (mc_candidates_Q_DEPTH16_ROW_W8_COL_W6)
                                                      0.000000   0.337316 r
  candidates_i/U1476/Y (NAND2X1)                      0.012422   0.349738 f
  candidates_i/U2521/Y (AND2X2)                       0.040921   0.390658 f
  candidates_i/U2522/Y (NAND3X1)                      0.032552   0.423211 r
  candidates_i/U2525/Y (NOR3X1)                       0.027087   0.450298 f
  candidates_i/U2017/Y (AND2X2)                       0.039547   0.489846 f
  candidates_i/U61/Y (AND2X2)                         0.035168   0.525014 f
  candidates_i/U2614/Y (AOI22X1)                      0.034974   0.559988 r
  candidates_i/U2710/Y (AND2X2)                       0.035353   0.595342 r
  candidates_i/U2711/Y (NAND3X1)                      0.018666   0.614007 f
  candidates_i/U708/Y (OR2X2)                         0.059380   0.673387 f
  candidates_i/U3125/Y (AOI21X1)                      0.037447   0.710834 r
  candidates_i/U805/Y (AND2X2)                        0.037053   0.747887 r
  candidates_i/U416/Y (INVX4)                         0.025090   0.772977 f
  candidates_i/U724/Y (INVX4)                         0.023677   0.796654 r
  candidates_i/U3238/Y (AOI22X1)                      0.033615   0.830269 f
  candidates_i/U3243/Y (NAND3X1)                      0.044273   0.874541 r
  candidates_i/U3250/Y (OR2X2)                        0.044414   0.918956 r
  candidates_i/U2165/Y (AND2X2)                       0.032395   0.951351 r
  candidates_i/U1694/Y (AND2X2)                       0.033758   0.985108 r
  candidates_i/U3276/Y (NAND3X1)                      0.012881   0.997989 f
  candidates_i/U1679/Y (NOR2X1)                       0.030224   1.028213 r
  candidates_i/U1688/Y (NAND2X1)                      0.018485   1.046699 f
  candidates_i/U816/Y (NOR2X1)                        0.034032   1.080731 r
  candidates_i/U278/Y (INVX1)                         0.021421   1.102152 f
  candidates_i/U768/Y (OR2X2)                         0.038832   1.140983 f
  candidates_i/U4149/Y (NOR3X1)                       0.025965   1.166948 r
  candidates_i/U4150/Y (NAND3X1)                      0.021588   1.188537 f
  candidates_i/U4153/Y (NAND3X1)                      0.036351   1.224887 r
  candidates_i/candidate_mask[2] (mc_candidates_Q_DEPTH16_ROW_W8_COL_W6)
                                                      0.000000   1.224887 r
  frfcfs_scheduler_i/candidate_mask[2] (mc_scheduler_frfcfs_Q_DEPTH16_ADDR_W16_AGE_LIMIT128_AGING_ENABLE1)
                                                      0.000000   1.224887 r
  frfcfs_scheduler_i/U344/Y (AND2X2)                  0.035516   1.260403 r
  frfcfs_scheduler_i/U663/Y (INVX1)                   0.015470   1.275873 f
  frfcfs_scheduler_i/U1404/Y (NAND2X1)                0.012824   1.288697 r
  frfcfs_scheduler_i/U575/Y (NOR2X1)                  0.020779   1.309476 f
  frfcfs_scheduler_i/U1418/Y (NAND3X1)                0.045850   1.355326 r
  frfcfs_scheduler_i/U351/Y (INVX1)                   0.035415   1.390740 f
  frfcfs_scheduler_i/U1499/Y (NAND2X1)                0.015985   1.406725 r
  frfcfs_scheduler_i/U1504/Y (NOR2X1)                 0.018277   1.425002 f
  frfcfs_scheduler_i/U529/Y (NAND2X1)                 0.014386   1.439389 r
  frfcfs_scheduler_i/U526/Y (AND2X2)                  0.036428   1.475817 r
  frfcfs_scheduler_i/U2055/Y (NAND2X1)                0.013472   1.489288 f
  frfcfs_scheduler_i/U2102/Y (NOR2X1)                 0.032199   1.521487 r
  frfcfs_scheduler_i/U2103/Y (NAND3X1)                0.022594   1.544080 f
  frfcfs_scheduler_i/U2104/Y (NOR2X1)                 0.033793   1.577874 r
  frfcfs_scheduler_i/U2105/Y (NAND3X1)                0.014047   1.591921 f
  frfcfs_scheduler_i/U2106/Y (OAI21X1)                0.037521   1.629442 r
  frfcfs_scheduler_i/select_mask[4] (mc_scheduler_frfcfs_Q_DEPTH16_ADDR_W16_AGE_LIMIT128_AGING_ENABLE1)
                                                      0.000000   1.629442 r
  U3620/Y (INVX4)                                     0.030657   1.660100 f
  U3622/Y (INVX8)                                     0.035310   1.695410 r
  U6503/Y (AOI22X1)                                   0.031894   1.727304 f
  U6505/Y (AND2X2)                                    0.039750   1.767053 f
  U6506/Y (NAND3X1)                                   0.028740   1.795794 r
  U6507/Y (OR2X2)                                     0.054132   1.849925 r
  cmd_bank[1] (out)                                   0.000000   1.849925 r
  data arrival time                                              1.849925

  clock core_clk (rise edge)                          3.000000   3.000000
  clock network delay (ideal)                         0.000000   3.000000
  clock uncertainty                                   -0.150000  2.850000
  output external delay                               -1.000000  1.850000
  data required time                                             1.850000
  --------------------------------------------------------------------------
  data required time                                             1.850000
  data arrival time                                              -1.849925
  --------------------------------------------------------------------------
  slack (MET)                                                    0.000075


  Startpoint: table_i/addresses_reg_111_
              (rising edge-triggered flip-flop clocked by core_clk)
  Endpoint: cmd_row[7] (output port clocked by core_clk)
  Path Group: core_clk
  Path Type: max

  Point                                                   Incr       Path
  --------------------------------------------------------------------------
  clock core_clk (rise edge)                          0.000000   0.000000
  clock network delay (ideal)                         0.000000   0.000000
  table_i/addresses_reg_111_/CLK (DFFPOSX1)           0.000000 # 0.000000 r
  table_i/addresses_reg_111_/Q (DFFPOSX1)             0.101875   0.101875 f
  table_i/U5172/Y (INVX1)                             0.013153   0.115028 r
  table_i/U614/Y (INVX4)                              0.034836   0.149864 f
  table_i/addresses[111] (mc_transaction_table_Q_DEPTH16_ADDR_W16_DATA_W32_TAG_W8_READ_LATENCY3_AGE_LIMIT128)
                                                      0.000000   0.149864 f
  U1854/Y (INVX1)                                     0.006803   0.156667 r
  U1855/Y (INVX1)                                     0.021801   0.178468 f
  U2003/Y (XOR2X1)                                    0.033572   0.212040 r
  U4150/Y (AND2X2)                                    0.032438   0.244478 r
  U4151/Y (INVX1)                                     0.017046   0.261524 f
  U5835/Y (NOR3X1)                                    0.051272   0.312796 r
  U5836/Y (NAND3X1)                                   0.021694   0.334490 f
  U2827/Y (INVX1)                                     0.002826   0.337316 r
  candidates_i/same_address[109] (mc_candidates_Q_DEPTH16_ROW_W8_COL_W6)
                                                      0.000000   0.337316 r
  candidates_i/U1476/Y (NAND2X1)                      0.012422   0.349738 f
  candidates_i/U2521/Y (AND2X2)                       0.040921   0.390658 f
  candidates_i/U2522/Y (NAND3X1)                      0.032552   0.423211 r
  candidates_i/U2525/Y (NOR3X1)                       0.027087   0.450298 f
  candidates_i/U2017/Y (AND2X2)                       0.039547   0.489846 f
  candidates_i/U61/Y (AND2X2)                         0.035168   0.525014 f
  candidates_i/U2614/Y (AOI22X1)                      0.034974   0.559988 r
  candidates_i/U2710/Y (AND2X2)                       0.035353   0.595342 r
  candidates_i/U2711/Y (NAND3X1)                      0.018666   0.614007 f
  candidates_i/U708/Y (OR2X2)                         0.059380   0.673387 f
  candidates_i/U3125/Y (AOI21X1)                      0.037447   0.710834 r
  candidates_i/U805/Y (AND2X2)                        0.037053   0.747887 r
  candidates_i/U416/Y (INVX4)                         0.025090   0.772977 f
  candidates_i/U724/Y (INVX4)                         0.023677   0.796654 r
  candidates_i/U3238/Y (AOI22X1)                      0.033615   0.830269 f
  candidates_i/U3243/Y (NAND3X1)                      0.044273   0.874541 r
  candidates_i/U3250/Y (OR2X2)                        0.044414   0.918956 r
  candidates_i/U2165/Y (AND2X2)                       0.032395   0.951351 r
  candidates_i/U1694/Y (AND2X2)                       0.033758   0.985108 r
  candidates_i/U3276/Y (NAND3X1)                      0.012881   0.997989 f
  candidates_i/U1679/Y (NOR2X1)                       0.030224   1.028213 r
  candidates_i/U1688/Y (NAND2X1)                      0.018485   1.046699 f
  candidates_i/U816/Y (NOR2X1)                        0.034032   1.080731 r
  candidates_i/U278/Y (INVX1)                         0.021421   1.102152 f
  candidates_i/U768/Y (OR2X2)                         0.038832   1.140983 f
  candidates_i/U4149/Y (NOR3X1)                       0.025965   1.166948 r
  candidates_i/U4150/Y (NAND3X1)                      0.021588   1.188537 f
  candidates_i/U4153/Y (NAND3X1)                      0.036351   1.224887 r
  candidates_i/candidate_mask[2] (mc_candidates_Q_DEPTH16_ROW_W8_COL_W6)
                                                      0.000000   1.224887 r
  frfcfs_scheduler_i/candidate_mask[2] (mc_scheduler_frfcfs_Q_DEPTH16_ADDR_W16_AGE_LIMIT128_AGING_ENABLE1)
                                                      0.000000   1.224887 r
  frfcfs_scheduler_i/U344/Y (AND2X2)                  0.035516   1.260403 r
  frfcfs_scheduler_i/U663/Y (INVX1)                   0.015470   1.275873 f
  frfcfs_scheduler_i/U1404/Y (NAND2X1)                0.012824   1.288697 r
  frfcfs_scheduler_i/U575/Y (NOR2X1)                  0.020779   1.309476 f
  frfcfs_scheduler_i/U1418/Y (NAND3X1)                0.045850   1.355326 r
  frfcfs_scheduler_i/U351/Y (INVX1)                   0.035415   1.390740 f
  frfcfs_scheduler_i/U1499/Y (NAND2X1)                0.015985   1.406725 r
  frfcfs_scheduler_i/U1504/Y (NOR2X1)                 0.018277   1.425002 f
  frfcfs_scheduler_i/U529/Y (NAND2X1)                 0.014386   1.439389 r
  frfcfs_scheduler_i/U526/Y (AND2X2)                  0.036428   1.475817 r
  frfcfs_scheduler_i/U2055/Y (NAND2X1)                0.013472   1.489288 f
  frfcfs_scheduler_i/U2102/Y (NOR2X1)                 0.032199   1.521487 r
  frfcfs_scheduler_i/U2103/Y (NAND3X1)                0.022594   1.544080 f
  frfcfs_scheduler_i/U2104/Y (NOR2X1)                 0.033793   1.577874 r
  frfcfs_scheduler_i/U2105/Y (NAND3X1)                0.014047   1.591921 f
  frfcfs_scheduler_i/U2106/Y (OAI21X1)                0.037521   1.629442 r
  frfcfs_scheduler_i/select_mask[4] (mc_scheduler_frfcfs_Q_DEPTH16_ADDR_W16_AGE_LIMIT128_AGING_ENABLE1)
                                                      0.000000   1.629442 r
  U3620/Y (INVX4)                                     0.030657   1.660100 f
  U3622/Y (INVX8)                                     0.035310   1.695410 r
  U6479/Y (AOI22X1)                                   0.031894   1.727304 f
  U6481/Y (AND2X2)                                    0.039750   1.767053 f
  U6482/Y (NAND3X1)                                   0.028737   1.795790 r
  U6483/Y (OR2X2)                                     0.054132   1.849922 r
  cmd_row[7] (out)                                    0.000000   1.849922 r
  data arrival time                                              1.849922

  clock core_clk (rise edge)                          3.000000   3.000000
  clock network delay (ideal)                         0.000000   3.000000
  clock uncertainty                                   -0.150000  2.850000
  output external delay                               -1.000000  1.850000
  data required time                                             1.850000
  --------------------------------------------------------------------------
  data required time                                             1.850000
  data arrival time                                              -1.849922
  --------------------------------------------------------------------------
  slack (MET)                                                    0.000078


  Startpoint: table_i/addresses_reg_111_
              (rising edge-triggered flip-flop clocked by core_clk)
  Endpoint: cmd_row[2] (output port clocked by core_clk)
  Path Group: core_clk
  Path Type: max

  Point                                                   Incr       Path
  --------------------------------------------------------------------------
  clock core_clk (rise edge)                          0.000000   0.000000
  clock network delay (ideal)                         0.000000   0.000000
  table_i/addresses_reg_111_/CLK (DFFPOSX1)           0.000000 # 0.000000 r
  table_i/addresses_reg_111_/Q (DFFPOSX1)             0.101875   0.101875 f
  table_i/U5172/Y (INVX1)                             0.013153   0.115028 r
  table_i/U614/Y (INVX4)                              0.034836   0.149864 f
  table_i/addresses[111] (mc_transaction_table_Q_DEPTH16_ADDR_W16_DATA_W32_TAG_W8_READ_LATENCY3_AGE_LIMIT128)
                                                      0.000000   0.149864 f
  U1854/Y (INVX1)                                     0.006803   0.156667 r
  U1855/Y (INVX1)                                     0.021801   0.178468 f
  U2003/Y (XOR2X1)                                    0.033572   0.212040 r
  U4150/Y (AND2X2)                                    0.032438   0.244478 r
  U4151/Y (INVX1)                                     0.017046   0.261524 f
  U5835/Y (NOR3X1)                                    0.051272   0.312796 r
  U5836/Y (NAND3X1)                                   0.021694   0.334490 f
  U2827/Y (INVX1)                                     0.002826   0.337316 r
  candidates_i/same_address[109] (mc_candidates_Q_DEPTH16_ROW_W8_COL_W6)
                                                      0.000000   0.337316 r
  candidates_i/U1476/Y (NAND2X1)                      0.012422   0.349738 f
  candidates_i/U2521/Y (AND2X2)                       0.040921   0.390658 f
  candidates_i/U2522/Y (NAND3X1)                      0.032552   0.423211 r
  candidates_i/U2525/Y (NOR3X1)                       0.027087   0.450298 f
  candidates_i/U2017/Y (AND2X2)                       0.039547   0.489846 f
  candidates_i/U61/Y (AND2X2)                         0.035168   0.525014 f
  candidates_i/U2614/Y (AOI22X1)                      0.034974   0.559988 r
  candidates_i/U2710/Y (AND2X2)                       0.035353   0.595342 r
  candidates_i/U2711/Y (NAND3X1)                      0.018666   0.614007 f
  candidates_i/U708/Y (OR2X2)                         0.059380   0.673387 f
  candidates_i/U3125/Y (AOI21X1)                      0.037447   0.710834 r
  candidates_i/U805/Y (AND2X2)                        0.037053   0.747887 r
  candidates_i/U416/Y (INVX4)                         0.025090   0.772977 f
  candidates_i/U724/Y (INVX4)                         0.023677   0.796654 r
  candidates_i/U3238/Y (AOI22X1)                      0.033615   0.830269 f
  candidates_i/U3243/Y (NAND3X1)                      0.044273   0.874541 r
  candidates_i/U3250/Y (OR2X2)                        0.044414   0.918956 r
  candidates_i/U2165/Y (AND2X2)                       0.032395   0.951351 r
  candidates_i/U1694/Y (AND2X2)                       0.033758   0.985108 r
  candidates_i/U3276/Y (NAND3X1)                      0.012881   0.997989 f
  candidates_i/U1679/Y (NOR2X1)                       0.030224   1.028213 r
  candidates_i/U1688/Y (NAND2X1)                      0.018485   1.046699 f
  candidates_i/U816/Y (NOR2X1)                        0.034032   1.080731 r
  candidates_i/U278/Y (INVX1)                         0.021421   1.102152 f
  candidates_i/U768/Y (OR2X2)                         0.038832   1.140983 f
  candidates_i/U4149/Y (NOR3X1)                       0.025965   1.166948 r
  candidates_i/U4150/Y (NAND3X1)                      0.021588   1.188537 f
  candidates_i/U4153/Y (NAND3X1)                      0.036351   1.224887 r
  candidates_i/candidate_mask[2] (mc_candidates_Q_DEPTH16_ROW_W8_COL_W6)
                                                      0.000000   1.224887 r
  frfcfs_scheduler_i/candidate_mask[2] (mc_scheduler_frfcfs_Q_DEPTH16_ADDR_W16_AGE_LIMIT128_AGING_ENABLE1)
                                                      0.000000   1.224887 r
  frfcfs_scheduler_i/U344/Y (AND2X2)                  0.035516   1.260403 r
  frfcfs_scheduler_i/U663/Y (INVX1)                   0.015470   1.275873 f
  frfcfs_scheduler_i/U1404/Y (NAND2X1)                0.012824   1.288697 r
  frfcfs_scheduler_i/U575/Y (NOR2X1)                  0.020779   1.309476 f
  frfcfs_scheduler_i/U1418/Y (NAND3X1)                0.045850   1.355326 r
  frfcfs_scheduler_i/U351/Y (INVX1)                   0.035415   1.390740 f
  frfcfs_scheduler_i/U1499/Y (NAND2X1)                0.015985   1.406725 r
  frfcfs_scheduler_i/U1504/Y (NOR2X1)                 0.018277   1.425002 f
  frfcfs_scheduler_i/U529/Y (NAND2X1)                 0.014386   1.439389 r
  frfcfs_scheduler_i/U526/Y (AND2X2)                  0.036428   1.475817 r
  frfcfs_scheduler_i/U2055/Y (NAND2X1)                0.013472   1.489288 f
  frfcfs_scheduler_i/U2102/Y (NOR2X1)                 0.032199   1.521487 r
  frfcfs_scheduler_i/U2103/Y (NAND3X1)                0.022594   1.544080 f
  frfcfs_scheduler_i/U2104/Y (NOR2X1)                 0.033793   1.577874 r
  frfcfs_scheduler_i/U2105/Y (NAND3X1)                0.014047   1.591921 f
  frfcfs_scheduler_i/U2106/Y (OAI21X1)                0.037521   1.629442 r
  frfcfs_scheduler_i/select_mask[4] (mc_scheduler_frfcfs_Q_DEPTH16_ADDR_W16_AGE_LIMIT128_AGING_ENABLE1)
                                                      0.000000   1.629442 r
  U3620/Y (INVX4)                                     0.030657   1.660100 f
  U3622/Y (INVX8)                                     0.035310   1.695410 r
  U6414/Y (AOI22X1)                                   0.031894   1.727304 f
  U6416/Y (AND2X2)                                    0.039750   1.767053 f
  U6417/Y (NAND3X1)                                   0.028737   1.795790 r
  U6418/Y (OR2X2)                                     0.054132   1.849922 r
  cmd_row[2] (out)                                    0.000000   1.849922 r
  data arrival time                                              1.849922

  clock core_clk (rise edge)                          3.000000   3.000000
  clock network delay (ideal)                         0.000000   3.000000
  clock uncertainty                                   -0.150000  2.850000
  output external delay                               -1.000000  1.850000
  data required time                                             1.850000
  --------------------------------------------------------------------------
  data required time                                             1.850000
  data arrival time                                              -1.849922
  --------------------------------------------------------------------------
  slack (MET)                                                    0.000078


  Startpoint: table_i/addresses_reg_111_
              (rising edge-triggered flip-flop clocked by core_clk)
  Endpoint: cmd_row[4] (output port clocked by core_clk)
  Path Group: core_clk
  Path Type: max

  Point                                                   Incr       Path
  --------------------------------------------------------------------------
  clock core_clk (rise edge)                          0.000000   0.000000
  clock network delay (ideal)                         0.000000   0.000000
  table_i/addresses_reg_111_/CLK (DFFPOSX1)           0.000000 # 0.000000 r
  table_i/addresses_reg_111_/Q (DFFPOSX1)             0.101875   0.101875 f
  table_i/U5172/Y (INVX1)                             0.013153   0.115028 r
  table_i/U614/Y (INVX4)                              0.034836   0.149864 f
  table_i/addresses[111] (mc_transaction_table_Q_DEPTH16_ADDR_W16_DATA_W32_TAG_W8_READ_LATENCY3_AGE_LIMIT128)
                                                      0.000000   0.149864 f
  U1854/Y (INVX1)                                     0.006803   0.156667 r
  U1855/Y (INVX1)                                     0.021801   0.178468 f
  U2003/Y (XOR2X1)                                    0.033572   0.212040 r
  U4150/Y (AND2X2)                                    0.032438   0.244478 r
  U4151/Y (INVX1)                                     0.017046   0.261524 f
  U5835/Y (NOR3X1)                                    0.051272   0.312796 r
  U5836/Y (NAND3X1)                                   0.021694   0.334490 f
  U2827/Y (INVX1)                                     0.002826   0.337316 r
  candidates_i/same_address[109] (mc_candidates_Q_DEPTH16_ROW_W8_COL_W6)
                                                      0.000000   0.337316 r
  candidates_i/U1476/Y (NAND2X1)                      0.012422   0.349738 f
  candidates_i/U2521/Y (AND2X2)                       0.040921   0.390658 f
  candidates_i/U2522/Y (NAND3X1)                      0.032552   0.423211 r
  candidates_i/U2525/Y (NOR3X1)                       0.027087   0.450298 f
  candidates_i/U2017/Y (AND2X2)                       0.039547   0.489846 f
  candidates_i/U61/Y (AND2X2)                         0.035168   0.525014 f
  candidates_i/U2614/Y (AOI22X1)                      0.034974   0.559988 r
  candidates_i/U2710/Y (AND2X2)                       0.035353   0.595342 r
  candidates_i/U2711/Y (NAND3X1)                      0.018666   0.614007 f
  candidates_i/U708/Y (OR2X2)                         0.059380   0.673387 f
  candidates_i/U3125/Y (AOI21X1)                      0.037447   0.710834 r
  candidates_i/U805/Y (AND2X2)                        0.037053   0.747887 r
  candidates_i/U416/Y (INVX4)                         0.025090   0.772977 f
  candidates_i/U724/Y (INVX4)                         0.023677   0.796654 r
  candidates_i/U3238/Y (AOI22X1)                      0.033615   0.830269 f
  candidates_i/U3243/Y (NAND3X1)                      0.044273   0.874541 r
  candidates_i/U3250/Y (OR2X2)                        0.044414   0.918956 r
  candidates_i/U2165/Y (AND2X2)                       0.032395   0.951351 r
  candidates_i/U1694/Y (AND2X2)                       0.033758   0.985108 r
  candidates_i/U3276/Y (NAND3X1)                      0.012881   0.997989 f
  candidates_i/U1679/Y (NOR2X1)                       0.030224   1.028213 r
  candidates_i/U1688/Y (NAND2X1)                      0.018485   1.046699 f
  candidates_i/U816/Y (NOR2X1)                        0.034032   1.080731 r
  candidates_i/U278/Y (INVX1)                         0.021421   1.102152 f
  candidates_i/U768/Y (OR2X2)                         0.038832   1.140983 f
  candidates_i/U4149/Y (NOR3X1)                       0.025965   1.166948 r
  candidates_i/U4150/Y (NAND3X1)                      0.021588   1.188537 f
  candidates_i/U4153/Y (NAND3X1)                      0.036351   1.224887 r
  candidates_i/candidate_mask[2] (mc_candidates_Q_DEPTH16_ROW_W8_COL_W6)
                                                      0.000000   1.224887 r
  frfcfs_scheduler_i/candidate_mask[2] (mc_scheduler_frfcfs_Q_DEPTH16_ADDR_W16_AGE_LIMIT128_AGING_ENABLE1)
                                                      0.000000   1.224887 r
  frfcfs_scheduler_i/U344/Y (AND2X2)                  0.035516   1.260403 r
  frfcfs_scheduler_i/U663/Y (INVX1)                   0.015470   1.275873 f
  frfcfs_scheduler_i/U1404/Y (NAND2X1)                0.012824   1.288697 r
  frfcfs_scheduler_i/U575/Y (NOR2X1)                  0.020779   1.309476 f
  frfcfs_scheduler_i/U1418/Y (NAND3X1)                0.045850   1.355326 r
  frfcfs_scheduler_i/U351/Y (INVX1)                   0.035415   1.390740 f
  frfcfs_scheduler_i/U1499/Y (NAND2X1)                0.015985   1.406725 r
  frfcfs_scheduler_i/U1504/Y (NOR2X1)                 0.018277   1.425002 f
  frfcfs_scheduler_i/U529/Y (NAND2X1)                 0.014386   1.439389 r
  frfcfs_scheduler_i/U526/Y (AND2X2)                  0.036428   1.475817 r
  frfcfs_scheduler_i/U2055/Y (NAND2X1)                0.013472   1.489288 f
  frfcfs_scheduler_i/U2102/Y (NOR2X1)                 0.032199   1.521487 r
  frfcfs_scheduler_i/U2103/Y (NAND3X1)                0.022594   1.544080 f
  frfcfs_scheduler_i/U2104/Y (NOR2X1)                 0.033793   1.577874 r
  frfcfs_scheduler_i/U2105/Y (NAND3X1)                0.014047   1.591921 f
  frfcfs_scheduler_i/U2106/Y (OAI21X1)                0.037521   1.629442 r
  frfcfs_scheduler_i/select_mask[4] (mc_scheduler_frfcfs_Q_DEPTH16_ADDR_W16_AGE_LIMIT128_AGING_ENABLE1)
                                                      0.000000   1.629442 r
  U3620/Y (INVX4)                                     0.030657   1.660100 f
  U3622/Y (INVX8)                                     0.035310   1.695410 r
  U6440/Y (AOI22X1)                                   0.031894   1.727304 f
  U6442/Y (AND2X2)                                    0.039750   1.767053 f
  U6443/Y (NAND3X1)                                   0.028737   1.795790 r
  U6444/Y (OR2X2)                                     0.054131   1.849922 r
  cmd_row[4] (out)                                    0.000000   1.849922 r
  data arrival time                                              1.849922

  clock core_clk (rise edge)                          3.000000   3.000000
  clock network delay (ideal)                         0.000000   3.000000
  clock uncertainty                                   -0.150000  2.850000
  output external delay                               -1.000000  1.850000
  data required time                                             1.850000
  --------------------------------------------------------------------------
  data required time                                             1.850000
  data arrival time                                              -1.849922
  --------------------------------------------------------------------------
  slack (MET)                                                    0.000078


  Startpoint: table_i/addresses_reg_111_
              (rising edge-triggered flip-flop clocked by core_clk)
  Endpoint: cmd_row[3] (output port clocked by core_clk)
  Path Group: core_clk
  Path Type: max

  Point                                                   Incr       Path
  --------------------------------------------------------------------------
  clock core_clk (rise edge)                          0.000000   0.000000
  clock network delay (ideal)                         0.000000   0.000000
  table_i/addresses_reg_111_/CLK (DFFPOSX1)           0.000000 # 0.000000 r
  table_i/addresses_reg_111_/Q (DFFPOSX1)             0.101875   0.101875 f
  table_i/U5172/Y (INVX1)                             0.013153   0.115028 r
  table_i/U614/Y (INVX4)                              0.034836   0.149864 f
  table_i/addresses[111] (mc_transaction_table_Q_DEPTH16_ADDR_W16_DATA_W32_TAG_W8_READ_LATENCY3_AGE_LIMIT128)
                                                      0.000000   0.149864 f
  U1854/Y (INVX1)                                     0.006803   0.156667 r
  U1855/Y (INVX1)                                     0.021801   0.178468 f
  U2003/Y (XOR2X1)                                    0.033572   0.212040 r
  U4150/Y (AND2X2)                                    0.032438   0.244478 r
  U4151/Y (INVX1)                                     0.017046   0.261524 f
  U5835/Y (NOR3X1)                                    0.051272   0.312796 r
  U5836/Y (NAND3X1)                                   0.021694   0.334490 f
  U2827/Y (INVX1)                                     0.002826   0.337316 r
  candidates_i/same_address[109] (mc_candidates_Q_DEPTH16_ROW_W8_COL_W6)
                                                      0.000000   0.337316 r
  candidates_i/U1476/Y (NAND2X1)                      0.012422   0.349738 f
  candidates_i/U2521/Y (AND2X2)                       0.040921   0.390658 f
  candidates_i/U2522/Y (NAND3X1)                      0.032552   0.423211 r
  candidates_i/U2525/Y (NOR3X1)                       0.027087   0.450298 f
  candidates_i/U2017/Y (AND2X2)                       0.039547   0.489846 f
  candidates_i/U61/Y (AND2X2)                         0.035168   0.525014 f
  candidates_i/U2614/Y (AOI22X1)                      0.034974   0.559988 r
  candidates_i/U2710/Y (AND2X2)                       0.035353   0.595342 r
  candidates_i/U2711/Y (NAND3X1)                      0.018666   0.614007 f
  candidates_i/U708/Y (OR2X2)                         0.059380   0.673387 f
  candidates_i/U3125/Y (AOI21X1)                      0.037447   0.710834 r
  candidates_i/U805/Y (AND2X2)                        0.037053   0.747887 r
  candidates_i/U416/Y (INVX4)                         0.025090   0.772977 f
  candidates_i/U724/Y (INVX4)                         0.023677   0.796654 r
  candidates_i/U3238/Y (AOI22X1)                      0.033615   0.830269 f
  candidates_i/U3243/Y (NAND3X1)                      0.044273   0.874541 r
  candidates_i/U3250/Y (OR2X2)                        0.044414   0.918956 r
  candidates_i/U2165/Y (AND2X2)                       0.032395   0.951351 r
  candidates_i/U1694/Y (AND2X2)                       0.033758   0.985108 r
  candidates_i/U3276/Y (NAND3X1)                      0.012881   0.997989 f
  candidates_i/U1679/Y (NOR2X1)                       0.030224   1.028213 r
  candidates_i/U1688/Y (NAND2X1)                      0.018485   1.046699 f
  candidates_i/U816/Y (NOR2X1)                        0.034032   1.080731 r
  candidates_i/U278/Y (INVX1)                         0.021421   1.102152 f
  candidates_i/U768/Y (OR2X2)                         0.038832   1.140983 f
  candidates_i/U4149/Y (NOR3X1)                       0.025965   1.166948 r
  candidates_i/U4150/Y (NAND3X1)                      0.021588   1.188537 f
  candidates_i/U4153/Y (NAND3X1)                      0.036351   1.224887 r
  candidates_i/candidate_mask[2] (mc_candidates_Q_DEPTH16_ROW_W8_COL_W6)
                                                      0.000000   1.224887 r
  frfcfs_scheduler_i/candidate_mask[2] (mc_scheduler_frfcfs_Q_DEPTH16_ADDR_W16_AGE_LIMIT128_AGING_ENABLE1)
                                                      0.000000   1.224887 r
  frfcfs_scheduler_i/U344/Y (AND2X2)                  0.035516   1.260403 r
  frfcfs_scheduler_i/U663/Y (INVX1)                   0.015470   1.275873 f
  frfcfs_scheduler_i/U1404/Y (NAND2X1)                0.012824   1.288697 r
  frfcfs_scheduler_i/U575/Y (NOR2X1)                  0.020779   1.309476 f
  frfcfs_scheduler_i/U1418/Y (NAND3X1)                0.045850   1.355326 r
  frfcfs_scheduler_i/U351/Y (INVX1)                   0.035415   1.390740 f
  frfcfs_scheduler_i/U1499/Y (NAND2X1)                0.015985   1.406725 r
  frfcfs_scheduler_i/U1504/Y (NOR2X1)                 0.018277   1.425002 f
  frfcfs_scheduler_i/U529/Y (NAND2X1)                 0.014386   1.439389 r
  frfcfs_scheduler_i/U526/Y (AND2X2)                  0.036428   1.475817 r
  frfcfs_scheduler_i/U2055/Y (NAND2X1)                0.013472   1.489288 f
  frfcfs_scheduler_i/U2102/Y (NOR2X1)                 0.032199   1.521487 r
  frfcfs_scheduler_i/U2103/Y (NAND3X1)                0.022594   1.544080 f
  frfcfs_scheduler_i/U2104/Y (NOR2X1)                 0.033793   1.577874 r
  frfcfs_scheduler_i/U2105/Y (NAND3X1)                0.014047   1.591921 f
  frfcfs_scheduler_i/U2106/Y (OAI21X1)                0.037521   1.629442 r
  frfcfs_scheduler_i/select_mask[4] (mc_scheduler_frfcfs_Q_DEPTH16_ADDR_W16_AGE_LIMIT128_AGING_ENABLE1)
                                                      0.000000   1.629442 r
  U3620/Y (INVX4)                                     0.030657   1.660100 f
  U3622/Y (INVX8)                                     0.035310   1.695410 r
  U6427/Y (AOI22X1)                                   0.031894   1.727304 f
  U6429/Y (AND2X2)                                    0.039750   1.767053 f
  U6430/Y (NAND3X1)                                   0.028737   1.795790 r
  U6431/Y (OR2X2)                                     0.054131   1.849922 r
  cmd_row[3] (out)                                    0.000000   1.849922 r
  data arrival time                                              1.849922

  clock core_clk (rise edge)                          3.000000   3.000000
  clock network delay (ideal)                         0.000000   3.000000
  clock uncertainty                                   -0.150000  2.850000
  output external delay                               -1.000000  1.850000
  data required time                                             1.850000
  --------------------------------------------------------------------------
  data required time                                             1.850000
  data arrival time                                              -1.849922
  --------------------------------------------------------------------------
  slack (MET)                                                    0.000078


  Startpoint: table_i/addresses_reg_111_
              (rising edge-triggered flip-flop clocked by core_clk)
  Endpoint: cmd_row[6] (output port clocked by core_clk)
  Path Group: core_clk
  Path Type: max

  Point                                                   Incr       Path
  --------------------------------------------------------------------------
  clock core_clk (rise edge)                          0.000000   0.000000
  clock network delay (ideal)                         0.000000   0.000000
  table_i/addresses_reg_111_/CLK (DFFPOSX1)           0.000000 # 0.000000 r
  table_i/addresses_reg_111_/Q (DFFPOSX1)             0.101875   0.101875 f
  table_i/U5172/Y (INVX1)                             0.013153   0.115028 r
  table_i/U614/Y (INVX4)                              0.034836   0.149864 f
  table_i/addresses[111] (mc_transaction_table_Q_DEPTH16_ADDR_W16_DATA_W32_TAG_W8_READ_LATENCY3_AGE_LIMIT128)
                                                      0.000000   0.149864 f
  U1854/Y (INVX1)                                     0.006803   0.156667 r
  U1855/Y (INVX1)                                     0.021801   0.178468 f
  U2003/Y (XOR2X1)                                    0.033572   0.212040 r
  U4150/Y (AND2X2)                                    0.032438   0.244478 r
  U4151/Y (INVX1)                                     0.017046   0.261524 f
  U5835/Y (NOR3X1)                                    0.051272   0.312796 r
  U5836/Y (NAND3X1)                                   0.021694   0.334490 f
  U2827/Y (INVX1)                                     0.002826   0.337316 r
  candidates_i/same_address[109] (mc_candidates_Q_DEPTH16_ROW_W8_COL_W6)
                                                      0.000000   0.337316 r
  candidates_i/U1476/Y (NAND2X1)                      0.012422   0.349738 f
  candidates_i/U2521/Y (AND2X2)                       0.040921   0.390658 f
  candidates_i/U2522/Y (NAND3X1)                      0.032552   0.423211 r
  candidates_i/U2525/Y (NOR3X1)                       0.027087   0.450298 f
  candidates_i/U2017/Y (AND2X2)                       0.039547   0.489846 f
  candidates_i/U61/Y (AND2X2)                         0.035168   0.525014 f
  candidates_i/U2614/Y (AOI22X1)                      0.034974   0.559988 r
  candidates_i/U2710/Y (AND2X2)                       0.035353   0.595342 r
  candidates_i/U2711/Y (NAND3X1)                      0.018666   0.614007 f
  candidates_i/U708/Y (OR2X2)                         0.059380   0.673387 f
  candidates_i/U3125/Y (AOI21X1)                      0.037447   0.710834 r
  candidates_i/U805/Y (AND2X2)                        0.037053   0.747887 r
  candidates_i/U416/Y (INVX4)                         0.025090   0.772977 f
  candidates_i/U724/Y (INVX4)                         0.023677   0.796654 r
  candidates_i/U3238/Y (AOI22X1)                      0.033615   0.830269 f
  candidates_i/U3243/Y (NAND3X1)                      0.044273   0.874541 r
  candidates_i/U3250/Y (OR2X2)                        0.044414   0.918956 r
  candidates_i/U2165/Y (AND2X2)                       0.032395   0.951351 r
  candidates_i/U1694/Y (AND2X2)                       0.033758   0.985108 r
  candidates_i/U3276/Y (NAND3X1)                      0.012881   0.997989 f
  candidates_i/U1679/Y (NOR2X1)                       0.030224   1.028213 r
  candidates_i/U1688/Y (NAND2X1)                      0.018485   1.046699 f
  candidates_i/U816/Y (NOR2X1)                        0.034032   1.080731 r
  candidates_i/U278/Y (INVX1)                         0.021421   1.102152 f
  candidates_i/U768/Y (OR2X2)                         0.038832   1.140983 f
  candidates_i/U4149/Y (NOR3X1)                       0.025965   1.166948 r
  candidates_i/U4150/Y (NAND3X1)                      0.021588   1.188537 f
  candidates_i/U4153/Y (NAND3X1)                      0.036351   1.224887 r
  candidates_i/candidate_mask[2] (mc_candidates_Q_DEPTH16_ROW_W8_COL_W6)
                                                      0.000000   1.224887 r
  frfcfs_scheduler_i/candidate_mask[2] (mc_scheduler_frfcfs_Q_DEPTH16_ADDR_W16_AGE_LIMIT128_AGING_ENABLE1)
                                                      0.000000   1.224887 r
  frfcfs_scheduler_i/U344/Y (AND2X2)                  0.035516   1.260403 r
  frfcfs_scheduler_i/U663/Y (INVX1)                   0.015470   1.275873 f
  frfcfs_scheduler_i/U1404/Y (NAND2X1)                0.012824   1.288697 r
  frfcfs_scheduler_i/U575/Y (NOR2X1)                  0.020779   1.309476 f
  frfcfs_scheduler_i/U1418/Y (NAND3X1)                0.045850   1.355326 r
  frfcfs_scheduler_i/U351/Y (INVX1)                   0.035415   1.390740 f
  frfcfs_scheduler_i/U1499/Y (NAND2X1)                0.015985   1.406725 r
  frfcfs_scheduler_i/U1504/Y (NOR2X1)                 0.018277   1.425002 f
  frfcfs_scheduler_i/U529/Y (NAND2X1)                 0.014386   1.439389 r
  frfcfs_scheduler_i/U526/Y (AND2X2)                  0.036428   1.475817 r
  frfcfs_scheduler_i/U2055/Y (NAND2X1)                0.013472   1.489288 f
  frfcfs_scheduler_i/U2102/Y (NOR2X1)                 0.032199   1.521487 r
  frfcfs_scheduler_i/U2103/Y (NAND3X1)                0.022594   1.544080 f
  frfcfs_scheduler_i/U2104/Y (NOR2X1)                 0.033793   1.577874 r
  frfcfs_scheduler_i/U2105/Y (NAND3X1)                0.014047   1.591921 f
  frfcfs_scheduler_i/U2106/Y (OAI21X1)                0.037521   1.629442 r
  frfcfs_scheduler_i/select_mask[4] (mc_scheduler_frfcfs_Q_DEPTH16_ADDR_W16_AGE_LIMIT128_AGING_ENABLE1)
                                                      0.000000   1.629442 r
  U3620/Y (INVX4)                                     0.030657   1.660100 f
  U2932/Y (INVX4)                                     0.035273   1.695373 r
  U6466/Y (AOI22X1)                                   0.031879   1.727252 f
  U6468/Y (AND2X2)                                    0.039750   1.767002 f
  U6469/Y (NAND3X1)                                   0.028737   1.795739 r
  U6470/Y (OR2X2)                                     0.054150   1.849889 r
  cmd_row[6] (out)                                    0.000000   1.849889 r
  data arrival time                                              1.849889

  clock core_clk (rise edge)                          3.000000   3.000000
  clock network delay (ideal)                         0.000000   3.000000
  clock uncertainty                                   -0.150000  2.850000
  output external delay                               -1.000000  1.850000
  data required time                                             1.850000
  --------------------------------------------------------------------------
  data required time                                             1.850000
  data arrival time                                              -1.849889
  --------------------------------------------------------------------------
  slack (MET)                                                    0.000111


  Startpoint: table_i/addresses_reg_77_
              (rising edge-triggered flip-flop clocked by core_clk)
  Endpoint: cmd_wdata[28]
            (output port clocked by core_clk)
  Path Group: core_clk
  Path Type: max

  Point                                                   Incr       Path
  --------------------------------------------------------------------------
  clock core_clk (rise edge)                          0.000000   0.000000
  clock network delay (ideal)                         0.000000   0.000000
  table_i/addresses_reg_77_/CLK (DFFPOSX1)            0.000000 # 0.000000 r
  table_i/addresses_reg_77_/Q (DFFPOSX1)              0.105501   0.105501 f
  table_i/U616/Y (INVX4)                              0.021286   0.126787 r
  table_i/U617/Y (INVX8)                              0.029875   0.156662 f
  table_i/addresses[77] (mc_transaction_table_Q_DEPTH16_ADDR_W16_DATA_W32_TAG_W8_READ_LATENCY3_AGE_LIMIT128)
                                                      0.000000   0.156662 f
  U2402/Y (XOR2X1)                                    0.028868   0.185530 f
  U5555/Y (NAND3X1)                                   0.039095   0.224624 r
  U3739/Y (OR2X2)                                     0.038868   0.263493 r
  U3740/Y (INVX1)                                     0.015733   0.279225 f
  U5556/Y (NAND3X1)                                   0.036929   0.316154 r
  U1425/Y (OR2X2)                                     0.049706   0.365860 r
  U1977/Y (INVX1)                                     0.018626   0.384485 f
  candidates_i/same_address[78] (mc_candidates_Q_DEPTH16_ROW_W8_COL_W6)
                                                      0.000000   0.384485 f
  candidates_i/U2561/Y (NAND3X1)                      0.037282   0.421768 r
  candidates_i/U1176/Y (NAND3X1)                      0.023613   0.445381 f
  candidates_i/U1304/Y (NOR3X1)                       0.030545   0.475926 r
  candidates_i/U13/Y (AND2X2)                         0.036258   0.512184 r
  candidates_i/U1618/Y (NAND2X1)                      0.016863   0.529047 f
  candidates_i/U3360/Y (NAND3X1)                      0.039678   0.568725 r
  candidates_i/U3363/Y (NOR3X1)                       0.029099   0.597824 f
  candidates_i/U3364/Y (NAND3X1)                      0.041940   0.639764 r
  candidates_i/U1518/Y (BUFX2)                        0.044122   0.683886 r
  candidates_i/U3376/Y (NAND2X1)                      0.015877   0.699762 f
  candidates_i/U3377/Y (NAND3X1)                      0.044715   0.744477 r
  candidates_i/U1550/Y (INVX2)                        0.054175   0.798652 f
  candidates_i/U3446/Y (AOI22X1)                      0.059439   0.858091 r
  candidates_i/U3449/Y (NAND3X1)                      0.022670   0.880760 f
  candidates_i/U3450/Y (NOR2X1)                       0.029292   0.910052 r
  candidates_i/U3451/Y (NAND2X1)                      0.019186   0.929238 f
  candidates_i/U3482/Y (NAND3X1)                      0.036923   0.966162 r
  candidates_i/U3483/Y (AOI21X1)                      0.021802   0.987964 f
  candidates_i/U1121/Y (AND2X2)                       0.040875   1.028839 f
  candidates_i/U1540/Y (NAND2X1)                      0.019301   1.048139 r
  candidates_i/U4448/Y (OR2X1)                        0.036931   1.085070 r
  candidates_i/U807/Y (INVX1)                         0.018773   1.103843 f
  candidates_i/U4146/Y (NAND3X1)                      0.035499   1.139341 r
  candidates_i/U1436/Y (INVX1)                        0.024429   1.163770 f
  candidates_i/U1209/Y (NAND2X1)                      0.010899   1.174669 r
  candidates_i/U1211/Y (AND2X2)                       0.034193   1.208862 r
  candidates_i/U4154/Y (NAND3X1)                      0.015133   1.223994 f
  candidates_i/candidate_mask[3] (mc_candidates_Q_DEPTH16_ROW_W8_COL_W6)
                                                      0.000000   1.223994 f
  frfcfs_scheduler_i/candidate_mask[3] (mc_scheduler_frfcfs_Q_DEPTH16_ADDR_W16_AGE_LIMIT128_AGING_ENABLE1)
                                                      0.000000   1.223994 f
  frfcfs_scheduler_i/U107/Y (AND2X2)                  0.037472   1.261466 f
  frfcfs_scheduler_i/U339/Y (AND2X2)                  0.033729   1.295195 f
  frfcfs_scheduler_i/U1652/Y (NAND2X1)                0.009166   1.304361 r
  frfcfs_scheduler_i/U1653/Y (NAND2X1)                0.019416   1.323777 f
  frfcfs_scheduler_i/U347/Y (INVX1)                   0.003243   1.327020 r
  frfcfs_scheduler_i/U349/Y (NAND2X1)                 0.013254   1.340274 f
  frfcfs_scheduler_i/U255/Y (OR2X2)                   0.040043   1.380317 f
  frfcfs_scheduler_i/U451/Y (NOR2X1)                  0.027463   1.407780 r
  frfcfs_scheduler_i/U1659/Y (NAND2X1)                0.015530   1.423311 f
  frfcfs_scheduler_i/U1660/Y (OAI21X1)                0.023255   1.446566 r
  frfcfs_scheduler_i/U524/Y (INVX2)                   0.026200   1.472766 f
  frfcfs_scheduler_i/U2059/Y (NAND3X1)                0.039669   1.512435 r
  frfcfs_scheduler_i/U2102/Y (NOR2X1)                 0.021252   1.533688 f
  frfcfs_scheduler_i/U2103/Y (NAND3X1)                0.038781   1.572468 r
  frfcfs_scheduler_i/U2104/Y (NOR2X1)                 0.025006   1.597474 f
  frfcfs_scheduler_i/U2105/Y (NAND3X1)                0.027646   1.625120 r
  frfcfs_scheduler_i/U2106/Y (OAI21X1)                0.029099   1.654219 f
  frfcfs_scheduler_i/select_mask[4] (mc_scheduler_frfcfs_Q_DEPTH16_ADDR_W16_AGE_LIMIT128_AGING_ENABLE1)
                                                      0.000000   1.654219 f
  U3620/Y (INVX4)                                     0.028190   1.682409 r
  U2934/Y (INVX1)                                     0.031105   1.713515 f
  U6903/Y (AOI22X1)                                   0.043173   1.756688 r
  U6905/Y (AND2X2)                                    0.035333   1.792021 r
  U6906/Y (NAND3X1)                                   0.010751   1.802772 f
  U6907/Y (OR2X2)                                     0.047116   1.849888 f
  cmd_wdata[28] (out)                                 0.000000   1.849888 f
  data arrival time                                              1.849888

  clock core_clk (rise edge)                          3.000000   3.000000
  clock network delay (ideal)                         0.000000   3.000000
  clock uncertainty                                   -0.150000  2.850000
  output external delay                               -1.000000  1.850000
  data required time                                             1.850000
  --------------------------------------------------------------------------
  data required time                                             1.850000
  data arrival time                                              -1.849888
  --------------------------------------------------------------------------
  slack (MET)                                                    0.000112


  Startpoint: table_i/addresses_reg_77_
              (rising edge-triggered flip-flop clocked by core_clk)
  Endpoint: cmd_wdata[12]
            (output port clocked by core_clk)
  Path Group: core_clk
  Path Type: max

  Point                                                   Incr       Path
  --------------------------------------------------------------------------
  clock core_clk (rise edge)                          0.000000   0.000000
  clock network delay (ideal)                         0.000000   0.000000
  table_i/addresses_reg_77_/CLK (DFFPOSX1)            0.000000 # 0.000000 r
  table_i/addresses_reg_77_/Q (DFFPOSX1)              0.105501   0.105501 f
  table_i/U616/Y (INVX4)                              0.021286   0.126787 r
  table_i/U617/Y (INVX8)                              0.029875   0.156662 f
  table_i/addresses[77] (mc_transaction_table_Q_DEPTH16_ADDR_W16_DATA_W32_TAG_W8_READ_LATENCY3_AGE_LIMIT128)
                                                      0.000000   0.156662 f
  U2402/Y (XOR2X1)                                    0.028868   0.185530 f
  U5555/Y (NAND3X1)                                   0.039095   0.224624 r
  U3739/Y (OR2X2)                                     0.038868   0.263493 r
  U3740/Y (INVX1)                                     0.015733   0.279225 f
  U5556/Y (NAND3X1)                                   0.036929   0.316154 r
  U1425/Y (OR2X2)                                     0.049706   0.365860 r
  U1977/Y (INVX1)                                     0.018626   0.384485 f
  candidates_i/same_address[78] (mc_candidates_Q_DEPTH16_ROW_W8_COL_W6)
                                                      0.000000   0.384485 f
  candidates_i/U2561/Y (NAND3X1)                      0.037282   0.421768 r
  candidates_i/U1176/Y (NAND3X1)                      0.023613   0.445381 f
  candidates_i/U1304/Y (NOR3X1)                       0.030545   0.475926 r
  candidates_i/U13/Y (AND2X2)                         0.036258   0.512184 r
  candidates_i/U1618/Y (NAND2X1)                      0.016863   0.529047 f
  candidates_i/U3360/Y (NAND3X1)                      0.039678   0.568725 r
  candidates_i/U3363/Y (NOR3X1)                       0.029099   0.597824 f
  candidates_i/U3364/Y (NAND3X1)                      0.041940   0.639764 r
  candidates_i/U1518/Y (BUFX2)                        0.044122   0.683886 r
  candidates_i/U3376/Y (NAND2X1)                      0.015877   0.699762 f
  candidates_i/U3377/Y (NAND3X1)                      0.044715   0.744477 r
  candidates_i/U1550/Y (INVX2)                        0.054175   0.798652 f
  candidates_i/U3446/Y (AOI22X1)                      0.059439   0.858091 r
  candidates_i/U3449/Y (NAND3X1)                      0.022670   0.880760 f
  candidates_i/U3450/Y (NOR2X1)                       0.029292   0.910052 r
  candidates_i/U3451/Y (NAND2X1)                      0.019186   0.929238 f
  candidates_i/U3482/Y (NAND3X1)                      0.036923   0.966162 r
  candidates_i/U3483/Y (AOI21X1)                      0.021802   0.987964 f
  candidates_i/U1121/Y (AND2X2)                       0.040875   1.028839 f
  candidates_i/U1540/Y (NAND2X1)                      0.019301   1.048139 r
  candidates_i/U4448/Y (OR2X1)                        0.036931   1.085070 r
  candidates_i/U807/Y (INVX1)                         0.018773   1.103843 f
  candidates_i/U4146/Y (NAND3X1)                      0.035499   1.139341 r
  candidates_i/U1436/Y (INVX1)                        0.024429   1.163770 f
  candidates_i/U1209/Y (NAND2X1)                      0.010899   1.174669 r
  candidates_i/U1211/Y (AND2X2)                       0.034193   1.208862 r
  candidates_i/U4154/Y (NAND3X1)                      0.015133   1.223994 f
  candidates_i/candidate_mask[3] (mc_candidates_Q_DEPTH16_ROW_W8_COL_W6)
                                                      0.000000   1.223994 f
  frfcfs_scheduler_i/candidate_mask[3] (mc_scheduler_frfcfs_Q_DEPTH16_ADDR_W16_AGE_LIMIT128_AGING_ENABLE1)
                                                      0.000000   1.223994 f
  frfcfs_scheduler_i/U107/Y (AND2X2)                  0.037472   1.261466 f
  frfcfs_scheduler_i/U339/Y (AND2X2)                  0.033729   1.295195 f
  frfcfs_scheduler_i/U1652/Y (NAND2X1)                0.009166   1.304361 r
  frfcfs_scheduler_i/U1653/Y (NAND2X1)                0.019416   1.323777 f
  frfcfs_scheduler_i/U347/Y (INVX1)                   0.003243   1.327020 r
  frfcfs_scheduler_i/U349/Y (NAND2X1)                 0.013254   1.340274 f
  frfcfs_scheduler_i/U255/Y (OR2X2)                   0.040043   1.380317 f
  frfcfs_scheduler_i/U451/Y (NOR2X1)                  0.027463   1.407780 r
  frfcfs_scheduler_i/U1659/Y (NAND2X1)                0.015530   1.423311 f
  frfcfs_scheduler_i/U1660/Y (OAI21X1)                0.023255   1.446566 r
  frfcfs_scheduler_i/U524/Y (INVX2)                   0.026200   1.472766 f
  frfcfs_scheduler_i/U2059/Y (NAND3X1)                0.039669   1.512435 r
  frfcfs_scheduler_i/U2102/Y (NOR2X1)                 0.021252   1.533688 f
  frfcfs_scheduler_i/U2103/Y (NAND3X1)                0.038781   1.572468 r
  frfcfs_scheduler_i/U2104/Y (NOR2X1)                 0.025006   1.597474 f
  frfcfs_scheduler_i/U2105/Y (NAND3X1)                0.027646   1.625120 r
  frfcfs_scheduler_i/U2106/Y (OAI21X1)                0.029099   1.654219 f
  frfcfs_scheduler_i/select_mask[4] (mc_scheduler_frfcfs_Q_DEPTH16_ADDR_W16_AGE_LIMIT128_AGING_ENABLE1)
                                                      0.000000   1.654219 f
  U3620/Y (INVX4)                                     0.028190   1.682409 r
  U2934/Y (INVX1)                                     0.031105   1.713515 f
  U6697/Y (AOI22X1)                                   0.043173   1.756688 r
  U6699/Y (AND2X2)                                    0.035333   1.792021 r
  U6700/Y (NAND3X1)                                   0.010751   1.802772 f
  U6701/Y (OR2X2)                                     0.047116   1.849888 f
  cmd_wdata[12] (out)                                 0.000000   1.849888 f
  data arrival time                                              1.849888

  clock core_clk (rise edge)                          3.000000   3.000000
  clock network delay (ideal)                         0.000000   3.000000
  clock uncertainty                                   -0.150000  2.850000
  output external delay                               -1.000000  1.850000
  data required time                                             1.850000
  --------------------------------------------------------------------------
  data required time                                             1.850000
  data arrival time                                              -1.849888
  --------------------------------------------------------------------------
  slack (MET)                                                    0.000112


  Startpoint: table_i/addresses_reg_111_
              (rising edge-triggered flip-flop clocked by core_clk)
  Endpoint: cmd_row[5] (output port clocked by core_clk)
  Path Group: core_clk
  Path Type: max

  Point                                                   Incr       Path
  --------------------------------------------------------------------------
  clock core_clk (rise edge)                          0.000000   0.000000
  clock network delay (ideal)                         0.000000   0.000000
  table_i/addresses_reg_111_/CLK (DFFPOSX1)           0.000000 # 0.000000 r
  table_i/addresses_reg_111_/Q (DFFPOSX1)             0.101875   0.101875 f
  table_i/U5172/Y (INVX1)                             0.013153   0.115028 r
  table_i/U614/Y (INVX4)                              0.034836   0.149864 f
  table_i/addresses[111] (mc_transaction_table_Q_DEPTH16_ADDR_W16_DATA_W32_TAG_W8_READ_LATENCY3_AGE_LIMIT128)
                                                      0.000000   0.149864 f
  U1854/Y (INVX1)                                     0.006803   0.156667 r
  U1855/Y (INVX1)                                     0.021801   0.178468 f
  U2003/Y (XOR2X1)                                    0.033572   0.212040 r
  U4150/Y (AND2X2)                                    0.032438   0.244478 r
  U4151/Y (INVX1)                                     0.017046   0.261524 f
  U5835/Y (NOR3X1)                                    0.051272   0.312796 r
  U5836/Y (NAND3X1)                                   0.021694   0.334490 f
  U2827/Y (INVX1)                                     0.002826   0.337316 r
  candidates_i/same_address[109] (mc_candidates_Q_DEPTH16_ROW_W8_COL_W6)
                                                      0.000000   0.337316 r
  candidates_i/U1476/Y (NAND2X1)                      0.012422   0.349738 f
  candidates_i/U2521/Y (AND2X2)                       0.040921   0.390658 f
  candidates_i/U2522/Y (NAND3X1)                      0.032552   0.423211 r
  candidates_i/U2525/Y (NOR3X1)                       0.027087   0.450298 f
  candidates_i/U2017/Y (AND2X2)                       0.039547   0.489846 f
  candidates_i/U61/Y (AND2X2)                         0.035168   0.525014 f
  candidates_i/U2614/Y (AOI22X1)                      0.034974   0.559988 r
  candidates_i/U2710/Y (AND2X2)                       0.035353   0.595342 r
  candidates_i/U2711/Y (NAND3X1)                      0.018666   0.614007 f
  candidates_i/U708/Y (OR2X2)                         0.059380   0.673387 f
  candidates_i/U3125/Y (AOI21X1)                      0.037447   0.710834 r
  candidates_i/U805/Y (AND2X2)                        0.037053   0.747887 r
  candidates_i/U416/Y (INVX4)                         0.025090   0.772977 f
  candidates_i/U724/Y (INVX4)                         0.023677   0.796654 r
  candidates_i/U3238/Y (AOI22X1)                      0.033615   0.830269 f
  candidates_i/U3243/Y (NAND3X1)                      0.044273   0.874541 r
  candidates_i/U3250/Y (OR2X2)                        0.044414   0.918956 r
  candidates_i/U2165/Y (AND2X2)                       0.032395   0.951351 r
  candidates_i/U1694/Y (AND2X2)                       0.033758   0.985108 r
  candidates_i/U3276/Y (NAND3X1)                      0.012881   0.997989 f
  candidates_i/U1679/Y (NOR2X1)                       0.030224   1.028213 r
  candidates_i/U1688/Y (NAND2X1)                      0.018485   1.046699 f
  candidates_i/U816/Y (NOR2X1)                        0.034032   1.080731 r
  candidates_i/U278/Y (INVX1)                         0.021421   1.102152 f
  candidates_i/U768/Y (OR2X2)                         0.038832   1.140983 f
  candidates_i/U4149/Y (NOR3X1)                       0.025965   1.166948 r
  candidates_i/U4150/Y (NAND3X1)                      0.021588   1.188537 f
  candidates_i/U4153/Y (NAND3X1)                      0.036351   1.224887 r
  candidates_i/candidate_mask[2] (mc_candidates_Q_DEPTH16_ROW_W8_COL_W6)
                                                      0.000000   1.224887 r
  frfcfs_scheduler_i/candidate_mask[2] (mc_scheduler_frfcfs_Q_DEPTH16_ADDR_W16_AGE_LIMIT128_AGING_ENABLE1)
                                                      0.000000   1.224887 r
  frfcfs_scheduler_i/U344/Y (AND2X2)                  0.035516   1.260403 r
  frfcfs_scheduler_i/U663/Y (INVX1)                   0.015470   1.275873 f
  frfcfs_scheduler_i/U1404/Y (NAND2X1)                0.012824   1.288697 r
  frfcfs_scheduler_i/U575/Y (NOR2X1)                  0.020779   1.309476 f
  frfcfs_scheduler_i/U1418/Y (NAND3X1)                0.045850   1.355326 r
  frfcfs_scheduler_i/U351/Y (INVX1)                   0.035415   1.390740 f
  frfcfs_scheduler_i/U1499/Y (NAND2X1)                0.015985   1.406725 r
  frfcfs_scheduler_i/U1504/Y (NOR2X1)                 0.018277   1.425002 f
  frfcfs_scheduler_i/U529/Y (NAND2X1)                 0.014386   1.439389 r
  frfcfs_scheduler_i/U526/Y (AND2X2)                  0.036428   1.475817 r
  frfcfs_scheduler_i/U2055/Y (NAND2X1)                0.013472   1.489288 f
  frfcfs_scheduler_i/U2102/Y (NOR2X1)                 0.032199   1.521487 r
  frfcfs_scheduler_i/U2103/Y (NAND3X1)                0.022594   1.544080 f
  frfcfs_scheduler_i/U2104/Y (NOR2X1)                 0.033793   1.577874 r
  frfcfs_scheduler_i/U2105/Y (NAND3X1)                0.014047   1.591921 f
  frfcfs_scheduler_i/U2106/Y (OAI21X1)                0.037521   1.629442 r
  frfcfs_scheduler_i/select_mask[4] (mc_scheduler_frfcfs_Q_DEPTH16_ADDR_W16_AGE_LIMIT128_AGING_ENABLE1)
                                                      0.000000   1.629442 r
  U3620/Y (INVX4)                                     0.030657   1.660100 f
  U2932/Y (INVX4)                                     0.035273   1.695373 r
  U6453/Y (AOI22X1)                                   0.031879   1.727252 f
  U6455/Y (AND2X2)                                    0.039750   1.767002 f
  U6456/Y (NAND3X1)                                   0.028737   1.795739 r
  U6457/Y (OR2X2)                                     0.054132   1.849871 r
  cmd_row[5] (out)                                    0.000000   1.849871 r
  data arrival time                                              1.849871

  clock core_clk (rise edge)                          3.000000   3.000000
  clock network delay (ideal)                         0.000000   3.000000
  clock uncertainty                                   -0.150000  2.850000
  output external delay                               -1.000000  1.850000
  data required time                                             1.850000
  --------------------------------------------------------------------------
  data required time                                             1.850000
  data arrival time                                              -1.849871
  --------------------------------------------------------------------------
  slack (MET)                                                    0.000129


1
