 
****************************************
Report : timing
        -path full
        -delay min
        -input_pins
        -nets
        -max_paths 20
        -transition_time
        -capacitance
Design : mc_top_Q_DEPTH16_SCHED_POLICY1_AGING_ENABLE1
Version: R-2020.09-SP4
Date   : Wed Sep 30 16:17:46 2026
****************************************

 # A fanout number of 1000 was used for high fanout net computations.

Operating Conditions: typical   Library: gscl45nm
Wire Load Model Mode: top

  Startpoint: rst (input port clocked by core_clk)
  Endpoint: cmd_valid (output port clocked by core_clk)
  Path Group: core_clk
  Path Type: min

  Point                        Fanout       Cap     Trans      Incr       Path
  -------------------------------------------------------------------------------
  clock core_clk (rise edge)                               0.000000   0.000000
  clock network delay (ideal)                              0.000000   0.000000
  input external delay                                     0.000000   0.000000 f
  rst (in)                                       0.100000  0.000000   0.000000 f
  rst (net)                      1     0.001476            0.000000   0.000000 f
  U1733/A (INVX1)                                0.100000  0.000000   0.000000 f
  U1733/Y (INVX1)                                0.000000  0.037202   0.037202 r
  n1344 (net)                    2     0.003579            0.000000   0.037202 r
  U1947/B (NAND2X1)                              0.000000  0.000000   0.037202 r
  U1947/Y (NAND2X1)                              0.000000  0.017870   0.055071 f
  n1566 (net)                    2     0.004970            0.000000   0.055071 f
  U1948/A (INVX2)                                0.000000  0.000000   0.055071 f
  U1948/Y (INVX2)                                0.046160  0.041164   0.096235 r
  cmd_valid (net)                8     0.024858            0.000000   0.096235 r
  cmd_valid (out)                                0.046160  0.000000   0.096235 r
  data arrival time                                                   0.096235

  clock core_clk (rise edge)                               0.000000   0.000000
  clock network delay (ideal)                              0.000000   0.000000
  clock uncertainty                                        0.100000   0.100000
  output external delay                                    0.000000   0.100000
  data required time                                                  0.100000
  -------------------------------------------------------------------------------
  data required time                                                  0.100000
  data arrival time                                                   -0.096235
  -------------------------------------------------------------------------------
  slack (VIOLATED)                                                    -0.003765


  Startpoint: table_i/done_reg[4]
              (rising edge-triggered flip-flop clocked by core_clk)
  Endpoint: table_i/done_reg[4]
            (rising edge-triggered flip-flop clocked by core_clk)
  Path Group: core_clk
  Path Type: min

  Point                        Fanout       Cap     Trans      Incr       Path
  -------------------------------------------------------------------------------
  clock core_clk (rise edge)                               0.000000   0.000000
  clock network delay (ideal)                              0.000000   0.000000
  table_i/done_reg[4]/CLK (DFFPOSX1)             0.000000  0.000000 # 0.000000 r
  table_i/done_reg[4]/Q (DFFPOSX1)               0.016672  0.066161   0.066161 r
  table_i/done[4] (net)          2     0.004402            0.000000   0.066161 r
  table_i/U1750/A (NAND2X1)                      0.016672  0.000000   0.066161 r
  table_i/U1750/Y (NAND2X1)                      0.000000  0.013285   0.079445 f
  table_i/n984 (net)             1     0.001944            0.000000   0.079445 f
  table_i/U1749/B (NAND2X1)                      0.000000  0.000000   0.079445 f
  table_i/U1749/Y (NAND2X1)                      0.030209  0.007953   0.087398 r
  table_i/n3392 (net)            1     0.001816            0.000000   0.087398 r
  table_i/done_reg[4]/D (DFFPOSX1)               0.030209  0.000000   0.087398 r
  data arrival time                                                   0.087398

  clock core_clk (rise edge)                               0.000000   0.000000
  clock network delay (ideal)                              0.000000   0.000000
  clock uncertainty                                        0.100000   0.100000
  table_i/done_reg[4]/CLK (DFFPOSX1)                       0.000000   0.100000 r
  library hold time                                        -0.010064  0.089936
  data required time                                                  0.089936
  -------------------------------------------------------------------------------
  data required time                                                  0.089936
  data arrival time                                                   -0.087398
  -------------------------------------------------------------------------------
  slack (VIOLATED)                                                    -0.002538


  Startpoint: table_i/done_reg[0]
              (rising edge-triggered flip-flop clocked by core_clk)
  Endpoint: table_i/done_reg[0]
            (rising edge-triggered flip-flop clocked by core_clk)
  Path Group: core_clk
  Path Type: min

  Point                        Fanout       Cap     Trans      Incr       Path
  -------------------------------------------------------------------------------
  clock core_clk (rise edge)                               0.000000   0.000000
  clock network delay (ideal)                              0.000000   0.000000
  table_i/done_reg[0]/CLK (DFFPOSX1)             0.000000  0.000000 # 0.000000 r
  table_i/done_reg[0]/Q (DFFPOSX1)               0.016672  0.066161   0.066161 r
  table_i/done[0] (net)          2     0.004402            0.000000   0.066161 r
  table_i/U1764/A (NAND2X1)                      0.016672  0.000000   0.066161 r
  table_i/U1764/Y (NAND2X1)                      0.000000  0.013285   0.079445 f
  table_i/n993 (net)             1     0.001944            0.000000   0.079445 f
  table_i/U1763/B (NAND2X1)                      0.000000  0.000000   0.079445 f
  table_i/U1763/Y (NAND2X1)                      0.030209  0.007953   0.087398 r
  table_i/n3396 (net)            1     0.001816            0.000000   0.087398 r
  table_i/done_reg[0]/D (DFFPOSX1)               0.030209  0.000000   0.087398 r
  data arrival time                                                   0.087398

  clock core_clk (rise edge)                               0.000000   0.000000
  clock network delay (ideal)                              0.000000   0.000000
  clock uncertainty                                        0.100000   0.100000
  table_i/done_reg[0]/CLK (DFFPOSX1)                       0.000000   0.100000 r
  library hold time                                        -0.010064  0.089936
  data required time                                                  0.089936
  -------------------------------------------------------------------------------
  data required time                                                  0.089936
  data arrival time                                                   -0.087398
  -------------------------------------------------------------------------------
  slack (VIOLATED)                                                    -0.002538


  Startpoint: table_i/done_reg[5]
              (rising edge-triggered flip-flop clocked by core_clk)
  Endpoint: table_i/done_reg[5]
            (rising edge-triggered flip-flop clocked by core_clk)
  Path Group: core_clk
  Path Type: min

  Point                        Fanout       Cap     Trans      Incr       Path
  -------------------------------------------------------------------------------
  clock core_clk (rise edge)                               0.000000   0.000000
  clock network delay (ideal)                              0.000000   0.000000
  table_i/done_reg[5]/CLK (DFFPOSX1)             0.000000  0.000000 # 0.000000 r
  table_i/done_reg[5]/Q (DFFPOSX1)               0.016672  0.066161   0.066161 r
  table_i/done[5] (net)          2     0.004402            0.000000   0.066161 r
  table_i/U1747/A (NAND2X1)                      0.016672  0.000000   0.066161 r
  table_i/U1747/Y (NAND2X1)                      0.000000  0.013285   0.079445 f
  table_i/n982 (net)             1     0.001944            0.000000   0.079445 f
  table_i/U1746/B (NAND2X1)                      0.000000  0.000000   0.079445 f
  table_i/U1746/Y (NAND2X1)                      0.030209  0.007953   0.087398 r
  table_i/n3391 (net)            1     0.001816            0.000000   0.087398 r
  table_i/done_reg[5]/D (DFFPOSX1)               0.030209  0.000000   0.087398 r
  data arrival time                                                   0.087398

  clock core_clk (rise edge)                               0.000000   0.000000
  clock network delay (ideal)                              0.000000   0.000000
  clock uncertainty                                        0.100000   0.100000
  table_i/done_reg[5]/CLK (DFFPOSX1)                       0.000000   0.100000 r
  library hold time                                        -0.010064  0.089936
  data required time                                                  0.089936
  -------------------------------------------------------------------------------
  data required time                                                  0.089936
  data arrival time                                                   -0.087398
  -------------------------------------------------------------------------------
  slack (VIOLATED)                                                    -0.002538


  Startpoint: table_i/done_reg[1]
              (rising edge-triggered flip-flop clocked by core_clk)
  Endpoint: table_i/done_reg[1]
            (rising edge-triggered flip-flop clocked by core_clk)
  Path Group: core_clk
  Path Type: min

  Point                        Fanout       Cap     Trans      Incr       Path
  -------------------------------------------------------------------------------
  clock core_clk (rise edge)                               0.000000   0.000000
  clock network delay (ideal)                              0.000000   0.000000
  table_i/done_reg[1]/CLK (DFFPOSX1)             0.000000  0.000000 # 0.000000 r
  table_i/done_reg[1]/Q (DFFPOSX1)               0.016672  0.066161   0.066161 r
  table_i/done[1] (net)          2     0.004402            0.000000   0.066161 r
  table_i/U1760/A (NAND2X1)                      0.016672  0.000000   0.066161 r
  table_i/U1760/Y (NAND2X1)                      0.000000  0.013285   0.079445 f
  table_i/n991 (net)             1     0.001944            0.000000   0.079445 f
  table_i/U1759/B (NAND2X1)                      0.000000  0.000000   0.079445 f
  table_i/U1759/Y (NAND2X1)                      0.030209  0.007953   0.087398 r
  table_i/n3395 (net)            1     0.001816            0.000000   0.087398 r
  table_i/done_reg[1]/D (DFFPOSX1)               0.030209  0.000000   0.087398 r
  data arrival time                                                   0.087398

  clock core_clk (rise edge)                               0.000000   0.000000
  clock network delay (ideal)                              0.000000   0.000000
  clock uncertainty                                        0.100000   0.100000
  table_i/done_reg[1]/CLK (DFFPOSX1)                       0.000000   0.100000 r
  library hold time                                        -0.010064  0.089936
  data required time                                                  0.089936
  -------------------------------------------------------------------------------
  data required time                                                  0.089936
  data arrival time                                                   -0.087398
  -------------------------------------------------------------------------------
  slack (VIOLATED)                                                    -0.002538


  Startpoint: table_i/done_reg[6]
              (rising edge-triggered flip-flop clocked by core_clk)
  Endpoint: table_i/done_reg[6]
            (rising edge-triggered flip-flop clocked by core_clk)
  Path Group: core_clk
  Path Type: min

  Point                        Fanout       Cap     Trans      Incr       Path
  -------------------------------------------------------------------------------
  clock core_clk (rise edge)                               0.000000   0.000000
  clock network delay (ideal)                              0.000000   0.000000
  table_i/done_reg[6]/CLK (DFFPOSX1)             0.000000  0.000000 # 0.000000 r
  table_i/done_reg[6]/Q (DFFPOSX1)               0.016672  0.066161   0.066161 r
  table_i/done[6] (net)          2     0.004402            0.000000   0.066161 r
  table_i/U1744/A (NAND2X1)                      0.016672  0.000000   0.066161 r
  table_i/U1744/Y (NAND2X1)                      0.000000  0.013285   0.079445 f
  table_i/n980 (net)             1     0.001944            0.000000   0.079445 f
  table_i/U1743/B (NAND2X1)                      0.000000  0.000000   0.079445 f
  table_i/U1743/Y (NAND2X1)                      0.030209  0.007953   0.087398 r
  table_i/n3390 (net)            1     0.001816            0.000000   0.087398 r
  table_i/done_reg[6]/D (DFFPOSX1)               0.030209  0.000000   0.087398 r
  data arrival time                                                   0.087398

  clock core_clk (rise edge)                               0.000000   0.000000
  clock network delay (ideal)                              0.000000   0.000000
  clock uncertainty                                        0.100000   0.100000
  table_i/done_reg[6]/CLK (DFFPOSX1)                       0.000000   0.100000 r
  library hold time                                        -0.010064  0.089936
  data required time                                                  0.089936
  -------------------------------------------------------------------------------
  data required time                                                  0.089936
  data arrival time                                                   -0.087398
  -------------------------------------------------------------------------------
  slack (VIOLATED)                                                    -0.002538


  Startpoint: table_i/done_reg[2]
              (rising edge-triggered flip-flop clocked by core_clk)
  Endpoint: table_i/done_reg[2]
            (rising edge-triggered flip-flop clocked by core_clk)
  Path Group: core_clk
  Path Type: min

  Point                        Fanout       Cap     Trans      Incr       Path
  -------------------------------------------------------------------------------
  clock core_clk (rise edge)                               0.000000   0.000000
  clock network delay (ideal)                              0.000000   0.000000
  table_i/done_reg[2]/CLK (DFFPOSX1)             0.000000  0.000000 # 0.000000 r
  table_i/done_reg[2]/Q (DFFPOSX1)               0.016672  0.066161   0.066161 r
  table_i/done[2] (net)          2     0.004402            0.000000   0.066161 r
  table_i/U1757/A (NAND2X1)                      0.016672  0.000000   0.066161 r
  table_i/U1757/Y (NAND2X1)                      0.000000  0.013285   0.079445 f
  table_i/n989 (net)             1     0.001944            0.000000   0.079445 f
  table_i/U1756/B (NAND2X1)                      0.000000  0.000000   0.079445 f
  table_i/U1756/Y (NAND2X1)                      0.030209  0.007953   0.087398 r
  table_i/n3394 (net)            1     0.001816            0.000000   0.087398 r
  table_i/done_reg[2]/D (DFFPOSX1)               0.030209  0.000000   0.087398 r
  data arrival time                                                   0.087398

  clock core_clk (rise edge)                               0.000000   0.000000
  clock network delay (ideal)                              0.000000   0.000000
  clock uncertainty                                        0.100000   0.100000
  table_i/done_reg[2]/CLK (DFFPOSX1)                       0.000000   0.100000 r
  library hold time                                        -0.010064  0.089936
  data required time                                                  0.089936
  -------------------------------------------------------------------------------
  data required time                                                  0.089936
  data arrival time                                                   -0.087398
  -------------------------------------------------------------------------------
  slack (VIOLATED)                                                    -0.002538


  Startpoint: table_i/done_reg[7]
              (rising edge-triggered flip-flop clocked by core_clk)
  Endpoint: table_i/done_reg[7]
            (rising edge-triggered flip-flop clocked by core_clk)
  Path Group: core_clk
  Path Type: min

  Point                        Fanout       Cap     Trans      Incr       Path
  -------------------------------------------------------------------------------
  clock core_clk (rise edge)                               0.000000   0.000000
  clock network delay (ideal)                              0.000000   0.000000
  table_i/done_reg[7]/CLK (DFFPOSX1)             0.000000  0.000000 # 0.000000 r
  table_i/done_reg[7]/Q (DFFPOSX1)               0.016672  0.066161   0.066161 r
  table_i/done[7] (net)          2     0.004402            0.000000   0.066161 r
  table_i/U1741/A (NAND2X1)                      0.016672  0.000000   0.066161 r
  table_i/U1741/Y (NAND2X1)                      0.000000  0.013285   0.079445 f
  table_i/n977 (net)             1     0.001944            0.000000   0.079445 f
  table_i/U1740/B (NAND2X1)                      0.000000  0.000000   0.079445 f
  table_i/U1740/Y (NAND2X1)                      0.030209  0.007953   0.087398 r
  table_i/n3389 (net)            1     0.001816            0.000000   0.087398 r
  table_i/done_reg[7]/D (DFFPOSX1)               0.030209  0.000000   0.087398 r
  data arrival time                                                   0.087398

  clock core_clk (rise edge)                               0.000000   0.000000
  clock network delay (ideal)                              0.000000   0.000000
  clock uncertainty                                        0.100000   0.100000
  table_i/done_reg[7]/CLK (DFFPOSX1)                       0.000000   0.100000 r
  library hold time                                        -0.010064  0.089936
  data required time                                                  0.089936
  -------------------------------------------------------------------------------
  data required time                                                  0.089936
  data arrival time                                                   -0.087398
  -------------------------------------------------------------------------------
  slack (VIOLATED)                                                    -0.002538


  Startpoint: table_i/done_reg[3]
              (rising edge-triggered flip-flop clocked by core_clk)
  Endpoint: table_i/done_reg[3]
            (rising edge-triggered flip-flop clocked by core_clk)
  Path Group: core_clk
  Path Type: min

  Point                        Fanout       Cap     Trans      Incr       Path
  -------------------------------------------------------------------------------
  clock core_clk (rise edge)                               0.000000   0.000000
  clock network delay (ideal)                              0.000000   0.000000
  table_i/done_reg[3]/CLK (DFFPOSX1)             0.000000  0.000000 # 0.000000 r
  table_i/done_reg[3]/Q (DFFPOSX1)               0.016672  0.066161   0.066161 r
  table_i/done[3] (net)          2     0.004402            0.000000   0.066161 r
  table_i/U1754/A (NAND2X1)                      0.016672  0.000000   0.066161 r
  table_i/U1754/Y (NAND2X1)                      0.000000  0.013285   0.079445 f
  table_i/n986 (net)             1     0.001944            0.000000   0.079445 f
  table_i/U1753/B (NAND2X1)                      0.000000  0.000000   0.079445 f
  table_i/U1753/Y (NAND2X1)                      0.030209  0.007953   0.087398 r
  table_i/n3393 (net)            1     0.001816            0.000000   0.087398 r
  table_i/done_reg[3]/D (DFFPOSX1)               0.030209  0.000000   0.087398 r
  data arrival time                                                   0.087398

  clock core_clk (rise edge)                               0.000000   0.000000
  clock network delay (ideal)                              0.000000   0.000000
  clock uncertainty                                        0.100000   0.100000
  table_i/done_reg[3]/CLK (DFFPOSX1)                       0.000000   0.100000 r
  library hold time                                        -0.010064  0.089936
  data required time                                                  0.089936
  -------------------------------------------------------------------------------
  data required time                                                  0.089936
  data arrival time                                                   -0.087398
  -------------------------------------------------------------------------------
  slack (VIOLATED)                                                    -0.002538


  Startpoint: table_i/done_reg[8]
              (rising edge-triggered flip-flop clocked by core_clk)
  Endpoint: table_i/done_reg[8]
            (rising edge-triggered flip-flop clocked by core_clk)
  Path Group: core_clk
  Path Type: min

  Point                        Fanout       Cap     Trans      Incr       Path
  -------------------------------------------------------------------------------
  clock core_clk (rise edge)                               0.000000   0.000000
  clock network delay (ideal)                              0.000000   0.000000
  table_i/done_reg[8]/CLK (DFFPOSX1)             0.000000  0.000000 # 0.000000 r
  table_i/done_reg[8]/Q (DFFPOSX1)               0.018649  0.067459   0.067459 r
  table_i/done[8] (net)          2     0.005253            0.000000   0.067459 r
  table_i/U1737/C (NAND3X1)                      0.018649  0.000000   0.067459 r
  table_i/U1737/Y (NAND3X1)                      0.006497  0.011695   0.079154 f
  table_i/n972 (net)             1     0.001944            0.000000   0.079154 f
  table_i/U1736/B (NAND2X1)                      0.006497  0.000000   0.079154 f
  table_i/U1736/Y (NAND2X1)                      0.030211  0.010062   0.089216 r
  table_i/n3388 (net)            1     0.001816            0.000000   0.089216 r
  table_i/done_reg[8]/D (DFFPOSX1)               0.030211  0.000000   0.089216 r
  data arrival time                                                   0.089216

  clock core_clk (rise edge)                               0.000000   0.000000
  clock network delay (ideal)                              0.000000   0.000000
  clock uncertainty                                        0.100000   0.100000
  table_i/done_reg[8]/CLK (DFFPOSX1)                       0.000000   0.100000 r
  library hold time                                        -0.010063  0.089937
  data required time                                                  0.089937
  -------------------------------------------------------------------------------
  data required time                                                  0.089937
  data arrival time                                                   -0.089216
  -------------------------------------------------------------------------------
  slack (VIOLATED)                                                    -0.000721


  Startpoint: table_i/done_reg[14]
              (rising edge-triggered flip-flop clocked by core_clk)
  Endpoint: table_i/done_reg[14]
            (rising edge-triggered flip-flop clocked by core_clk)
  Path Group: core_clk
  Path Type: min

  Point                        Fanout       Cap     Trans      Incr       Path
  -------------------------------------------------------------------------------
  clock core_clk (rise edge)                               0.000000   0.000000
  clock network delay (ideal)                              0.000000   0.000000
  table_i/done_reg[14]/CLK (DFFPOSX1)            0.000000  0.000000 # 0.000000 r
  table_i/done_reg[14]/Q (DFFPOSX1)              0.018649  0.067459   0.067459 r
  table_i/done[14] (net)         2     0.005253            0.000000   0.067459 r
  table_i/U1713/C (NAND3X1)                      0.018649  0.000000   0.067459 r
  table_i/U1713/Y (NAND3X1)                      0.006509  0.011695   0.079154 f
  table_i/n937 (net)             1     0.001944            0.000000   0.079154 f
  table_i/U1712/B (NAND2X1)                      0.006509  0.000000   0.079154 f
  table_i/U1712/Y (NAND2X1)                      0.030211  0.010065   0.089220 r
  table_i/n3382 (net)            1     0.001816            0.000000   0.089220 r
  table_i/done_reg[14]/D (DFFPOSX1)              0.030211  0.000000   0.089220 r
  data arrival time                                                   0.089220

  clock core_clk (rise edge)                               0.000000   0.000000
  clock network delay (ideal)                              0.000000   0.000000
  clock uncertainty                                        0.100000   0.100000
  table_i/done_reg[14]/CLK (DFFPOSX1)                      0.000000   0.100000 r
  library hold time                                        -0.010063  0.089937
  data required time                                                  0.089937
  -------------------------------------------------------------------------------
  data required time                                                  0.089937
  data arrival time                                                   -0.089220
  -------------------------------------------------------------------------------
  slack (VIOLATED)                                                    -0.000717


  Startpoint: table_i/done_reg[15]
              (rising edge-triggered flip-flop clocked by core_clk)
  Endpoint: table_i/done_reg[15]
            (rising edge-triggered flip-flop clocked by core_clk)
  Path Group: core_clk
  Path Type: min

  Point                        Fanout       Cap     Trans      Incr       Path
  -------------------------------------------------------------------------------
  clock core_clk (rise edge)                               0.000000   0.000000
  clock network delay (ideal)                              0.000000   0.000000
  table_i/done_reg[15]/CLK (DFFPOSX1)            0.000000  0.000000 # 0.000000 r
  table_i/done_reg[15]/Q (DFFPOSX1)              0.018649  0.067459   0.067459 r
  table_i/done[15] (net)         2     0.005253            0.000000   0.067459 r
  table_i/U1709/C (NAND3X1)                      0.018649  0.000000   0.067459 r
  table_i/U1709/Y (NAND3X1)                      0.006518  0.011695   0.079154 f
  table_i/n929 (net)             1     0.001944            0.000000   0.079154 f
  table_i/U1708/B (NAND2X1)                      0.006518  0.000000   0.079154 f
  table_i/U1708/Y (NAND2X1)                      0.030211  0.010068   0.089223 r
  table_i/n3381 (net)            1     0.001816            0.000000   0.089223 r
  table_i/done_reg[15]/D (DFFPOSX1)              0.030211  0.000000   0.089223 r
  data arrival time                                                   0.089223

  clock core_clk (rise edge)                               0.000000   0.000000
  clock network delay (ideal)                              0.000000   0.000000
  clock uncertainty                                        0.100000   0.100000
  table_i/done_reg[15]/CLK (DFFPOSX1)                      0.000000   0.100000 r
  library hold time                                        -0.010063  0.089937
  data required time                                                  0.089937
  -------------------------------------------------------------------------------
  data required time                                                  0.089937
  data arrival time                                                   -0.089223
  -------------------------------------------------------------------------------
  slack (VIOLATED)                                                    -0.000714


  Startpoint: table_i/done_reg[10]
              (rising edge-triggered flip-flop clocked by core_clk)
  Endpoint: table_i/done_reg[10]
            (rising edge-triggered flip-flop clocked by core_clk)
  Path Group: core_clk
  Path Type: min

  Point                        Fanout       Cap     Trans      Incr       Path
  -------------------------------------------------------------------------------
  clock core_clk (rise edge)                               0.000000   0.000000
  clock network delay (ideal)                              0.000000   0.000000
  table_i/done_reg[10]/CLK (DFFPOSX1)            0.000000  0.000000 # 0.000000 r
  table_i/done_reg[10]/Q (DFFPOSX1)              0.018649  0.067459   0.067459 r
  table_i/done[10] (net)         2     0.005253            0.000000   0.067459 r
  table_i/U1729/C (NAND3X1)                      0.018649  0.000000   0.067459 r
  table_i/U1729/Y (NAND3X1)                      0.006518  0.011695   0.079154 f
  table_i/n962 (net)             1     0.001944            0.000000   0.079154 f
  table_i/U1728/B (NAND2X1)                      0.006518  0.000000   0.079154 f
  table_i/U1728/Y (NAND2X1)                      0.030211  0.010068   0.089223 r
  table_i/n3386 (net)            1     0.001816            0.000000   0.089223 r
  table_i/done_reg[10]/D (DFFPOSX1)              0.030211  0.000000   0.089223 r
  data arrival time                                                   0.089223

  clock core_clk (rise edge)                               0.000000   0.000000
  clock network delay (ideal)                              0.000000   0.000000
  clock uncertainty                                        0.100000   0.100000
  table_i/done_reg[10]/CLK (DFFPOSX1)                      0.000000   0.100000 r
  library hold time                                        -0.010063  0.089937
  data required time                                                  0.089937
  -------------------------------------------------------------------------------
  data required time                                                  0.089937
  data arrival time                                                   -0.089223
  -------------------------------------------------------------------------------
  slack (VIOLATED)                                                    -0.000714


  Startpoint: table_i/done_reg[11]
              (rising edge-triggered flip-flop clocked by core_clk)
  Endpoint: table_i/done_reg[11]
            (rising edge-triggered flip-flop clocked by core_clk)
  Path Group: core_clk
  Path Type: min

  Point                        Fanout       Cap     Trans      Incr       Path
  -------------------------------------------------------------------------------
  clock core_clk (rise edge)                               0.000000   0.000000
  clock network delay (ideal)                              0.000000   0.000000
  table_i/done_reg[11]/CLK (DFFPOSX1)            0.000000  0.000000 # 0.000000 r
  table_i/done_reg[11]/Q (DFFPOSX1)              0.018649  0.067459   0.067459 r
  table_i/done[11] (net)         2     0.005253            0.000000   0.067459 r
  table_i/U1725/C (NAND3X1)                      0.018649  0.000000   0.067459 r
  table_i/U1725/Y (NAND3X1)                      0.006518  0.011695   0.079154 f
  table_i/n956 (net)             1     0.001944            0.000000   0.079154 f
  table_i/U1724/B (NAND2X1)                      0.006518  0.000000   0.079154 f
  table_i/U1724/Y (NAND2X1)                      0.030211  0.010068   0.089223 r
  table_i/n3385 (net)            1     0.001816            0.000000   0.089223 r
  table_i/done_reg[11]/D (DFFPOSX1)              0.030211  0.000000   0.089223 r
  data arrival time                                                   0.089223

  clock core_clk (rise edge)                               0.000000   0.000000
  clock network delay (ideal)                              0.000000   0.000000
  clock uncertainty                                        0.100000   0.100000
  table_i/done_reg[11]/CLK (DFFPOSX1)                      0.000000   0.100000 r
  library hold time                                        -0.010063  0.089937
  data required time                                                  0.089937
  -------------------------------------------------------------------------------
  data required time                                                  0.089937
  data arrival time                                                   -0.089223
  -------------------------------------------------------------------------------
  slack (VIOLATED)                                                    -0.000714


  Startpoint: table_i/done_reg[12]
              (rising edge-triggered flip-flop clocked by core_clk)
  Endpoint: table_i/done_reg[12]
            (rising edge-triggered flip-flop clocked by core_clk)
  Path Group: core_clk
  Path Type: min

  Point                        Fanout       Cap     Trans      Incr       Path
  -------------------------------------------------------------------------------
  clock core_clk (rise edge)                               0.000000   0.000000
  clock network delay (ideal)                              0.000000   0.000000
  table_i/done_reg[12]/CLK (DFFPOSX1)            0.000000  0.000000 # 0.000000 r
  table_i/done_reg[12]/Q (DFFPOSX1)              0.018649  0.067459   0.067459 r
  table_i/done[12] (net)         2     0.005253            0.000000   0.067459 r
  table_i/U1721/C (NAND3X1)                      0.018649  0.000000   0.067459 r
  table_i/U1721/Y (NAND3X1)                      0.006518  0.011695   0.079154 f
  table_i/n950 (net)             1     0.001944            0.000000   0.079154 f
  table_i/U1720/B (NAND2X1)                      0.006518  0.000000   0.079154 f
  table_i/U1720/Y (NAND2X1)                      0.030209  0.010068   0.089223 r
  table_i/n3384 (net)            1     0.001816            0.000000   0.089223 r
  table_i/done_reg[12]/D (DFFPOSX1)              0.030209  0.000000   0.089223 r
  data arrival time                                                   0.089223

  clock core_clk (rise edge)                               0.000000   0.000000
  clock network delay (ideal)                              0.000000   0.000000
  clock uncertainty                                        0.100000   0.100000
  table_i/done_reg[12]/CLK (DFFPOSX1)                      0.000000   0.100000 r
  library hold time                                        -0.010064  0.089936
  data required time                                                  0.089936
  -------------------------------------------------------------------------------
  data required time                                                  0.089936
  data arrival time                                                   -0.089223
  -------------------------------------------------------------------------------
  slack (VIOLATED)                                                    -0.000714


  Startpoint: table_i/done_reg[13]
              (rising edge-triggered flip-flop clocked by core_clk)
  Endpoint: table_i/done_reg[13]
            (rising edge-triggered flip-flop clocked by core_clk)
  Path Group: core_clk
  Path Type: min

  Point                        Fanout       Cap     Trans      Incr       Path
  -------------------------------------------------------------------------------
  clock core_clk (rise edge)                               0.000000   0.000000
  clock network delay (ideal)                              0.000000   0.000000
  table_i/done_reg[13]/CLK (DFFPOSX1)            0.000000  0.000000 # 0.000000 r
  table_i/done_reg[13]/Q (DFFPOSX1)              0.018649  0.067459   0.067459 r
  table_i/done[13] (net)         2     0.005253            0.000000   0.067459 r
  table_i/U1717/C (NAND3X1)                      0.018649  0.000000   0.067459 r
  table_i/U1717/Y (NAND3X1)                      0.006518  0.011695   0.079154 f
  table_i/n944 (net)             1     0.001944            0.000000   0.079154 f
  table_i/U1716/B (NAND2X1)                      0.006518  0.000000   0.079154 f
  table_i/U1716/Y (NAND2X1)                      0.030209  0.010068   0.089223 r
  table_i/n3383 (net)            1     0.001816            0.000000   0.089223 r
  table_i/done_reg[13]/D (DFFPOSX1)              0.030209  0.000000   0.089223 r
  data arrival time                                                   0.089223

  clock core_clk (rise edge)                               0.000000   0.000000
  clock network delay (ideal)                              0.000000   0.000000
  clock uncertainty                                        0.100000   0.100000
  table_i/done_reg[13]/CLK (DFFPOSX1)                      0.000000   0.100000 r
  library hold time                                        -0.010064  0.089936
  data required time                                                  0.089936
  -------------------------------------------------------------------------------
  data required time                                                  0.089936
  data arrival time                                                   -0.089223
  -------------------------------------------------------------------------------
  slack (VIOLATED)                                                    -0.000714


  Startpoint: banks_i/ras_reg[1][2]
              (rising edge-triggered flip-flop clocked by core_clk)
  Endpoint: banks_i/ras_reg[1][2]
            (rising edge-triggered flip-flop clocked by core_clk)
  Path Group: core_clk
  Path Type: min

  Point                                       Fanout       Cap     Trans      Incr       Path
  ----------------------------------------------------------------------------------------------
  clock core_clk (rise edge)                                              0.000000   0.000000
  clock network delay (ideal)                                             0.000000   0.000000
  banks_i/ras_reg[1][2]/CLK (DFFPOSX1)                          0.000000  0.000000 # 0.000000 r
  banks_i/ras_reg[1][2]/Q (DFFPOSX1)                            0.018956  0.067661   0.067661 r
  banks_i/ras[1][2] (net)                       2     0.005385            0.000000   0.067661 r
  banks_i/U78/C (NAND3X1)                                       0.018956  0.000000   0.067661 r
  banks_i/U78/Y (NAND3X1)                                       0.005089  0.011767   0.079428 f
  banks_i/n59 (net)                             1     0.001944            0.000000   0.079428 f
  banks_i/U77/B (NAND2X1)                                       0.005089  0.000000   0.079428 f
  banks_i/U77/Y (NAND2X1)                                       0.029657  0.009604   0.089033 r
  banks_i/n208 (net)                            1     0.001816            0.000000   0.089033 r
  banks_i/ras_reg[1][2]/D (DFFPOSX1)                            0.029657  0.000000   0.089033 r
  data arrival time                                                                  0.089033

  clock core_clk (rise edge)                                              0.000000   0.000000
  clock network delay (ideal)                                             0.000000   0.000000
  clock uncertainty                                                       0.100000   0.100000
  banks_i/ras_reg[1][2]/CLK (DFFPOSX1)                                    0.000000   0.100000 r
  library hold time                                                       -0.010308  0.089692
  data required time                                                                 0.089692
  ----------------------------------------------------------------------------------------------
  data required time                                                                 0.089692
  data arrival time                                                                  -0.089033
  ----------------------------------------------------------------------------------------------
  slack (VIOLATED)                                                                   -0.000659


  Startpoint: banks_i/ras_reg[2][2]
              (rising edge-triggered flip-flop clocked by core_clk)
  Endpoint: banks_i/ras_reg[2][2]
            (rising edge-triggered flip-flop clocked by core_clk)
  Path Group: core_clk
  Path Type: min

  Point                                       Fanout       Cap     Trans      Incr       Path
  ----------------------------------------------------------------------------------------------
  clock core_clk (rise edge)                                              0.000000   0.000000
  clock network delay (ideal)                                             0.000000   0.000000
  banks_i/ras_reg[2][2]/CLK (DFFPOSX1)                          0.000000  0.000000 # 0.000000 r
  banks_i/ras_reg[2][2]/Q (DFFPOSX1)                            0.018956  0.067661   0.067661 r
  banks_i/ras[2][2] (net)                       2     0.005385            0.000000   0.067661 r
  banks_i/U85/C (NAND3X1)                                       0.018956  0.000000   0.067661 r
  banks_i/U85/Y (NAND3X1)                                       0.005089  0.011767   0.079428 f
  banks_i/n68 (net)                             1     0.001944            0.000000   0.079428 f
  banks_i/U84/B (NAND2X1)                                       0.005089  0.000000   0.079428 f
  banks_i/U84/Y (NAND2X1)                                       0.029657  0.009604   0.089033 r
  banks_i/n211 (net)                            1     0.001816            0.000000   0.089033 r
  banks_i/ras_reg[2][2]/D (DFFPOSX1)                            0.029657  0.000000   0.089033 r
  data arrival time                                                                  0.089033

  clock core_clk (rise edge)                                              0.000000   0.000000
  clock network delay (ideal)                                             0.000000   0.000000
  clock uncertainty                                                       0.100000   0.100000
  banks_i/ras_reg[2][2]/CLK (DFFPOSX1)                                    0.000000   0.100000 r
  library hold time                                                       -0.010308  0.089692
  data required time                                                                 0.089692
  ----------------------------------------------------------------------------------------------
  data required time                                                                 0.089692
  data arrival time                                                                  -0.089033
  ----------------------------------------------------------------------------------------------
  slack (VIOLATED)                                                                   -0.000659


  Startpoint: banks_i/ras_reg[3][2]
              (rising edge-triggered flip-flop clocked by core_clk)
  Endpoint: banks_i/ras_reg[3][2]
            (rising edge-triggered flip-flop clocked by core_clk)
  Path Group: core_clk
  Path Type: min

  Point                                       Fanout       Cap     Trans      Incr       Path
  ----------------------------------------------------------------------------------------------
  clock core_clk (rise edge)                                              0.000000   0.000000
  clock network delay (ideal)                                             0.000000   0.000000
  banks_i/ras_reg[3][2]/CLK (DFFPOSX1)                          0.000000  0.000000 # 0.000000 r
  banks_i/ras_reg[3][2]/Q (DFFPOSX1)                            0.018956  0.067661   0.067661 r
  banks_i/ras[3][2] (net)                       2     0.005385            0.000000   0.067661 r
  banks_i/U92/C (NAND3X1)                                       0.018956  0.000000   0.067661 r
  banks_i/U92/Y (NAND3X1)                                       0.005089  0.011767   0.079428 f
  banks_i/n77 (net)                             1     0.001944            0.000000   0.079428 f
  banks_i/U91/B (NAND2X1)                                       0.005089  0.000000   0.079428 f
  banks_i/U91/Y (NAND2X1)                                       0.029657  0.009604   0.089033 r
  banks_i/n214 (net)                            1     0.001816            0.000000   0.089033 r
  banks_i/ras_reg[3][2]/D (DFFPOSX1)                            0.029657  0.000000   0.089033 r
  data arrival time                                                                  0.089033

  clock core_clk (rise edge)                                              0.000000   0.000000
  clock network delay (ideal)                                             0.000000   0.000000
  clock uncertainty                                                       0.100000   0.100000
  banks_i/ras_reg[3][2]/CLK (DFFPOSX1)                                    0.000000   0.100000 r
  library hold time                                                       -0.010308  0.089692
  data required time                                                                 0.089692
  ----------------------------------------------------------------------------------------------
  data required time                                                                 0.089692
  data arrival time                                                                  -0.089033
  ----------------------------------------------------------------------------------------------
  slack (VIOLATED)                                                                   -0.000659


  Startpoint: table_i/done_reg[9]
              (rising edge-triggered flip-flop clocked by core_clk)
  Endpoint: table_i/done_reg[9]
            (rising edge-triggered flip-flop clocked by core_clk)
  Path Group: core_clk
  Path Type: min

  Point                        Fanout       Cap     Trans      Incr       Path
  -------------------------------------------------------------------------------
  clock core_clk (rise edge)                               0.000000   0.000000
  clock network delay (ideal)                              0.000000   0.000000
  table_i/done_reg[9]/CLK (DFFPOSX1)             0.000000  0.000000 # 0.000000 r
  table_i/done_reg[9]/Q (DFFPOSX1)               0.018768  0.067537   0.067537 r
  table_i/done[9] (net)          2     0.005304            0.000000   0.067537 r
  table_i/U1733/C (NAND3X1)                      0.018768  0.000000   0.067537 r
  table_i/U1733/Y (NAND3X1)                      0.006511  0.011723   0.079261 f
  table_i/n967 (net)             1     0.001944            0.000000   0.079261 f
  table_i/U1732/B (NAND2X1)                      0.006511  0.000000   0.079261 f
  table_i/U1732/Y (NAND2X1)                      0.030211  0.010066   0.089327 r
  table_i/n3387 (net)            1     0.001816            0.000000   0.089327 r
  table_i/done_reg[9]/D (DFFPOSX1)               0.030211  0.000000   0.089327 r
  data arrival time                                                   0.089327

  clock core_clk (rise edge)                               0.000000   0.000000
  clock network delay (ideal)                              0.000000   0.000000
  clock uncertainty                                        0.100000   0.100000
  table_i/done_reg[9]/CLK (DFFPOSX1)                       0.000000   0.100000 r
  library hold time                                        -0.010063  0.089937
  data required time                                                  0.089937
  -------------------------------------------------------------------------------
  data required time                                                  0.089937
  data arrival time                                                   -0.089327
  -------------------------------------------------------------------------------
  slack (VIOLATED)                                                    -0.000610


1
