 
****************************************
Report : qor
Design : mc_top_Q_DEPTH16_SCHED_POLICY1_AGING_ENABLE1
Version: R-2020.09-SP4
Date   : Wed Sep 30 16:17:46 2026
****************************************


  Timing Path Group 'core_clk'
  -----------------------------------
  Levels of Logic:              69.00
  Critical Path Length:          2.07
  Critical Path Slack:          -0.17
  Critical Path Clk Period:      3.00
  Total Negative Slack:         -8.00
  No. of Violating Paths:       51.00
  Worst Hold Violation:         -0.00
  Total Hold Violation:         -0.03
  No. of Hold Violations:       25.00
  -----------------------------------


  Cell Count
  -----------------------------------
  Hierarchical Cell Count:         21
  Hierarchical Port Count:       5037
  Leaf Cell Count:              30156
  Buf/Inv Cell Count:            9308
  Buf Cell Count:                 949
  Inv Cell Count:                8359
  CT Buf/Inv Cell Count:            0
  Combinational Cell Count:     28182
  Sequential Cell Count:         1974
  Macro Count:                      0
  -----------------------------------


  Area
  -----------------------------------
  Combinational Area:    72119.206613
  Noncombinational Area: 15748.769051
  Buf/Inv Area:          15359.719437
  Total Buffer Area:          2241.85
  Total Inverter Area:       13117.87
  Macro/Black Box Area:      0.000000
  Net Area:                  0.000000
  -----------------------------------
  Cell Area:             87867.975663
  Design Area:           87867.975663


  Design Rules
  -----------------------------------
  Total Number of Nets:         30346
  Nets With Violations:          6411
  Max Trans Violations:             0
  Max Cap Violations:            6411
  -----------------------------------


  Hostname: ecellvm-07.engr.ucsb.edu

  Compile CPU Statistics
  -----------------------------------------
  Resource Sharing:                   43.14
  Logic Optimization:                 66.79
  Mapping Optimization:              370.45
  -----------------------------------------
  Overall Compile Time:              484.60
  Overall Compile Wall Clock Time:   485.63

  --------------------------------------------------------------------

  Design  WNS: 0.17  TNS: 8.00  Number of Violating Paths: 51


  Design (Hold)  WNS: 0.00  TNS: 0.03  Number of Violating Paths: 25

  --------------------------------------------------------------------


1
