 
****************************************
Report : qor
Design : mc_top_Q_DEPTH32_SCHED_POLICY1_AGING_ENABLE1
Version: R-2020.09-SP4
Date   : Tue Sep 22 18:42:34 2026
****************************************


  Timing Path Group 'core_clk'
  -----------------------------------
  Levels of Logic:              93.00
  Critical Path Length:          4.83
  Critical Path Slack:           0.00
  Critical Path Clk Period:      5.00
  Total Negative Slack:          0.00
  No. of Violating Paths:        0.00
  Worst Hold Violation:         -0.05
  Total Hold Violation:         -0.34
  No. of Hold Violations:       33.00
  -----------------------------------


  Cell Count
  -----------------------------------
  Hierarchical Cell Count:         37
  Hierarchical Port Count:      11767
  Leaf Cell Count:              80417
  Buf/Inv Cell Count:           16974
  Buf Cell Count:                1441
  Inv Cell Count:               15533
  CT Buf/Inv Cell Count:            0
  Combinational Cell Count:     76066
  Sequential Cell Count:         4351
  Macro Count:                      0
  -----------------------------------


  Area
  -----------------------------------
  Combinational Area:   206766.066287
  Noncombinational Area: 34712.712330
  Buf/Inv Area:          26386.861338
  Total Buffer Area:          3399.61
  Total Inverter Area:       22987.25
  Macro/Black Box Area:      0.000000
  Net Area:                  0.000000
  -----------------------------------
  Cell Area:            241478.778617
  Design Area:          241478.778617


  Design Rules
  -----------------------------------
  Total Number of Nets:         80703
  Nets With Violations:         20694
  Max Trans Violations:             0
  Max Cap Violations:           20694
  -----------------------------------


  Hostname: redacted-lab-host

  Compile CPU Statistics
  -----------------------------------------
  Resource Sharing:                  189.08
  Logic Optimization:                 54.86
  Mapping Optimization:              219.46
  -----------------------------------------
  Overall Compile Time:              476.92
  Overall Compile Wall Clock Time:   479.78

  --------------------------------------------------------------------

  Design  WNS: 0.00  TNS: 0.00  Number of Violating Paths: 0


  Design (Hold)  WNS: 0.05  TNS: 0.34  Number of Violating Paths: 33

  --------------------------------------------------------------------


1
