
****************************************
check_design summary:
Version:     R-2020.09-SP4
Date:        Wed Sep 30 19:23:49 2026
****************************************

                   Name                                            Total
--------------------------------------------------------------------------------
Inputs/Outputs                                                    320
    Unconnected ports (LINT-28)                                   320

Cells                                                             166
    Connected to power or ground (LINT-32)                         32
    Nets connected to multiple pins on same cell (LINT-33)        134
--------------------------------------------------------------------------------

Warning: In design 'mc_candidates_Q_DEPTH16_ROW_W8_COL_W6', port 'addresses[247]' is not connected to any nets. (LINT-28)
Warning: In design 'mc_candidates_Q_DEPTH16_ROW_W8_COL_W6', port 'addresses[246]' is not connected to any nets. (LINT-28)
Warning: In design 'mc_candidates_Q_DEPTH16_ROW_W8_COL_W6', port 'addresses[245]' is not connected to any nets. (LINT-28)
Warning: In design 'mc_candidates_Q_DEPTH16_ROW_W8_COL_W6', port 'addresses[244]' is not connected to any nets. (LINT-28)
Warning: In design 'mc_candidates_Q_DEPTH16_ROW_W8_COL_W6', port 'addresses[243]' is not connected to any nets. (LINT-28)
Warning: In design 'mc_candidates_Q_DEPTH16_ROW_W8_COL_W6', port 'addresses[242]' is not connected to any nets. (LINT-28)
Warning: In design 'mc_candidates_Q_DEPTH16_ROW_W8_COL_W6', port 'addresses[231]' is not connected to any nets. (LINT-28)
Warning: In design 'mc_candidates_Q_DEPTH16_ROW_W8_COL_W6', port 'addresses[230]' is not connected to any nets. (LINT-28)
Warning: In design 'mc_candidates_Q_DEPTH16_ROW_W8_COL_W6', port 'addresses[229]' is not connected to any nets. (LINT-28)
Warning: In design 'mc_candidates_Q_DEPTH16_ROW_W8_COL_W6', port 'addresses[228]' is not connected to any nets. (LINT-28)
Warning: In design 'mc_candidates_Q_DEPTH16_ROW_W8_COL_W6', port 'addresses[227]' is not connected to any nets. (LINT-28)
Warning: In design 'mc_candidates_Q_DEPTH16_ROW_W8_COL_W6', port 'addresses[226]' is not connected to any nets. (LINT-28)
Warning: In design 'mc_candidates_Q_DEPTH16_ROW_W8_COL_W6', port 'addresses[215]' is not connected to any nets. (LINT-28)
Warning: In design 'mc_candidates_Q_DEPTH16_ROW_W8_COL_W6', port 'addresses[214]' is not connected to any nets. (LINT-28)
Warning: In design 'mc_candidates_Q_DEPTH16_ROW_W8_COL_W6', port 'addresses[213]' is not connected to any nets. (LINT-28)
Warning: In design 'mc_candidates_Q_DEPTH16_ROW_W8_COL_W6', port 'addresses[212]' is not connected to any nets. (LINT-28)
Warning: In design 'mc_candidates_Q_DEPTH16_ROW_W8_COL_W6', port 'addresses[211]' is not connected to any nets. (LINT-28)
Warning: In design 'mc_candidates_Q_DEPTH16_ROW_W8_COL_W6', port 'addresses[210]' is not connected to any nets. (LINT-28)
Warning: In design 'mc_candidates_Q_DEPTH16_ROW_W8_COL_W6', port 'addresses[199]' is not connected to any nets. (LINT-28)
Warning: In design 'mc_candidates_Q_DEPTH16_ROW_W8_COL_W6', port 'addresses[198]' is not connected to any nets. (LINT-28)
Warning: In design 'mc_candidates_Q_DEPTH16_ROW_W8_COL_W6', port 'addresses[197]' is not connected to any nets. (LINT-28)
Warning: In design 'mc_candidates_Q_DEPTH16_ROW_W8_COL_W6', port 'addresses[196]' is not connected to any nets. (LINT-28)
Warning: In design 'mc_candidates_Q_DEPTH16_ROW_W8_COL_W6', port 'addresses[195]' is not connected to any nets. (LINT-28)
Warning: In design 'mc_candidates_Q_DEPTH16_ROW_W8_COL_W6', port 'addresses[194]' is not connected to any nets. (LINT-28)
Warning: In design 'mc_candidates_Q_DEPTH16_ROW_W8_COL_W6', port 'addresses[183]' is not connected to any nets. (LINT-28)
Warning: In design 'mc_candidates_Q_DEPTH16_ROW_W8_COL_W6', port 'addresses[182]' is not connected to any nets. (LINT-28)
Warning: In design 'mc_candidates_Q_DEPTH16_ROW_W8_COL_W6', port 'addresses[181]' is not connected to any nets. (LINT-28)
Warning: In design 'mc_candidates_Q_DEPTH16_ROW_W8_COL_W6', port 'addresses[180]' is not connected to any nets. (LINT-28)
Warning: In design 'mc_candidates_Q_DEPTH16_ROW_W8_COL_W6', port 'addresses[179]' is not connected to any nets. (LINT-28)
Warning: In design 'mc_candidates_Q_DEPTH16_ROW_W8_COL_W6', port 'addresses[178]' is not connected to any nets. (LINT-28)
Warning: In design 'mc_candidates_Q_DEPTH16_ROW_W8_COL_W6', port 'addresses[167]' is not connected to any nets. (LINT-28)
Warning: In design 'mc_candidates_Q_DEPTH16_ROW_W8_COL_W6', port 'addresses[166]' is not connected to any nets. (LINT-28)
Warning: In design 'mc_candidates_Q_DEPTH16_ROW_W8_COL_W6', port 'addresses[165]' is not connected to any nets. (LINT-28)
Warning: In design 'mc_candidates_Q_DEPTH16_ROW_W8_COL_W6', port 'addresses[164]' is not connected to any nets. (LINT-28)
Warning: In design 'mc_candidates_Q_DEPTH16_ROW_W8_COL_W6', port 'addresses[163]' is not connected to any nets. (LINT-28)
Warning: In design 'mc_candidates_Q_DEPTH16_ROW_W8_COL_W6', port 'addresses[162]' is not connected to any nets. (LINT-28)
Warning: In design 'mc_candidates_Q_DEPTH16_ROW_W8_COL_W6', port 'addresses[151]' is not connected to any nets. (LINT-28)
Warning: In design 'mc_candidates_Q_DEPTH16_ROW_W8_COL_W6', port 'addresses[150]' is not connected to any nets. (LINT-28)
Warning: In design 'mc_candidates_Q_DEPTH16_ROW_W8_COL_W6', port 'addresses[149]' is not connected to any nets. (LINT-28)
Warning: In design 'mc_candidates_Q_DEPTH16_ROW_W8_COL_W6', port 'addresses[148]' is not connected to any nets. (LINT-28)
Warning: In design 'mc_candidates_Q_DEPTH16_ROW_W8_COL_W6', port 'addresses[147]' is not connected to any nets. (LINT-28)
Warning: In design 'mc_candidates_Q_DEPTH16_ROW_W8_COL_W6', port 'addresses[146]' is not connected to any nets. (LINT-28)
Warning: In design 'mc_candidates_Q_DEPTH16_ROW_W8_COL_W6', port 'addresses[135]' is not connected to any nets. (LINT-28)
Warning: In design 'mc_candidates_Q_DEPTH16_ROW_W8_COL_W6', port 'addresses[134]' is not connected to any nets. (LINT-28)
Warning: In design 'mc_candidates_Q_DEPTH16_ROW_W8_COL_W6', port 'addresses[133]' is not connected to any nets. (LINT-28)
Warning: In design 'mc_candidates_Q_DEPTH16_ROW_W8_COL_W6', port 'addresses[132]' is not connected to any nets. (LINT-28)
Warning: In design 'mc_candidates_Q_DEPTH16_ROW_W8_COL_W6', port 'addresses[131]' is not connected to any nets. (LINT-28)
Warning: In design 'mc_candidates_Q_DEPTH16_ROW_W8_COL_W6', port 'addresses[130]' is not connected to any nets. (LINT-28)
Warning: In design 'mc_candidates_Q_DEPTH16_ROW_W8_COL_W6', port 'addresses[119]' is not connected to any nets. (LINT-28)
Warning: In design 'mc_candidates_Q_DEPTH16_ROW_W8_COL_W6', port 'addresses[118]' is not connected to any nets. (LINT-28)
Warning: In design 'mc_candidates_Q_DEPTH16_ROW_W8_COL_W6', port 'addresses[117]' is not connected to any nets. (LINT-28)
Warning: In design 'mc_candidates_Q_DEPTH16_ROW_W8_COL_W6', port 'addresses[116]' is not connected to any nets. (LINT-28)
Warning: In design 'mc_candidates_Q_DEPTH16_ROW_W8_COL_W6', port 'addresses[115]' is not connected to any nets. (LINT-28)
Warning: In design 'mc_candidates_Q_DEPTH16_ROW_W8_COL_W6', port 'addresses[114]' is not connected to any nets. (LINT-28)
Warning: In design 'mc_candidates_Q_DEPTH16_ROW_W8_COL_W6', port 'addresses[103]' is not connected to any nets. (LINT-28)
Warning: In design 'mc_candidates_Q_DEPTH16_ROW_W8_COL_W6', port 'addresses[102]' is not connected to any nets. (LINT-28)
Warning: In design 'mc_candidates_Q_DEPTH16_ROW_W8_COL_W6', port 'addresses[101]' is not connected to any nets. (LINT-28)
Warning: In design 'mc_candidates_Q_DEPTH16_ROW_W8_COL_W6', port 'addresses[100]' is not connected to any nets. (LINT-28)
Warning: In design 'mc_candidates_Q_DEPTH16_ROW_W8_COL_W6', port 'addresses[99]' is not connected to any nets. (LINT-28)
Warning: In design 'mc_candidates_Q_DEPTH16_ROW_W8_COL_W6', port 'addresses[98]' is not connected to any nets. (LINT-28)
Warning: In design 'mc_candidates_Q_DEPTH16_ROW_W8_COL_W6', port 'addresses[87]' is not connected to any nets. (LINT-28)
Warning: In design 'mc_candidates_Q_DEPTH16_ROW_W8_COL_W6', port 'addresses[86]' is not connected to any nets. (LINT-28)
Warning: In design 'mc_candidates_Q_DEPTH16_ROW_W8_COL_W6', port 'addresses[85]' is not connected to any nets. (LINT-28)
Warning: In design 'mc_candidates_Q_DEPTH16_ROW_W8_COL_W6', port 'addresses[84]' is not connected to any nets. (LINT-28)
Warning: In design 'mc_candidates_Q_DEPTH16_ROW_W8_COL_W6', port 'addresses[83]' is not connected to any nets. (LINT-28)
Warning: In design 'mc_candidates_Q_DEPTH16_ROW_W8_COL_W6', port 'addresses[82]' is not connected to any nets. (LINT-28)
Warning: In design 'mc_candidates_Q_DEPTH16_ROW_W8_COL_W6', port 'addresses[71]' is not connected to any nets. (LINT-28)
Warning: In design 'mc_candidates_Q_DEPTH16_ROW_W8_COL_W6', port 'addresses[70]' is not connected to any nets. (LINT-28)
Warning: In design 'mc_candidates_Q_DEPTH16_ROW_W8_COL_W6', port 'addresses[69]' is not connected to any nets. (LINT-28)
Warning: In design 'mc_candidates_Q_DEPTH16_ROW_W8_COL_W6', port 'addresses[68]' is not connected to any nets. (LINT-28)
Warning: In design 'mc_candidates_Q_DEPTH16_ROW_W8_COL_W6', port 'addresses[67]' is not connected to any nets. (LINT-28)
Warning: In design 'mc_candidates_Q_DEPTH16_ROW_W8_COL_W6', port 'addresses[66]' is not connected to any nets. (LINT-28)
Warning: In design 'mc_candidates_Q_DEPTH16_ROW_W8_COL_W6', port 'addresses[55]' is not connected to any nets. (LINT-28)
Warning: In design 'mc_candidates_Q_DEPTH16_ROW_W8_COL_W6', port 'addresses[54]' is not connected to any nets. (LINT-28)
Warning: In design 'mc_candidates_Q_DEPTH16_ROW_W8_COL_W6', port 'addresses[53]' is not connected to any nets. (LINT-28)
Warning: In design 'mc_candidates_Q_DEPTH16_ROW_W8_COL_W6', port 'addresses[52]' is not connected to any nets. (LINT-28)
Warning: In design 'mc_candidates_Q_DEPTH16_ROW_W8_COL_W6', port 'addresses[51]' is not connected to any nets. (LINT-28)
Warning: In design 'mc_candidates_Q_DEPTH16_ROW_W8_COL_W6', port 'addresses[50]' is not connected to any nets. (LINT-28)
Warning: In design 'mc_candidates_Q_DEPTH16_ROW_W8_COL_W6', port 'addresses[39]' is not connected to any nets. (LINT-28)
Warning: In design 'mc_candidates_Q_DEPTH16_ROW_W8_COL_W6', port 'addresses[38]' is not connected to any nets. (LINT-28)
Warning: In design 'mc_candidates_Q_DEPTH16_ROW_W8_COL_W6', port 'addresses[37]' is not connected to any nets. (LINT-28)
Warning: In design 'mc_candidates_Q_DEPTH16_ROW_W8_COL_W6', port 'addresses[36]' is not connected to any nets. (LINT-28)
Warning: In design 'mc_candidates_Q_DEPTH16_ROW_W8_COL_W6', port 'addresses[35]' is not connected to any nets. (LINT-28)
Warning: In design 'mc_candidates_Q_DEPTH16_ROW_W8_COL_W6', port 'addresses[34]' is not connected to any nets. (LINT-28)
Warning: In design 'mc_candidates_Q_DEPTH16_ROW_W8_COL_W6', port 'addresses[23]' is not connected to any nets. (LINT-28)
Warning: In design 'mc_candidates_Q_DEPTH16_ROW_W8_COL_W6', port 'addresses[22]' is not connected to any nets. (LINT-28)
Warning: In design 'mc_candidates_Q_DEPTH16_ROW_W8_COL_W6', port 'addresses[21]' is not connected to any nets. (LINT-28)
Warning: In design 'mc_candidates_Q_DEPTH16_ROW_W8_COL_W6', port 'addresses[20]' is not connected to any nets. (LINT-28)
Warning: In design 'mc_candidates_Q_DEPTH16_ROW_W8_COL_W6', port 'addresses[19]' is not connected to any nets. (LINT-28)
Warning: In design 'mc_candidates_Q_DEPTH16_ROW_W8_COL_W6', port 'addresses[18]' is not connected to any nets. (LINT-28)
Warning: In design 'mc_candidates_Q_DEPTH16_ROW_W8_COL_W6', port 'addresses[7]' is not connected to any nets. (LINT-28)
Warning: In design 'mc_candidates_Q_DEPTH16_ROW_W8_COL_W6', port 'addresses[6]' is not connected to any nets. (LINT-28)
Warning: In design 'mc_candidates_Q_DEPTH16_ROW_W8_COL_W6', port 'addresses[5]' is not connected to any nets. (LINT-28)
Warning: In design 'mc_candidates_Q_DEPTH16_ROW_W8_COL_W6', port 'addresses[4]' is not connected to any nets. (LINT-28)
Warning: In design 'mc_candidates_Q_DEPTH16_ROW_W8_COL_W6', port 'addresses[3]' is not connected to any nets. (LINT-28)
Warning: In design 'mc_candidates_Q_DEPTH16_ROW_W8_COL_W6', port 'addresses[2]' is not connected to any nets. (LINT-28)
Warning: In design 'mc_scheduler_frfcfs_Q_DEPTH16_ADDR_W16_AGE_LIMIT128_AGING_ENABLE1', port 'addresses[255]' is not connected to any nets. (LINT-28)
Warning: In design 'mc_scheduler_frfcfs_Q_DEPTH16_ADDR_W16_AGE_LIMIT128_AGING_ENABLE1', port 'addresses[254]' is not connected to any nets. (LINT-28)
Warning: In design 'mc_scheduler_frfcfs_Q_DEPTH16_ADDR_W16_AGE_LIMIT128_AGING_ENABLE1', port 'addresses[253]' is not connected to any nets. (LINT-28)
Warning: In design 'mc_scheduler_frfcfs_Q_DEPTH16_ADDR_W16_AGE_LIMIT128_AGING_ENABLE1', port 'addresses[252]' is not connected to any nets. (LINT-28)
Warning: In design 'mc_scheduler_frfcfs_Q_DEPTH16_ADDR_W16_AGE_LIMIT128_AGING_ENABLE1', port 'addresses[251]' is not connected to any nets. (LINT-28)
Warning: In design 'mc_scheduler_frfcfs_Q_DEPTH16_ADDR_W16_AGE_LIMIT128_AGING_ENABLE1', port 'addresses[250]' is not connected to any nets. (LINT-28)
Warning: In design 'mc_scheduler_frfcfs_Q_DEPTH16_ADDR_W16_AGE_LIMIT128_AGING_ENABLE1', port 'addresses[249]' is not connected to any nets. (LINT-28)
Warning: In design 'mc_scheduler_frfcfs_Q_DEPTH16_ADDR_W16_AGE_LIMIT128_AGING_ENABLE1', port 'addresses[248]' is not connected to any nets. (LINT-28)
Warning: In design 'mc_scheduler_frfcfs_Q_DEPTH16_ADDR_W16_AGE_LIMIT128_AGING_ENABLE1', port 'addresses[247]' is not connected to any nets. (LINT-28)
Warning: In design 'mc_scheduler_frfcfs_Q_DEPTH16_ADDR_W16_AGE_LIMIT128_AGING_ENABLE1', port 'addresses[246]' is not connected to any nets. (LINT-28)
Warning: In design 'mc_scheduler_frfcfs_Q_DEPTH16_ADDR_W16_AGE_LIMIT128_AGING_ENABLE1', port 'addresses[245]' is not connected to any nets. (LINT-28)
Warning: In design 'mc_scheduler_frfcfs_Q_DEPTH16_ADDR_W16_AGE_LIMIT128_AGING_ENABLE1', port 'addresses[244]' is not connected to any nets. (LINT-28)
Warning: In design 'mc_scheduler_frfcfs_Q_DEPTH16_ADDR_W16_AGE_LIMIT128_AGING_ENABLE1', port 'addresses[243]' is not connected to any nets. (LINT-28)
Warning: In design 'mc_scheduler_frfcfs_Q_DEPTH16_ADDR_W16_AGE_LIMIT128_AGING_ENABLE1', port 'addresses[242]' is not connected to any nets. (LINT-28)
Warning: In design 'mc_scheduler_frfcfs_Q_DEPTH16_ADDR_W16_AGE_LIMIT128_AGING_ENABLE1', port 'addresses[239]' is not connected to any nets. (LINT-28)
Warning: In design 'mc_scheduler_frfcfs_Q_DEPTH16_ADDR_W16_AGE_LIMIT128_AGING_ENABLE1', port 'addresses[238]' is not connected to any nets. (LINT-28)
Warning: In design 'mc_scheduler_frfcfs_Q_DEPTH16_ADDR_W16_AGE_LIMIT128_AGING_ENABLE1', port 'addresses[237]' is not connected to any nets. (LINT-28)
Warning: In design 'mc_scheduler_frfcfs_Q_DEPTH16_ADDR_W16_AGE_LIMIT128_AGING_ENABLE1', port 'addresses[236]' is not connected to any nets. (LINT-28)
Warning: In design 'mc_scheduler_frfcfs_Q_DEPTH16_ADDR_W16_AGE_LIMIT128_AGING_ENABLE1', port 'addresses[235]' is not connected to any nets. (LINT-28)
Warning: In design 'mc_scheduler_frfcfs_Q_DEPTH16_ADDR_W16_AGE_LIMIT128_AGING_ENABLE1', port 'addresses[234]' is not connected to any nets. (LINT-28)
Warning: In design 'mc_scheduler_frfcfs_Q_DEPTH16_ADDR_W16_AGE_LIMIT128_AGING_ENABLE1', port 'addresses[233]' is not connected to any nets. (LINT-28)
Warning: In design 'mc_scheduler_frfcfs_Q_DEPTH16_ADDR_W16_AGE_LIMIT128_AGING_ENABLE1', port 'addresses[232]' is not connected to any nets. (LINT-28)
Warning: In design 'mc_scheduler_frfcfs_Q_DEPTH16_ADDR_W16_AGE_LIMIT128_AGING_ENABLE1', port 'addresses[231]' is not connected to any nets. (LINT-28)
Warning: In design 'mc_scheduler_frfcfs_Q_DEPTH16_ADDR_W16_AGE_LIMIT128_AGING_ENABLE1', port 'addresses[230]' is not connected to any nets. (LINT-28)
Warning: In design 'mc_scheduler_frfcfs_Q_DEPTH16_ADDR_W16_AGE_LIMIT128_AGING_ENABLE1', port 'addresses[229]' is not connected to any nets. (LINT-28)
Warning: In design 'mc_scheduler_frfcfs_Q_DEPTH16_ADDR_W16_AGE_LIMIT128_AGING_ENABLE1', port 'addresses[228]' is not connected to any nets. (LINT-28)
Warning: In design 'mc_scheduler_frfcfs_Q_DEPTH16_ADDR_W16_AGE_LIMIT128_AGING_ENABLE1', port 'addresses[227]' is not connected to any nets. (LINT-28)
Warning: In design 'mc_scheduler_frfcfs_Q_DEPTH16_ADDR_W16_AGE_LIMIT128_AGING_ENABLE1', port 'addresses[226]' is not connected to any nets. (LINT-28)
Warning: In design 'mc_scheduler_frfcfs_Q_DEPTH16_ADDR_W16_AGE_LIMIT128_AGING_ENABLE1', port 'addresses[223]' is not connected to any nets. (LINT-28)
Warning: In design 'mc_scheduler_frfcfs_Q_DEPTH16_ADDR_W16_AGE_LIMIT128_AGING_ENABLE1', port 'addresses[222]' is not connected to any nets. (LINT-28)
Warning: In design 'mc_scheduler_frfcfs_Q_DEPTH16_ADDR_W16_AGE_LIMIT128_AGING_ENABLE1', port 'addresses[221]' is not connected to any nets. (LINT-28)
Warning: In design 'mc_scheduler_frfcfs_Q_DEPTH16_ADDR_W16_AGE_LIMIT128_AGING_ENABLE1', port 'addresses[220]' is not connected to any nets. (LINT-28)
Warning: In design 'mc_scheduler_frfcfs_Q_DEPTH16_ADDR_W16_AGE_LIMIT128_AGING_ENABLE1', port 'addresses[219]' is not connected to any nets. (LINT-28)
Warning: In design 'mc_scheduler_frfcfs_Q_DEPTH16_ADDR_W16_AGE_LIMIT128_AGING_ENABLE1', port 'addresses[218]' is not connected to any nets. (LINT-28)
Warning: In design 'mc_scheduler_frfcfs_Q_DEPTH16_ADDR_W16_AGE_LIMIT128_AGING_ENABLE1', port 'addresses[217]' is not connected to any nets. (LINT-28)
Warning: In design 'mc_scheduler_frfcfs_Q_DEPTH16_ADDR_W16_AGE_LIMIT128_AGING_ENABLE1', port 'addresses[216]' is not connected to any nets. (LINT-28)
Warning: In design 'mc_scheduler_frfcfs_Q_DEPTH16_ADDR_W16_AGE_LIMIT128_AGING_ENABLE1', port 'addresses[215]' is not connected to any nets. (LINT-28)
Warning: In design 'mc_scheduler_frfcfs_Q_DEPTH16_ADDR_W16_AGE_LIMIT128_AGING_ENABLE1', port 'addresses[214]' is not connected to any nets. (LINT-28)
Warning: In design 'mc_scheduler_frfcfs_Q_DEPTH16_ADDR_W16_AGE_LIMIT128_AGING_ENABLE1', port 'addresses[213]' is not connected to any nets. (LINT-28)
Warning: In design 'mc_scheduler_frfcfs_Q_DEPTH16_ADDR_W16_AGE_LIMIT128_AGING_ENABLE1', port 'addresses[212]' is not connected to any nets. (LINT-28)
Warning: In design 'mc_scheduler_frfcfs_Q_DEPTH16_ADDR_W16_AGE_LIMIT128_AGING_ENABLE1', port 'addresses[211]' is not connected to any nets. (LINT-28)
Warning: In design 'mc_scheduler_frfcfs_Q_DEPTH16_ADDR_W16_AGE_LIMIT128_AGING_ENABLE1', port 'addresses[210]' is not connected to any nets. (LINT-28)
Warning: In design 'mc_scheduler_frfcfs_Q_DEPTH16_ADDR_W16_AGE_LIMIT128_AGING_ENABLE1', port 'addresses[207]' is not connected to any nets. (LINT-28)
Warning: In design 'mc_scheduler_frfcfs_Q_DEPTH16_ADDR_W16_AGE_LIMIT128_AGING_ENABLE1', port 'addresses[206]' is not connected to any nets. (LINT-28)
Warning: In design 'mc_scheduler_frfcfs_Q_DEPTH16_ADDR_W16_AGE_LIMIT128_AGING_ENABLE1', port 'addresses[205]' is not connected to any nets. (LINT-28)
Warning: In design 'mc_scheduler_frfcfs_Q_DEPTH16_ADDR_W16_AGE_LIMIT128_AGING_ENABLE1', port 'addresses[204]' is not connected to any nets. (LINT-28)
Warning: In design 'mc_scheduler_frfcfs_Q_DEPTH16_ADDR_W16_AGE_LIMIT128_AGING_ENABLE1', port 'addresses[203]' is not connected to any nets. (LINT-28)
Warning: In design 'mc_scheduler_frfcfs_Q_DEPTH16_ADDR_W16_AGE_LIMIT128_AGING_ENABLE1', port 'addresses[202]' is not connected to any nets. (LINT-28)
Warning: In design 'mc_scheduler_frfcfs_Q_DEPTH16_ADDR_W16_AGE_LIMIT128_AGING_ENABLE1', port 'addresses[201]' is not connected to any nets. (LINT-28)
Warning: In design 'mc_scheduler_frfcfs_Q_DEPTH16_ADDR_W16_AGE_LIMIT128_AGING_ENABLE1', port 'addresses[200]' is not connected to any nets. (LINT-28)
Warning: In design 'mc_scheduler_frfcfs_Q_DEPTH16_ADDR_W16_AGE_LIMIT128_AGING_ENABLE1', port 'addresses[199]' is not connected to any nets. (LINT-28)
Warning: In design 'mc_scheduler_frfcfs_Q_DEPTH16_ADDR_W16_AGE_LIMIT128_AGING_ENABLE1', port 'addresses[198]' is not connected to any nets. (LINT-28)
Warning: In design 'mc_scheduler_frfcfs_Q_DEPTH16_ADDR_W16_AGE_LIMIT128_AGING_ENABLE1', port 'addresses[197]' is not connected to any nets. (LINT-28)
Warning: In design 'mc_scheduler_frfcfs_Q_DEPTH16_ADDR_W16_AGE_LIMIT128_AGING_ENABLE1', port 'addresses[196]' is not connected to any nets. (LINT-28)
Warning: In design 'mc_scheduler_frfcfs_Q_DEPTH16_ADDR_W16_AGE_LIMIT128_AGING_ENABLE1', port 'addresses[195]' is not connected to any nets. (LINT-28)
Warning: In design 'mc_scheduler_frfcfs_Q_DEPTH16_ADDR_W16_AGE_LIMIT128_AGING_ENABLE1', port 'addresses[194]' is not connected to any nets. (LINT-28)
Warning: In design 'mc_scheduler_frfcfs_Q_DEPTH16_ADDR_W16_AGE_LIMIT128_AGING_ENABLE1', port 'addresses[191]' is not connected to any nets. (LINT-28)
Warning: In design 'mc_scheduler_frfcfs_Q_DEPTH16_ADDR_W16_AGE_LIMIT128_AGING_ENABLE1', port 'addresses[190]' is not connected to any nets. (LINT-28)
Warning: In design 'mc_scheduler_frfcfs_Q_DEPTH16_ADDR_W16_AGE_LIMIT128_AGING_ENABLE1', port 'addresses[189]' is not connected to any nets. (LINT-28)
Warning: In design 'mc_scheduler_frfcfs_Q_DEPTH16_ADDR_W16_AGE_LIMIT128_AGING_ENABLE1', port 'addresses[188]' is not connected to any nets. (LINT-28)
Warning: In design 'mc_scheduler_frfcfs_Q_DEPTH16_ADDR_W16_AGE_LIMIT128_AGING_ENABLE1', port 'addresses[187]' is not connected to any nets. (LINT-28)
Warning: In design 'mc_scheduler_frfcfs_Q_DEPTH16_ADDR_W16_AGE_LIMIT128_AGING_ENABLE1', port 'addresses[186]' is not connected to any nets. (LINT-28)
Warning: In design 'mc_scheduler_frfcfs_Q_DEPTH16_ADDR_W16_AGE_LIMIT128_AGING_ENABLE1', port 'addresses[185]' is not connected to any nets. (LINT-28)
Warning: In design 'mc_scheduler_frfcfs_Q_DEPTH16_ADDR_W16_AGE_LIMIT128_AGING_ENABLE1', port 'addresses[184]' is not connected to any nets. (LINT-28)
Warning: In design 'mc_scheduler_frfcfs_Q_DEPTH16_ADDR_W16_AGE_LIMIT128_AGING_ENABLE1', port 'addresses[183]' is not connected to any nets. (LINT-28)
Warning: In design 'mc_scheduler_frfcfs_Q_DEPTH16_ADDR_W16_AGE_LIMIT128_AGING_ENABLE1', port 'addresses[182]' is not connected to any nets. (LINT-28)
Warning: In design 'mc_scheduler_frfcfs_Q_DEPTH16_ADDR_W16_AGE_LIMIT128_AGING_ENABLE1', port 'addresses[181]' is not connected to any nets. (LINT-28)
Warning: In design 'mc_scheduler_frfcfs_Q_DEPTH16_ADDR_W16_AGE_LIMIT128_AGING_ENABLE1', port 'addresses[180]' is not connected to any nets. (LINT-28)
Warning: In design 'mc_scheduler_frfcfs_Q_DEPTH16_ADDR_W16_AGE_LIMIT128_AGING_ENABLE1', port 'addresses[179]' is not connected to any nets. (LINT-28)
Warning: In design 'mc_scheduler_frfcfs_Q_DEPTH16_ADDR_W16_AGE_LIMIT128_AGING_ENABLE1', port 'addresses[178]' is not connected to any nets. (LINT-28)
Warning: In design 'mc_scheduler_frfcfs_Q_DEPTH16_ADDR_W16_AGE_LIMIT128_AGING_ENABLE1', port 'addresses[175]' is not connected to any nets. (LINT-28)
Warning: In design 'mc_scheduler_frfcfs_Q_DEPTH16_ADDR_W16_AGE_LIMIT128_AGING_ENABLE1', port 'addresses[174]' is not connected to any nets. (LINT-28)
Warning: In design 'mc_scheduler_frfcfs_Q_DEPTH16_ADDR_W16_AGE_LIMIT128_AGING_ENABLE1', port 'addresses[173]' is not connected to any nets. (LINT-28)
Warning: In design 'mc_scheduler_frfcfs_Q_DEPTH16_ADDR_W16_AGE_LIMIT128_AGING_ENABLE1', port 'addresses[172]' is not connected to any nets. (LINT-28)
Warning: In design 'mc_scheduler_frfcfs_Q_DEPTH16_ADDR_W16_AGE_LIMIT128_AGING_ENABLE1', port 'addresses[171]' is not connected to any nets. (LINT-28)
Warning: In design 'mc_scheduler_frfcfs_Q_DEPTH16_ADDR_W16_AGE_LIMIT128_AGING_ENABLE1', port 'addresses[170]' is not connected to any nets. (LINT-28)
Warning: In design 'mc_scheduler_frfcfs_Q_DEPTH16_ADDR_W16_AGE_LIMIT128_AGING_ENABLE1', port 'addresses[169]' is not connected to any nets. (LINT-28)
Warning: In design 'mc_scheduler_frfcfs_Q_DEPTH16_ADDR_W16_AGE_LIMIT128_AGING_ENABLE1', port 'addresses[168]' is not connected to any nets. (LINT-28)
Warning: In design 'mc_scheduler_frfcfs_Q_DEPTH16_ADDR_W16_AGE_LIMIT128_AGING_ENABLE1', port 'addresses[167]' is not connected to any nets. (LINT-28)
Warning: In design 'mc_scheduler_frfcfs_Q_DEPTH16_ADDR_W16_AGE_LIMIT128_AGING_ENABLE1', port 'addresses[166]' is not connected to any nets. (LINT-28)
Warning: In design 'mc_scheduler_frfcfs_Q_DEPTH16_ADDR_W16_AGE_LIMIT128_AGING_ENABLE1', port 'addresses[165]' is not connected to any nets. (LINT-28)
Warning: In design 'mc_scheduler_frfcfs_Q_DEPTH16_ADDR_W16_AGE_LIMIT128_AGING_ENABLE1', port 'addresses[164]' is not connected to any nets. (LINT-28)
Warning: In design 'mc_scheduler_frfcfs_Q_DEPTH16_ADDR_W16_AGE_LIMIT128_AGING_ENABLE1', port 'addresses[163]' is not connected to any nets. (LINT-28)
Warning: In design 'mc_scheduler_frfcfs_Q_DEPTH16_ADDR_W16_AGE_LIMIT128_AGING_ENABLE1', port 'addresses[162]' is not connected to any nets. (LINT-28)
Warning: In design 'mc_scheduler_frfcfs_Q_DEPTH16_ADDR_W16_AGE_LIMIT128_AGING_ENABLE1', port 'addresses[159]' is not connected to any nets. (LINT-28)
Warning: In design 'mc_scheduler_frfcfs_Q_DEPTH16_ADDR_W16_AGE_LIMIT128_AGING_ENABLE1', port 'addresses[158]' is not connected to any nets. (LINT-28)
Warning: In design 'mc_scheduler_frfcfs_Q_DEPTH16_ADDR_W16_AGE_LIMIT128_AGING_ENABLE1', port 'addresses[157]' is not connected to any nets. (LINT-28)
Warning: In design 'mc_scheduler_frfcfs_Q_DEPTH16_ADDR_W16_AGE_LIMIT128_AGING_ENABLE1', port 'addresses[156]' is not connected to any nets. (LINT-28)
Warning: In design 'mc_scheduler_frfcfs_Q_DEPTH16_ADDR_W16_AGE_LIMIT128_AGING_ENABLE1', port 'addresses[155]' is not connected to any nets. (LINT-28)
Warning: In design 'mc_scheduler_frfcfs_Q_DEPTH16_ADDR_W16_AGE_LIMIT128_AGING_ENABLE1', port 'addresses[154]' is not connected to any nets. (LINT-28)
Warning: In design 'mc_scheduler_frfcfs_Q_DEPTH16_ADDR_W16_AGE_LIMIT128_AGING_ENABLE1', port 'addresses[153]' is not connected to any nets. (LINT-28)
Warning: In design 'mc_scheduler_frfcfs_Q_DEPTH16_ADDR_W16_AGE_LIMIT128_AGING_ENABLE1', port 'addresses[152]' is not connected to any nets. (LINT-28)
Warning: In design 'mc_scheduler_frfcfs_Q_DEPTH16_ADDR_W16_AGE_LIMIT128_AGING_ENABLE1', port 'addresses[151]' is not connected to any nets. (LINT-28)
Warning: In design 'mc_scheduler_frfcfs_Q_DEPTH16_ADDR_W16_AGE_LIMIT128_AGING_ENABLE1', port 'addresses[150]' is not connected to any nets. (LINT-28)
Warning: In design 'mc_scheduler_frfcfs_Q_DEPTH16_ADDR_W16_AGE_LIMIT128_AGING_ENABLE1', port 'addresses[149]' is not connected to any nets. (LINT-28)
Warning: In design 'mc_scheduler_frfcfs_Q_DEPTH16_ADDR_W16_AGE_LIMIT128_AGING_ENABLE1', port 'addresses[148]' is not connected to any nets. (LINT-28)
Warning: In design 'mc_scheduler_frfcfs_Q_DEPTH16_ADDR_W16_AGE_LIMIT128_AGING_ENABLE1', port 'addresses[147]' is not connected to any nets. (LINT-28)
Warning: In design 'mc_scheduler_frfcfs_Q_DEPTH16_ADDR_W16_AGE_LIMIT128_AGING_ENABLE1', port 'addresses[146]' is not connected to any nets. (LINT-28)
Warning: In design 'mc_scheduler_frfcfs_Q_DEPTH16_ADDR_W16_AGE_LIMIT128_AGING_ENABLE1', port 'addresses[143]' is not connected to any nets. (LINT-28)
Warning: In design 'mc_scheduler_frfcfs_Q_DEPTH16_ADDR_W16_AGE_LIMIT128_AGING_ENABLE1', port 'addresses[142]' is not connected to any nets. (LINT-28)
Warning: In design 'mc_scheduler_frfcfs_Q_DEPTH16_ADDR_W16_AGE_LIMIT128_AGING_ENABLE1', port 'addresses[141]' is not connected to any nets. (LINT-28)
Warning: In design 'mc_scheduler_frfcfs_Q_DEPTH16_ADDR_W16_AGE_LIMIT128_AGING_ENABLE1', port 'addresses[140]' is not connected to any nets. (LINT-28)
Warning: In design 'mc_scheduler_frfcfs_Q_DEPTH16_ADDR_W16_AGE_LIMIT128_AGING_ENABLE1', port 'addresses[139]' is not connected to any nets. (LINT-28)
Warning: In design 'mc_scheduler_frfcfs_Q_DEPTH16_ADDR_W16_AGE_LIMIT128_AGING_ENABLE1', port 'addresses[138]' is not connected to any nets. (LINT-28)
Warning: In design 'mc_scheduler_frfcfs_Q_DEPTH16_ADDR_W16_AGE_LIMIT128_AGING_ENABLE1', port 'addresses[137]' is not connected to any nets. (LINT-28)
Warning: In design 'mc_scheduler_frfcfs_Q_DEPTH16_ADDR_W16_AGE_LIMIT128_AGING_ENABLE1', port 'addresses[136]' is not connected to any nets. (LINT-28)
Warning: In design 'mc_scheduler_frfcfs_Q_DEPTH16_ADDR_W16_AGE_LIMIT128_AGING_ENABLE1', port 'addresses[135]' is not connected to any nets. (LINT-28)
Warning: In design 'mc_scheduler_frfcfs_Q_DEPTH16_ADDR_W16_AGE_LIMIT128_AGING_ENABLE1', port 'addresses[134]' is not connected to any nets. (LINT-28)
Warning: In design 'mc_scheduler_frfcfs_Q_DEPTH16_ADDR_W16_AGE_LIMIT128_AGING_ENABLE1', port 'addresses[133]' is not connected to any nets. (LINT-28)
Warning: In design 'mc_scheduler_frfcfs_Q_DEPTH16_ADDR_W16_AGE_LIMIT128_AGING_ENABLE1', port 'addresses[132]' is not connected to any nets. (LINT-28)
Warning: In design 'mc_scheduler_frfcfs_Q_DEPTH16_ADDR_W16_AGE_LIMIT128_AGING_ENABLE1', port 'addresses[131]' is not connected to any nets. (LINT-28)
Warning: In design 'mc_scheduler_frfcfs_Q_DEPTH16_ADDR_W16_AGE_LIMIT128_AGING_ENABLE1', port 'addresses[130]' is not connected to any nets. (LINT-28)
Warning: In design 'mc_scheduler_frfcfs_Q_DEPTH16_ADDR_W16_AGE_LIMIT128_AGING_ENABLE1', port 'addresses[127]' is not connected to any nets. (LINT-28)
Warning: In design 'mc_scheduler_frfcfs_Q_DEPTH16_ADDR_W16_AGE_LIMIT128_AGING_ENABLE1', port 'addresses[126]' is not connected to any nets. (LINT-28)
Warning: In design 'mc_scheduler_frfcfs_Q_DEPTH16_ADDR_W16_AGE_LIMIT128_AGING_ENABLE1', port 'addresses[125]' is not connected to any nets. (LINT-28)
Warning: In design 'mc_scheduler_frfcfs_Q_DEPTH16_ADDR_W16_AGE_LIMIT128_AGING_ENABLE1', port 'addresses[124]' is not connected to any nets. (LINT-28)
Warning: In design 'mc_scheduler_frfcfs_Q_DEPTH16_ADDR_W16_AGE_LIMIT128_AGING_ENABLE1', port 'addresses[123]' is not connected to any nets. (LINT-28)
Warning: In design 'mc_scheduler_frfcfs_Q_DEPTH16_ADDR_W16_AGE_LIMIT128_AGING_ENABLE1', port 'addresses[122]' is not connected to any nets. (LINT-28)
Warning: In design 'mc_scheduler_frfcfs_Q_DEPTH16_ADDR_W16_AGE_LIMIT128_AGING_ENABLE1', port 'addresses[121]' is not connected to any nets. (LINT-28)
Warning: In design 'mc_scheduler_frfcfs_Q_DEPTH16_ADDR_W16_AGE_LIMIT128_AGING_ENABLE1', port 'addresses[120]' is not connected to any nets. (LINT-28)
Warning: In design 'mc_scheduler_frfcfs_Q_DEPTH16_ADDR_W16_AGE_LIMIT128_AGING_ENABLE1', port 'addresses[119]' is not connected to any nets. (LINT-28)
Warning: In design 'mc_scheduler_frfcfs_Q_DEPTH16_ADDR_W16_AGE_LIMIT128_AGING_ENABLE1', port 'addresses[118]' is not connected to any nets. (LINT-28)
Warning: In design 'mc_scheduler_frfcfs_Q_DEPTH16_ADDR_W16_AGE_LIMIT128_AGING_ENABLE1', port 'addresses[117]' is not connected to any nets. (LINT-28)
Warning: In design 'mc_scheduler_frfcfs_Q_DEPTH16_ADDR_W16_AGE_LIMIT128_AGING_ENABLE1', port 'addresses[116]' is not connected to any nets. (LINT-28)
Warning: In design 'mc_scheduler_frfcfs_Q_DEPTH16_ADDR_W16_AGE_LIMIT128_AGING_ENABLE1', port 'addresses[115]' is not connected to any nets. (LINT-28)
Warning: In design 'mc_scheduler_frfcfs_Q_DEPTH16_ADDR_W16_AGE_LIMIT128_AGING_ENABLE1', port 'addresses[114]' is not connected to any nets. (LINT-28)
Warning: In design 'mc_scheduler_frfcfs_Q_DEPTH16_ADDR_W16_AGE_LIMIT128_AGING_ENABLE1', port 'addresses[111]' is not connected to any nets. (LINT-28)
Warning: In design 'mc_scheduler_frfcfs_Q_DEPTH16_ADDR_W16_AGE_LIMIT128_AGING_ENABLE1', port 'addresses[110]' is not connected to any nets. (LINT-28)
Warning: In design 'mc_scheduler_frfcfs_Q_DEPTH16_ADDR_W16_AGE_LIMIT128_AGING_ENABLE1', port 'addresses[109]' is not connected to any nets. (LINT-28)
Warning: In design 'mc_scheduler_frfcfs_Q_DEPTH16_ADDR_W16_AGE_LIMIT128_AGING_ENABLE1', port 'addresses[108]' is not connected to any nets. (LINT-28)
Warning: In design 'mc_scheduler_frfcfs_Q_DEPTH16_ADDR_W16_AGE_LIMIT128_AGING_ENABLE1', port 'addresses[107]' is not connected to any nets. (LINT-28)
Warning: In design 'mc_scheduler_frfcfs_Q_DEPTH16_ADDR_W16_AGE_LIMIT128_AGING_ENABLE1', port 'addresses[106]' is not connected to any nets. (LINT-28)
Warning: In design 'mc_scheduler_frfcfs_Q_DEPTH16_ADDR_W16_AGE_LIMIT128_AGING_ENABLE1', port 'addresses[105]' is not connected to any nets. (LINT-28)
Warning: In design 'mc_scheduler_frfcfs_Q_DEPTH16_ADDR_W16_AGE_LIMIT128_AGING_ENABLE1', port 'addresses[104]' is not connected to any nets. (LINT-28)
Warning: In design 'mc_scheduler_frfcfs_Q_DEPTH16_ADDR_W16_AGE_LIMIT128_AGING_ENABLE1', port 'addresses[103]' is not connected to any nets. (LINT-28)
Warning: In design 'mc_scheduler_frfcfs_Q_DEPTH16_ADDR_W16_AGE_LIMIT128_AGING_ENABLE1', port 'addresses[102]' is not connected to any nets. (LINT-28)
Warning: In design 'mc_scheduler_frfcfs_Q_DEPTH16_ADDR_W16_AGE_LIMIT128_AGING_ENABLE1', port 'addresses[101]' is not connected to any nets. (LINT-28)
Warning: In design 'mc_scheduler_frfcfs_Q_DEPTH16_ADDR_W16_AGE_LIMIT128_AGING_ENABLE1', port 'addresses[100]' is not connected to any nets. (LINT-28)
Warning: In design 'mc_scheduler_frfcfs_Q_DEPTH16_ADDR_W16_AGE_LIMIT128_AGING_ENABLE1', port 'addresses[99]' is not connected to any nets. (LINT-28)
Warning: In design 'mc_scheduler_frfcfs_Q_DEPTH16_ADDR_W16_AGE_LIMIT128_AGING_ENABLE1', port 'addresses[98]' is not connected to any nets. (LINT-28)
Warning: In design 'mc_scheduler_frfcfs_Q_DEPTH16_ADDR_W16_AGE_LIMIT128_AGING_ENABLE1', port 'addresses[95]' is not connected to any nets. (LINT-28)
Warning: In design 'mc_scheduler_frfcfs_Q_DEPTH16_ADDR_W16_AGE_LIMIT128_AGING_ENABLE1', port 'addresses[94]' is not connected to any nets. (LINT-28)
Warning: In design 'mc_scheduler_frfcfs_Q_DEPTH16_ADDR_W16_AGE_LIMIT128_AGING_ENABLE1', port 'addresses[93]' is not connected to any nets. (LINT-28)
Warning: In design 'mc_scheduler_frfcfs_Q_DEPTH16_ADDR_W16_AGE_LIMIT128_AGING_ENABLE1', port 'addresses[92]' is not connected to any nets. (LINT-28)
Warning: In design 'mc_scheduler_frfcfs_Q_DEPTH16_ADDR_W16_AGE_LIMIT128_AGING_ENABLE1', port 'addresses[91]' is not connected to any nets. (LINT-28)
Warning: In design 'mc_scheduler_frfcfs_Q_DEPTH16_ADDR_W16_AGE_LIMIT128_AGING_ENABLE1', port 'addresses[90]' is not connected to any nets. (LINT-28)
Warning: In design 'mc_scheduler_frfcfs_Q_DEPTH16_ADDR_W16_AGE_LIMIT128_AGING_ENABLE1', port 'addresses[89]' is not connected to any nets. (LINT-28)
Warning: In design 'mc_scheduler_frfcfs_Q_DEPTH16_ADDR_W16_AGE_LIMIT128_AGING_ENABLE1', port 'addresses[88]' is not connected to any nets. (LINT-28)
Warning: In design 'mc_scheduler_frfcfs_Q_DEPTH16_ADDR_W16_AGE_LIMIT128_AGING_ENABLE1', port 'addresses[87]' is not connected to any nets. (LINT-28)
Warning: In design 'mc_scheduler_frfcfs_Q_DEPTH16_ADDR_W16_AGE_LIMIT128_AGING_ENABLE1', port 'addresses[86]' is not connected to any nets. (LINT-28)
Warning: In design 'mc_scheduler_frfcfs_Q_DEPTH16_ADDR_W16_AGE_LIMIT128_AGING_ENABLE1', port 'addresses[85]' is not connected to any nets. (LINT-28)
Warning: In design 'mc_scheduler_frfcfs_Q_DEPTH16_ADDR_W16_AGE_LIMIT128_AGING_ENABLE1', port 'addresses[84]' is not connected to any nets. (LINT-28)
Warning: In design 'mc_scheduler_frfcfs_Q_DEPTH16_ADDR_W16_AGE_LIMIT128_AGING_ENABLE1', port 'addresses[83]' is not connected to any nets. (LINT-28)
Warning: In design 'mc_scheduler_frfcfs_Q_DEPTH16_ADDR_W16_AGE_LIMIT128_AGING_ENABLE1', port 'addresses[82]' is not connected to any nets. (LINT-28)
Warning: In design 'mc_scheduler_frfcfs_Q_DEPTH16_ADDR_W16_AGE_LIMIT128_AGING_ENABLE1', port 'addresses[79]' is not connected to any nets. (LINT-28)
Warning: In design 'mc_scheduler_frfcfs_Q_DEPTH16_ADDR_W16_AGE_LIMIT128_AGING_ENABLE1', port 'addresses[78]' is not connected to any nets. (LINT-28)
Warning: In design 'mc_scheduler_frfcfs_Q_DEPTH16_ADDR_W16_AGE_LIMIT128_AGING_ENABLE1', port 'addresses[77]' is not connected to any nets. (LINT-28)
Warning: In design 'mc_scheduler_frfcfs_Q_DEPTH16_ADDR_W16_AGE_LIMIT128_AGING_ENABLE1', port 'addresses[76]' is not connected to any nets. (LINT-28)
Warning: In design 'mc_scheduler_frfcfs_Q_DEPTH16_ADDR_W16_AGE_LIMIT128_AGING_ENABLE1', port 'addresses[75]' is not connected to any nets. (LINT-28)
Warning: In design 'mc_scheduler_frfcfs_Q_DEPTH16_ADDR_W16_AGE_LIMIT128_AGING_ENABLE1', port 'addresses[74]' is not connected to any nets. (LINT-28)
Warning: In design 'mc_scheduler_frfcfs_Q_DEPTH16_ADDR_W16_AGE_LIMIT128_AGING_ENABLE1', port 'addresses[73]' is not connected to any nets. (LINT-28)
Warning: In design 'mc_scheduler_frfcfs_Q_DEPTH16_ADDR_W16_AGE_LIMIT128_AGING_ENABLE1', port 'addresses[72]' is not connected to any nets. (LINT-28)
Warning: In design 'mc_scheduler_frfcfs_Q_DEPTH16_ADDR_W16_AGE_LIMIT128_AGING_ENABLE1', port 'addresses[71]' is not connected to any nets. (LINT-28)
Warning: In design 'mc_scheduler_frfcfs_Q_DEPTH16_ADDR_W16_AGE_LIMIT128_AGING_ENABLE1', port 'addresses[70]' is not connected to any nets. (LINT-28)
Warning: In design 'mc_scheduler_frfcfs_Q_DEPTH16_ADDR_W16_AGE_LIMIT128_AGING_ENABLE1', port 'addresses[69]' is not connected to any nets. (LINT-28)
Warning: In design 'mc_scheduler_frfcfs_Q_DEPTH16_ADDR_W16_AGE_LIMIT128_AGING_ENABLE1', port 'addresses[68]' is not connected to any nets. (LINT-28)
Warning: In design 'mc_scheduler_frfcfs_Q_DEPTH16_ADDR_W16_AGE_LIMIT128_AGING_ENABLE1', port 'addresses[67]' is not connected to any nets. (LINT-28)
Warning: In design 'mc_scheduler_frfcfs_Q_DEPTH16_ADDR_W16_AGE_LIMIT128_AGING_ENABLE1', port 'addresses[66]' is not connected to any nets. (LINT-28)
Warning: In design 'mc_scheduler_frfcfs_Q_DEPTH16_ADDR_W16_AGE_LIMIT128_AGING_ENABLE1', port 'addresses[63]' is not connected to any nets. (LINT-28)
Warning: In design 'mc_scheduler_frfcfs_Q_DEPTH16_ADDR_W16_AGE_LIMIT128_AGING_ENABLE1', port 'addresses[62]' is not connected to any nets. (LINT-28)
Warning: In design 'mc_scheduler_frfcfs_Q_DEPTH16_ADDR_W16_AGE_LIMIT128_AGING_ENABLE1', port 'addresses[61]' is not connected to any nets. (LINT-28)
Warning: In design 'mc_scheduler_frfcfs_Q_DEPTH16_ADDR_W16_AGE_LIMIT128_AGING_ENABLE1', port 'addresses[60]' is not connected to any nets. (LINT-28)
Warning: In design 'mc_scheduler_frfcfs_Q_DEPTH16_ADDR_W16_AGE_LIMIT128_AGING_ENABLE1', port 'addresses[59]' is not connected to any nets. (LINT-28)
Warning: In design 'mc_scheduler_frfcfs_Q_DEPTH16_ADDR_W16_AGE_LIMIT128_AGING_ENABLE1', port 'addresses[58]' is not connected to any nets. (LINT-28)
Warning: In design 'mc_scheduler_frfcfs_Q_DEPTH16_ADDR_W16_AGE_LIMIT128_AGING_ENABLE1', port 'addresses[57]' is not connected to any nets. (LINT-28)
Warning: In design 'mc_scheduler_frfcfs_Q_DEPTH16_ADDR_W16_AGE_LIMIT128_AGING_ENABLE1', port 'addresses[56]' is not connected to any nets. (LINT-28)
Warning: In design 'mc_scheduler_frfcfs_Q_DEPTH16_ADDR_W16_AGE_LIMIT128_AGING_ENABLE1', port 'addresses[55]' is not connected to any nets. (LINT-28)
Warning: In design 'mc_scheduler_frfcfs_Q_DEPTH16_ADDR_W16_AGE_LIMIT128_AGING_ENABLE1', port 'addresses[54]' is not connected to any nets. (LINT-28)
Warning: In design 'mc_scheduler_frfcfs_Q_DEPTH16_ADDR_W16_AGE_LIMIT128_AGING_ENABLE1', port 'addresses[53]' is not connected to any nets. (LINT-28)
Warning: In design 'mc_scheduler_frfcfs_Q_DEPTH16_ADDR_W16_AGE_LIMIT128_AGING_ENABLE1', port 'addresses[52]' is not connected to any nets. (LINT-28)
Warning: In design 'mc_scheduler_frfcfs_Q_DEPTH16_ADDR_W16_AGE_LIMIT128_AGING_ENABLE1', port 'addresses[51]' is not connected to any nets. (LINT-28)
Warning: In design 'mc_scheduler_frfcfs_Q_DEPTH16_ADDR_W16_AGE_LIMIT128_AGING_ENABLE1', port 'addresses[50]' is not connected to any nets. (LINT-28)
Warning: In design 'mc_scheduler_frfcfs_Q_DEPTH16_ADDR_W16_AGE_LIMIT128_AGING_ENABLE1', port 'addresses[47]' is not connected to any nets. (LINT-28)
Warning: In design 'mc_scheduler_frfcfs_Q_DEPTH16_ADDR_W16_AGE_LIMIT128_AGING_ENABLE1', port 'addresses[46]' is not connected to any nets. (LINT-28)
Warning: In design 'mc_scheduler_frfcfs_Q_DEPTH16_ADDR_W16_AGE_LIMIT128_AGING_ENABLE1', port 'addresses[45]' is not connected to any nets. (LINT-28)
Warning: In design 'mc_scheduler_frfcfs_Q_DEPTH16_ADDR_W16_AGE_LIMIT128_AGING_ENABLE1', port 'addresses[44]' is not connected to any nets. (LINT-28)
Warning: In design 'mc_scheduler_frfcfs_Q_DEPTH16_ADDR_W16_AGE_LIMIT128_AGING_ENABLE1', port 'addresses[43]' is not connected to any nets. (LINT-28)
Warning: In design 'mc_scheduler_frfcfs_Q_DEPTH16_ADDR_W16_AGE_LIMIT128_AGING_ENABLE1', port 'addresses[42]' is not connected to any nets. (LINT-28)
Warning: In design 'mc_scheduler_frfcfs_Q_DEPTH16_ADDR_W16_AGE_LIMIT128_AGING_ENABLE1', port 'addresses[41]' is not connected to any nets. (LINT-28)
Warning: In design 'mc_scheduler_frfcfs_Q_DEPTH16_ADDR_W16_AGE_LIMIT128_AGING_ENABLE1', port 'addresses[40]' is not connected to any nets. (LINT-28)
Warning: In design 'mc_scheduler_frfcfs_Q_DEPTH16_ADDR_W16_AGE_LIMIT128_AGING_ENABLE1', port 'addresses[39]' is not connected to any nets. (LINT-28)
Warning: In design 'mc_scheduler_frfcfs_Q_DEPTH16_ADDR_W16_AGE_LIMIT128_AGING_ENABLE1', port 'addresses[38]' is not connected to any nets. (LINT-28)
Warning: In design 'mc_scheduler_frfcfs_Q_DEPTH16_ADDR_W16_AGE_LIMIT128_AGING_ENABLE1', port 'addresses[37]' is not connected to any nets. (LINT-28)
Warning: In design 'mc_scheduler_frfcfs_Q_DEPTH16_ADDR_W16_AGE_LIMIT128_AGING_ENABLE1', port 'addresses[36]' is not connected to any nets. (LINT-28)
Warning: In design 'mc_scheduler_frfcfs_Q_DEPTH16_ADDR_W16_AGE_LIMIT128_AGING_ENABLE1', port 'addresses[35]' is not connected to any nets. (LINT-28)
Warning: In design 'mc_scheduler_frfcfs_Q_DEPTH16_ADDR_W16_AGE_LIMIT128_AGING_ENABLE1', port 'addresses[34]' is not connected to any nets. (LINT-28)
Warning: In design 'mc_scheduler_frfcfs_Q_DEPTH16_ADDR_W16_AGE_LIMIT128_AGING_ENABLE1', port 'addresses[31]' is not connected to any nets. (LINT-28)
Warning: In design 'mc_scheduler_frfcfs_Q_DEPTH16_ADDR_W16_AGE_LIMIT128_AGING_ENABLE1', port 'addresses[30]' is not connected to any nets. (LINT-28)
Warning: In design 'mc_scheduler_frfcfs_Q_DEPTH16_ADDR_W16_AGE_LIMIT128_AGING_ENABLE1', port 'addresses[29]' is not connected to any nets. (LINT-28)
Warning: In design 'mc_scheduler_frfcfs_Q_DEPTH16_ADDR_W16_AGE_LIMIT128_AGING_ENABLE1', port 'addresses[28]' is not connected to any nets. (LINT-28)
Warning: In design 'mc_scheduler_frfcfs_Q_DEPTH16_ADDR_W16_AGE_LIMIT128_AGING_ENABLE1', port 'addresses[27]' is not connected to any nets. (LINT-28)
Warning: In design 'mc_scheduler_frfcfs_Q_DEPTH16_ADDR_W16_AGE_LIMIT128_AGING_ENABLE1', port 'addresses[26]' is not connected to any nets. (LINT-28)
Warning: In design 'mc_scheduler_frfcfs_Q_DEPTH16_ADDR_W16_AGE_LIMIT128_AGING_ENABLE1', port 'addresses[25]' is not connected to any nets. (LINT-28)
Warning: In design 'mc_scheduler_frfcfs_Q_DEPTH16_ADDR_W16_AGE_LIMIT128_AGING_ENABLE1', port 'addresses[24]' is not connected to any nets. (LINT-28)
Warning: In design 'mc_scheduler_frfcfs_Q_DEPTH16_ADDR_W16_AGE_LIMIT128_AGING_ENABLE1', port 'addresses[23]' is not connected to any nets. (LINT-28)
Warning: In design 'mc_scheduler_frfcfs_Q_DEPTH16_ADDR_W16_AGE_LIMIT128_AGING_ENABLE1', port 'addresses[22]' is not connected to any nets. (LINT-28)
Warning: In design 'mc_scheduler_frfcfs_Q_DEPTH16_ADDR_W16_AGE_LIMIT128_AGING_ENABLE1', port 'addresses[21]' is not connected to any nets. (LINT-28)
Warning: In design 'mc_scheduler_frfcfs_Q_DEPTH16_ADDR_W16_AGE_LIMIT128_AGING_ENABLE1', port 'addresses[20]' is not connected to any nets. (LINT-28)
Warning: In design 'mc_scheduler_frfcfs_Q_DEPTH16_ADDR_W16_AGE_LIMIT128_AGING_ENABLE1', port 'addresses[19]' is not connected to any nets. (LINT-28)
Warning: In design 'mc_scheduler_frfcfs_Q_DEPTH16_ADDR_W16_AGE_LIMIT128_AGING_ENABLE1', port 'addresses[18]' is not connected to any nets. (LINT-28)
Warning: In design 'mc_scheduler_frfcfs_Q_DEPTH16_ADDR_W16_AGE_LIMIT128_AGING_ENABLE1', port 'addresses[15]' is not connected to any nets. (LINT-28)
Warning: In design 'mc_scheduler_frfcfs_Q_DEPTH16_ADDR_W16_AGE_LIMIT128_AGING_ENABLE1', port 'addresses[14]' is not connected to any nets. (LINT-28)
Warning: In design 'mc_scheduler_frfcfs_Q_DEPTH16_ADDR_W16_AGE_LIMIT128_AGING_ENABLE1', port 'addresses[13]' is not connected to any nets. (LINT-28)
Warning: In design 'mc_scheduler_frfcfs_Q_DEPTH16_ADDR_W16_AGE_LIMIT128_AGING_ENABLE1', port 'addresses[12]' is not connected to any nets. (LINT-28)
Warning: In design 'mc_scheduler_frfcfs_Q_DEPTH16_ADDR_W16_AGE_LIMIT128_AGING_ENABLE1', port 'addresses[11]' is not connected to any nets. (LINT-28)
Warning: In design 'mc_scheduler_frfcfs_Q_DEPTH16_ADDR_W16_AGE_LIMIT128_AGING_ENABLE1', port 'addresses[10]' is not connected to any nets. (LINT-28)
Warning: In design 'mc_scheduler_frfcfs_Q_DEPTH16_ADDR_W16_AGE_LIMIT128_AGING_ENABLE1', port 'addresses[9]' is not connected to any nets. (LINT-28)
Warning: In design 'mc_scheduler_frfcfs_Q_DEPTH16_ADDR_W16_AGE_LIMIT128_AGING_ENABLE1', port 'addresses[8]' is not connected to any nets. (LINT-28)
Warning: In design 'mc_scheduler_frfcfs_Q_DEPTH16_ADDR_W16_AGE_LIMIT128_AGING_ENABLE1', port 'addresses[7]' is not connected to any nets. (LINT-28)
Warning: In design 'mc_scheduler_frfcfs_Q_DEPTH16_ADDR_W16_AGE_LIMIT128_AGING_ENABLE1', port 'addresses[6]' is not connected to any nets. (LINT-28)
Warning: In design 'mc_scheduler_frfcfs_Q_DEPTH16_ADDR_W16_AGE_LIMIT128_AGING_ENABLE1', port 'addresses[5]' is not connected to any nets. (LINT-28)
Warning: In design 'mc_scheduler_frfcfs_Q_DEPTH16_ADDR_W16_AGE_LIMIT128_AGING_ENABLE1', port 'addresses[4]' is not connected to any nets. (LINT-28)
Warning: In design 'mc_scheduler_frfcfs_Q_DEPTH16_ADDR_W16_AGE_LIMIT128_AGING_ENABLE1', port 'addresses[3]' is not connected to any nets. (LINT-28)
Warning: In design 'mc_scheduler_frfcfs_Q_DEPTH16_ADDR_W16_AGE_LIMIT128_AGING_ENABLE1', port 'addresses[2]' is not connected to any nets. (LINT-28)
Warning: In design 'mc_top_Q_DEPTH16_SCHED_POLICY1_AGING_ENABLE1', a pin on submodule 'candidates_i' is connected to logic 1 or logic 0. (LINT-32)
   Pin 'same_address[255]' is connected to logic 1.
Warning: In design 'mc_top_Q_DEPTH16_SCHED_POLICY1_AGING_ENABLE1', a pin on submodule 'candidates_i' is connected to logic 1 or logic 0. (LINT-32)
   Pin 'same_address[238]' is connected to logic 1.
Warning: In design 'mc_top_Q_DEPTH16_SCHED_POLICY1_AGING_ENABLE1', a pin on submodule 'candidates_i' is connected to logic 1 or logic 0. (LINT-32)
   Pin 'same_address[221]' is connected to logic 1.
Warning: In design 'mc_top_Q_DEPTH16_SCHED_POLICY1_AGING_ENABLE1', a pin on submodule 'candidates_i' is connected to logic 1 or logic 0. (LINT-32)
   Pin 'same_address[204]' is connected to logic 1.
Warning: In design 'mc_top_Q_DEPTH16_SCHED_POLICY1_AGING_ENABLE1', a pin on submodule 'candidates_i' is connected to logic 1 or logic 0. (LINT-32)
   Pin 'same_address[187]' is connected to logic 1.
Warning: In design 'mc_top_Q_DEPTH16_SCHED_POLICY1_AGING_ENABLE1', a pin on submodule 'candidates_i' is connected to logic 1 or logic 0. (LINT-32)
   Pin 'same_address[170]' is connected to logic 1.
Warning: In design 'mc_top_Q_DEPTH16_SCHED_POLICY1_AGING_ENABLE1', a pin on submodule 'candidates_i' is connected to logic 1 or logic 0. (LINT-32)
   Pin 'same_address[153]' is connected to logic 1.
Warning: In design 'mc_top_Q_DEPTH16_SCHED_POLICY1_AGING_ENABLE1', a pin on submodule 'candidates_i' is connected to logic 1 or logic 0. (LINT-32)
   Pin 'same_address[136]' is connected to logic 1.
Warning: In design 'mc_top_Q_DEPTH16_SCHED_POLICY1_AGING_ENABLE1', a pin on submodule 'candidates_i' is connected to logic 1 or logic 0. (LINT-32)
   Pin 'same_address[119]' is connected to logic 1.
Warning: In design 'mc_top_Q_DEPTH16_SCHED_POLICY1_AGING_ENABLE1', a pin on submodule 'candidates_i' is connected to logic 1 or logic 0. (LINT-32)
   Pin 'same_address[102]' is connected to logic 1.
Warning: In design 'mc_top_Q_DEPTH16_SCHED_POLICY1_AGING_ENABLE1', a pin on submodule 'candidates_i' is connected to logic 1 or logic 0. (LINT-32)
   Pin 'same_address[85]' is connected to logic 1.
Warning: In design 'mc_top_Q_DEPTH16_SCHED_POLICY1_AGING_ENABLE1', a pin on submodule 'candidates_i' is connected to logic 1 or logic 0. (LINT-32)
   Pin 'same_address[68]' is connected to logic 1.
Warning: In design 'mc_top_Q_DEPTH16_SCHED_POLICY1_AGING_ENABLE1', a pin on submodule 'candidates_i' is connected to logic 1 or logic 0. (LINT-32)
   Pin 'same_address[51]' is connected to logic 1.
Warning: In design 'mc_top_Q_DEPTH16_SCHED_POLICY1_AGING_ENABLE1', a pin on submodule 'candidates_i' is connected to logic 1 or logic 0. (LINT-32)
   Pin 'same_address[34]' is connected to logic 1.
Warning: In design 'mc_top_Q_DEPTH16_SCHED_POLICY1_AGING_ENABLE1', a pin on submodule 'candidates_i' is connected to logic 1 or logic 0. (LINT-32)
   Pin 'same_address[17]' is connected to logic 1.
Warning: In design 'mc_top_Q_DEPTH16_SCHED_POLICY1_AGING_ENABLE1', a pin on submodule 'candidates_i' is connected to logic 1 or logic 0. (LINT-32)
   Pin 'same_address[0]' is connected to logic 1.
Warning: In design 'mc_top_Q_DEPTH16_SCHED_POLICY1_AGING_ENABLE1', a pin on submodule 'response_i' is connected to logic 1 or logic 0. (LINT-32)
   Pin 'same_address[255]' is connected to logic 1.
Warning: In design 'mc_top_Q_DEPTH16_SCHED_POLICY1_AGING_ENABLE1', a pin on submodule 'response_i' is connected to logic 1 or logic 0. (LINT-32)
   Pin 'same_address[238]' is connected to logic 1.
Warning: In design 'mc_top_Q_DEPTH16_SCHED_POLICY1_AGING_ENABLE1', a pin on submodule 'response_i' is connected to logic 1 or logic 0. (LINT-32)
   Pin 'same_address[221]' is connected to logic 1.
Warning: In design 'mc_top_Q_DEPTH16_SCHED_POLICY1_AGING_ENABLE1', a pin on submodule 'response_i' is connected to logic 1 or logic 0. (LINT-32)
   Pin 'same_address[204]' is connected to logic 1.
Warning: In design 'mc_top_Q_DEPTH16_SCHED_POLICY1_AGING_ENABLE1', a pin on submodule 'response_i' is connected to logic 1 or logic 0. (LINT-32)
   Pin 'same_address[187]' is connected to logic 1.
Warning: In design 'mc_top_Q_DEPTH16_SCHED_POLICY1_AGING_ENABLE1', a pin on submodule 'response_i' is connected to logic 1 or logic 0. (LINT-32)
   Pin 'same_address[170]' is connected to logic 1.
Warning: In design 'mc_top_Q_DEPTH16_SCHED_POLICY1_AGING_ENABLE1', a pin on submodule 'response_i' is connected to logic 1 or logic 0. (LINT-32)
   Pin 'same_address[153]' is connected to logic 1.
Warning: In design 'mc_top_Q_DEPTH16_SCHED_POLICY1_AGING_ENABLE1', a pin on submodule 'response_i' is connected to logic 1 or logic 0. (LINT-32)
   Pin 'same_address[136]' is connected to logic 1.
Warning: In design 'mc_top_Q_DEPTH16_SCHED_POLICY1_AGING_ENABLE1', a pin on submodule 'response_i' is connected to logic 1 or logic 0. (LINT-32)
   Pin 'same_address[119]' is connected to logic 1.
Warning: In design 'mc_top_Q_DEPTH16_SCHED_POLICY1_AGING_ENABLE1', a pin on submodule 'response_i' is connected to logic 1 or logic 0. (LINT-32)
   Pin 'same_address[102]' is connected to logic 1.
Warning: In design 'mc_top_Q_DEPTH16_SCHED_POLICY1_AGING_ENABLE1', a pin on submodule 'response_i' is connected to logic 1 or logic 0. (LINT-32)
   Pin 'same_address[85]' is connected to logic 1.
Warning: In design 'mc_top_Q_DEPTH16_SCHED_POLICY1_AGING_ENABLE1', a pin on submodule 'response_i' is connected to logic 1 or logic 0. (LINT-32)
   Pin 'same_address[68]' is connected to logic 1.
Warning: In design 'mc_top_Q_DEPTH16_SCHED_POLICY1_AGING_ENABLE1', a pin on submodule 'response_i' is connected to logic 1 or logic 0. (LINT-32)
   Pin 'same_address[51]' is connected to logic 1.
Warning: In design 'mc_top_Q_DEPTH16_SCHED_POLICY1_AGING_ENABLE1', a pin on submodule 'response_i' is connected to logic 1 or logic 0. (LINT-32)
   Pin 'same_address[34]' is connected to logic 1.
Warning: In design 'mc_top_Q_DEPTH16_SCHED_POLICY1_AGING_ENABLE1', a pin on submodule 'response_i' is connected to logic 1 or logic 0. (LINT-32)
   Pin 'same_address[17]' is connected to logic 1.
Warning: In design 'mc_top_Q_DEPTH16_SCHED_POLICY1_AGING_ENABLE1', a pin on submodule 'response_i' is connected to logic 1 or logic 0. (LINT-32)
   Pin 'same_address[0]' is connected to logic 1.
Warning: In design 'mc_top_Q_DEPTH16_SCHED_POLICY1_AGING_ENABLE1', the same net is connected to more than one pin on submodule 'candidates_i'. (LINT-33)
   Net '*Logic1*' is connected to pins 'same_address[255]', 'same_address[238]'', 'same_address[221]', 'same_address[204]', 'same_address[187]', 'same_address[170]', 'same_address[153]', 'same_address[136]', 'same_address[119]', 'same_address[102]', 'same_address[85]', 'same_address[68]', 'same_address[51]', 'same_address[34]', 'same_address[17]', 'same_address[0]'.
Warning: In design 'mc_top_Q_DEPTH16_SCHED_POLICY1_AGING_ENABLE1', the same net is connected to more than one pin on submodule 'candidates_i'. (LINT-33)
   Net 'n7956' is connected to pins 'same_address[220]', 'same_address[205]''.
Warning: In design 'mc_top_Q_DEPTH16_SCHED_POLICY1_AGING_ENABLE1', the same net is connected to more than one pin on submodule 'candidates_i'. (LINT-33)
   Net 'n3159' is connected to pins 'same_address[213]', 'same_address[93]''.
Warning: In design 'mc_top_Q_DEPTH16_SCHED_POLICY1_AGING_ENABLE1', the same net is connected to more than one pin on submodule 'candidates_i'. (LINT-33)
   Net 'n1936' is connected to pins 'same_address[212]', 'same_address[77]''.
Warning: In design 'mc_top_Q_DEPTH16_SCHED_POLICY1_AGING_ENABLE1', the same net is connected to more than one pin on submodule 'candidates_i'. (LINT-33)
   Net 'n2022' is connected to pins 'same_address[200]', 'same_address[140]''.
Warning: In design 'mc_top_Q_DEPTH16_SCHED_POLICY1_AGING_ENABLE1', the same net is connected to more than one pin on submodule 'candidates_i'. (LINT-33)
   Net 'n2170' is connected to pins 'same_address[195]', 'same_address[60]''.
Warning: In design 'mc_top_Q_DEPTH16_SCHED_POLICY1_AGING_ENABLE1', the same net is connected to more than one pin on submodule 'candidates_i'. (LINT-33)
   Net 'n2389' is connected to pins 'same_address[194]', 'same_address[44]''.
Warning: In design 'mc_top_Q_DEPTH16_SCHED_POLICY1_AGING_ENABLE1', the same net is connected to more than one pin on submodule 'candidates_i'. (LINT-33)
   Net 'n8024' is connected to pins 'same_address[193]', 'same_address[28]''.
Warning: In design 'mc_top_Q_DEPTH16_SCHED_POLICY1_AGING_ENABLE1', the same net is connected to more than one pin on submodule 'candidates_i'. (LINT-33)
   Net 'n2124' is connected to pins 'same_address[177]', 'same_address[27]''.
Warning: In design 'mc_top_Q_DEPTH16_SCHED_POLICY1_AGING_ENABLE1', the same net is connected to more than one pin on submodule 'candidates_i'. (LINT-33)
   Net 'n2225' is connected to pins 'same_address[169]', 'same_address[154]''.
Warning: In design 'mc_top_Q_DEPTH16_SCHED_POLICY1_AGING_ENABLE1', the same net is connected to more than one pin on submodule 'candidates_i'. (LINT-33)
   Net 'n2268' is connected to pins 'same_address[168]', 'same_address[138]''.
Warning: In design 'mc_top_Q_DEPTH16_SCHED_POLICY1_AGING_ENABLE1', the same net is connected to more than one pin on submodule 'candidates_i'. (LINT-33)
   Net 'n1721' is connected to pins 'same_address[151]', 'same_address[121]''.
Warning: In design 'mc_top_Q_DEPTH16_SCHED_POLICY1_AGING_ENABLE1', the same net is connected to more than one pin on submodule 'candidates_i'. (LINT-33)
   Net 'n3304' is connected to pins 'same_address[149]', 'same_address[89]''.
Warning: In design 'mc_top_Q_DEPTH16_SCHED_POLICY1_AGING_ENABLE1', the same net is connected to more than one pin on submodule 'candidates_i'. (LINT-33)
   Net 'n2453' is connected to pins 'same_address[146]', 'same_address[41]''.
Warning: In design 'mc_top_Q_DEPTH16_SCHED_POLICY1_AGING_ENABLE1', the same net is connected to more than one pin on submodule 'candidates_i'. (LINT-33)
   Net 'n2179' is connected to pins 'same_address[134]', 'same_address[104]''.
Warning: In design 'mc_top_Q_DEPTH16_SCHED_POLICY1_AGING_ENABLE1', the same net is connected to more than one pin on submodule 'candidates_i'. (LINT-33)
   Net 'n1878' is connected to pins 'same_address[118]', 'same_address[103]''.
Warning: In design 'mc_top_Q_DEPTH16_SCHED_POLICY1_AGING_ENABLE1', the same net is connected to more than one pin on submodule 'candidates_i'. (LINT-33)
   Net 'n971' is connected to pins 'same_address[67]', 'same_address[52]''.
Warning: In design 'mc_top_Q_DEPTH16_SCHED_POLICY1_AGING_ENABLE1', the same net is connected to more than one pin on submodule 'response_i'. (LINT-33)
   Net '*Logic1*' is connected to pins 'same_address[255]', 'same_address[238]'', 'same_address[221]', 'same_address[204]', 'same_address[187]', 'same_address[170]', 'same_address[153]', 'same_address[136]', 'same_address[119]', 'same_address[102]', 'same_address[85]', 'same_address[68]', 'same_address[51]', 'same_address[34]', 'same_address[17]', 'same_address[0]'.
Warning: In design 'mc_top_Q_DEPTH16_SCHED_POLICY1_AGING_ENABLE1', the same net is connected to more than one pin on submodule 'response_i'. (LINT-33)
   Net 'n3149' is connected to pins 'same_address[254]', 'same_address[239]''.
Warning: In design 'mc_top_Q_DEPTH16_SCHED_POLICY1_AGING_ENABLE1', the same net is connected to more than one pin on submodule 'response_i'. (LINT-33)
   Net 'n1866' is connected to pins 'same_address[253]', 'same_address[223]''.
Warning: In design 'mc_top_Q_DEPTH16_SCHED_POLICY1_AGING_ENABLE1', the same net is connected to more than one pin on submodule 'response_i'. (LINT-33)
   Net 'n3232' is connected to pins 'same_address[252]', 'same_address[207]''.
Warning: In design 'mc_top_Q_DEPTH16_SCHED_POLICY1_AGING_ENABLE1', the same net is connected to more than one pin on submodule 'response_i'. (LINT-33)
   Net 'n3016' is connected to pins 'same_address[251]', 'same_address[191]''.
Warning: In design 'mc_top_Q_DEPTH16_SCHED_POLICY1_AGING_ENABLE1', the same net is connected to more than one pin on submodule 'response_i'. (LINT-33)
   Net 'n3077' is connected to pins 'same_address[250]', 'same_address[175]''.
Warning: In design 'mc_top_Q_DEPTH16_SCHED_POLICY1_AGING_ENABLE1', the same net is connected to more than one pin on submodule 'response_i'. (LINT-33)
   Net 'n1381' is connected to pins 'same_address[249]', 'same_address[159]''.
Warning: In design 'mc_top_Q_DEPTH16_SCHED_POLICY1_AGING_ENABLE1', the same net is connected to more than one pin on submodule 'response_i'. (LINT-33)
   Net 'n2784' is connected to pins 'same_address[248]', 'same_address[143]''.
Warning: In design 'mc_top_Q_DEPTH16_SCHED_POLICY1_AGING_ENABLE1', the same net is connected to more than one pin on submodule 'response_i'. (LINT-33)
   Net 'n1281' is connected to pins 'same_address[247]', 'same_address[127]''.
Warning: In design 'mc_top_Q_DEPTH16_SCHED_POLICY1_AGING_ENABLE1', the same net is connected to more than one pin on submodule 'response_i'. (LINT-33)
   Net 'n669' is connected to pins 'same_address[246]', 'same_address[111]''.
Warning: In design 'mc_top_Q_DEPTH16_SCHED_POLICY1_AGING_ENABLE1', the same net is connected to more than one pin on submodule 'response_i'. (LINT-33)
   Net 'n2962' is connected to pins 'same_address[245]', 'same_address[95]''.
Warning: In design 'mc_top_Q_DEPTH16_SCHED_POLICY1_AGING_ENABLE1', the same net is connected to more than one pin on submodule 'response_i'. (LINT-33)
   Net 'n2010' is connected to pins 'same_address[244]', 'same_address[79]''.
Warning: In design 'mc_top_Q_DEPTH16_SCHED_POLICY1_AGING_ENABLE1', the same net is connected to more than one pin on submodule 'response_i'. (LINT-33)
   Net 'n3308' is connected to pins 'same_address[243]', 'same_address[63]''.
Warning: In design 'mc_top_Q_DEPTH16_SCHED_POLICY1_AGING_ENABLE1', the same net is connected to more than one pin on submodule 'response_i'. (LINT-33)
   Net 'n2848' is connected to pins 'same_address[242]', 'same_address[47]''.
Warning: In design 'mc_top_Q_DEPTH16_SCHED_POLICY1_AGING_ENABLE1', the same net is connected to more than one pin on submodule 'response_i'. (LINT-33)
   Net 'n3234' is connected to pins 'same_address[241]', 'same_address[31]''.
Warning: In design 'mc_top_Q_DEPTH16_SCHED_POLICY1_AGING_ENABLE1', the same net is connected to more than one pin on submodule 'response_i'. (LINT-33)
   Net 'n2309' is connected to pins 'same_address[240]', 'same_address[15]''.
Warning: In design 'mc_top_Q_DEPTH16_SCHED_POLICY1_AGING_ENABLE1', the same net is connected to more than one pin on submodule 'response_i'. (LINT-33)
   Net 'n1504' is connected to pins 'same_address[237]', 'same_address[222]''.
Warning: In design 'mc_top_Q_DEPTH16_SCHED_POLICY1_AGING_ENABLE1', the same net is connected to more than one pin on submodule 'response_i'. (LINT-33)
   Net 'n2854' is connected to pins 'same_address[236]', 'same_address[206]''.
Warning: In design 'mc_top_Q_DEPTH16_SCHED_POLICY1_AGING_ENABLE1', the same net is connected to more than one pin on submodule 'response_i'. (LINT-33)
   Net 'n762' is connected to pins 'same_address[235]', 'same_address[190]''.
Warning: In design 'mc_top_Q_DEPTH16_SCHED_POLICY1_AGING_ENABLE1', the same net is connected to more than one pin on submodule 'response_i'. (LINT-33)
   Net 'n1795' is connected to pins 'same_address[234]', 'same_address[174]''.
Warning: In design 'mc_top_Q_DEPTH16_SCHED_POLICY1_AGING_ENABLE1', the same net is connected to more than one pin on submodule 'response_i'. (LINT-33)
   Net 'n733' is connected to pins 'same_address[233]', 'same_address[158]''.
Warning: In design 'mc_top_Q_DEPTH16_SCHED_POLICY1_AGING_ENABLE1', the same net is connected to more than one pin on submodule 'response_i'. (LINT-33)
   Net 'n2904' is connected to pins 'same_address[232]', 'same_address[142]''.
Warning: In design 'mc_top_Q_DEPTH16_SCHED_POLICY1_AGING_ENABLE1', the same net is connected to more than one pin on submodule 'response_i'. (LINT-33)
   Net 'n2099' is connected to pins 'same_address[231]', 'same_address[126]''.
Warning: In design 'mc_top_Q_DEPTH16_SCHED_POLICY1_AGING_ENABLE1', the same net is connected to more than one pin on submodule 'response_i'. (LINT-33)
   Net 'n1657' is connected to pins 'same_address[230]', 'same_address[110]''.
Warning: In design 'mc_top_Q_DEPTH16_SCHED_POLICY1_AGING_ENABLE1', the same net is connected to more than one pin on submodule 'response_i'. (LINT-33)
   Net 'n776' is connected to pins 'same_address[229]', 'same_address[94]''.
Warning: In design 'mc_top_Q_DEPTH16_SCHED_POLICY1_AGING_ENABLE1', the same net is connected to more than one pin on submodule 'response_i'. (LINT-33)
   Net 'n809' is connected to pins 'same_address[228]', 'same_address[78]''.
Warning: In design 'mc_top_Q_DEPTH16_SCHED_POLICY1_AGING_ENABLE1', the same net is connected to more than one pin on submodule 'response_i'. (LINT-33)
   Net 'n484' is connected to pins 'same_address[227]', 'same_address[62]''.
Warning: In design 'mc_top_Q_DEPTH16_SCHED_POLICY1_AGING_ENABLE1', the same net is connected to more than one pin on submodule 'response_i'. (LINT-33)
   Net 'n2237' is connected to pins 'same_address[226]', 'same_address[46]''.
Warning: In design 'mc_top_Q_DEPTH16_SCHED_POLICY1_AGING_ENABLE1', the same net is connected to more than one pin on submodule 'response_i'. (LINT-33)
   Net 'n806' is connected to pins 'same_address[225]', 'same_address[30]''.
Warning: In design 'mc_top_Q_DEPTH16_SCHED_POLICY1_AGING_ENABLE1', the same net is connected to more than one pin on submodule 'response_i'. (LINT-33)
   Net 'n3020' is connected to pins 'same_address[224]', 'same_address[14]''.
Warning: In design 'mc_top_Q_DEPTH16_SCHED_POLICY1_AGING_ENABLE1', the same net is connected to more than one pin on submodule 'response_i'. (LINT-33)
   Net 'n764' is connected to pins 'same_address[220]', 'same_address[205]''.
Warning: In design 'mc_top_Q_DEPTH16_SCHED_POLICY1_AGING_ENABLE1', the same net is connected to more than one pin on submodule 'response_i'. (LINT-33)
   Net 'n1365' is connected to pins 'same_address[219]', 'same_address[189]''.
Warning: In design 'mc_top_Q_DEPTH16_SCHED_POLICY1_AGING_ENABLE1', the same net is connected to more than one pin on submodule 'response_i'. (LINT-33)
   Net 'n2024' is connected to pins 'same_address[218]', 'same_address[173]''.
Warning: In design 'mc_top_Q_DEPTH16_SCHED_POLICY1_AGING_ENABLE1', the same net is connected to more than one pin on submodule 'response_i'. (LINT-33)
   Net 'n1700' is connected to pins 'same_address[217]', 'same_address[157]''.
Warning: In design 'mc_top_Q_DEPTH16_SCHED_POLICY1_AGING_ENABLE1', the same net is connected to more than one pin on submodule 'response_i'. (LINT-33)
   Net 'n1956' is connected to pins 'same_address[216]', 'same_address[141]''.
Warning: In design 'mc_top_Q_DEPTH16_SCHED_POLICY1_AGING_ENABLE1', the same net is connected to more than one pin on submodule 'response_i'. (LINT-33)
   Net 'n3237' is connected to pins 'same_address[215]', 'same_address[125]''.
Warning: In design 'mc_top_Q_DEPTH16_SCHED_POLICY1_AGING_ENABLE1', the same net is connected to more than one pin on submodule 'response_i'. (LINT-33)
   Net 'n1401' is connected to pins 'same_address[214]', 'same_address[109]''.
Warning: In design 'mc_top_Q_DEPTH16_SCHED_POLICY1_AGING_ENABLE1', the same net is connected to more than one pin on submodule 'response_i'. (LINT-33)
   Net 'n3159' is connected to pins 'same_address[213]', 'same_address[93]''.
Warning: In design 'mc_top_Q_DEPTH16_SCHED_POLICY1_AGING_ENABLE1', the same net is connected to more than one pin on submodule 'response_i'. (LINT-33)
   Net 'n1936' is connected to pins 'same_address[212]', 'same_address[77]''.
Warning: In design 'mc_top_Q_DEPTH16_SCHED_POLICY1_AGING_ENABLE1', the same net is connected to more than one pin on submodule 'response_i'. (LINT-33)
   Net 'n765' is connected to pins 'same_address[211]', 'same_address[61]''.
Warning: In design 'mc_top_Q_DEPTH16_SCHED_POLICY1_AGING_ENABLE1', the same net is connected to more than one pin on submodule 'response_i'. (LINT-33)
   Net 'n3238' is connected to pins 'same_address[210]', 'same_address[45]''.
Warning: In design 'mc_top_Q_DEPTH16_SCHED_POLICY1_AGING_ENABLE1', the same net is connected to more than one pin on submodule 'response_i'. (LINT-33)
   Net 'n1746' is connected to pins 'same_address[209]', 'same_address[29]''.
Warning: In design 'mc_top_Q_DEPTH16_SCHED_POLICY1_AGING_ENABLE1', the same net is connected to more than one pin on submodule 'response_i'. (LINT-33)
   Net 'n902' is connected to pins 'same_address[208]', 'same_address[13]''.
Warning: In design 'mc_top_Q_DEPTH16_SCHED_POLICY1_AGING_ENABLE1', the same net is connected to more than one pin on submodule 'response_i'. (LINT-33)
   Net 'n2405' is connected to pins 'same_address[203]', 'same_address[188]''.
Warning: In design 'mc_top_Q_DEPTH16_SCHED_POLICY1_AGING_ENABLE1', the same net is connected to more than one pin on submodule 'response_i'. (LINT-33)
   Net 'n2562' is connected to pins 'same_address[202]', 'same_address[172]''.
Warning: In design 'mc_top_Q_DEPTH16_SCHED_POLICY1_AGING_ENABLE1', the same net is connected to more than one pin on submodule 'response_i'. (LINT-33)
   Net 'n3083' is connected to pins 'same_address[201]', 'same_address[156]''.
Warning: In design 'mc_top_Q_DEPTH16_SCHED_POLICY1_AGING_ENABLE1', the same net is connected to more than one pin on submodule 'response_i'. (LINT-33)
   Net 'n2022' is connected to pins 'same_address[200]', 'same_address[140]''.
Warning: In design 'mc_top_Q_DEPTH16_SCHED_POLICY1_AGING_ENABLE1', the same net is connected to more than one pin on submodule 'response_i'. (LINT-33)
   Net 'n1688' is connected to pins 'same_address[199]', 'same_address[124]''.
Warning: In design 'mc_top_Q_DEPTH16_SCHED_POLICY1_AGING_ENABLE1', the same net is connected to more than one pin on submodule 'response_i'. (LINT-33)
   Net 'n1748' is connected to pins 'same_address[198]', 'same_address[108]''.
Warning: In design 'mc_top_Q_DEPTH16_SCHED_POLICY1_AGING_ENABLE1', the same net is connected to more than one pin on submodule 'response_i'. (LINT-33)
   Net 'n1899' is connected to pins 'same_address[197]', 'same_address[92]''.
Warning: In design 'mc_top_Q_DEPTH16_SCHED_POLICY1_AGING_ENABLE1', the same net is connected to more than one pin on submodule 'response_i'. (LINT-33)
   Net 'n803' is connected to pins 'same_address[196]', 'same_address[76]''.
Warning: In design 'mc_top_Q_DEPTH16_SCHED_POLICY1_AGING_ENABLE1', the same net is connected to more than one pin on submodule 'response_i'. (LINT-33)
   Net 'n766' is connected to pins 'same_address[195]', 'same_address[60]''.
Warning: In design 'mc_top_Q_DEPTH16_SCHED_POLICY1_AGING_ENABLE1', the same net is connected to more than one pin on submodule 'response_i'. (LINT-33)
   Net 'n3078' is connected to pins 'same_address[194]', 'same_address[44]''.
Warning: In design 'mc_top_Q_DEPTH16_SCHED_POLICY1_AGING_ENABLE1', the same net is connected to more than one pin on submodule 'response_i'. (LINT-33)
   Net 'n1888' is connected to pins 'same_address[193]', 'same_address[28]''.
Warning: In design 'mc_top_Q_DEPTH16_SCHED_POLICY1_AGING_ENABLE1', the same net is connected to more than one pin on submodule 'response_i'. (LINT-33)
   Net 'n2898' is connected to pins 'same_address[192]', 'same_address[12]''.
Warning: In design 'mc_top_Q_DEPTH16_SCHED_POLICY1_AGING_ENABLE1', the same net is connected to more than one pin on submodule 'response_i'. (LINT-33)
   Net 'n1009' is connected to pins 'same_address[186]', 'same_address[171]''.
Warning: In design 'mc_top_Q_DEPTH16_SCHED_POLICY1_AGING_ENABLE1', the same net is connected to more than one pin on submodule 'response_i'. (LINT-33)
   Net 'n3169' is connected to pins 'same_address[185]', 'same_address[155]''.
Warning: In design 'mc_top_Q_DEPTH16_SCHED_POLICY1_AGING_ENABLE1', the same net is connected to more than one pin on submodule 'response_i'. (LINT-33)
   Net 'n3252' is connected to pins 'same_address[184]', 'same_address[139]''.
Warning: In design 'mc_top_Q_DEPTH16_SCHED_POLICY1_AGING_ENABLE1', the same net is connected to more than one pin on submodule 'response_i'. (LINT-33)
   Net 'n2964' is connected to pins 'same_address[183]', 'same_address[123]''.
Warning: In design 'mc_top_Q_DEPTH16_SCHED_POLICY1_AGING_ENABLE1', the same net is connected to more than one pin on submodule 'response_i'. (LINT-33)
   Net 'n1563' is connected to pins 'same_address[181]', 'same_address[91]''.
Warning: In design 'mc_top_Q_DEPTH16_SCHED_POLICY1_AGING_ENABLE1', the same net is connected to more than one pin on submodule 'response_i'. (LINT-33)
   Net 'n1583' is connected to pins 'same_address[180]', 'same_address[75]''.
Warning: In design 'mc_top_Q_DEPTH16_SCHED_POLICY1_AGING_ENABLE1', the same net is connected to more than one pin on submodule 'response_i'. (LINT-33)
   Net 'n1356' is connected to pins 'same_address[179]', 'same_address[59]''.
Warning: In design 'mc_top_Q_DEPTH16_SCHED_POLICY1_AGING_ENABLE1', the same net is connected to more than one pin on submodule 'response_i'. (LINT-33)
   Net 'n2786' is connected to pins 'same_address[178]', 'same_address[43]''.
Warning: In design 'mc_top_Q_DEPTH16_SCHED_POLICY1_AGING_ENABLE1', the same net is connected to more than one pin on submodule 'response_i'. (LINT-33)
   Net 'n2124' is connected to pins 'same_address[177]', 'same_address[27]''.
Warning: In design 'mc_top_Q_DEPTH16_SCHED_POLICY1_AGING_ENABLE1', the same net is connected to more than one pin on submodule 'response_i'. (LINT-33)
   Net 'n3166' is connected to pins 'same_address[176]', 'same_address[11]''.
Warning: In design 'mc_top_Q_DEPTH16_SCHED_POLICY1_AGING_ENABLE1', the same net is connected to more than one pin on submodule 'response_i'. (LINT-33)
   Net 'n2225' is connected to pins 'same_address[169]', 'same_address[154]''.
Warning: In design 'mc_top_Q_DEPTH16_SCHED_POLICY1_AGING_ENABLE1', the same net is connected to more than one pin on submodule 'response_i'. (LINT-33)
   Net 'n767' is connected to pins 'same_address[168]', 'same_address[138]''.
Warning: In design 'mc_top_Q_DEPTH16_SCHED_POLICY1_AGING_ENABLE1', the same net is connected to more than one pin on submodule 'response_i'. (LINT-33)
   Net 'n3168' is connected to pins 'same_address[166]', 'same_address[106]''.
Warning: In design 'mc_top_Q_DEPTH16_SCHED_POLICY1_AGING_ENABLE1', the same net is connected to more than one pin on submodule 'response_i'. (LINT-33)
   Net 'n1357' is connected to pins 'same_address[165]', 'same_address[90]''.
Warning: In design 'mc_top_Q_DEPTH16_SCHED_POLICY1_AGING_ENABLE1', the same net is connected to more than one pin on submodule 'response_i'. (LINT-33)
   Net 'n2963' is connected to pins 'same_address[164]', 'same_address[74]''.
Warning: In design 'mc_top_Q_DEPTH16_SCHED_POLICY1_AGING_ENABLE1', the same net is connected to more than one pin on submodule 'response_i'. (LINT-33)
   Net 'n2906' is connected to pins 'same_address[163]', 'same_address[58]''.
Warning: In design 'mc_top_Q_DEPTH16_SCHED_POLICY1_AGING_ENABLE1', the same net is connected to more than one pin on submodule 'response_i'. (LINT-33)
   Net 'n648' is connected to pins 'same_address[162]', 'same_address[42]''.
Warning: In design 'mc_top_Q_DEPTH16_SCHED_POLICY1_AGING_ENABLE1', the same net is connected to more than one pin on submodule 'response_i'. (LINT-33)
   Net 'n3025' is connected to pins 'same_address[161]', 'same_address[26]''.
Warning: In design 'mc_top_Q_DEPTH16_SCHED_POLICY1_AGING_ENABLE1', the same net is connected to more than one pin on submodule 'response_i'. (LINT-33)
   Net 'n3250' is connected to pins 'same_address[160]', 'same_address[10]''.
Warning: In design 'mc_top_Q_DEPTH16_SCHED_POLICY1_AGING_ENABLE1', the same net is connected to more than one pin on submodule 'response_i'. (LINT-33)
   Net 'n2959' is connected to pins 'same_address[152]', 'same_address[137]''.
Warning: In design 'mc_top_Q_DEPTH16_SCHED_POLICY1_AGING_ENABLE1', the same net is connected to more than one pin on submodule 'response_i'. (LINT-33)
   Net 'n1721' is connected to pins 'same_address[151]', 'same_address[121]''.
Warning: In design 'mc_top_Q_DEPTH16_SCHED_POLICY1_AGING_ENABLE1', the same net is connected to more than one pin on submodule 'response_i'. (LINT-33)
   Net 'n3305' is connected to pins 'same_address[149]', 'same_address[89]''.
Warning: In design 'mc_top_Q_DEPTH16_SCHED_POLICY1_AGING_ENABLE1', the same net is connected to more than one pin on submodule 'response_i'. (LINT-33)
   Net 'n2901' is connected to pins 'same_address[148]', 'same_address[73]''.
Warning: In design 'mc_top_Q_DEPTH16_SCHED_POLICY1_AGING_ENABLE1', the same net is connected to more than one pin on submodule 'response_i'. (LINT-33)
   Net 'n3157' is connected to pins 'same_address[147]', 'same_address[57]''.
Warning: In design 'mc_top_Q_DEPTH16_SCHED_POLICY1_AGING_ENABLE1', the same net is connected to more than one pin on submodule 'response_i'. (LINT-33)
   Net 'n2206' is connected to pins 'same_address[146]', 'same_address[41]''.
Warning: In design 'mc_top_Q_DEPTH16_SCHED_POLICY1_AGING_ENABLE1', the same net is connected to more than one pin on submodule 'response_i'. (LINT-33)
   Net 'n2858' is connected to pins 'same_address[145]', 'same_address[25]''.
Warning: In design 'mc_top_Q_DEPTH16_SCHED_POLICY1_AGING_ENABLE1', the same net is connected to more than one pin on submodule 'response_i'. (LINT-33)
   Net 'n3089' is connected to pins 'same_address[144]', 'same_address[9]''.
Warning: In design 'mc_top_Q_DEPTH16_SCHED_POLICY1_AGING_ENABLE1', the same net is connected to more than one pin on submodule 'response_i'. (LINT-33)
   Net 'n559' is connected to pins 'same_address[135]', 'same_address[120]''.
Warning: In design 'mc_top_Q_DEPTH16_SCHED_POLICY1_AGING_ENABLE1', the same net is connected to more than one pin on submodule 'response_i'. (LINT-33)
   Net 'n3024' is connected to pins 'same_address[134]', 'same_address[104]''.
Warning: In design 'mc_top_Q_DEPTH16_SCHED_POLICY1_AGING_ENABLE1', the same net is connected to more than one pin on submodule 'response_i'. (LINT-33)
   Net 'n3246' is connected to pins 'same_address[133]', 'same_address[88]''.
Warning: In design 'mc_top_Q_DEPTH16_SCHED_POLICY1_AGING_ENABLE1', the same net is connected to more than one pin on submodule 'response_i'. (LINT-33)
   Net 'n2856' is connected to pins 'same_address[132]', 'same_address[72]''.
Warning: In design 'mc_top_Q_DEPTH16_SCHED_POLICY1_AGING_ENABLE1', the same net is connected to more than one pin on submodule 'response_i'. (LINT-33)
   Net 'n3079' is connected to pins 'same_address[131]', 'same_address[56]''.
Warning: In design 'mc_top_Q_DEPTH16_SCHED_POLICY1_AGING_ENABLE1', the same net is connected to more than one pin on submodule 'response_i'. (LINT-33)
   Net 'n1577' is connected to pins 'same_address[130]', 'same_address[40]''.
Warning: In design 'mc_top_Q_DEPTH16_SCHED_POLICY1_AGING_ENABLE1', the same net is connected to more than one pin on submodule 'response_i'. (LINT-33)
   Net 'n1790' is connected to pins 'same_address[129]', 'same_address[24]''.
Warning: In design 'mc_top_Q_DEPTH16_SCHED_POLICY1_AGING_ENABLE1', the same net is connected to more than one pin on submodule 'response_i'. (LINT-33)
   Net 'n1322' is connected to pins 'same_address[128]', 'same_address[8]''.
Warning: In design 'mc_top_Q_DEPTH16_SCHED_POLICY1_AGING_ENABLE1', the same net is connected to more than one pin on submodule 'response_i'. (LINT-33)
   Net 'n1259' is connected to pins 'same_address[118]', 'same_address[103]''.
Warning: In design 'mc_top_Q_DEPTH16_SCHED_POLICY1_AGING_ENABLE1', the same net is connected to more than one pin on submodule 'response_i'. (LINT-33)
   Net 'n1593' is connected to pins 'same_address[117]', 'same_address[87]''.
Warning: In design 'mc_top_Q_DEPTH16_SCHED_POLICY1_AGING_ENABLE1', the same net is connected to more than one pin on submodule 'response_i'. (LINT-33)
   Net 'n2808' is connected to pins 'same_address[116]', 'same_address[71]''.
Warning: In design 'mc_top_Q_DEPTH16_SCHED_POLICY1_AGING_ENABLE1', the same net is connected to more than one pin on submodule 'response_i'. (LINT-33)
   Net 'n495' is connected to pins 'same_address[115]', 'same_address[55]''.
Warning: In design 'mc_top_Q_DEPTH16_SCHED_POLICY1_AGING_ENABLE1', the same net is connected to more than one pin on submodule 'response_i'. (LINT-33)
   Net 'n800' is connected to pins 'same_address[114]', 'same_address[39]''.
Warning: In design 'mc_top_Q_DEPTH16_SCHED_POLICY1_AGING_ENABLE1', the same net is connected to more than one pin on submodule 'response_i'. (LINT-33)
   Net 'n2218' is connected to pins 'same_address[113]', 'same_address[23]''.
Warning: In design 'mc_top_Q_DEPTH16_SCHED_POLICY1_AGING_ENABLE1', the same net is connected to more than one pin on submodule 'response_i'. (LINT-33)
   Net 'n2016' is connected to pins 'same_address[112]', 'same_address[7]''.
Warning: In design 'mc_top_Q_DEPTH16_SCHED_POLICY1_AGING_ENABLE1', the same net is connected to more than one pin on submodule 'response_i'. (LINT-33)
   Net 'n1947' is connected to pins 'same_address[101]', 'same_address[86]''.
Warning: In design 'mc_top_Q_DEPTH16_SCHED_POLICY1_AGING_ENABLE1', the same net is connected to more than one pin on submodule 'response_i'. (LINT-33)
   Net 'n1685' is connected to pins 'same_address[100]', 'same_address[70]''.
Warning: In design 'mc_top_Q_DEPTH16_SCHED_POLICY1_AGING_ENABLE1', the same net is connected to more than one pin on submodule 'response_i'. (LINT-33)
   Net 'n3019' is connected to pins 'same_address[99]', 'same_address[54]''.
Warning: In design 'mc_top_Q_DEPTH16_SCHED_POLICY1_AGING_ENABLE1', the same net is connected to more than one pin on submodule 'response_i'. (LINT-33)
   Net 'n2138' is connected to pins 'same_address[98]', 'same_address[38]''.
Warning: In design 'mc_top_Q_DEPTH16_SCHED_POLICY1_AGING_ENABLE1', the same net is connected to more than one pin on submodule 'response_i'. (LINT-33)
   Net 'n2058' is connected to pins 'same_address[97]', 'same_address[22]''.
Warning: In design 'mc_top_Q_DEPTH16_SCHED_POLICY1_AGING_ENABLE1', the same net is connected to more than one pin on submodule 'response_i'. (LINT-33)
   Net 'n3241' is connected to pins 'same_address[96]', 'same_address[6]''.
Warning: In design 'mc_top_Q_DEPTH16_SCHED_POLICY1_AGING_ENABLE1', the same net is connected to more than one pin on submodule 'response_i'. (LINT-33)
   Net 'n3302' is connected to pins 'same_address[84]', 'same_address[69]''.
Warning: In design 'mc_top_Q_DEPTH16_SCHED_POLICY1_AGING_ENABLE1', the same net is connected to more than one pin on submodule 'response_i'. (LINT-33)
   Net 'n1730' is connected to pins 'same_address[83]', 'same_address[53]''.
Warning: In design 'mc_top_Q_DEPTH16_SCHED_POLICY1_AGING_ENABLE1', the same net is connected to more than one pin on submodule 'response_i'. (LINT-33)
   Net 'n3086' is connected to pins 'same_address[82]', 'same_address[37]''.
Warning: In design 'mc_top_Q_DEPTH16_SCHED_POLICY1_AGING_ENABLE1', the same net is connected to more than one pin on submodule 'response_i'. (LINT-33)
   Net 'n861' is connected to pins 'same_address[81]', 'same_address[21]''.
Warning: In design 'mc_top_Q_DEPTH16_SCHED_POLICY1_AGING_ENABLE1', the same net is connected to more than one pin on submodule 'response_i'. (LINT-33)
   Net 'n3018' is connected to pins 'same_address[80]', 'same_address[5]''.
Warning: In design 'mc_top_Q_DEPTH16_SCHED_POLICY1_AGING_ENABLE1', the same net is connected to more than one pin on submodule 'response_i'. (LINT-33)
   Net 'n2852' is connected to pins 'same_address[67]', 'same_address[52]''.
Warning: In design 'mc_top_Q_DEPTH16_SCHED_POLICY1_AGING_ENABLE1', the same net is connected to more than one pin on submodule 'response_i'. (LINT-33)
   Net 'n1397' is connected to pins 'same_address[66]', 'same_address[36]''.
Warning: In design 'mc_top_Q_DEPTH16_SCHED_POLICY1_AGING_ENABLE1', the same net is connected to more than one pin on submodule 'response_i'. (LINT-33)
   Net 'n3239' is connected to pins 'same_address[65]', 'same_address[20]''.
Warning: In design 'mc_top_Q_DEPTH16_SCHED_POLICY1_AGING_ENABLE1', the same net is connected to more than one pin on submodule 'response_i'. (LINT-33)
   Net 'n2018' is connected to pins 'same_address[64]', 'same_address[4]''.
Warning: In design 'mc_top_Q_DEPTH16_SCHED_POLICY1_AGING_ENABLE1', the same net is connected to more than one pin on submodule 'response_i'. (LINT-33)
   Net 'n2141' is connected to pins 'same_address[50]', 'same_address[35]''.
Warning: In design 'mc_top_Q_DEPTH16_SCHED_POLICY1_AGING_ENABLE1', the same net is connected to more than one pin on submodule 'response_i'. (LINT-33)
   Net 'n3153' is connected to pins 'same_address[49]', 'same_address[19]''.
Warning: In design 'mc_top_Q_DEPTH16_SCHED_POLICY1_AGING_ENABLE1', the same net is connected to more than one pin on submodule 'response_i'. (LINT-33)
   Net 'n2958' is connected to pins 'same_address[33]', 'same_address[18]''.
Warning: In design 'mc_top_Q_DEPTH16_SCHED_POLICY1_AGING_ENABLE1', the same net is connected to more than one pin on submodule 'response_i'. (LINT-33)
   Net 'n3156' is connected to pins 'same_address[32]', 'same_address[2]''.
Warning: In design 'mc_top_Q_DEPTH16_SCHED_POLICY1_AGING_ENABLE1', the same net is connected to more than one pin on submodule 'response_i'. (LINT-33)
   Net 'n1424' is connected to pins 'same_address[16]', 'same_address[1]''.
1
