 
****************************************
Report : qor
Design : mc_top_Q_DEPTH16_SCHED_POLICY1_AGING_ENABLE0
Version: R-2020.09-SP4
Date   : Tue Sep 22 18:05:54 2026
****************************************


  Timing Path Group 'core_clk'
  -----------------------------------
  Levels of Logic:              85.00
  Critical Path Length:          4.97
  Critical Path Slack:           3.93
  Critical Path Clk Period:     10.00
  Total Negative Slack:          0.00
  No. of Violating Paths:        0.00
  Worst Hold Violation:         -0.00
  Total Hold Violation:         -0.01
  No. of Hold Violations:       11.00
  -----------------------------------


  Cell Count
  -----------------------------------
  Hierarchical Cell Count:         21
  Hierarchical Port Count:       5037
  Leaf Cell Count:              25370
  Buf/Inv Cell Count:            5013
  Buf Cell Count:                 751
  Inv Cell Count:                4262
  CT Buf/Inv Cell Count:            0
  Combinational Cell Count:     23396
  Sequential Cell Count:         1974
  Macro Count:                      0
  -----------------------------------


  Area
  -----------------------------------
  Combinational Area:    62482.600477
  Noncombinational Area: 15748.769051
  Buf/Inv Area:           7762.691137
  Total Buffer Area:          1762.22
  Total Inverter Area:        6000.47
  Macro/Black Box Area:      0.000000
  Net Area:                  0.000000
  -----------------------------------
  Cell Area:             78231.369528
  Design Area:           78231.369528


  Design Rules
  -----------------------------------
  Total Number of Nets:         25561
  Nets With Violations:          5454
  Max Trans Violations:             0
  Max Cap Violations:            5454
  -----------------------------------


  Hostname: redacted-lab-host

  Compile CPU Statistics
  -----------------------------------------
  Resource Sharing:                   47.70
  Logic Optimization:                  8.91
  Mapping Optimization:               40.26
  -----------------------------------------
  Overall Compile Time:              101.06
  Overall Compile Wall Clock Time:   102.06

  --------------------------------------------------------------------

  Design  WNS: 0.00  TNS: 0.00  Number of Violating Paths: 0


  Design (Hold)  WNS: 0.00  TNS: 0.01  Number of Violating Paths: 11

  --------------------------------------------------------------------


1
