 
****************************************
Report : qor
Design : mc_top_Q_DEPTH16_SCHED_POLICY0_AGING_ENABLE0
Version: R-2020.09-SP4
Date   : Tue Sep 22 18:05:31 2026
****************************************


  Timing Path Group 'core_clk'
  -----------------------------------
  Levels of Logic:              66.00
  Critical Path Length:          3.91
  Critical Path Slack:           5.90
  Critical Path Clk Period:     10.00
  Total Negative Slack:          0.00
  No. of Violating Paths:        0.00
  Worst Hold Violation:         -0.00
  Total Hold Violation:         -0.01
  No. of Hold Violations:       11.00
  -----------------------------------


  Cell Count
  -----------------------------------
  Hierarchical Cell Count:         21
  Hierarchical Port Count:       4574
  Leaf Cell Count:              24726
  Buf/Inv Cell Count:            4899
  Buf Cell Count:                 720
  Inv Cell Count:                4179
  CT Buf/Inv Cell Count:            0
  Combinational Cell Count:     22757
  Sequential Cell Count:         1969
  Macro Count:                      0
  -----------------------------------


  Area
  -----------------------------------
  Combinational Area:    60825.032909
  Noncombinational Area: 15708.878551
  Buf/Inv Area:           7573.093941
  Total Buffer Area:          1689.48
  Total Inverter Area:        5883.61
  Macro/Black Box Area:      0.000000
  Net Area:                  0.000000
  -----------------------------------
  Cell Area:             76533.911460
  Design Area:           76533.911460


  Design Rules
  -----------------------------------
  Total Number of Nets:         24916
  Nets With Violations:          5179
  Max Trans Violations:             0
  Max Cap Violations:            5179
  -----------------------------------


  Hostname: redacted-lab-host

  Compile CPU Statistics
  -----------------------------------------
  Resource Sharing:                   40.76
  Logic Optimization:                  6.96
  Mapping Optimization:               38.11
  -----------------------------------------
  Overall Compile Time:               89.51
  Overall Compile Wall Clock Time:    90.23

  --------------------------------------------------------------------

  Design  WNS: 0.00  TNS: 0.00  Number of Violating Paths: 0


  Design (Hold)  WNS: 0.00  TNS: 0.01  Number of Violating Paths: 11

  --------------------------------------------------------------------


1
