
****************************************
Report : timing
        -path full
        -delay min
        -input_pins
        -nets
        -max_paths 20
        -transition_time
        -capacitance
Design : mc_top_Q_DEPTH16_SCHED_POLICY1_AGING_ENABLE1
Version: R-2020.09-SP4
Date   : Wed Sep 30 19:46:28 2026
****************************************

 # A fanout number of 1000 was used for high fanout net computations.

Operating Conditions: typical   Library: gscl45nm
Wire Load Model Mode: top

  Startpoint: banks_i/ras_reg[3][2]
              (rising edge-triggered flip-flop clocked by core_clk)
  Endpoint: banks_i/ras_reg[3][2]
            (rising edge-triggered flip-flop clocked by core_clk)
  Path Group: core_clk
  Path Type: min

  Point                                       Fanout       Cap     Trans      Incr       Path
  ----------------------------------------------------------------------------------------------
  clock core_clk (rise edge)                                              0.000000   0.000000
  clock network delay (ideal)                                             0.000000   0.000000
  banks_i/ras_reg[3][2]/CLK (DFFPOSX1)                          0.000000  0.000000 # 0.000000 r
  banks_i/ras_reg[3][2]/Q (DFFPOSX1)                            0.018956  0.067661   0.067661 r
  banks_i/ras[3][2] (net)                       2     0.005385            0.000000   0.067661 r
  banks_i/U92/C (NAND3X1)                                       0.018956  0.000000   0.067661 r
  banks_i/U92/Y (NAND3X1)                                       0.005088  0.011767   0.079428 f
  banks_i/n77 (net)                             1     0.001944            0.000000   0.079428 f
  banks_i/U91/B (NAND2X1)                                       0.005088  0.000000   0.079428 f
  banks_i/U91/Y (NAND2X1)                                       0.029657  0.009604   0.089032 r
  banks_i/n214 (net)                            1     0.001816            0.000000   0.089032 r
  banks_i/ras_reg[3][2]/D (DFFPOSX1)                            0.029657  0.000000   0.089032 r
  data arrival time                                                                  0.089032

  clock core_clk (rise edge)                                              0.000000   0.000000
  clock network delay (ideal)                                             0.000000   0.000000
  clock uncertainty                                                       0.100000   0.100000
  banks_i/ras_reg[3][2]/CLK (DFFPOSX1)                                    0.000000   0.100000 r
  library hold time                                                       -0.010308  0.089692
  data required time                                                                 0.089692
  ----------------------------------------------------------------------------------------------
  data required time                                                                 0.089692
  data arrival time                                                                  -0.089032
  ----------------------------------------------------------------------------------------------
  slack (VIOLATED)                                                                   -0.000659


  Startpoint: banks_i/rcd_reg[3][1]
              (rising edge-triggered flip-flop clocked by core_clk)
  Endpoint: banks_i/rcd_reg[3][1]
            (rising edge-triggered flip-flop clocked by core_clk)
  Path Group: core_clk
  Path Type: min

  Point                                       Fanout       Cap     Trans      Incr       Path
  ----------------------------------------------------------------------------------------------
  clock core_clk (rise edge)                                              0.000000   0.000000
  clock network delay (ideal)                                             0.000000   0.000000
  banks_i/rcd_reg[3][1]/CLK (DFFPOSX1)                          0.000000  0.000000 # 0.000000 r
  banks_i/rcd_reg[3][1]/Q (DFFPOSX1)                            0.019192  0.067816   0.067816 r
  banks_i/rcd[3][1] (net)                       2     0.005486            0.000000   0.067816 r
  banks_i/U128/C (NAND3X1)                                      0.019192  0.000000   0.067816 r
  banks_i/U128/Y (NAND3X1)                                      0.005033  0.011822   0.079638 f
  banks_i/n110 (net)                            1     0.001944            0.000000   0.079638 f
  banks_i/U127/B (NAND2X1)                                      0.005033  0.000000   0.079638 f
  banks_i/U127/Y (NAND2X1)                                      0.029657  0.009586   0.089224 r
  banks_i/n230 (net)                            1     0.001816            0.000000   0.089224 r
  banks_i/rcd_reg[3][1]/D (DFFPOSX1)                            0.029657  0.000000   0.089224 r
  data arrival time                                                                  0.089224

  clock core_clk (rise edge)                                              0.000000   0.000000
  clock network delay (ideal)                                             0.000000   0.000000
  clock uncertainty                                                       0.100000   0.100000
  banks_i/rcd_reg[3][1]/CLK (DFFPOSX1)                                    0.000000   0.100000 r
  library hold time                                                       -0.010308  0.089692
  data required time                                                                 0.089692
  ----------------------------------------------------------------------------------------------
  data required time                                                                 0.089692
  data arrival time                                                                  -0.089224
  ----------------------------------------------------------------------------------------------
  slack (VIOLATED)                                                                   -0.000467


  Startpoint: rsp_ready (input port clocked by core_clk)
  Endpoint: response_i/held_slot_reg[1]
            (rising edge-triggered flip-flop clocked by core_clk)
  Path Group: core_clk
  Path Type: min

  Point                                       Fanout       Cap     Trans      Incr       Path
  ----------------------------------------------------------------------------------------------
  clock core_clk (rise edge)                                              0.000000   0.000000
  clock network delay (ideal)                                             0.000000   0.000000
  input external delay                                                    0.000000   0.000000 r
  rsp_ready (in)                                                0.100000  0.000000   0.000000 r
  rsp_ready (net)                               2     0.005085            0.000000   0.000000 r
  response_i/rsp_ready (mc_response_Q_DEPTH16_DATA_W32_TAG_W8)            0.000000   0.000000 r
  response_i/rsp_ready (net)                          0.005085            0.000000   0.000000 r
  response_i/U167/A (OAI21X1)                                   0.100000  0.000000   0.000000 r
  response_i/U167/Y (OAI21X1)                                   0.018280  0.054094   0.054094 f
  response_i/n647 (net)                         5     0.011200            0.000000   0.054094 f
  response_i/U817/A (INVX1)                                     0.018280  0.000000   0.054094 f
  response_i/U817/Y (INVX1)                                     0.000000  0.009984   0.064078 r
  response_i/n108 (net)                         2     0.004120            0.000000   0.064078 r
  response_i/U147/A (NAND2X1)                                   0.000000  0.000000   0.064078 r
  response_i/U147/Y (NAND2X1)                                   0.000000  0.009678   0.073756 f
  response_i/n655 (net)                         1     0.001924            0.000000   0.073756 f
  response_i/U146/C (OAI21X1)                                   0.000000  0.000000   0.073756 f
  response_i/U146/Y (OAI21X1)                                   0.006711  0.013809   0.087564 r
  response_i/n1337 (net)                        1     0.001816            0.000000   0.087564 r
  response_i/held_slot_reg[1]/D (DFFPOSX1)                      0.006711  0.000000   0.087564 r
  data arrival time                                                                  0.087564

  clock core_clk (rise edge)                                              0.000000   0.000000
  clock network delay (ideal)                                             0.000000   0.000000
  clock uncertainty                                                       0.100000   0.100000
  response_i/held_slot_reg[1]/CLK (DFFPOSX1)                              0.000000   0.100000 r
  library hold time                                                       -0.020467  0.079533
  data required time                                                                 0.079533
  ----------------------------------------------------------------------------------------------
  data required time                                                                 0.079533
  data arrival time                                                                  -0.087564
  ----------------------------------------------------------------------------------------------
  slack (MET)                                                                        0.008031


  Startpoint: rsp_ready (input port clocked by core_clk)
  Endpoint: response_i/held_slot_reg[2]
            (rising edge-triggered flip-flop clocked by core_clk)
  Path Group: core_clk
  Path Type: min

  Point                                       Fanout       Cap     Trans      Incr       Path
  ----------------------------------------------------------------------------------------------
  clock core_clk (rise edge)                                              0.000000   0.000000
  clock network delay (ideal)                                             0.000000   0.000000
  input external delay                                                    0.000000   0.000000 r
  rsp_ready (in)                                                0.100000  0.000000   0.000000 r
  rsp_ready (net)                               2     0.005085            0.000000   0.000000 r
  response_i/rsp_ready (mc_response_Q_DEPTH16_DATA_W32_TAG_W8)            0.000000   0.000000 r
  response_i/rsp_ready (net)                          0.005085            0.000000   0.000000 r
  response_i/U167/A (OAI21X1)                                   0.100000  0.000000   0.000000 r
  response_i/U167/Y (OAI21X1)                                   0.018280  0.054094   0.054094 f
  response_i/n647 (net)                         5     0.011200            0.000000   0.054094 f
  response_i/U817/A (INVX1)                                     0.018280  0.000000   0.054094 f
  response_i/U817/Y (INVX1)                                     0.000000  0.009984   0.064078 r
  response_i/n108 (net)                         2     0.004120            0.000000   0.064078 r
  response_i/U144/C (OAI21X1)                                   0.000000  0.000000   0.064078 r
  response_i/U144/Y (OAI21X1)                                   0.000000  0.010318   0.074396 f
  response_i/n650 (net)                         1     0.001924            0.000000   0.074396 f
  response_i/U143/C (OAI21X1)                                   0.000000  0.000000   0.074396 f
  response_i/U143/Y (OAI21X1)                                   0.006711  0.013809   0.088204 r
  response_i/n1336 (net)                        1     0.001816            0.000000   0.088204 r
  response_i/held_slot_reg[2]/D (DFFPOSX1)                      0.006711  0.000000   0.088204 r
  data arrival time                                                                  0.088204

  clock core_clk (rise edge)                                              0.000000   0.000000
  clock network delay (ideal)                                             0.000000   0.000000
  clock uncertainty                                                       0.100000   0.100000
  response_i/held_slot_reg[2]/CLK (DFFPOSX1)                              0.000000   0.100000 r
  library hold time                                                       -0.020467  0.079533
  data required time                                                                 0.079533
  ----------------------------------------------------------------------------------------------
  data required time                                                                 0.079533
  data arrival time                                                                  -0.088204
  ----------------------------------------------------------------------------------------------
  slack (MET)                                                                        0.008671


  Startpoint: table_i/return_valid_reg[1]
              (rising edge-triggered flip-flop clocked by core_clk)
  Endpoint: table_i/return_valid_reg[2]
            (rising edge-triggered flip-flop clocked by core_clk)
  Path Group: core_clk
  Path Type: min

  Point                                       Fanout       Cap     Trans      Incr       Path
  ----------------------------------------------------------------------------------------------
  clock core_clk (rise edge)                                              0.000000   0.000000
  clock network delay (ideal)                                             0.000000   0.000000
  table_i/return_valid_reg[1]/CLK (DFFPOSX1)                    0.000000  0.000000 # 0.000000 r
  table_i/return_valid_reg[1]/Q (DFFPOSX1)                      0.011766  0.062939   0.062939 r
  table_i/return_valid[1] (net)                 1     0.002291            0.000000   0.062939 r
  table_i/U5677/A (AND2X1)                                      0.011766  0.000000   0.062939 r
  table_i/U5677/Y (AND2X1)                                      0.013773  0.029222   0.092161 r
  table_i/N6866 (net)                           1     0.001816            0.000000   0.092161 r
  table_i/return_valid_reg[2]/D (DFFPOSX1)                      0.013773  0.000000   0.092161 r
  data arrival time                                                                  0.092161

  clock core_clk (rise edge)                                              0.000000   0.000000
  clock network delay (ideal)                                             0.000000   0.000000
  clock uncertainty                                                       0.100000   0.100000
  table_i/return_valid_reg[2]/CLK (DFFPOSX1)                              0.000000   0.100000 r
  library hold time                                                       -0.017340  0.082660
  data required time                                                                 0.082660
  ----------------------------------------------------------------------------------------------
  data required time                                                                 0.082660
  data arrival time                                                                  -0.092161
  ----------------------------------------------------------------------------------------------
  slack (MET)                                                                        0.009501


  Startpoint: table_i/return_valid_reg[0]
              (rising edge-triggered flip-flop clocked by core_clk)
  Endpoint: table_i/return_valid_reg[1]
            (rising edge-triggered flip-flop clocked by core_clk)
  Path Group: core_clk
  Path Type: min

  Point                                       Fanout       Cap     Trans      Incr       Path
  ----------------------------------------------------------------------------------------------
  clock core_clk (rise edge)                                              0.000000   0.000000
  clock network delay (ideal)                                             0.000000   0.000000
  table_i/return_valid_reg[0]/CLK (DFFPOSX1)                    0.000000  0.000000 # 0.000000 r
  table_i/return_valid_reg[0]/Q (DFFPOSX1)                      0.011766  0.062939   0.062939 r
  table_i/return_valid[0] (net)                 1     0.002291            0.000000   0.062939 r
  table_i/U5686/A (AND2X1)                                      0.011766  0.000000   0.062939 r
  table_i/U5686/Y (AND2X1)                                      0.009853  0.029222   0.092161 r
  table_i/N6865 (net)                           1     0.001816            0.000000   0.092161 r
  table_i/return_valid_reg[1]/D (DFFPOSX1)                      0.009853  0.000000   0.092161 r
  data arrival time                                                                  0.092161

  clock core_clk (rise edge)                                              0.000000   0.000000
  clock network delay (ideal)                                             0.000000   0.000000
  clock uncertainty                                                       0.100000   0.100000
  table_i/return_valid_reg[1]/CLK (DFFPOSX1)                              0.000000   0.100000 r
  library hold time                                                       -0.019076  0.080924
  data required time                                                                 0.080924
  ----------------------------------------------------------------------------------------------
  data required time                                                                 0.080924
  data arrival time                                                                  -0.092161
  ----------------------------------------------------------------------------------------------
  slack (MET)                                                                        0.011236


  Startpoint: table_i/return_slot_reg[0][3]
              (rising edge-triggered flip-flop clocked by core_clk)
  Endpoint: table_i/return_slot_reg[1][3]
            (rising edge-triggered flip-flop clocked by core_clk)
  Path Group: core_clk
  Path Type: min

  Point                                       Fanout       Cap     Trans      Incr       Path
  ----------------------------------------------------------------------------------------------
  clock core_clk (rise edge)                                              0.000000   0.000000
  clock network delay (ideal)                                             0.000000   0.000000
  table_i/return_slot_reg[0][3]/CLK (DFFPOSX1)                  0.000000  0.000000 # 0.000000 r
  table_i/return_slot_reg[0][3]/Q (DFFPOSX1)                    0.011766  0.062939   0.062939 r
  table_i/return_slot[0][3] (net)               1     0.002291            0.000000   0.062939 r
  table_i/U5685/A (AND2X1)                                      0.011766  0.000000   0.062939 r
  table_i/U5685/Y (AND2X1)                                      0.009853  0.029222   0.092161 r
  table_i/N6874 (net)                           1     0.001816            0.000000   0.092161 r
  table_i/return_slot_reg[1][3]/D (DFFPOSX1)                    0.009853  0.000000   0.092161 r
  data arrival time                                                                  0.092161

  clock core_clk (rise edge)                                              0.000000   0.000000
  clock network delay (ideal)                                             0.000000   0.000000
  clock uncertainty                                                       0.100000   0.100000
  table_i/return_slot_reg[1][3]/CLK (DFFPOSX1)                            0.000000   0.100000 r
  library hold time                                                       -0.019076  0.080924
  data required time                                                                 0.080924
  ----------------------------------------------------------------------------------------------
  data required time                                                                 0.080924
  data arrival time                                                                  -0.092161
  ----------------------------------------------------------------------------------------------
  slack (MET)                                                                        0.011236


  Startpoint: table_i/return_slot_reg[0][1]
              (rising edge-triggered flip-flop clocked by core_clk)
  Endpoint: table_i/return_slot_reg[1][1]
            (rising edge-triggered flip-flop clocked by core_clk)
  Path Group: core_clk
  Path Type: min

  Point                                       Fanout       Cap     Trans      Incr       Path
  ----------------------------------------------------------------------------------------------
  clock core_clk (rise edge)                                              0.000000   0.000000
  clock network delay (ideal)                                             0.000000   0.000000
  table_i/return_slot_reg[0][1]/CLK (DFFPOSX1)                  0.000000  0.000000 # 0.000000 r
  table_i/return_slot_reg[0][1]/Q (DFFPOSX1)                    0.011766  0.062939   0.062939 r
  table_i/return_slot[0][1] (net)               1     0.002291            0.000000   0.062939 r
  table_i/U5683/A (AND2X1)                                      0.011766  0.000000   0.062939 r
  table_i/U5683/Y (AND2X1)                                      0.009853  0.029222   0.092161 r
  table_i/N6872 (net)                           1     0.001816            0.000000   0.092161 r
  table_i/return_slot_reg[1][1]/D (DFFPOSX1)                    0.009853  0.000000   0.092161 r
  data arrival time                                                                  0.092161

  clock core_clk (rise edge)                                              0.000000   0.000000
  clock network delay (ideal)                                             0.000000   0.000000
  clock uncertainty                                                       0.100000   0.100000
  table_i/return_slot_reg[1][1]/CLK (DFFPOSX1)                            0.000000   0.100000 r
  library hold time                                                       -0.019076  0.080924
  data required time                                                                 0.080924
  ----------------------------------------------------------------------------------------------
  data required time                                                                 0.080924
  data arrival time                                                                  -0.092161
  ----------------------------------------------------------------------------------------------
  slack (MET)                                                                        0.011236


  Startpoint: table_i/return_slot_reg[0][0]
              (rising edge-triggered flip-flop clocked by core_clk)
  Endpoint: table_i/return_slot_reg[1][0]
            (rising edge-triggered flip-flop clocked by core_clk)
  Path Group: core_clk
  Path Type: min

  Point                                       Fanout       Cap     Trans      Incr       Path
  ----------------------------------------------------------------------------------------------
  clock core_clk (rise edge)                                              0.000000   0.000000
  clock network delay (ideal)                                             0.000000   0.000000
  table_i/return_slot_reg[0][0]/CLK (DFFPOSX1)                  0.000000  0.000000 # 0.000000 r
  table_i/return_slot_reg[0][0]/Q (DFFPOSX1)                    0.011766  0.062939   0.062939 r
  table_i/return_slot[0][0] (net)               1     0.002291            0.000000   0.062939 r
  table_i/U5682/A (AND2X1)                                      0.011766  0.000000   0.062939 r
  table_i/U5682/Y (AND2X1)                                      0.009853  0.029222   0.092161 r
  table_i/N6871 (net)                           1     0.001816            0.000000   0.092161 r
  table_i/return_slot_reg[1][0]/D (DFFPOSX1)                    0.009853  0.000000   0.092161 r
  data arrival time                                                                  0.092161

  clock core_clk (rise edge)                                              0.000000   0.000000
  clock network delay (ideal)                                             0.000000   0.000000
  clock uncertainty                                                       0.100000   0.100000
  table_i/return_slot_reg[1][0]/CLK (DFFPOSX1)                            0.000000   0.100000 r
  library hold time                                                       -0.019076  0.080924
  data required time                                                                 0.080924
  ----------------------------------------------------------------------------------------------
  data required time                                                                 0.080924
  data arrival time                                                                  -0.092161
  ----------------------------------------------------------------------------------------------
  slack (MET)                                                                        0.011236


  Startpoint: table_i/return_slot_reg[1][2]
              (rising edge-triggered flip-flop clocked by core_clk)
  Endpoint: table_i/return_slot_reg[2][2]
            (rising edge-triggered flip-flop clocked by core_clk)
  Path Group: core_clk
  Path Type: min

  Point                                       Fanout       Cap     Trans      Incr       Path
  ----------------------------------------------------------------------------------------------
  clock core_clk (rise edge)                                              0.000000   0.000000
  clock network delay (ideal)                                             0.000000   0.000000
  table_i/return_slot_reg[1][2]/CLK (DFFPOSX1)                  0.000000  0.000000 # 0.000000 r
  table_i/return_slot_reg[1][2]/Q (DFFPOSX1)                    0.011766  0.062939   0.062939 r
  table_i/return_slot[1][2] (net)               1     0.002291            0.000000   0.062939 r
  table_i/U5680/A (AND2X1)                                      0.011766  0.000000   0.062939 r
  table_i/U5680/Y (AND2X1)                                      0.009853  0.029222   0.092161 r
  table_i/N6869 (net)                           1     0.001816            0.000000   0.092161 r
  table_i/return_slot_reg[2][2]/D (DFFPOSX1)                    0.009853  0.000000   0.092161 r
  data arrival time                                                                  0.092161

  clock core_clk (rise edge)                                              0.000000   0.000000
  clock network delay (ideal)                                             0.000000   0.000000
  clock uncertainty                                                       0.100000   0.100000
  table_i/return_slot_reg[2][2]/CLK (DFFPOSX1)                            0.000000   0.100000 r
  library hold time                                                       -0.019076  0.080924
  data required time                                                                 0.080924
  ----------------------------------------------------------------------------------------------
  data required time                                                                 0.080924
  data arrival time                                                                  -0.092161
  ----------------------------------------------------------------------------------------------
  slack (MET)                                                                        0.011236


  Startpoint: table_i/return_slot_reg[1][1]
              (rising edge-triggered flip-flop clocked by core_clk)
  Endpoint: table_i/return_slot_reg[2][1]
            (rising edge-triggered flip-flop clocked by core_clk)
  Path Group: core_clk
  Path Type: min

  Point                                       Fanout       Cap     Trans      Incr       Path
  ----------------------------------------------------------------------------------------------
  clock core_clk (rise edge)                                              0.000000   0.000000
  clock network delay (ideal)                                             0.000000   0.000000
  table_i/return_slot_reg[1][1]/CLK (DFFPOSX1)                  0.000000  0.000000 # 0.000000 r
  table_i/return_slot_reg[1][1]/Q (DFFPOSX1)                    0.011766  0.062939   0.062939 r
  table_i/return_slot[1][1] (net)               1     0.002291            0.000000   0.062939 r
  table_i/U5679/A (AND2X1)                                      0.011766  0.000000   0.062939 r
  table_i/U5679/Y (AND2X1)                                      0.009853  0.029222   0.092161 r
  table_i/N6868 (net)                           1     0.001816            0.000000   0.092161 r
  table_i/return_slot_reg[2][1]/D (DFFPOSX1)                    0.009853  0.000000   0.092161 r
  data arrival time                                                                  0.092161

  clock core_clk (rise edge)                                              0.000000   0.000000
  clock network delay (ideal)                                             0.000000   0.000000
  clock uncertainty                                                       0.100000   0.100000
  table_i/return_slot_reg[2][1]/CLK (DFFPOSX1)                            0.000000   0.100000 r
  library hold time                                                       -0.019076  0.080924
  data required time                                                                 0.080924
  ----------------------------------------------------------------------------------------------
  data required time                                                                 0.080924
  data arrival time                                                                  -0.092161
  ----------------------------------------------------------------------------------------------
  slack (MET)                                                                        0.011236


  Startpoint: table_i/write_data_reg[349]
              (rising edge-triggered flip-flop clocked by core_clk)
  Endpoint: table_i/write_data_reg[349]
            (rising edge-triggered flip-flop clocked by core_clk)
  Path Group: core_clk
  Path Type: min

  Point                                       Fanout       Cap     Trans      Incr       Path
  ----------------------------------------------------------------------------------------------
  clock core_clk (rise edge)                                              0.000000   0.000000
  clock network delay (ideal)                                             0.000000   0.000000
  table_i/write_data_reg[349]/CLK (DFFPOSX1)                    0.000000  0.000000 # 0.000000 r
  table_i/write_data_reg[349]/Q (DFFPOSX1)                      0.014951  0.065031   0.065031 r
  table_i/write_data[349] (net)                 2     0.003662            0.000000   0.065031 r
  table_i/U3481/A (NAND2X1)                                     0.014951  0.000000   0.065031 r
  table_i/U3481/Y (NAND2X1)                                     0.000000  0.012880   0.077910 f
  table_i/n2282 (net)                           1     0.001924            0.000000   0.077910 f
  table_i/U3480/C (OAI21X1)                                     0.000000  0.000000   0.077910 f
  table_i/U3480/Y (OAI21X1)                                     0.006601  0.013809   0.091719 r
  table_i/n4114 (net)                           1     0.001816            0.000000   0.091719 r
  table_i/write_data_reg[349]/D (DFFPOSX1)                      0.006601  0.000000   0.091719 r
  data arrival time                                                                  0.091719

  clock core_clk (rise edge)                                              0.000000   0.000000
  clock network delay (ideal)                                             0.000000   0.000000
  clock uncertainty                                                       0.100000   0.100000
  table_i/write_data_reg[349]/CLK (DFFPOSX1)                              0.000000   0.100000 r
  library hold time                                                       -0.020515  0.079485
  data required time                                                                 0.079485
  ----------------------------------------------------------------------------------------------
  data required time                                                                 0.079485
  data arrival time                                                                  -0.091719
  ----------------------------------------------------------------------------------------------
  slack (MET)                                                                        0.012234


  Startpoint: table_i/write_data_reg[337]
              (rising edge-triggered flip-flop clocked by core_clk)
  Endpoint: table_i/write_data_reg[337]
            (rising edge-triggered flip-flop clocked by core_clk)
  Path Group: core_clk
  Path Type: min

  Point                                       Fanout       Cap     Trans      Incr       Path
  ----------------------------------------------------------------------------------------------
  clock core_clk (rise edge)                                              0.000000   0.000000
  clock network delay (ideal)                                             0.000000   0.000000
  table_i/write_data_reg[337]/CLK (DFFPOSX1)                    0.000000  0.000000 # 0.000000 r
  table_i/write_data_reg[337]/Q (DFFPOSX1)                      0.014951  0.065031   0.065031 r
  table_i/write_data[337] (net)                 2     0.003662            0.000000   0.065031 r
  table_i/U3457/A (NAND2X1)                                     0.014951  0.000000   0.065031 r
  table_i/U3457/Y (NAND2X1)                                     0.000000  0.012880   0.077910 f
  table_i/n2270 (net)                           1     0.001924            0.000000   0.077910 f
  table_i/U3456/C (OAI21X1)                                     0.000000  0.000000   0.077910 f
  table_i/U3456/Y (OAI21X1)                                     0.006601  0.013809   0.091719 r
  table_i/n4102 (net)                           1     0.001816            0.000000   0.091719 r
  table_i/write_data_reg[337]/D (DFFPOSX1)                      0.006601  0.000000   0.091719 r
  data arrival time                                                                  0.091719

  clock core_clk (rise edge)                                              0.000000   0.000000
  clock network delay (ideal)                                             0.000000   0.000000
  clock uncertainty                                                       0.100000   0.100000
  table_i/write_data_reg[337]/CLK (DFFPOSX1)                              0.000000   0.100000 r
  library hold time                                                       -0.020515  0.079485
  data required time                                                                 0.079485
  ----------------------------------------------------------------------------------------------
  data required time                                                                 0.079485
  data arrival time                                                                  -0.091719
  ----------------------------------------------------------------------------------------------
  slack (MET)                                                                        0.012234


  Startpoint: table_i/write_data_reg[285]
              (rising edge-triggered flip-flop clocked by core_clk)
  Endpoint: table_i/write_data_reg[285]
            (rising edge-triggered flip-flop clocked by core_clk)
  Path Group: core_clk
  Path Type: min

  Point                                       Fanout       Cap     Trans      Incr       Path
  ----------------------------------------------------------------------------------------------
  clock core_clk (rise edge)                                              0.000000   0.000000
  clock network delay (ideal)                                             0.000000   0.000000
  table_i/write_data_reg[285]/CLK (DFFPOSX1)                    0.000000  0.000000 # 0.000000 r
  table_i/write_data_reg[285]/Q (DFFPOSX1)                      0.014951  0.065031   0.065031 r
  table_i/write_data[285] (net)                 2     0.003662            0.000000   0.065031 r
  table_i/U3353/A (NAND2X1)                                     0.014951  0.000000   0.065031 r
  table_i/U3353/Y (NAND2X1)                                     0.000000  0.012880   0.077910 f
  table_i/n2218 (net)                           1     0.001924            0.000000   0.077910 f
  table_i/U3352/C (OAI21X1)                                     0.000000  0.000000   0.077910 f
  table_i/U3352/Y (OAI21X1)                                     0.006601  0.013809   0.091719 r
  table_i/n4050 (net)                           1     0.001816            0.000000   0.091719 r
  table_i/write_data_reg[285]/D (DFFPOSX1)                      0.006601  0.000000   0.091719 r
  data arrival time                                                                  0.091719

  clock core_clk (rise edge)                                              0.000000   0.000000
  clock network delay (ideal)                                             0.000000   0.000000
  clock uncertainty                                                       0.100000   0.100000
  table_i/write_data_reg[285]/CLK (DFFPOSX1)                              0.000000   0.100000 r
  library hold time                                                       -0.020515  0.079485
  data required time                                                                 0.079485
  ----------------------------------------------------------------------------------------------
  data required time                                                                 0.079485
  data arrival time                                                                  -0.091719
  ----------------------------------------------------------------------------------------------
  slack (MET)                                                                        0.012234


  Startpoint: table_i/write_data_reg[274]
              (rising edge-triggered flip-flop clocked by core_clk)
  Endpoint: table_i/write_data_reg[274]
            (rising edge-triggered flip-flop clocked by core_clk)
  Path Group: core_clk
  Path Type: min

  Point                                       Fanout       Cap     Trans      Incr       Path
  ----------------------------------------------------------------------------------------------
  clock core_clk (rise edge)                                              0.000000   0.000000
  clock network delay (ideal)                                             0.000000   0.000000
  table_i/write_data_reg[274]/CLK (DFFPOSX1)                    0.000000  0.000000 # 0.000000 r
  table_i/write_data_reg[274]/Q (DFFPOSX1)                      0.014951  0.065031   0.065031 r
  table_i/write_data[274] (net)                 2     0.003662            0.000000   0.065031 r
  table_i/U3331/A (NAND2X1)                                     0.014951  0.000000   0.065031 r
  table_i/U3331/Y (NAND2X1)                                     0.000000  0.012880   0.077910 f
  table_i/n2207 (net)                           1     0.001924            0.000000   0.077910 f
  table_i/U3330/C (OAI21X1)                                     0.000000  0.000000   0.077910 f
  table_i/U3330/Y (OAI21X1)                                     0.006601  0.013809   0.091719 r
  table_i/n4039 (net)                           1     0.001816            0.000000   0.091719 r
  table_i/write_data_reg[274]/D (DFFPOSX1)                      0.006601  0.000000   0.091719 r
  data arrival time                                                                  0.091719

  clock core_clk (rise edge)                                              0.000000   0.000000
  clock network delay (ideal)                                             0.000000   0.000000
  clock uncertainty                                                       0.100000   0.100000
  table_i/write_data_reg[274]/CLK (DFFPOSX1)                              0.000000   0.100000 r
  library hold time                                                       -0.020515  0.079485
  data required time                                                                 0.079485
  ----------------------------------------------------------------------------------------------
  data required time                                                                 0.079485
  data arrival time                                                                  -0.091719
  ----------------------------------------------------------------------------------------------
  slack (MET)                                                                        0.012234


  Startpoint: table_i/write_data_reg[243]
              (rising edge-triggered flip-flop clocked by core_clk)
  Endpoint: table_i/write_data_reg[243]
            (rising edge-triggered flip-flop clocked by core_clk)
  Path Group: core_clk
  Path Type: min

  Point                                       Fanout       Cap     Trans      Incr       Path
  ----------------------------------------------------------------------------------------------
  clock core_clk (rise edge)                                              0.000000   0.000000
  clock network delay (ideal)                                             0.000000   0.000000
  table_i/write_data_reg[243]/CLK (DFFPOSX1)                    0.000000  0.000000 # 0.000000 r
  table_i/write_data_reg[243]/Q (DFFPOSX1)                      0.014951  0.065031   0.065031 r
  table_i/write_data[243] (net)                 2     0.003662            0.000000   0.065031 r
  table_i/U3269/A (NAND2X1)                                     0.014951  0.000000   0.065031 r
  table_i/U3269/Y (NAND2X1)                                     0.000000  0.012880   0.077910 f
  table_i/n2176 (net)                           1     0.001924            0.000000   0.077910 f
  table_i/U3268/C (OAI21X1)                                     0.000000  0.000000   0.077910 f
  table_i/U3268/Y (OAI21X1)                                     0.006601  0.013809   0.091719 r
  table_i/n4008 (net)                           1     0.001816            0.000000   0.091719 r
  table_i/write_data_reg[243]/D (DFFPOSX1)                      0.006601  0.000000   0.091719 r
  data arrival time                                                                  0.091719

  clock core_clk (rise edge)                                              0.000000   0.000000
  clock network delay (ideal)                                             0.000000   0.000000
  clock uncertainty                                                       0.100000   0.100000
  table_i/write_data_reg[243]/CLK (DFFPOSX1)                              0.000000   0.100000 r
  library hold time                                                       -0.020515  0.079485
  data required time                                                                 0.079485
  ----------------------------------------------------------------------------------------------
  data required time                                                                 0.079485
  data arrival time                                                                  -0.091719
  ----------------------------------------------------------------------------------------------
  slack (MET)                                                                        0.012234


  Startpoint: table_i/write_data_reg[178]
              (rising edge-triggered flip-flop clocked by core_clk)
  Endpoint: table_i/write_data_reg[178]
            (rising edge-triggered flip-flop clocked by core_clk)
  Path Group: core_clk
  Path Type: min

  Point                                       Fanout       Cap     Trans      Incr       Path
  ----------------------------------------------------------------------------------------------
  clock core_clk (rise edge)                                              0.000000   0.000000
  clock network delay (ideal)                                             0.000000   0.000000
  table_i/write_data_reg[178]/CLK (DFFPOSX1)                    0.000000  0.000000 # 0.000000 r
  table_i/write_data_reg[178]/Q (DFFPOSX1)                      0.014951  0.065031   0.065031 r
  table_i/write_data[178] (net)                 2     0.003662            0.000000   0.065031 r
  table_i/U3139/A (NAND2X1)                                     0.014951  0.000000   0.065031 r
  table_i/U3139/Y (NAND2X1)                                     0.000000  0.012880   0.077910 f
  table_i/n2111 (net)                           1     0.001924            0.000000   0.077910 f
  table_i/U3138/C (OAI21X1)                                     0.000000  0.000000   0.077910 f
  table_i/U3138/Y (OAI21X1)                                     0.006601  0.013809   0.091719 r
  table_i/n3943 (net)                           1     0.001816            0.000000   0.091719 r
  table_i/write_data_reg[178]/D (DFFPOSX1)                      0.006601  0.000000   0.091719 r
  data arrival time                                                                  0.091719

  clock core_clk (rise edge)                                              0.000000   0.000000
  clock network delay (ideal)                                             0.000000   0.000000
  clock uncertainty                                                       0.100000   0.100000
  table_i/write_data_reg[178]/CLK (DFFPOSX1)                              0.000000   0.100000 r
  library hold time                                                       -0.020515  0.079485
  data required time                                                                 0.079485
  ----------------------------------------------------------------------------------------------
  data required time                                                                 0.079485
  data arrival time                                                                  -0.091719
  ----------------------------------------------------------------------------------------------
  slack (MET)                                                                        0.012234


  Startpoint: table_i/write_data_reg[177]
              (rising edge-triggered flip-flop clocked by core_clk)
  Endpoint: table_i/write_data_reg[177]
            (rising edge-triggered flip-flop clocked by core_clk)
  Path Group: core_clk
  Path Type: min

  Point                                       Fanout       Cap     Trans      Incr       Path
  ----------------------------------------------------------------------------------------------
  clock core_clk (rise edge)                                              0.000000   0.000000
  clock network delay (ideal)                                             0.000000   0.000000
  table_i/write_data_reg[177]/CLK (DFFPOSX1)                    0.000000  0.000000 # 0.000000 r
  table_i/write_data_reg[177]/Q (DFFPOSX1)                      0.014951  0.065031   0.065031 r
  table_i/write_data[177] (net)                 2     0.003662            0.000000   0.065031 r
  table_i/U3137/A (NAND2X1)                                     0.014951  0.000000   0.065031 r
  table_i/U3137/Y (NAND2X1)                                     0.000000  0.012880   0.077910 f
  table_i/n2110 (net)                           1     0.001924            0.000000   0.077910 f
  table_i/U3136/C (OAI21X1)                                     0.000000  0.000000   0.077910 f
  table_i/U3136/Y (OAI21X1)                                     0.006601  0.013809   0.091719 r
  table_i/n3942 (net)                           1     0.001816            0.000000   0.091719 r
  table_i/write_data_reg[177]/D (DFFPOSX1)                      0.006601  0.000000   0.091719 r
  data arrival time                                                                  0.091719

  clock core_clk (rise edge)                                              0.000000   0.000000
  clock network delay (ideal)                                             0.000000   0.000000
  clock uncertainty                                                       0.100000   0.100000
  table_i/write_data_reg[177]/CLK (DFFPOSX1)                              0.000000   0.100000 r
  library hold time                                                       -0.020515  0.079485
  data required time                                                                 0.079485
  ----------------------------------------------------------------------------------------------
  data required time                                                                 0.079485
  data arrival time                                                                  -0.091719
  ----------------------------------------------------------------------------------------------
  slack (MET)                                                                        0.012234


  Startpoint: table_i/write_data_reg[83]
              (rising edge-triggered flip-flop clocked by core_clk)
  Endpoint: table_i/write_data_reg[83]
            (rising edge-triggered flip-flop clocked by core_clk)
  Path Group: core_clk
  Path Type: min

  Point                                       Fanout       Cap     Trans      Incr       Path
  ----------------------------------------------------------------------------------------------
  clock core_clk (rise edge)                                              0.000000   0.000000
  clock network delay (ideal)                                             0.000000   0.000000
  table_i/write_data_reg[83]/CLK (DFFPOSX1)                     0.000000  0.000000 # 0.000000 r
  table_i/write_data_reg[83]/Q (DFFPOSX1)                       0.014951  0.065031   0.065031 r
  table_i/write_data[83] (net)                  2     0.003662            0.000000   0.065031 r
  table_i/U2949/A (NAND2X1)                                     0.014951  0.000000   0.065031 r
  table_i/U2949/Y (NAND2X1)                                     0.000000  0.012880   0.077910 f
  table_i/n2016 (net)                           1     0.001924            0.000000   0.077910 f
  table_i/U2948/C (OAI21X1)                                     0.000000  0.000000   0.077910 f
  table_i/U2948/Y (OAI21X1)                                     0.006601  0.013809   0.091719 r
  table_i/n3848 (net)                           1     0.001816            0.000000   0.091719 r
  table_i/write_data_reg[83]/D (DFFPOSX1)                       0.006601  0.000000   0.091719 r
  data arrival time                                                                  0.091719

  clock core_clk (rise edge)                                              0.000000   0.000000
  clock network delay (ideal)                                             0.000000   0.000000
  clock uncertainty                                                       0.100000   0.100000
  table_i/write_data_reg[83]/CLK (DFFPOSX1)                               0.000000   0.100000 r
  library hold time                                                       -0.020515  0.079485
  data required time                                                                 0.079485
  ----------------------------------------------------------------------------------------------
  data required time                                                                 0.079485
  data arrival time                                                                  -0.091719
  ----------------------------------------------------------------------------------------------
  slack (MET)                                                                        0.012234


  Startpoint: table_i/write_data_reg[19]
              (rising edge-triggered flip-flop clocked by core_clk)
  Endpoint: table_i/write_data_reg[19]
            (rising edge-triggered flip-flop clocked by core_clk)
  Path Group: core_clk
  Path Type: min

  Point                                       Fanout       Cap     Trans      Incr       Path
  ----------------------------------------------------------------------------------------------
  clock core_clk (rise edge)                                              0.000000   0.000000
  clock network delay (ideal)                                             0.000000   0.000000
  table_i/write_data_reg[19]/CLK (DFFPOSX1)                     0.000000  0.000000 # 0.000000 r
  table_i/write_data_reg[19]/Q (DFFPOSX1)                       0.014951  0.065031   0.065031 r
  table_i/write_data[19] (net)                  2     0.003662            0.000000   0.065031 r
  table_i/U2821/A (NAND2X1)                                     0.014951  0.000000   0.065031 r
  table_i/U2821/Y (NAND2X1)                                     0.000000  0.012880   0.077910 f
  table_i/n1940 (net)                           1     0.001924            0.000000   0.077910 f
  table_i/U2820/C (OAI21X1)                                     0.000000  0.000000   0.077910 f
  table_i/U2820/Y (OAI21X1)                                     0.006601  0.013809   0.091719 r
  table_i/n3784 (net)                           1     0.001816            0.000000   0.091719 r
  table_i/write_data_reg[19]/D (DFFPOSX1)                       0.006601  0.000000   0.091719 r
  data arrival time                                                                  0.091719

  clock core_clk (rise edge)                                              0.000000   0.000000
  clock network delay (ideal)                                             0.000000   0.000000
  clock uncertainty                                                       0.100000   0.100000
  table_i/write_data_reg[19]/CLK (DFFPOSX1)                               0.000000   0.100000 r
  library hold time                                                       -0.020515  0.079485
  data required time                                                                 0.079485
  ----------------------------------------------------------------------------------------------
  data required time                                                                 0.079485
  data arrival time                                                                  -0.091719
  ----------------------------------------------------------------------------------------------
  slack (MET)                                                                        0.012234


1
