
****************************************
Report : qor
Design : mc_top_Q_DEPTH16_SCHED_POLICY1_AGING_ENABLE1
Version: R-2020.09-SP4
Date   : Wed Sep 30 19:46:28 2026
****************************************


  Timing Path Group 'core_clk'
  -----------------------------------
  Levels of Logic:              70.00
  Critical Path Length:          2.06
  Critical Path Slack:          -0.16
  Critical Path Clk Period:      3.00
  Total Negative Slack:         -7.75
  No. of Violating Paths:       50.00
  Worst Hold Violation:         -0.00
  Total Hold Violation:         -0.00
  No. of Hold Violations:        2.00
  -----------------------------------


  Cell Count
  -----------------------------------
  Hierarchical Cell Count:         21
  Hierarchical Port Count:       5285
  Leaf Cell Count:              24925
  Buf/Inv Cell Count:            7928
  Buf Cell Count:                 914
  Inv Cell Count:                7014
  CT Buf/Inv Cell Count:            0
  Combinational Cell Count:     22951
  Sequential Cell Count:         1974
  Macro Count:                      0
  -----------------------------------


  Area
  -----------------------------------
  Combinational Area:    57124.133406
  Noncombinational Area: 15748.769051
  Buf/Inv Area:          13359.093573
  Total Buffer Area:          2163.94
  Total Inverter Area:       11195.15
  Macro/Black Box Area:      0.000000
  Net Area:                  0.000000
  -----------------------------------
  Cell Area:             72872.902456
  Design Area:           72872.902456


  Design Rules
  -----------------------------------
  Total Number of Nets:         25116
  Nets With Violations:          5509
  Max Trans Violations:             0
  Max Cap Violations:            5509
  -----------------------------------


  Hostname: ecellvm-07.engr.ucsb.edu

  Compile CPU Statistics
  -----------------------------------------
  Resource Sharing:                   29.51
  Logic Optimization:                 63.36
  Mapping Optimization:              266.85
  -----------------------------------------
  Overall Compile Time:              362.95
  Overall Compile Wall Clock Time:   363.67

  --------------------------------------------------------------------

  Design  WNS: 0.16  TNS: 7.75  Number of Violating Paths: 50


  Design (Hold)  WNS: 0.00  TNS: 0.00  Number of Violating Paths: 2

  --------------------------------------------------------------------


1
