 
****************************************
check_design summary:
Version:     R-2020.09-SP4
Date:        Wed Sep 30 16:09:08 2026
****************************************

                   Name                                            Total
--------------------------------------------------------------------------------
Inputs/Outputs                                                    224
    Unconnected ports (LINT-28)                                   224
--------------------------------------------------------------------------------

Warning: In design 'mc_scheduler_frfcfs_Q_DEPTH16_ADDR_W16_AGE_LIMIT128_AGING_ENABLE1', port 'addresses[255]' is not connected to any nets. (LINT-28)
Warning: In design 'mc_scheduler_frfcfs_Q_DEPTH16_ADDR_W16_AGE_LIMIT128_AGING_ENABLE1', port 'addresses[254]' is not connected to any nets. (LINT-28)
Warning: In design 'mc_scheduler_frfcfs_Q_DEPTH16_ADDR_W16_AGE_LIMIT128_AGING_ENABLE1', port 'addresses[253]' is not connected to any nets. (LINT-28)
Warning: In design 'mc_scheduler_frfcfs_Q_DEPTH16_ADDR_W16_AGE_LIMIT128_AGING_ENABLE1', port 'addresses[252]' is not connected to any nets. (LINT-28)
Warning: In design 'mc_scheduler_frfcfs_Q_DEPTH16_ADDR_W16_AGE_LIMIT128_AGING_ENABLE1', port 'addresses[251]' is not connected to any nets. (LINT-28)
Warning: In design 'mc_scheduler_frfcfs_Q_DEPTH16_ADDR_W16_AGE_LIMIT128_AGING_ENABLE1', port 'addresses[250]' is not connected to any nets. (LINT-28)
Warning: In design 'mc_scheduler_frfcfs_Q_DEPTH16_ADDR_W16_AGE_LIMIT128_AGING_ENABLE1', port 'addresses[249]' is not connected to any nets. (LINT-28)
Warning: In design 'mc_scheduler_frfcfs_Q_DEPTH16_ADDR_W16_AGE_LIMIT128_AGING_ENABLE1', port 'addresses[248]' is not connected to any nets. (LINT-28)
Warning: In design 'mc_scheduler_frfcfs_Q_DEPTH16_ADDR_W16_AGE_LIMIT128_AGING_ENABLE1', port 'addresses[247]' is not connected to any nets. (LINT-28)
Warning: In design 'mc_scheduler_frfcfs_Q_DEPTH16_ADDR_W16_AGE_LIMIT128_AGING_ENABLE1', port 'addresses[246]' is not connected to any nets. (LINT-28)
Warning: In design 'mc_scheduler_frfcfs_Q_DEPTH16_ADDR_W16_AGE_LIMIT128_AGING_ENABLE1', port 'addresses[245]' is not connected to any nets. (LINT-28)
Warning: In design 'mc_scheduler_frfcfs_Q_DEPTH16_ADDR_W16_AGE_LIMIT128_AGING_ENABLE1', port 'addresses[244]' is not connected to any nets. (LINT-28)
Warning: In design 'mc_scheduler_frfcfs_Q_DEPTH16_ADDR_W16_AGE_LIMIT128_AGING_ENABLE1', port 'addresses[243]' is not connected to any nets. (LINT-28)
Warning: In design 'mc_scheduler_frfcfs_Q_DEPTH16_ADDR_W16_AGE_LIMIT128_AGING_ENABLE1', port 'addresses[242]' is not connected to any nets. (LINT-28)
Warning: In design 'mc_scheduler_frfcfs_Q_DEPTH16_ADDR_W16_AGE_LIMIT128_AGING_ENABLE1', port 'addresses[239]' is not connected to any nets. (LINT-28)
Warning: In design 'mc_scheduler_frfcfs_Q_DEPTH16_ADDR_W16_AGE_LIMIT128_AGING_ENABLE1', port 'addresses[238]' is not connected to any nets. (LINT-28)
Warning: In design 'mc_scheduler_frfcfs_Q_DEPTH16_ADDR_W16_AGE_LIMIT128_AGING_ENABLE1', port 'addresses[237]' is not connected to any nets. (LINT-28)
Warning: In design 'mc_scheduler_frfcfs_Q_DEPTH16_ADDR_W16_AGE_LIMIT128_AGING_ENABLE1', port 'addresses[236]' is not connected to any nets. (LINT-28)
Warning: In design 'mc_scheduler_frfcfs_Q_DEPTH16_ADDR_W16_AGE_LIMIT128_AGING_ENABLE1', port 'addresses[235]' is not connected to any nets. (LINT-28)
Warning: In design 'mc_scheduler_frfcfs_Q_DEPTH16_ADDR_W16_AGE_LIMIT128_AGING_ENABLE1', port 'addresses[234]' is not connected to any nets. (LINT-28)
Warning: In design 'mc_scheduler_frfcfs_Q_DEPTH16_ADDR_W16_AGE_LIMIT128_AGING_ENABLE1', port 'addresses[233]' is not connected to any nets. (LINT-28)
Warning: In design 'mc_scheduler_frfcfs_Q_DEPTH16_ADDR_W16_AGE_LIMIT128_AGING_ENABLE1', port 'addresses[232]' is not connected to any nets. (LINT-28)
Warning: In design 'mc_scheduler_frfcfs_Q_DEPTH16_ADDR_W16_AGE_LIMIT128_AGING_ENABLE1', port 'addresses[231]' is not connected to any nets. (LINT-28)
Warning: In design 'mc_scheduler_frfcfs_Q_DEPTH16_ADDR_W16_AGE_LIMIT128_AGING_ENABLE1', port 'addresses[230]' is not connected to any nets. (LINT-28)
Warning: In design 'mc_scheduler_frfcfs_Q_DEPTH16_ADDR_W16_AGE_LIMIT128_AGING_ENABLE1', port 'addresses[229]' is not connected to any nets. (LINT-28)
Warning: In design 'mc_scheduler_frfcfs_Q_DEPTH16_ADDR_W16_AGE_LIMIT128_AGING_ENABLE1', port 'addresses[228]' is not connected to any nets. (LINT-28)
Warning: In design 'mc_scheduler_frfcfs_Q_DEPTH16_ADDR_W16_AGE_LIMIT128_AGING_ENABLE1', port 'addresses[227]' is not connected to any nets. (LINT-28)
Warning: In design 'mc_scheduler_frfcfs_Q_DEPTH16_ADDR_W16_AGE_LIMIT128_AGING_ENABLE1', port 'addresses[226]' is not connected to any nets. (LINT-28)
Warning: In design 'mc_scheduler_frfcfs_Q_DEPTH16_ADDR_W16_AGE_LIMIT128_AGING_ENABLE1', port 'addresses[223]' is not connected to any nets. (LINT-28)
Warning: In design 'mc_scheduler_frfcfs_Q_DEPTH16_ADDR_W16_AGE_LIMIT128_AGING_ENABLE1', port 'addresses[222]' is not connected to any nets. (LINT-28)
Warning: In design 'mc_scheduler_frfcfs_Q_DEPTH16_ADDR_W16_AGE_LIMIT128_AGING_ENABLE1', port 'addresses[221]' is not connected to any nets. (LINT-28)
Warning: In design 'mc_scheduler_frfcfs_Q_DEPTH16_ADDR_W16_AGE_LIMIT128_AGING_ENABLE1', port 'addresses[220]' is not connected to any nets. (LINT-28)
Warning: In design 'mc_scheduler_frfcfs_Q_DEPTH16_ADDR_W16_AGE_LIMIT128_AGING_ENABLE1', port 'addresses[219]' is not connected to any nets. (LINT-28)
Warning: In design 'mc_scheduler_frfcfs_Q_DEPTH16_ADDR_W16_AGE_LIMIT128_AGING_ENABLE1', port 'addresses[218]' is not connected to any nets. (LINT-28)
Warning: In design 'mc_scheduler_frfcfs_Q_DEPTH16_ADDR_W16_AGE_LIMIT128_AGING_ENABLE1', port 'addresses[217]' is not connected to any nets. (LINT-28)
Warning: In design 'mc_scheduler_frfcfs_Q_DEPTH16_ADDR_W16_AGE_LIMIT128_AGING_ENABLE1', port 'addresses[216]' is not connected to any nets. (LINT-28)
Warning: In design 'mc_scheduler_frfcfs_Q_DEPTH16_ADDR_W16_AGE_LIMIT128_AGING_ENABLE1', port 'addresses[215]' is not connected to any nets. (LINT-28)
Warning: In design 'mc_scheduler_frfcfs_Q_DEPTH16_ADDR_W16_AGE_LIMIT128_AGING_ENABLE1', port 'addresses[214]' is not connected to any nets. (LINT-28)
Warning: In design 'mc_scheduler_frfcfs_Q_DEPTH16_ADDR_W16_AGE_LIMIT128_AGING_ENABLE1', port 'addresses[213]' is not connected to any nets. (LINT-28)
Warning: In design 'mc_scheduler_frfcfs_Q_DEPTH16_ADDR_W16_AGE_LIMIT128_AGING_ENABLE1', port 'addresses[212]' is not connected to any nets. (LINT-28)
Warning: In design 'mc_scheduler_frfcfs_Q_DEPTH16_ADDR_W16_AGE_LIMIT128_AGING_ENABLE1', port 'addresses[211]' is not connected to any nets. (LINT-28)
Warning: In design 'mc_scheduler_frfcfs_Q_DEPTH16_ADDR_W16_AGE_LIMIT128_AGING_ENABLE1', port 'addresses[210]' is not connected to any nets. (LINT-28)
Warning: In design 'mc_scheduler_frfcfs_Q_DEPTH16_ADDR_W16_AGE_LIMIT128_AGING_ENABLE1', port 'addresses[207]' is not connected to any nets. (LINT-28)
Warning: In design 'mc_scheduler_frfcfs_Q_DEPTH16_ADDR_W16_AGE_LIMIT128_AGING_ENABLE1', port 'addresses[206]' is not connected to any nets. (LINT-28)
Warning: In design 'mc_scheduler_frfcfs_Q_DEPTH16_ADDR_W16_AGE_LIMIT128_AGING_ENABLE1', port 'addresses[205]' is not connected to any nets. (LINT-28)
Warning: In design 'mc_scheduler_frfcfs_Q_DEPTH16_ADDR_W16_AGE_LIMIT128_AGING_ENABLE1', port 'addresses[204]' is not connected to any nets. (LINT-28)
Warning: In design 'mc_scheduler_frfcfs_Q_DEPTH16_ADDR_W16_AGE_LIMIT128_AGING_ENABLE1', port 'addresses[203]' is not connected to any nets. (LINT-28)
Warning: In design 'mc_scheduler_frfcfs_Q_DEPTH16_ADDR_W16_AGE_LIMIT128_AGING_ENABLE1', port 'addresses[202]' is not connected to any nets. (LINT-28)
Warning: In design 'mc_scheduler_frfcfs_Q_DEPTH16_ADDR_W16_AGE_LIMIT128_AGING_ENABLE1', port 'addresses[201]' is not connected to any nets. (LINT-28)
Warning: In design 'mc_scheduler_frfcfs_Q_DEPTH16_ADDR_W16_AGE_LIMIT128_AGING_ENABLE1', port 'addresses[200]' is not connected to any nets. (LINT-28)
Warning: In design 'mc_scheduler_frfcfs_Q_DEPTH16_ADDR_W16_AGE_LIMIT128_AGING_ENABLE1', port 'addresses[199]' is not connected to any nets. (LINT-28)
Warning: In design 'mc_scheduler_frfcfs_Q_DEPTH16_ADDR_W16_AGE_LIMIT128_AGING_ENABLE1', port 'addresses[198]' is not connected to any nets. (LINT-28)
Warning: In design 'mc_scheduler_frfcfs_Q_DEPTH16_ADDR_W16_AGE_LIMIT128_AGING_ENABLE1', port 'addresses[197]' is not connected to any nets. (LINT-28)
Warning: In design 'mc_scheduler_frfcfs_Q_DEPTH16_ADDR_W16_AGE_LIMIT128_AGING_ENABLE1', port 'addresses[196]' is not connected to any nets. (LINT-28)
Warning: In design 'mc_scheduler_frfcfs_Q_DEPTH16_ADDR_W16_AGE_LIMIT128_AGING_ENABLE1', port 'addresses[195]' is not connected to any nets. (LINT-28)
Warning: In design 'mc_scheduler_frfcfs_Q_DEPTH16_ADDR_W16_AGE_LIMIT128_AGING_ENABLE1', port 'addresses[194]' is not connected to any nets. (LINT-28)
Warning: In design 'mc_scheduler_frfcfs_Q_DEPTH16_ADDR_W16_AGE_LIMIT128_AGING_ENABLE1', port 'addresses[191]' is not connected to any nets. (LINT-28)
Warning: In design 'mc_scheduler_frfcfs_Q_DEPTH16_ADDR_W16_AGE_LIMIT128_AGING_ENABLE1', port 'addresses[190]' is not connected to any nets. (LINT-28)
Warning: In design 'mc_scheduler_frfcfs_Q_DEPTH16_ADDR_W16_AGE_LIMIT128_AGING_ENABLE1', port 'addresses[189]' is not connected to any nets. (LINT-28)
Warning: In design 'mc_scheduler_frfcfs_Q_DEPTH16_ADDR_W16_AGE_LIMIT128_AGING_ENABLE1', port 'addresses[188]' is not connected to any nets. (LINT-28)
Warning: In design 'mc_scheduler_frfcfs_Q_DEPTH16_ADDR_W16_AGE_LIMIT128_AGING_ENABLE1', port 'addresses[187]' is not connected to any nets. (LINT-28)
Warning: In design 'mc_scheduler_frfcfs_Q_DEPTH16_ADDR_W16_AGE_LIMIT128_AGING_ENABLE1', port 'addresses[186]' is not connected to any nets. (LINT-28)
Warning: In design 'mc_scheduler_frfcfs_Q_DEPTH16_ADDR_W16_AGE_LIMIT128_AGING_ENABLE1', port 'addresses[185]' is not connected to any nets. (LINT-28)
Warning: In design 'mc_scheduler_frfcfs_Q_DEPTH16_ADDR_W16_AGE_LIMIT128_AGING_ENABLE1', port 'addresses[184]' is not connected to any nets. (LINT-28)
Warning: In design 'mc_scheduler_frfcfs_Q_DEPTH16_ADDR_W16_AGE_LIMIT128_AGING_ENABLE1', port 'addresses[183]' is not connected to any nets. (LINT-28)
Warning: In design 'mc_scheduler_frfcfs_Q_DEPTH16_ADDR_W16_AGE_LIMIT128_AGING_ENABLE1', port 'addresses[182]' is not connected to any nets. (LINT-28)
Warning: In design 'mc_scheduler_frfcfs_Q_DEPTH16_ADDR_W16_AGE_LIMIT128_AGING_ENABLE1', port 'addresses[181]' is not connected to any nets. (LINT-28)
Warning: In design 'mc_scheduler_frfcfs_Q_DEPTH16_ADDR_W16_AGE_LIMIT128_AGING_ENABLE1', port 'addresses[180]' is not connected to any nets. (LINT-28)
Warning: In design 'mc_scheduler_frfcfs_Q_DEPTH16_ADDR_W16_AGE_LIMIT128_AGING_ENABLE1', port 'addresses[179]' is not connected to any nets. (LINT-28)
Warning: In design 'mc_scheduler_frfcfs_Q_DEPTH16_ADDR_W16_AGE_LIMIT128_AGING_ENABLE1', port 'addresses[178]' is not connected to any nets. (LINT-28)
Warning: In design 'mc_scheduler_frfcfs_Q_DEPTH16_ADDR_W16_AGE_LIMIT128_AGING_ENABLE1', port 'addresses[175]' is not connected to any nets. (LINT-28)
Warning: In design 'mc_scheduler_frfcfs_Q_DEPTH16_ADDR_W16_AGE_LIMIT128_AGING_ENABLE1', port 'addresses[174]' is not connected to any nets. (LINT-28)
Warning: In design 'mc_scheduler_frfcfs_Q_DEPTH16_ADDR_W16_AGE_LIMIT128_AGING_ENABLE1', port 'addresses[173]' is not connected to any nets. (LINT-28)
Warning: In design 'mc_scheduler_frfcfs_Q_DEPTH16_ADDR_W16_AGE_LIMIT128_AGING_ENABLE1', port 'addresses[172]' is not connected to any nets. (LINT-28)
Warning: In design 'mc_scheduler_frfcfs_Q_DEPTH16_ADDR_W16_AGE_LIMIT128_AGING_ENABLE1', port 'addresses[171]' is not connected to any nets. (LINT-28)
Warning: In design 'mc_scheduler_frfcfs_Q_DEPTH16_ADDR_W16_AGE_LIMIT128_AGING_ENABLE1', port 'addresses[170]' is not connected to any nets. (LINT-28)
Warning: In design 'mc_scheduler_frfcfs_Q_DEPTH16_ADDR_W16_AGE_LIMIT128_AGING_ENABLE1', port 'addresses[169]' is not connected to any nets. (LINT-28)
Warning: In design 'mc_scheduler_frfcfs_Q_DEPTH16_ADDR_W16_AGE_LIMIT128_AGING_ENABLE1', port 'addresses[168]' is not connected to any nets. (LINT-28)
Warning: In design 'mc_scheduler_frfcfs_Q_DEPTH16_ADDR_W16_AGE_LIMIT128_AGING_ENABLE1', port 'addresses[167]' is not connected to any nets. (LINT-28)
Warning: In design 'mc_scheduler_frfcfs_Q_DEPTH16_ADDR_W16_AGE_LIMIT128_AGING_ENABLE1', port 'addresses[166]' is not connected to any nets. (LINT-28)
Warning: In design 'mc_scheduler_frfcfs_Q_DEPTH16_ADDR_W16_AGE_LIMIT128_AGING_ENABLE1', port 'addresses[165]' is not connected to any nets. (LINT-28)
Warning: In design 'mc_scheduler_frfcfs_Q_DEPTH16_ADDR_W16_AGE_LIMIT128_AGING_ENABLE1', port 'addresses[164]' is not connected to any nets. (LINT-28)
Warning: In design 'mc_scheduler_frfcfs_Q_DEPTH16_ADDR_W16_AGE_LIMIT128_AGING_ENABLE1', port 'addresses[163]' is not connected to any nets. (LINT-28)
Warning: In design 'mc_scheduler_frfcfs_Q_DEPTH16_ADDR_W16_AGE_LIMIT128_AGING_ENABLE1', port 'addresses[162]' is not connected to any nets. (LINT-28)
Warning: In design 'mc_scheduler_frfcfs_Q_DEPTH16_ADDR_W16_AGE_LIMIT128_AGING_ENABLE1', port 'addresses[159]' is not connected to any nets. (LINT-28)
Warning: In design 'mc_scheduler_frfcfs_Q_DEPTH16_ADDR_W16_AGE_LIMIT128_AGING_ENABLE1', port 'addresses[158]' is not connected to any nets. (LINT-28)
Warning: In design 'mc_scheduler_frfcfs_Q_DEPTH16_ADDR_W16_AGE_LIMIT128_AGING_ENABLE1', port 'addresses[157]' is not connected to any nets. (LINT-28)
Warning: In design 'mc_scheduler_frfcfs_Q_DEPTH16_ADDR_W16_AGE_LIMIT128_AGING_ENABLE1', port 'addresses[156]' is not connected to any nets. (LINT-28)
Warning: In design 'mc_scheduler_frfcfs_Q_DEPTH16_ADDR_W16_AGE_LIMIT128_AGING_ENABLE1', port 'addresses[155]' is not connected to any nets. (LINT-28)
Warning: In design 'mc_scheduler_frfcfs_Q_DEPTH16_ADDR_W16_AGE_LIMIT128_AGING_ENABLE1', port 'addresses[154]' is not connected to any nets. (LINT-28)
Warning: In design 'mc_scheduler_frfcfs_Q_DEPTH16_ADDR_W16_AGE_LIMIT128_AGING_ENABLE1', port 'addresses[153]' is not connected to any nets. (LINT-28)
Warning: In design 'mc_scheduler_frfcfs_Q_DEPTH16_ADDR_W16_AGE_LIMIT128_AGING_ENABLE1', port 'addresses[152]' is not connected to any nets. (LINT-28)
Warning: In design 'mc_scheduler_frfcfs_Q_DEPTH16_ADDR_W16_AGE_LIMIT128_AGING_ENABLE1', port 'addresses[151]' is not connected to any nets. (LINT-28)
Warning: In design 'mc_scheduler_frfcfs_Q_DEPTH16_ADDR_W16_AGE_LIMIT128_AGING_ENABLE1', port 'addresses[150]' is not connected to any nets. (LINT-28)
Warning: In design 'mc_scheduler_frfcfs_Q_DEPTH16_ADDR_W16_AGE_LIMIT128_AGING_ENABLE1', port 'addresses[149]' is not connected to any nets. (LINT-28)
Warning: In design 'mc_scheduler_frfcfs_Q_DEPTH16_ADDR_W16_AGE_LIMIT128_AGING_ENABLE1', port 'addresses[148]' is not connected to any nets. (LINT-28)
Warning: In design 'mc_scheduler_frfcfs_Q_DEPTH16_ADDR_W16_AGE_LIMIT128_AGING_ENABLE1', port 'addresses[147]' is not connected to any nets. (LINT-28)
Warning: In design 'mc_scheduler_frfcfs_Q_DEPTH16_ADDR_W16_AGE_LIMIT128_AGING_ENABLE1', port 'addresses[146]' is not connected to any nets. (LINT-28)
Warning: In design 'mc_scheduler_frfcfs_Q_DEPTH16_ADDR_W16_AGE_LIMIT128_AGING_ENABLE1', port 'addresses[143]' is not connected to any nets. (LINT-28)
Warning: In design 'mc_scheduler_frfcfs_Q_DEPTH16_ADDR_W16_AGE_LIMIT128_AGING_ENABLE1', port 'addresses[142]' is not connected to any nets. (LINT-28)
Warning: In design 'mc_scheduler_frfcfs_Q_DEPTH16_ADDR_W16_AGE_LIMIT128_AGING_ENABLE1', port 'addresses[141]' is not connected to any nets. (LINT-28)
Warning: In design 'mc_scheduler_frfcfs_Q_DEPTH16_ADDR_W16_AGE_LIMIT128_AGING_ENABLE1', port 'addresses[140]' is not connected to any nets. (LINT-28)
Warning: In design 'mc_scheduler_frfcfs_Q_DEPTH16_ADDR_W16_AGE_LIMIT128_AGING_ENABLE1', port 'addresses[139]' is not connected to any nets. (LINT-28)
Warning: In design 'mc_scheduler_frfcfs_Q_DEPTH16_ADDR_W16_AGE_LIMIT128_AGING_ENABLE1', port 'addresses[138]' is not connected to any nets. (LINT-28)
Warning: In design 'mc_scheduler_frfcfs_Q_DEPTH16_ADDR_W16_AGE_LIMIT128_AGING_ENABLE1', port 'addresses[137]' is not connected to any nets. (LINT-28)
Warning: In design 'mc_scheduler_frfcfs_Q_DEPTH16_ADDR_W16_AGE_LIMIT128_AGING_ENABLE1', port 'addresses[136]' is not connected to any nets. (LINT-28)
Warning: In design 'mc_scheduler_frfcfs_Q_DEPTH16_ADDR_W16_AGE_LIMIT128_AGING_ENABLE1', port 'addresses[135]' is not connected to any nets. (LINT-28)
Warning: In design 'mc_scheduler_frfcfs_Q_DEPTH16_ADDR_W16_AGE_LIMIT128_AGING_ENABLE1', port 'addresses[134]' is not connected to any nets. (LINT-28)
Warning: In design 'mc_scheduler_frfcfs_Q_DEPTH16_ADDR_W16_AGE_LIMIT128_AGING_ENABLE1', port 'addresses[133]' is not connected to any nets. (LINT-28)
Warning: In design 'mc_scheduler_frfcfs_Q_DEPTH16_ADDR_W16_AGE_LIMIT128_AGING_ENABLE1', port 'addresses[132]' is not connected to any nets. (LINT-28)
Warning: In design 'mc_scheduler_frfcfs_Q_DEPTH16_ADDR_W16_AGE_LIMIT128_AGING_ENABLE1', port 'addresses[131]' is not connected to any nets. (LINT-28)
Warning: In design 'mc_scheduler_frfcfs_Q_DEPTH16_ADDR_W16_AGE_LIMIT128_AGING_ENABLE1', port 'addresses[130]' is not connected to any nets. (LINT-28)
Warning: In design 'mc_scheduler_frfcfs_Q_DEPTH16_ADDR_W16_AGE_LIMIT128_AGING_ENABLE1', port 'addresses[127]' is not connected to any nets. (LINT-28)
Warning: In design 'mc_scheduler_frfcfs_Q_DEPTH16_ADDR_W16_AGE_LIMIT128_AGING_ENABLE1', port 'addresses[126]' is not connected to any nets. (LINT-28)
Warning: In design 'mc_scheduler_frfcfs_Q_DEPTH16_ADDR_W16_AGE_LIMIT128_AGING_ENABLE1', port 'addresses[125]' is not connected to any nets. (LINT-28)
Warning: In design 'mc_scheduler_frfcfs_Q_DEPTH16_ADDR_W16_AGE_LIMIT128_AGING_ENABLE1', port 'addresses[124]' is not connected to any nets. (LINT-28)
Warning: In design 'mc_scheduler_frfcfs_Q_DEPTH16_ADDR_W16_AGE_LIMIT128_AGING_ENABLE1', port 'addresses[123]' is not connected to any nets. (LINT-28)
Warning: In design 'mc_scheduler_frfcfs_Q_DEPTH16_ADDR_W16_AGE_LIMIT128_AGING_ENABLE1', port 'addresses[122]' is not connected to any nets. (LINT-28)
Warning: In design 'mc_scheduler_frfcfs_Q_DEPTH16_ADDR_W16_AGE_LIMIT128_AGING_ENABLE1', port 'addresses[121]' is not connected to any nets. (LINT-28)
Warning: In design 'mc_scheduler_frfcfs_Q_DEPTH16_ADDR_W16_AGE_LIMIT128_AGING_ENABLE1', port 'addresses[120]' is not connected to any nets. (LINT-28)
Warning: In design 'mc_scheduler_frfcfs_Q_DEPTH16_ADDR_W16_AGE_LIMIT128_AGING_ENABLE1', port 'addresses[119]' is not connected to any nets. (LINT-28)
Warning: In design 'mc_scheduler_frfcfs_Q_DEPTH16_ADDR_W16_AGE_LIMIT128_AGING_ENABLE1', port 'addresses[118]' is not connected to any nets. (LINT-28)
Warning: In design 'mc_scheduler_frfcfs_Q_DEPTH16_ADDR_W16_AGE_LIMIT128_AGING_ENABLE1', port 'addresses[117]' is not connected to any nets. (LINT-28)
Warning: In design 'mc_scheduler_frfcfs_Q_DEPTH16_ADDR_W16_AGE_LIMIT128_AGING_ENABLE1', port 'addresses[116]' is not connected to any nets. (LINT-28)
Warning: In design 'mc_scheduler_frfcfs_Q_DEPTH16_ADDR_W16_AGE_LIMIT128_AGING_ENABLE1', port 'addresses[115]' is not connected to any nets. (LINT-28)
Warning: In design 'mc_scheduler_frfcfs_Q_DEPTH16_ADDR_W16_AGE_LIMIT128_AGING_ENABLE1', port 'addresses[114]' is not connected to any nets. (LINT-28)
Warning: In design 'mc_scheduler_frfcfs_Q_DEPTH16_ADDR_W16_AGE_LIMIT128_AGING_ENABLE1', port 'addresses[111]' is not connected to any nets. (LINT-28)
Warning: In design 'mc_scheduler_frfcfs_Q_DEPTH16_ADDR_W16_AGE_LIMIT128_AGING_ENABLE1', port 'addresses[110]' is not connected to any nets. (LINT-28)
Warning: In design 'mc_scheduler_frfcfs_Q_DEPTH16_ADDR_W16_AGE_LIMIT128_AGING_ENABLE1', port 'addresses[109]' is not connected to any nets. (LINT-28)
Warning: In design 'mc_scheduler_frfcfs_Q_DEPTH16_ADDR_W16_AGE_LIMIT128_AGING_ENABLE1', port 'addresses[108]' is not connected to any nets. (LINT-28)
Warning: In design 'mc_scheduler_frfcfs_Q_DEPTH16_ADDR_W16_AGE_LIMIT128_AGING_ENABLE1', port 'addresses[107]' is not connected to any nets. (LINT-28)
Warning: In design 'mc_scheduler_frfcfs_Q_DEPTH16_ADDR_W16_AGE_LIMIT128_AGING_ENABLE1', port 'addresses[106]' is not connected to any nets. (LINT-28)
Warning: In design 'mc_scheduler_frfcfs_Q_DEPTH16_ADDR_W16_AGE_LIMIT128_AGING_ENABLE1', port 'addresses[105]' is not connected to any nets. (LINT-28)
Warning: In design 'mc_scheduler_frfcfs_Q_DEPTH16_ADDR_W16_AGE_LIMIT128_AGING_ENABLE1', port 'addresses[104]' is not connected to any nets. (LINT-28)
Warning: In design 'mc_scheduler_frfcfs_Q_DEPTH16_ADDR_W16_AGE_LIMIT128_AGING_ENABLE1', port 'addresses[103]' is not connected to any nets. (LINT-28)
Warning: In design 'mc_scheduler_frfcfs_Q_DEPTH16_ADDR_W16_AGE_LIMIT128_AGING_ENABLE1', port 'addresses[102]' is not connected to any nets. (LINT-28)
Warning: In design 'mc_scheduler_frfcfs_Q_DEPTH16_ADDR_W16_AGE_LIMIT128_AGING_ENABLE1', port 'addresses[101]' is not connected to any nets. (LINT-28)
Warning: In design 'mc_scheduler_frfcfs_Q_DEPTH16_ADDR_W16_AGE_LIMIT128_AGING_ENABLE1', port 'addresses[100]' is not connected to any nets. (LINT-28)
Warning: In design 'mc_scheduler_frfcfs_Q_DEPTH16_ADDR_W16_AGE_LIMIT128_AGING_ENABLE1', port 'addresses[99]' is not connected to any nets. (LINT-28)
Warning: In design 'mc_scheduler_frfcfs_Q_DEPTH16_ADDR_W16_AGE_LIMIT128_AGING_ENABLE1', port 'addresses[98]' is not connected to any nets. (LINT-28)
Warning: In design 'mc_scheduler_frfcfs_Q_DEPTH16_ADDR_W16_AGE_LIMIT128_AGING_ENABLE1', port 'addresses[95]' is not connected to any nets. (LINT-28)
Warning: In design 'mc_scheduler_frfcfs_Q_DEPTH16_ADDR_W16_AGE_LIMIT128_AGING_ENABLE1', port 'addresses[94]' is not connected to any nets. (LINT-28)
Warning: In design 'mc_scheduler_frfcfs_Q_DEPTH16_ADDR_W16_AGE_LIMIT128_AGING_ENABLE1', port 'addresses[93]' is not connected to any nets. (LINT-28)
Warning: In design 'mc_scheduler_frfcfs_Q_DEPTH16_ADDR_W16_AGE_LIMIT128_AGING_ENABLE1', port 'addresses[92]' is not connected to any nets. (LINT-28)
Warning: In design 'mc_scheduler_frfcfs_Q_DEPTH16_ADDR_W16_AGE_LIMIT128_AGING_ENABLE1', port 'addresses[91]' is not connected to any nets. (LINT-28)
Warning: In design 'mc_scheduler_frfcfs_Q_DEPTH16_ADDR_W16_AGE_LIMIT128_AGING_ENABLE1', port 'addresses[90]' is not connected to any nets. (LINT-28)
Warning: In design 'mc_scheduler_frfcfs_Q_DEPTH16_ADDR_W16_AGE_LIMIT128_AGING_ENABLE1', port 'addresses[89]' is not connected to any nets. (LINT-28)
Warning: In design 'mc_scheduler_frfcfs_Q_DEPTH16_ADDR_W16_AGE_LIMIT128_AGING_ENABLE1', port 'addresses[88]' is not connected to any nets. (LINT-28)
Warning: In design 'mc_scheduler_frfcfs_Q_DEPTH16_ADDR_W16_AGE_LIMIT128_AGING_ENABLE1', port 'addresses[87]' is not connected to any nets. (LINT-28)
Warning: In design 'mc_scheduler_frfcfs_Q_DEPTH16_ADDR_W16_AGE_LIMIT128_AGING_ENABLE1', port 'addresses[86]' is not connected to any nets. (LINT-28)
Warning: In design 'mc_scheduler_frfcfs_Q_DEPTH16_ADDR_W16_AGE_LIMIT128_AGING_ENABLE1', port 'addresses[85]' is not connected to any nets. (LINT-28)
Warning: In design 'mc_scheduler_frfcfs_Q_DEPTH16_ADDR_W16_AGE_LIMIT128_AGING_ENABLE1', port 'addresses[84]' is not connected to any nets. (LINT-28)
Warning: In design 'mc_scheduler_frfcfs_Q_DEPTH16_ADDR_W16_AGE_LIMIT128_AGING_ENABLE1', port 'addresses[83]' is not connected to any nets. (LINT-28)
Warning: In design 'mc_scheduler_frfcfs_Q_DEPTH16_ADDR_W16_AGE_LIMIT128_AGING_ENABLE1', port 'addresses[82]' is not connected to any nets. (LINT-28)
Warning: In design 'mc_scheduler_frfcfs_Q_DEPTH16_ADDR_W16_AGE_LIMIT128_AGING_ENABLE1', port 'addresses[79]' is not connected to any nets. (LINT-28)
Warning: In design 'mc_scheduler_frfcfs_Q_DEPTH16_ADDR_W16_AGE_LIMIT128_AGING_ENABLE1', port 'addresses[78]' is not connected to any nets. (LINT-28)
Warning: In design 'mc_scheduler_frfcfs_Q_DEPTH16_ADDR_W16_AGE_LIMIT128_AGING_ENABLE1', port 'addresses[77]' is not connected to any nets. (LINT-28)
Warning: In design 'mc_scheduler_frfcfs_Q_DEPTH16_ADDR_W16_AGE_LIMIT128_AGING_ENABLE1', port 'addresses[76]' is not connected to any nets. (LINT-28)
Warning: In design 'mc_scheduler_frfcfs_Q_DEPTH16_ADDR_W16_AGE_LIMIT128_AGING_ENABLE1', port 'addresses[75]' is not connected to any nets. (LINT-28)
Warning: In design 'mc_scheduler_frfcfs_Q_DEPTH16_ADDR_W16_AGE_LIMIT128_AGING_ENABLE1', port 'addresses[74]' is not connected to any nets. (LINT-28)
Warning: In design 'mc_scheduler_frfcfs_Q_DEPTH16_ADDR_W16_AGE_LIMIT128_AGING_ENABLE1', port 'addresses[73]' is not connected to any nets. (LINT-28)
Warning: In design 'mc_scheduler_frfcfs_Q_DEPTH16_ADDR_W16_AGE_LIMIT128_AGING_ENABLE1', port 'addresses[72]' is not connected to any nets. (LINT-28)
Warning: In design 'mc_scheduler_frfcfs_Q_DEPTH16_ADDR_W16_AGE_LIMIT128_AGING_ENABLE1', port 'addresses[71]' is not connected to any nets. (LINT-28)
Warning: In design 'mc_scheduler_frfcfs_Q_DEPTH16_ADDR_W16_AGE_LIMIT128_AGING_ENABLE1', port 'addresses[70]' is not connected to any nets. (LINT-28)
Warning: In design 'mc_scheduler_frfcfs_Q_DEPTH16_ADDR_W16_AGE_LIMIT128_AGING_ENABLE1', port 'addresses[69]' is not connected to any nets. (LINT-28)
Warning: In design 'mc_scheduler_frfcfs_Q_DEPTH16_ADDR_W16_AGE_LIMIT128_AGING_ENABLE1', port 'addresses[68]' is not connected to any nets. (LINT-28)
Warning: In design 'mc_scheduler_frfcfs_Q_DEPTH16_ADDR_W16_AGE_LIMIT128_AGING_ENABLE1', port 'addresses[67]' is not connected to any nets. (LINT-28)
Warning: In design 'mc_scheduler_frfcfs_Q_DEPTH16_ADDR_W16_AGE_LIMIT128_AGING_ENABLE1', port 'addresses[66]' is not connected to any nets. (LINT-28)
Warning: In design 'mc_scheduler_frfcfs_Q_DEPTH16_ADDR_W16_AGE_LIMIT128_AGING_ENABLE1', port 'addresses[63]' is not connected to any nets. (LINT-28)
Warning: In design 'mc_scheduler_frfcfs_Q_DEPTH16_ADDR_W16_AGE_LIMIT128_AGING_ENABLE1', port 'addresses[62]' is not connected to any nets. (LINT-28)
Warning: In design 'mc_scheduler_frfcfs_Q_DEPTH16_ADDR_W16_AGE_LIMIT128_AGING_ENABLE1', port 'addresses[61]' is not connected to any nets. (LINT-28)
Warning: In design 'mc_scheduler_frfcfs_Q_DEPTH16_ADDR_W16_AGE_LIMIT128_AGING_ENABLE1', port 'addresses[60]' is not connected to any nets. (LINT-28)
Warning: In design 'mc_scheduler_frfcfs_Q_DEPTH16_ADDR_W16_AGE_LIMIT128_AGING_ENABLE1', port 'addresses[59]' is not connected to any nets. (LINT-28)
Warning: In design 'mc_scheduler_frfcfs_Q_DEPTH16_ADDR_W16_AGE_LIMIT128_AGING_ENABLE1', port 'addresses[58]' is not connected to any nets. (LINT-28)
Warning: In design 'mc_scheduler_frfcfs_Q_DEPTH16_ADDR_W16_AGE_LIMIT128_AGING_ENABLE1', port 'addresses[57]' is not connected to any nets. (LINT-28)
Warning: In design 'mc_scheduler_frfcfs_Q_DEPTH16_ADDR_W16_AGE_LIMIT128_AGING_ENABLE1', port 'addresses[56]' is not connected to any nets. (LINT-28)
Warning: In design 'mc_scheduler_frfcfs_Q_DEPTH16_ADDR_W16_AGE_LIMIT128_AGING_ENABLE1', port 'addresses[55]' is not connected to any nets. (LINT-28)
Warning: In design 'mc_scheduler_frfcfs_Q_DEPTH16_ADDR_W16_AGE_LIMIT128_AGING_ENABLE1', port 'addresses[54]' is not connected to any nets. (LINT-28)
Warning: In design 'mc_scheduler_frfcfs_Q_DEPTH16_ADDR_W16_AGE_LIMIT128_AGING_ENABLE1', port 'addresses[53]' is not connected to any nets. (LINT-28)
Warning: In design 'mc_scheduler_frfcfs_Q_DEPTH16_ADDR_W16_AGE_LIMIT128_AGING_ENABLE1', port 'addresses[52]' is not connected to any nets. (LINT-28)
Warning: In design 'mc_scheduler_frfcfs_Q_DEPTH16_ADDR_W16_AGE_LIMIT128_AGING_ENABLE1', port 'addresses[51]' is not connected to any nets. (LINT-28)
Warning: In design 'mc_scheduler_frfcfs_Q_DEPTH16_ADDR_W16_AGE_LIMIT128_AGING_ENABLE1', port 'addresses[50]' is not connected to any nets. (LINT-28)
Warning: In design 'mc_scheduler_frfcfs_Q_DEPTH16_ADDR_W16_AGE_LIMIT128_AGING_ENABLE1', port 'addresses[47]' is not connected to any nets. (LINT-28)
Warning: In design 'mc_scheduler_frfcfs_Q_DEPTH16_ADDR_W16_AGE_LIMIT128_AGING_ENABLE1', port 'addresses[46]' is not connected to any nets. (LINT-28)
Warning: In design 'mc_scheduler_frfcfs_Q_DEPTH16_ADDR_W16_AGE_LIMIT128_AGING_ENABLE1', port 'addresses[45]' is not connected to any nets. (LINT-28)
Warning: In design 'mc_scheduler_frfcfs_Q_DEPTH16_ADDR_W16_AGE_LIMIT128_AGING_ENABLE1', port 'addresses[44]' is not connected to any nets. (LINT-28)
Warning: In design 'mc_scheduler_frfcfs_Q_DEPTH16_ADDR_W16_AGE_LIMIT128_AGING_ENABLE1', port 'addresses[43]' is not connected to any nets. (LINT-28)
Warning: In design 'mc_scheduler_frfcfs_Q_DEPTH16_ADDR_W16_AGE_LIMIT128_AGING_ENABLE1', port 'addresses[42]' is not connected to any nets. (LINT-28)
Warning: In design 'mc_scheduler_frfcfs_Q_DEPTH16_ADDR_W16_AGE_LIMIT128_AGING_ENABLE1', port 'addresses[41]' is not connected to any nets. (LINT-28)
Warning: In design 'mc_scheduler_frfcfs_Q_DEPTH16_ADDR_W16_AGE_LIMIT128_AGING_ENABLE1', port 'addresses[40]' is not connected to any nets. (LINT-28)
Warning: In design 'mc_scheduler_frfcfs_Q_DEPTH16_ADDR_W16_AGE_LIMIT128_AGING_ENABLE1', port 'addresses[39]' is not connected to any nets. (LINT-28)
Warning: In design 'mc_scheduler_frfcfs_Q_DEPTH16_ADDR_W16_AGE_LIMIT128_AGING_ENABLE1', port 'addresses[38]' is not connected to any nets. (LINT-28)
Warning: In design 'mc_scheduler_frfcfs_Q_DEPTH16_ADDR_W16_AGE_LIMIT128_AGING_ENABLE1', port 'addresses[37]' is not connected to any nets. (LINT-28)
Warning: In design 'mc_scheduler_frfcfs_Q_DEPTH16_ADDR_W16_AGE_LIMIT128_AGING_ENABLE1', port 'addresses[36]' is not connected to any nets. (LINT-28)
Warning: In design 'mc_scheduler_frfcfs_Q_DEPTH16_ADDR_W16_AGE_LIMIT128_AGING_ENABLE1', port 'addresses[35]' is not connected to any nets. (LINT-28)
Warning: In design 'mc_scheduler_frfcfs_Q_DEPTH16_ADDR_W16_AGE_LIMIT128_AGING_ENABLE1', port 'addresses[34]' is not connected to any nets. (LINT-28)
Warning: In design 'mc_scheduler_frfcfs_Q_DEPTH16_ADDR_W16_AGE_LIMIT128_AGING_ENABLE1', port 'addresses[31]' is not connected to any nets. (LINT-28)
Warning: In design 'mc_scheduler_frfcfs_Q_DEPTH16_ADDR_W16_AGE_LIMIT128_AGING_ENABLE1', port 'addresses[30]' is not connected to any nets. (LINT-28)
Warning: In design 'mc_scheduler_frfcfs_Q_DEPTH16_ADDR_W16_AGE_LIMIT128_AGING_ENABLE1', port 'addresses[29]' is not connected to any nets. (LINT-28)
Warning: In design 'mc_scheduler_frfcfs_Q_DEPTH16_ADDR_W16_AGE_LIMIT128_AGING_ENABLE1', port 'addresses[28]' is not connected to any nets. (LINT-28)
Warning: In design 'mc_scheduler_frfcfs_Q_DEPTH16_ADDR_W16_AGE_LIMIT128_AGING_ENABLE1', port 'addresses[27]' is not connected to any nets. (LINT-28)
Warning: In design 'mc_scheduler_frfcfs_Q_DEPTH16_ADDR_W16_AGE_LIMIT128_AGING_ENABLE1', port 'addresses[26]' is not connected to any nets. (LINT-28)
Warning: In design 'mc_scheduler_frfcfs_Q_DEPTH16_ADDR_W16_AGE_LIMIT128_AGING_ENABLE1', port 'addresses[25]' is not connected to any nets. (LINT-28)
Warning: In design 'mc_scheduler_frfcfs_Q_DEPTH16_ADDR_W16_AGE_LIMIT128_AGING_ENABLE1', port 'addresses[24]' is not connected to any nets. (LINT-28)
Warning: In design 'mc_scheduler_frfcfs_Q_DEPTH16_ADDR_W16_AGE_LIMIT128_AGING_ENABLE1', port 'addresses[23]' is not connected to any nets. (LINT-28)
Warning: In design 'mc_scheduler_frfcfs_Q_DEPTH16_ADDR_W16_AGE_LIMIT128_AGING_ENABLE1', port 'addresses[22]' is not connected to any nets. (LINT-28)
Warning: In design 'mc_scheduler_frfcfs_Q_DEPTH16_ADDR_W16_AGE_LIMIT128_AGING_ENABLE1', port 'addresses[21]' is not connected to any nets. (LINT-28)
Warning: In design 'mc_scheduler_frfcfs_Q_DEPTH16_ADDR_W16_AGE_LIMIT128_AGING_ENABLE1', port 'addresses[20]' is not connected to any nets. (LINT-28)
Warning: In design 'mc_scheduler_frfcfs_Q_DEPTH16_ADDR_W16_AGE_LIMIT128_AGING_ENABLE1', port 'addresses[19]' is not connected to any nets. (LINT-28)
Warning: In design 'mc_scheduler_frfcfs_Q_DEPTH16_ADDR_W16_AGE_LIMIT128_AGING_ENABLE1', port 'addresses[18]' is not connected to any nets. (LINT-28)
Warning: In design 'mc_scheduler_frfcfs_Q_DEPTH16_ADDR_W16_AGE_LIMIT128_AGING_ENABLE1', port 'addresses[15]' is not connected to any nets. (LINT-28)
Warning: In design 'mc_scheduler_frfcfs_Q_DEPTH16_ADDR_W16_AGE_LIMIT128_AGING_ENABLE1', port 'addresses[14]' is not connected to any nets. (LINT-28)
Warning: In design 'mc_scheduler_frfcfs_Q_DEPTH16_ADDR_W16_AGE_LIMIT128_AGING_ENABLE1', port 'addresses[13]' is not connected to any nets. (LINT-28)
Warning: In design 'mc_scheduler_frfcfs_Q_DEPTH16_ADDR_W16_AGE_LIMIT128_AGING_ENABLE1', port 'addresses[12]' is not connected to any nets. (LINT-28)
Warning: In design 'mc_scheduler_frfcfs_Q_DEPTH16_ADDR_W16_AGE_LIMIT128_AGING_ENABLE1', port 'addresses[11]' is not connected to any nets. (LINT-28)
Warning: In design 'mc_scheduler_frfcfs_Q_DEPTH16_ADDR_W16_AGE_LIMIT128_AGING_ENABLE1', port 'addresses[10]' is not connected to any nets. (LINT-28)
Warning: In design 'mc_scheduler_frfcfs_Q_DEPTH16_ADDR_W16_AGE_LIMIT128_AGING_ENABLE1', port 'addresses[9]' is not connected to any nets. (LINT-28)
Warning: In design 'mc_scheduler_frfcfs_Q_DEPTH16_ADDR_W16_AGE_LIMIT128_AGING_ENABLE1', port 'addresses[8]' is not connected to any nets. (LINT-28)
Warning: In design 'mc_scheduler_frfcfs_Q_DEPTH16_ADDR_W16_AGE_LIMIT128_AGING_ENABLE1', port 'addresses[7]' is not connected to any nets. (LINT-28)
Warning: In design 'mc_scheduler_frfcfs_Q_DEPTH16_ADDR_W16_AGE_LIMIT128_AGING_ENABLE1', port 'addresses[6]' is not connected to any nets. (LINT-28)
Warning: In design 'mc_scheduler_frfcfs_Q_DEPTH16_ADDR_W16_AGE_LIMIT128_AGING_ENABLE1', port 'addresses[5]' is not connected to any nets. (LINT-28)
Warning: In design 'mc_scheduler_frfcfs_Q_DEPTH16_ADDR_W16_AGE_LIMIT128_AGING_ENABLE1', port 'addresses[4]' is not connected to any nets. (LINT-28)
Warning: In design 'mc_scheduler_frfcfs_Q_DEPTH16_ADDR_W16_AGE_LIMIT128_AGING_ENABLE1', port 'addresses[3]' is not connected to any nets. (LINT-28)
Warning: In design 'mc_scheduler_frfcfs_Q_DEPTH16_ADDR_W16_AGE_LIMIT128_AGING_ENABLE1', port 'addresses[2]' is not connected to any nets. (LINT-28)
1
