 
****************************************
Report : qor
Design : mc_top_Q_DEPTH16_SCHED_POLICY1_AGING_ENABLE1
Version: R-2020.09-SP4
Date   : Wed Sep 30 16:09:10 2026
****************************************


  Timing Path Group 'core_clk'
  -----------------------------------
  Levels of Logic:              76.00
  Critical Path Length:          2.90
  Critical Path Slack:           0.00
  Critical Path Clk Period:      4.00
  Total Negative Slack:          0.00
  No. of Violating Paths:        0.00
  Worst Hold Violation:         -0.00
  Total Hold Violation:         -0.01
  No. of Hold Violations:       12.00
  -----------------------------------


  Cell Count
  -----------------------------------
  Hierarchical Cell Count:         21
  Hierarchical Port Count:       5037
  Leaf Cell Count:              26587
  Buf/Inv Cell Count:            5884
  Buf Cell Count:                 804
  Inv Cell Count:                5080
  CT Buf/Inv Cell Count:            0
  Combinational Cell Count:     24613
  Sequential Cell Count:         1974
  Macro Count:                      0
  -----------------------------------


  Area
  -----------------------------------
  Combinational Area:    64946.425447
  Noncombinational Area: 15748.769051
  Buf/Inv Area:           9235.823817
  Total Buffer Area:          1896.44
  Total Inverter Area:        7339.38
  Macro/Black Box Area:      0.000000
  Net Area:                  0.000000
  -----------------------------------
  Cell Area:             80695.194497
  Design Area:           80695.194497


  Design Rules
  -----------------------------------
  Total Number of Nets:         26777
  Nets With Violations:          5571
  Max Trans Violations:             0
  Max Cap Violations:            5571
  -----------------------------------


  Hostname: ecellvm-07.engr.ucsb.edu

  Compile CPU Statistics
  -----------------------------------------
  Resource Sharing:                   42.38
  Logic Optimization:                  8.44
  Mapping Optimization:               51.65
  -----------------------------------------
  Overall Compile Time:              106.19
  Overall Compile Wall Clock Time:   106.98

  --------------------------------------------------------------------

  Design  WNS: 0.00  TNS: 0.00  Number of Violating Paths: 0


  Design (Hold)  WNS: 0.00  TNS: 0.01  Number of Violating Paths: 12

  --------------------------------------------------------------------


1
