
****************************************
Report : reference
Design : mc_top_Q_DEPTH16_SCHED_POLICY1_AGING_ENABLE1
Version: R-2020.09-SP4
Date   : Sat Oct  3 14:19:20 2026
****************************************

Attributes:
    b - black box (unknown)
   bo - allows boundary optimization
    d - dont_touch
   mo - map_only
    h - hierarchical
    n - noncombinational
    r - removable
    s - synthetic operator
    u - contains unmapped logic

Reference          Library       Unit Area   Count    Total Area   Attributes
-----------------------------------------------------------------------------
AND2X1             gscl45nm       2.346500      86    201.798993
AND2X2             gscl45nm       2.815800     190    535.001991
AOI21X1            gscl45nm       2.815800       2      5.631600
AOI22X1            gscl45nm       3.285100     388   1274.618793
BUFX2              gscl45nm       2.346500     199    466.953484
BUFX4              gscl45nm       2.815800      13     36.605399
INVX1              gscl45nm       1.407900    1368   1926.007167
INVX2              gscl45nm       1.877200     260    488.072002
INVX4              gscl45nm       3.285100     151    496.050097
INVX8              gscl45nm       3.285100     131    430.348098
NAND2X1            gscl45nm       1.877200     173    324.755601
NAND3X1            gscl45nm       2.346500     551   1292.921456
NOR2X1             gscl45nm       2.346500     240    563.159981
NOR3X1             gscl45nm       2.815800     135    380.132993
OAI21X1            gscl45nm       2.815800       2      5.631600
OR2X1              gscl45nm       2.346500     187    438.795485
OR2X2              gscl45nm       2.815800     166    467.422792
XNOR2X1            gscl45nm       4.693000     863   4050.058862
XOR2X1             gscl45nm       4.693000    1019   4782.166837
mc_bank_tracker_ROW_W8_SLOT_W4_T_RCD3_T_RP3_T_RAS6_T_CCD2_T_WR3
                               1590.926967       1   1590.926967  h, n
mc_candidates_Q_DEPTH16_ROW_W8_COL_W6
                              10914.509920       1  10914.509920  h
mc_response_Q_DEPTH16_DATA_W32_TAG_W8
                               4454.595499       1   4454.595499  h, n
mc_scheduler_frfcfs_Q_DEPTH16_ADDR_W16_AGE_LIMIT128_AGING_ENABLE1
                               5067.032017       1   5067.032017  h, n
mc_transaction_table_Q_DEPTH16_ADDR_W16_DATA_W32_TAG_W8_READ_LATENCY3_AGE_LIMIT128
                              30188.191129       1  30188.191129  h, n
-----------------------------------------------------------------------------
Total 24 references                                 70381.388764

****************************************
Design: mc_bank_tracker_ROW_W8_SLOT_W4_T_RCD3_T_RP3_T_RAS6_T_CCD2_T_WR3
****************************************
Reference          Library       Unit Area   Count    Total Area   Attributes
-----------------------------------------------------------------------------
AND2X1             gscl45nm       2.346500      48    112.631996
AND2X2             gscl45nm       2.815800       3      8.447400
AOI21X1            gscl45nm       2.815800      16     45.052799
BUFX2              gscl45nm       2.346500      14     32.850999
DFFPOSX1           gscl45nm       7.978100      93    741.963284  n
INVX1              gscl45nm       1.407900     122    171.763797
MUX2X1             gscl45nm       3.754400      24     90.105600
NAND2X1            gscl45nm       1.877200      22     41.298400
NAND3X1            gscl45nm       2.346500      16     37.543999
NOR3X1             gscl45nm       2.815800      25     70.394999
OAI21X1            gscl45nm       2.815800      54    152.053197
OR2X1              gscl45nm       2.346500      37     86.820497
-----------------------------------------------------------------------------
Total 12 references                                  1590.926967

****************************************
Design: mc_candidates_Q_DEPTH16_ROW_W8_COL_W6
****************************************
Reference          Library       Unit Area   Count    Total Area   Attributes
-----------------------------------------------------------------------------
AND2X1             gscl45nm       2.346500     288    675.791977
AND2X2             gscl45nm       2.815800     402   1131.951581
AOI21X1            gscl45nm       2.815800     135    380.132993
AOI22X1            gscl45nm       3.285100     866   2844.896585
BUFX2              gscl45nm       2.346500     329    771.998474
BUFX4              gscl45nm       2.815800      22     61.947599
INVX1              gscl45nm       1.407900     788   1109.425181
INVX2              gscl45nm       1.877200      42     78.842400
INVX4              gscl45nm       3.285100      40    131.403999
INVX8              gscl45nm       3.285100      30     98.552999
MUX2X1             gscl45nm       3.754400      32    120.140800
NAND2X1            gscl45nm       1.877200     569   1068.126804
NAND3X1            gscl45nm       2.346500     411    964.411467
NOR2X1             gscl45nm       2.346500     126    295.658990
NOR3X1             gscl45nm       2.815800      82    230.895596
OAI21X1            gscl45nm       2.815800      46    129.526798
OR2X1              gscl45nm       2.346500      23     53.969498
OR2X2              gscl45nm       2.815800      69    194.290197
XNOR2X1            gscl45nm       4.693000      72    337.895988
XOR2X1             gscl45nm       4.693000      50    234.649992
-----------------------------------------------------------------------------
Total 20 references                                 10914.509920

****************************************
Design: mc_response_Q_DEPTH16_DATA_W32_TAG_W8
****************************************
Reference          Library       Unit Area   Count    Total Area   Attributes
-----------------------------------------------------------------------------
AND2X1             gscl45nm       2.346500      74    173.640994
AND2X2             gscl45nm       2.815800      46    129.526798
AOI21X1            gscl45nm       2.815800      43    121.079398
AOI22X1            gscl45nm       3.285100     108    354.790798
BUFX2              gscl45nm       2.346500      24     56.315998
DFFPOSX1           gscl45nm       7.978100       5     39.890499  n
INVX1              gscl45nm       1.407900     144    202.737597
MUX2X1             gscl45nm       3.754400      40    150.176001
NAND2X1            gscl45nm       1.877200      44     82.596800
NAND3X1            gscl45nm       2.346500     339    795.463473
NOR2X1             gscl45nm       2.346500       4      9.386000
NOR3X1             gscl45nm       2.815800     120    337.895994
OAI21X1            gscl45nm       2.815800     357   1005.240583
OR2X1              gscl45nm       2.346500     410    962.064967
OR2X2              gscl45nm       2.815800      12     33.789599
-----------------------------------------------------------------------------
Total 15 references                                  4454.595499

****************************************
Design: mc_scheduler_frfcfs_Q_DEPTH16_ADDR_W16_AGE_LIMIT128_AGING_ENABLE1
****************************************
Reference          Library       Unit Area   Count    Total Area   Attributes
-----------------------------------------------------------------------------
AND2X1             gscl45nm       2.346500      75    175.987494
AND2X2             gscl45nm       2.815800     122    343.527594
AOI21X1            gscl45nm       2.815800      66    185.842797
AOI22X1            gscl45nm       3.285100     191    627.454097
BUFX2              gscl45nm       2.346500      36     84.473997
BUFX4              gscl45nm       2.815800       9     25.342200
DFFPOSX1           gscl45nm       7.978100       5     39.890499  n
INVX1              gscl45nm       1.407900     465    654.673489
INVX2              gscl45nm       1.877200      26     48.807200
INVX4              gscl45nm       3.285100      15     49.276500
INVX8              gscl45nm       3.285100       5     16.425500
MUX2X1             gscl45nm       3.754400      21     78.842400
NAND2X1            gscl45nm       1.877200     467    876.652403
NAND3X1            gscl45nm       2.346500     165    387.172487
NOR2X1             gscl45nm       2.346500     117    274.540491
NOR3X1             gscl45nm       2.815800      70    197.105997
OAI21X1            gscl45nm       2.815800     118    332.264394
OR2X1              gscl45nm       2.346500     125    293.312490
OR2X2              gscl45nm       2.815800      45    126.710998
XNOR2X1            gscl45nm       4.693000       5     23.464999
XOR2X1             gscl45nm       4.693000      48    225.263992
-----------------------------------------------------------------------------
Total 21 references                                  5067.032017

****************************************
Design: mc_transaction_table_Q_DEPTH16_ADDR_W16_DATA_W32_TAG_W8_READ_LATENCY3_AGE_LIMIT128
****************************************
Reference          Library       Unit Area   Count    Total Area   Attributes
-----------------------------------------------------------------------------
AND2X1             gscl45nm       2.346500    1682   3946.812865
AND2X2             gscl45nm       2.815800      15     42.236999
AOI21X1            gscl45nm       2.815800      66    185.842797
BUFX2              gscl45nm       2.346500     297    696.910476
DFFPOSX1           gscl45nm       7.978100    1871  14927.024769  n
INVX1              gscl45nm       1.407900    2177   3064.998247
INVX2              gscl45nm       1.877200       1      1.877200
INVX4              gscl45nm       3.285100      10     32.851000
INVX8              gscl45nm       3.285100      10     32.851000
MUX2X1             gscl45nm       3.754400     312   1171.372805
NAND2X1            gscl45nm       1.877200      55    103.246000
NAND3X1            gscl45nm       2.346500     263    617.129479
NOR2X1             gscl45nm       2.346500      61    143.136495
NOR3X1             gscl45nm       2.815800      10     28.158000
OAI21X1            gscl45nm       2.815800    1553   4372.937325
OR2X1              gscl45nm       2.346500     115    269.847491
OR2X2              gscl45nm       2.815800       1      2.815800
mc_transaction_table_Q_DEPTH16_ADDR_W16_DATA_W32_TAG_W8_READ_LATENCY3_AGE_LIMIT128_DW01_inc_0
                                 34.258899       1     34.258899  h
mc_transaction_table_Q_DEPTH16_ADDR_W16_DATA_W32_TAG_W8_READ_LATENCY3_AGE_LIMIT128_DW01_inc_1
                                 34.258899       1     34.258899  h
mc_transaction_table_Q_DEPTH16_ADDR_W16_DATA_W32_TAG_W8_READ_LATENCY3_AGE_LIMIT128_DW01_inc_2
                                 34.258899       1     34.258899  h
mc_transaction_table_Q_DEPTH16_ADDR_W16_DATA_W32_TAG_W8_READ_LATENCY3_AGE_LIMIT128_DW01_inc_3
                                 34.258899       1     34.258899  h
mc_transaction_table_Q_DEPTH16_ADDR_W16_DATA_W32_TAG_W8_READ_LATENCY3_AGE_LIMIT128_DW01_inc_4
                                 34.258899       1     34.258899  h
mc_transaction_table_Q_DEPTH16_ADDR_W16_DATA_W32_TAG_W8_READ_LATENCY3_AGE_LIMIT128_DW01_inc_5
                                 34.258899       1     34.258899  h
mc_transaction_table_Q_DEPTH16_ADDR_W16_DATA_W32_TAG_W8_READ_LATENCY3_AGE_LIMIT128_DW01_inc_6
                                 34.258899       1     34.258899  h
mc_transaction_table_Q_DEPTH16_ADDR_W16_DATA_W32_TAG_W8_READ_LATENCY3_AGE_LIMIT128_DW01_inc_7
                                 34.258899       1     34.258899  h
mc_transaction_table_Q_DEPTH16_ADDR_W16_DATA_W32_TAG_W8_READ_LATENCY3_AGE_LIMIT128_DW01_inc_8
                                 34.258899       1     34.258899  h
mc_transaction_table_Q_DEPTH16_ADDR_W16_DATA_W32_TAG_W8_READ_LATENCY3_AGE_LIMIT128_DW01_inc_9
                                 34.258899       1     34.258899  h
mc_transaction_table_Q_DEPTH16_ADDR_W16_DATA_W32_TAG_W8_READ_LATENCY3_AGE_LIMIT128_DW01_inc_10
                                 34.258899       1     34.258899  h
mc_transaction_table_Q_DEPTH16_ADDR_W16_DATA_W32_TAG_W8_READ_LATENCY3_AGE_LIMIT128_DW01_inc_11
                                 34.258899       1     34.258899  h
mc_transaction_table_Q_DEPTH16_ADDR_W16_DATA_W32_TAG_W8_READ_LATENCY3_AGE_LIMIT128_DW01_inc_12
                                 34.258899       1     34.258899  h
mc_transaction_table_Q_DEPTH16_ADDR_W16_DATA_W32_TAG_W8_READ_LATENCY3_AGE_LIMIT128_DW01_inc_13
                                 34.258899       1     34.258899  h
mc_transaction_table_Q_DEPTH16_ADDR_W16_DATA_W32_TAG_W8_READ_LATENCY3_AGE_LIMIT128_DW01_inc_14
                                 34.258899       1     34.258899  h
mc_transaction_table_Q_DEPTH16_ADDR_W16_DATA_W32_TAG_W8_READ_LATENCY3_AGE_LIMIT128_DW01_inc_15
                                 34.258899       1     34.258899  h
-----------------------------------------------------------------------------
Total 33 references                                 30188.191129

****************************************
Design: mc_transaction_table_Q_DEPTH16_ADDR_W16_DATA_W32_TAG_W8_READ_LATENCY3_AGE_LIMIT128_DW01_inc_0
****************************************
Reference          Library       Unit Area   Count    Total Area   Attributes
-----------------------------------------------------------------------------
HAX1               gscl45nm       4.693000       6     28.157999  r
INVX1              gscl45nm       1.407900       1      1.407900
XOR2X1             gscl45nm       4.693000       1      4.693000
-----------------------------------------------------------------------------
Total 3 references                                     34.258899

****************************************
Design: mc_transaction_table_Q_DEPTH16_ADDR_W16_DATA_W32_TAG_W8_READ_LATENCY3_AGE_LIMIT128_DW01_inc_1
****************************************
Reference          Library       Unit Area   Count    Total Area   Attributes
-----------------------------------------------------------------------------
HAX1               gscl45nm       4.693000       6     28.157999  r
INVX1              gscl45nm       1.407900       1      1.407900
XOR2X1             gscl45nm       4.693000       1      4.693000
-----------------------------------------------------------------------------
Total 3 references                                     34.258899

****************************************
Design: mc_transaction_table_Q_DEPTH16_ADDR_W16_DATA_W32_TAG_W8_READ_LATENCY3_AGE_LIMIT128_DW01_inc_2
****************************************
Reference          Library       Unit Area   Count    Total Area   Attributes
-----------------------------------------------------------------------------
HAX1               gscl45nm       4.693000       6     28.157999  r
INVX1              gscl45nm       1.407900       1      1.407900
XOR2X1             gscl45nm       4.693000       1      4.693000
-----------------------------------------------------------------------------
Total 3 references                                     34.258899

****************************************
Design: mc_transaction_table_Q_DEPTH16_ADDR_W16_DATA_W32_TAG_W8_READ_LATENCY3_AGE_LIMIT128_DW01_inc_3
****************************************
Reference          Library       Unit Area   Count    Total Area   Attributes
-----------------------------------------------------------------------------
HAX1               gscl45nm       4.693000       6     28.157999  r
INVX1              gscl45nm       1.407900       1      1.407900
XOR2X1             gscl45nm       4.693000       1      4.693000
-----------------------------------------------------------------------------
Total 3 references                                     34.258899

****************************************
Design: mc_transaction_table_Q_DEPTH16_ADDR_W16_DATA_W32_TAG_W8_READ_LATENCY3_AGE_LIMIT128_DW01_inc_4
****************************************
Reference          Library       Unit Area   Count    Total Area   Attributes
-----------------------------------------------------------------------------
HAX1               gscl45nm       4.693000       6     28.157999  r
INVX1              gscl45nm       1.407900       1      1.407900
XOR2X1             gscl45nm       4.693000       1      4.693000
-----------------------------------------------------------------------------
Total 3 references                                     34.258899

****************************************
Design: mc_transaction_table_Q_DEPTH16_ADDR_W16_DATA_W32_TAG_W8_READ_LATENCY3_AGE_LIMIT128_DW01_inc_5
****************************************
Reference          Library       Unit Area   Count    Total Area   Attributes
-----------------------------------------------------------------------------
HAX1               gscl45nm       4.693000       6     28.157999  r
INVX1              gscl45nm       1.407900       1      1.407900
XOR2X1             gscl45nm       4.693000       1      4.693000
-----------------------------------------------------------------------------
Total 3 references                                     34.258899

****************************************
Design: mc_transaction_table_Q_DEPTH16_ADDR_W16_DATA_W32_TAG_W8_READ_LATENCY3_AGE_LIMIT128_DW01_inc_6
****************************************
Reference          Library       Unit Area   Count    Total Area   Attributes
-----------------------------------------------------------------------------
HAX1               gscl45nm       4.693000       6     28.157999  r
INVX1              gscl45nm       1.407900       1      1.407900
XOR2X1             gscl45nm       4.693000       1      4.693000
-----------------------------------------------------------------------------
Total 3 references                                     34.258899

****************************************
Design: mc_transaction_table_Q_DEPTH16_ADDR_W16_DATA_W32_TAG_W8_READ_LATENCY3_AGE_LIMIT128_DW01_inc_7
****************************************
Reference          Library       Unit Area   Count    Total Area   Attributes
-----------------------------------------------------------------------------
HAX1               gscl45nm       4.693000       6     28.157999  r
INVX1              gscl45nm       1.407900       1      1.407900
XOR2X1             gscl45nm       4.693000       1      4.693000
-----------------------------------------------------------------------------
Total 3 references                                     34.258899

****************************************
Design: mc_transaction_table_Q_DEPTH16_ADDR_W16_DATA_W32_TAG_W8_READ_LATENCY3_AGE_LIMIT128_DW01_inc_8
****************************************
Reference          Library       Unit Area   Count    Total Area   Attributes
-----------------------------------------------------------------------------
HAX1               gscl45nm       4.693000       6     28.157999  r
INVX1              gscl45nm       1.407900       1      1.407900
XOR2X1             gscl45nm       4.693000       1      4.693000
-----------------------------------------------------------------------------
Total 3 references                                     34.258899

****************************************
Design: mc_transaction_table_Q_DEPTH16_ADDR_W16_DATA_W32_TAG_W8_READ_LATENCY3_AGE_LIMIT128_DW01_inc_9
****************************************
Reference          Library       Unit Area   Count    Total Area   Attributes
-----------------------------------------------------------------------------
HAX1               gscl45nm       4.693000       6     28.157999  r
INVX1              gscl45nm       1.407900       1      1.407900
XOR2X1             gscl45nm       4.693000       1      4.693000
-----------------------------------------------------------------------------
Total 3 references                                     34.258899

****************************************
Design: mc_transaction_table_Q_DEPTH16_ADDR_W16_DATA_W32_TAG_W8_READ_LATENCY3_AGE_LIMIT128_DW01_inc_10
****************************************
Reference          Library       Unit Area   Count    Total Area   Attributes
-----------------------------------------------------------------------------
HAX1               gscl45nm       4.693000       6     28.157999  r
INVX1              gscl45nm       1.407900       1      1.407900
XOR2X1             gscl45nm       4.693000       1      4.693000
-----------------------------------------------------------------------------
Total 3 references                                     34.258899

****************************************
Design: mc_transaction_table_Q_DEPTH16_ADDR_W16_DATA_W32_TAG_W8_READ_LATENCY3_AGE_LIMIT128_DW01_inc_11
****************************************
Reference          Library       Unit Area   Count    Total Area   Attributes
-----------------------------------------------------------------------------
HAX1               gscl45nm       4.693000       6     28.157999  r
INVX1              gscl45nm       1.407900       1      1.407900
XOR2X1             gscl45nm       4.693000       1      4.693000
-----------------------------------------------------------------------------
Total 3 references                                     34.258899

****************************************
Design: mc_transaction_table_Q_DEPTH16_ADDR_W16_DATA_W32_TAG_W8_READ_LATENCY3_AGE_LIMIT128_DW01_inc_12
****************************************
Reference          Library       Unit Area   Count    Total Area   Attributes
-----------------------------------------------------------------------------
HAX1               gscl45nm       4.693000       6     28.157999  r
INVX1              gscl45nm       1.407900       1      1.407900
XOR2X1             gscl45nm       4.693000       1      4.693000
-----------------------------------------------------------------------------
Total 3 references                                     34.258899

****************************************
Design: mc_transaction_table_Q_DEPTH16_ADDR_W16_DATA_W32_TAG_W8_READ_LATENCY3_AGE_LIMIT128_DW01_inc_13
****************************************
Reference          Library       Unit Area   Count    Total Area   Attributes
-----------------------------------------------------------------------------
HAX1               gscl45nm       4.693000       6     28.157999  r
INVX1              gscl45nm       1.407900       1      1.407900
XOR2X1             gscl45nm       4.693000       1      4.693000
-----------------------------------------------------------------------------
Total 3 references                                     34.258899

****************************************
Design: mc_transaction_table_Q_DEPTH16_ADDR_W16_DATA_W32_TAG_W8_READ_LATENCY3_AGE_LIMIT128_DW01_inc_14
****************************************
Reference          Library       Unit Area   Count    Total Area   Attributes
-----------------------------------------------------------------------------
HAX1               gscl45nm       4.693000       6     28.157999  r
INVX1              gscl45nm       1.407900       1      1.407900
XOR2X1             gscl45nm       4.693000       1      4.693000
-----------------------------------------------------------------------------
Total 3 references                                     34.258899

****************************************
Design: mc_transaction_table_Q_DEPTH16_ADDR_W16_DATA_W32_TAG_W8_READ_LATENCY3_AGE_LIMIT128_DW01_inc_15
****************************************
Reference          Library       Unit Area   Count    Total Area   Attributes
-----------------------------------------------------------------------------
HAX1               gscl45nm       4.693000       6     28.157999  r
INVX1              gscl45nm       1.407900       1      1.407900
XOR2X1             gscl45nm       4.693000       1      4.693000
-----------------------------------------------------------------------------
Total 3 references                                     34.258899
1
